x08l11245:29197:29289 [4] NCCL INFO Channel 06/0 : 4[89000] -> 20[89000] [send] via NET/IB/3/GDRDMA
x08l11245:29197:29289 [4] NCCL INFO Channel 09/0 : 4[89000] -> 20[89000] [send] via NET/IB/3/GDRDMA
x08l11245:29198:29295 [5] NCCL INFO NCCL_IB_TC set by environment to 16.
x08l11245:29198:29295 [5] NCCL INFO NCCL_IB_SL set by environment to 5.
x08l11245:29198:29295 [5] NCCL INFO NCCL_IB_TIMEOUT set by environment to 22.
x08l11245:29196:29283 [3] NCCL INFO Channel 00/0 : 19[4d000] -> 3[4d000] [receive] via NET/IB/2/GDRDMA
x08l11245:29196:29283 [3] NCCL INFO Channel 03/0 : 19[4d000] -> 3[4d000] [receive] via NET/IB/2/GDRDMA
x08l11245:29196:29283 [3] NCCL INFO Channel 06/0 : 19[4d000] -> 3[4d000] [receive] via NET/IB/2/GDRDMA
x08l11245:29196:29283 [3] NCCL INFO Channel 09/0 : 19[4d000] -> 3[4d000] [receive] via NET/IB/2/GDRDMA
x08l11245:29196:29283 [3] NCCL INFO Channel 00/0 : 3[4d000] -> 19[4d000] [send] via NET/IB/2(2)/GDRDMA
x08l11245:29196:29283 [3] NCCL INFO Channel 03/0 : 3[4d000] -> 19[4d000] [send] via NET/IB/2(2)/GDRDMA
x08l11245:29196:29283 [3] NCCL INFO Channel 06/0 : 3[4d000] -> 19[4d000] [send] via NET/IB/2(2)/GDRDMA
x08l11245:29196:29283 [3] NCCL INFO Channel 09/0 : 3[4d000] -> 19[4d000] [send] via NET/IB/2(2)/GDRDMA
x08l11245:29195:29282 [2] NCCL INFO Channel 00/0 : 18[48000] -> 2[48000] [receive] via NET/IB/2/GDRDMA
x08l11245:29195:29282 [2] NCCL INFO Channel 03/0 : 18[48000] -> 2[48000] [receive] via NET/IB/2/GDRDMA
x08l11245:29195:29282 [2] NCCL INFO Channel 06/0 : 18[48000] -> 2[48000] [receive] via NET/IB/2/GDRDMA
x08l11245:29195:29282 [2] NCCL INFO Channel 09/0 : 18[48000] -> 2[48000] [receive] via NET/IB/2/GDRDMA
x08l11245:29195:29282 [2] NCCL INFO Channel 00/0 : 2[48000] -> 18[48000] [send] via NET/IB/2/GDRDMA
x08l11245:29195:29282 [2] NCCL INFO Channel 03/0 : 2[48000] -> 18[48000] [send] via NET/IB/2/GDRDMA
x08l11245:29195:29282 [2] NCCL INFO Channel 06/0 : 2[48000] -> 18[48000] [send] via NET/IB/2/GDRDMA
x08l11245:29195:29282 [2] NCCL INFO Channel 09/0 : 2[48000] -> 18[48000] [send] via NET/IB/2/GDRDMA
x08l11245:29193:29247 [0] NCCL INFO Channel 03/0 : 16[13000] -> 0[13000] [receive] via NET/IB/1/GDRDMA
x08l11245:29194:29280 [1] NCCL INFO Channel 00/0 : 17[19000] -> 1[19000] [receive] via NET/IB/1/GDRDMA
x08l11245:29194:29280 [1] NCCL INFO Channel 03/0 : 17[19000] -> 1[19000] [receive] via NET/IB/1/GDRDMA
x08l11245:29193:29247 [0] NCCL INFO Channel 06/0 : 16[13000] -> 0[13000] [receive] via NET/IB/1/GDRDMA
x08l11245:29194:29280 [1] NCCL INFO Channel 06/0 : 17[19000] -> 1[19000] [receive] via NET/IB/1/GDRDMA
x08l11245:29193:29247 [0] NCCL INFO Channel 09/0 : 16[13000] -> 0[13000] [receive] via NET/IB/1/GDRDMA
x08l11245:29194:29280 [1] NCCL INFO Channel 09/0 : 17[19000] -> 1[19000] [receive] via NET/IB/1/GDRDMA
x08l11245:29193:29247 [0] NCCL INFO Channel 03/0 : 0[13000] -> 16[13000] [send] via NET/IB/1/GDRDMA
x08l11245:29194:29280 [1] NCCL INFO Channel 00/0 : 1[19000] -> 17[19000] [send] via NET/IB/1(0)/GDRDMA
x08l11245:29193:29247 [0] NCCL INFO Channel 06/0 : 0[13000] -> 16[13000] [send] via NET/IB/1/GDRDMA
x08l11245:29193:29247 [0] NCCL INFO Channel 09/0 : 0[13000] -> 16[13000] [send] via NET/IB/1/GDRDMA
x08l11245:29194:29280 [1] NCCL INFO Channel 03/0 : 1[19000] -> 17[19000] [send] via NET/IB/1(0)/GDRDMA
x08l11245:29194:29280 [1] NCCL INFO Channel 06/0 : 1[19000] -> 17[19000] [send] via NET/IB/1(0)/GDRDMA
x08l11245:29194:29280 [1] NCCL INFO Channel 09/0 : 1[19000] -> 17[19000] [send] via NET/IB/1(0)/GDRDMA
x08l11245:29200:29284 [6] NCCL INFO Channel 00/0 : 22[ad000] -> 6[ad000] [receive] via NET/IB/4/GDRDMA
x08l11245:29200:29284 [6] NCCL INFO Channel 06/0 : 22[ad000] -> 6[ad000] [receive] via NET/IB/4/GDRDMA
x08l11245:29200:29284 [6] NCCL INFO Channel 09/0 : 22[ad000] -> 6[ad000] [receive] via NET/IB/4/GDRDMA
x08l11245:29200:29284 [6] NCCL INFO Channel 00/0 : 6[ad000] -> 22[ad000] [send] via NET/IB/4/GDRDMA
x08l11245:29200:29284 [6] NCCL INFO Channel 06/0 : 6[ad000] -> 22[ad000] [send] via NET/IB/4/GDRDMA
x08l11245:29200:29284 [6] NCCL INFO Channel 09/0 : 6[ad000] -> 22[ad000] [send] via NET/IB/4/GDRDMA
x08l11245:29202:29286 [7] NCCL INFO Channel 00/0 : 23[b3000] -> 7[b3000] [receive] via NET/IB/4/GDRDMA
x08l11245:29202:29286 [7] NCCL INFO Channel 03/0 : 23[b3000] -> 7[b3000] [receive] via NET/IB/4/GDRDMA
x08l11245:29202:29286 [7] NCCL INFO Channel 06/0 : 23[b3000] -> 7[b3000] [receive] via NET/IB/4/GDRDMA
x08l11245:29202:29286 [7] NCCL INFO Channel 09/0 : 23[b3000] -> 7[b3000] [receive] via NET/IB/4/GDRDMA
x08l11245:29202:29286 [7] NCCL INFO Channel 00/0 : 7[b3000] -> 23[b3000] [send] via NET/IB/4(6)/GDRDMA
x08l11245:29202:29286 [7] NCCL INFO Channel 03/0 : 7[b3000] -> 23[b3000] [send] via NET/IB/4(6)/GDRDMA
x08l11245:29202:29286 [7] NCCL INFO Channel 06/0 : 7[b3000] -> 23[b3000] [send] via NET/IB/4(6)/GDRDMA
x08l11245:29198:29278 [5] NCCL INFO Channel 00/0 : 21[8e000] -> 5[8e000] [receive] via NET/IB/3/GDRDMA
x08l11245:29198:29278 [5] NCCL INFO Channel 03/0 : 21[8e000] -> 5[8e000] [receive] via NET/IB/3/GDRDMA
x08l11245:29198:29278 [5] NCCL INFO Channel 06/0 : 21[8e000] -> 5[8e000] [receive] via NET/IB/3/GDRDMA
x08l11245:29198:29278 [5] NCCL INFO Channel 09/0 : 21[8e000] -> 5[8e000] [receive] via NET/IB/3/GDRDMA
x08l11245:29198:29278 [5] NCCL INFO Channel 00/0 : 5[8e000] -> 21[8e000] [send] via NET/IB/3(4)/GDRDMA
x08l11245:29198:29278 [5] NCCL INFO Channel 03/0 : 5[8e000] -> 21[8e000] [send] via NET/IB/3(4)/GDRDMA
x08l11245:29198:29278 [5] NCCL INFO Channel 06/0 : 5[8e000] -> 21[8e000] [send] via NET/IB/3(4)/GDRDMA
x08l11245:29198:29278 [5] NCCL INFO Channel 09/0 : 5[8e000] -> 21[8e000] [send] via NET/IB/3(4)/GDRDMA
x08l11245:29197:29289 [4] NCCL INFO Channel 00/0 : 12[89000] -> 4[89000] [receive] via NET/IB/3/GDRDMA
x08l11245:29197:29289 [4] NCCL INFO Channel 03/0 : 12[89000] -> 4[89000] [receive] via NET/IB/3/GDRDMA
x08l11245:29197:29289 [4] NCCL INFO Channel 09/0 : 12[89000] -> 4[89000] [receive] via NET/IB/3/GDRDMA
x08l11245:29197:29289 [4] NCCL INFO Channel 00/0 : 4[89000] -> 28[89000] [send] via NET/IB/3/GDRDMA
x08l11245:29197:29289 [4] NCCL INFO Channel 03/0 : 4[89000] -> 28[89000] [send] via NET/IB/3/GDRDMA
x08l11245:29197:29289 [4] NCCL INFO Channel 06/0 : 4[89000] -> 28[89000] [send] via NET/IB/3/GDRDMA
x08l11245:29197:29289 [4] NCCL INFO Channel 09/0 : 4[89000] -> 28[89000] [send] via NET/IB/3/GDRDMA
x08l11245:29202:29286 [7] NCCL INFO Channel 09/0 : 7[b3000] -> 23[b3000] [send] via NET/IB/4(6)/GDRDMA
x08l11245:29196:29283 [3] NCCL INFO Channel 00/0 : 11[4d000] -> 3[4d000] [receive] via NET/IB/2/GDRDMA
x08l11245:29196:29283 [3] NCCL INFO Channel 03/0 : 11[4d000] -> 3[4d000] [receive] via NET/IB/2/GDRDMA
x08l11245:29196:29283 [3] NCCL INFO Channel 06/0 : 11[4d000] -> 3[4d000] [receive] via NET/IB/2/GDRDMA
x08l11245:29196:29283 [3] NCCL INFO Channel 09/0 : 11[4d000] -> 3[4d000] [receive] via NET/IB/2/GDRDMA
x08l11245:29196:29283 [3] NCCL INFO Channel 00/0 : 3[4d000] -> 27[4d000] [send] via NET/IB/2(2)/GDRDMA
x08l11245:29196:29283 [3] NCCL INFO Channel 03/0 : 3[4d000] -> 27[4d000] [send] via NET/IB/2(2)/GDRDMA
x08l11245:29196:29283 [3] NCCL INFO Channel 06/0 : 3[4d000] -> 27[4d000] [send] via NET/IB/2(2)/GDRDMA
x08l11245:29196:29283 [3] NCCL INFO Channel 09/0 : 3[4d000] -> 27[4d000] [send] via NET/IB/2(2)/GDRDMA
x08l11245:29200:29284 [6] NCCL INFO Channel 00/0 : 14[ad000] -> 6[ad000] [receive] via NET/IB/4/GDRDMA
x08l11245:29200:29284 [6] NCCL INFO Channel 03/0 : 14[ad000] -> 6[ad000] [receive] via NET/IB/4/GDRDMA
x08l11245:29200:29284 [6] NCCL INFO Channel 06/0 : 14[ad000] -> 6[ad000] [receive] via NET/IB/4/GDRDMA
x08l11245:29200:29284 [6] NCCL INFO Channel 09/0 : 14[ad000] -> 6[ad000] [receive] via NET/IB/4/GDRDMA
x08l11245:29200:29284 [6] NCCL INFO Channel 00/0 : 6[ad000] -> 30[ad000] [send] via NET/IB/4/GDRDMA
x08l11245:29200:29284 [6] NCCL INFO Channel 03/0 : 6[ad000] -> 30[ad000] [send] via NET/IB/4/GDRDMA
x08l11245:29200:29284 [6] NCCL INFO Channel 06/0 : 6[ad000] -> 30[ad000] [send] via NET/IB/4/GDRDMA
x08l11245:29200:29284 [6] NCCL INFO Channel 09/0 : 6[ad000] -> 30[ad000] [send] via NET/IB/4/GDRDMA
x08l11245:29195:29282 [2] NCCL INFO Channel 00/0 : 10[48000] -> 2[48000] [receive] via NET/IB/2/GDRDMA
x08l11245:29195:29282 [2] NCCL INFO Channel 03/0 : 10[48000] -> 2[48000] [receive] via NET/IB/2/GDRDMA
x08l11245:29195:29282 [2] NCCL INFO Channel 06/0 : 10[48000] -> 2[48000] [receive] via NET/IB/2/GDRDMA
x08l11245:29195:29282 [2] NCCL INFO Channel 09/0 : 10[48000] -> 2[48000] [receive] via NET/IB/2/GDRDMA
x08l11245:29195:29282 [2] NCCL INFO Channel 00/0 : 2[48000] -> 26[48000] [send] via NET/IB/2/GDRDMA
x08l11245:29195:29282 [2] NCCL INFO Channel 03/0 : 2[48000] -> 26[48000] [send] via NET/IB/2/GDRDMA
x08l11245:29195:29282 [2] NCCL INFO Channel 06/0 : 2[48000] -> 26[48000] [send] via NET/IB/2/GDRDMA
x08l11245:29195:29282 [2] NCCL INFO Channel 09/0 : 2[48000] -> 26[48000] [send] via NET/IB/2/GDRDMA
x08l11245:29193:29247 [0] NCCL INFO Channel 00/0 : 8[13000] -> 0[13000] [receive] via NET/IB/1/GDRDMA
x08l11245:29193:29247 [0] NCCL INFO Channel 03/0 : 8[13000] -> 0[13000] [receive] via NET/IB/1/GDRDMA
x08l11245:29193:29247 [0] NCCL INFO Channel 06/0 : 8[13000] -> 0[13000] [receive] via NET/IB/1/GDRDMA
x08l11245:29193:29247 [0] NCCL INFO Channel 09/0 : 8[13000] -> 0[13000] [receive] via NET/IB/1/GDRDMA
x08l11245:29193:29247 [0] NCCL INFO Channel 00/0 : 0[13000] -> 24[13000] [send] via NET/IB/1/GDRDMA
x08l11245:29193:29247 [0] NCCL INFO Channel 03/0 : 0[13000] -> 24[13000] [send] via NET/IB/1/GDRDMA
x08l11245:29193:29247 [0] NCCL INFO Channel 06/0 : 0[13000] -> 24[13000] [send] via NET/IB/1/GDRDMA
x08l11245:29193:29247 [0] NCCL INFO Channel 09/0 : 0[13000] -> 24[13000] [send] via NET/IB/1/GDRDMA
x08l11245:29197:29289 [4] NCCL INFO Channel 00 : 4[89000] -> 0[13000] via P2P/IPC/read
x08l11245:29197:29289 [4] NCCL INFO Channel 03 : 4[89000] -> 0[13000] via P2P/IPC/read
x08l11245:29197:29289 [4] NCCL INFO Channel 06 : 4[89000] -> 0[13000] via P2P/IPC/read
x08l11245:29197:29289 [4] NCCL INFO Channel 09 : 4[89000] -> 0[13000] via P2P/IPC/read
x08l11245:29198:29278 [5] NCCL INFO Channel 00/0 : 13[8e000] -> 5[8e000] [receive] via NET/IB/3/GDRDMA
x08l11245:29198:29278 [5] NCCL INFO Channel 03/0 : 13[8e000] -> 5[8e000] [receive] via NET/IB/3/GDRDMA
x08l11245:29198:29278 [5] NCCL INFO Channel 06/0 : 13[8e000] -> 5[8e000] [receive] via NET/IB/3/GDRDMA
x08l11245:29198:29278 [5] NCCL INFO Channel 09/0 : 13[8e000] -> 5[8e000] [receive] via NET/IB/3/GDRDMA
x08l11245:29198:29278 [5] NCCL INFO Channel 00/0 : 5[8e000] -> 29[8e000] [send] via NET/IB/3(4)/GDRDMA
x08l11245:29198:29278 [5] NCCL INFO Channel 03/0 : 5[8e000] -> 29[8e000] [send] via NET/IB/3(4)/GDRDMA
x08l11245:29198:29278 [5] NCCL INFO Channel 06/0 : 5[8e000] -> 29[8e000] [send] via NET/IB/3(4)/GDRDMA
x08l11245:29198:29278 [5] NCCL INFO Channel 09/0 : 5[8e000] -> 29[8e000] [send] via NET/IB/3(4)/GDRDMA
x08l11245:29202:29286 [7] NCCL INFO Channel 00/0 : 15[b3000] -> 7[b3000] [receive] via NET/IB/4/GDRDMA
x08l11245:29202:29286 [7] NCCL INFO Channel 03/0 : 15[b3000] -> 7[b3000] [receive] via NET/IB/4/GDRDMA
x08l11245:29202:29286 [7] NCCL INFO Channel 06/0 : 15[b3000] -> 7[b3000] [receive] via NET/IB/4/GDRDMA
x08l11245:29202:29286 [7] NCCL INFO Channel 09/0 : 15[b3000] -> 7[b3000] [receive] via NET/IB/4/GDRDMA
x08l11245:29202:29286 [7] NCCL INFO Channel 00/0 : 7[b3000] -> 31[b3000] [send] via NET/IB/4(6)/GDRDMA
x08l11245:29198:29278 [5] NCCL INFO Channel 00 : 5[8e000] -> 0[13000] via P2P/IPC/read
x08l11245:29198:29278 [5] NCCL INFO Channel 01 : 5[8e000] -> 0[13000] via P2P/IPC/read
x08l11245:29198:29278 [5] NCCL INFO Channel 03 : 5[8e000] -> 0[13000] via P2P/IPC/read
x08l11245:29198:29278 [5] NCCL INFO Channel 04 : 5[8e000] -> 0[13000] via P2P/IPC/read
x08l11245:29198:29278 [5] NCCL INFO Channel 06 : 5[8e000] -> 0[13000] via P2P/IPC/read
x08l11245:29202:29286 [7] NCCL INFO Channel 03/0 : 7[b3000] -> 31[b3000] [send] via NET/IB/4(6)/GDRDMA
x08l11245:29198:29278 [5] NCCL INFO Channel 07 : 5[8e000] -> 0[13000] via P2P/IPC/read
x08l11245:29198:29278 [5] NCCL INFO Channel 09 : 5[8e000] -> 0[13000] via P2P/IPC/read
x08l11245:29198:29278 [5] NCCL INFO Channel 10 : 5[8e000] -> 0[13000] via P2P/IPC/read
x08l11245:29194:29280 [1] NCCL INFO Channel 00/0 : 9[19000] -> 1[19000] [receive] via NET/IB/1/GDRDMA
x08l11245:29194:29280 [1] NCCL INFO Channel 03/0 : 9[19000] -> 1[19000] [receive] via NET/IB/1/GDRDMA
x08l11245:29194:29280 [1] NCCL INFO Channel 06/0 : 9[19000] -> 1[19000] [receive] via NET/IB/1/GDRDMA
x08l11245:29194:29280 [1] NCCL INFO Channel 09/0 : 9[19000] -> 1[19000] [receive] via NET/IB/1/GDRDMA
x08l11245:29194:29280 [1] NCCL INFO Channel 00/0 : 1[19000] -> 25[19000] [send] via NET/IB/1(0)/GDRDMA
x08l11245:29194:29280 [1] NCCL INFO Channel 03/0 : 1[19000] -> 25[19000] [send] via NET/IB/1(0)/GDRDMA
x08l11245:29194:29280 [1] NCCL INFO Channel 06/0 : 1[19000] -> 25[19000] [send] via NET/IB/1(0)/GDRDMA
x08l11245:29194:29280 [1] NCCL INFO Channel 09/0 : 1[19000] -> 25[19000] [send] via NET/IB/1(0)/GDRDMA
x08l11245:29200:29284 [6] NCCL INFO Channel 00 : 6[ad000] -> 0[13000] via P2P/IPC/read
x08l11245:29202:29286 [7] NCCL INFO Channel 06/0 : 7[b3000] -> 31[b3000] [send] via NET/IB/4(6)/GDRDMA
x08l11245:29202:29286 [7] NCCL INFO Channel 09/0 : 7[b3000] -> 31[b3000] [send] via NET/IB/4(6)/GDRDMA
x08l11245:29200:29284 [6] NCCL INFO Channel 03 : 6[ad000] -> 0[13000] via P2P/IPC/read
x08l11245:29200:29284 [6] NCCL INFO Channel 06 : 6[ad000] -> 0[13000] via P2P/IPC/read
x08l11245:29200:29284 [6] NCCL INFO Channel 09 : 6[ad000] -> 0[13000] via P2P/IPC/read
x08l11245:29202:29286 [7] NCCL INFO Channel 00 : 7[b3000] -> 0[13000] via P2P/IPC/read
x08l11245:29202:29286 [7] NCCL INFO Channel 04 : 7[b3000] -> 0[13000] via P2P/IPC/read
x08l11245:29202:29286 [7] NCCL INFO Channel 09 : 7[b3000] -> 0[13000] via P2P/IPC/read
x08l11245:29202:29286 [7] NCCL INFO Channel 10 : 7[b3000] -> 0[13000] via P2P/IPC/read
x08l11245:29202:29286 [7] NCCL INFO Channel 00 : 7[b3000] -> 1[19000] via P2P/IPC/read
x08l11245:29202:29286 [7] NCCL INFO Channel 01 : 7[b3000] -> 1[19000] via P2P/IPC/read
x08l11245:29202:29286 [7] NCCL INFO Channel 02 : 7[b3000] -> 1[19000] via P2P/IPC/read
x08l11245:29202:29286 [7] NCCL INFO Channel 03 : 7[b3000] -> 1[19000] via P2P/IPC/read
x08l11245:29202:29286 [7] NCCL INFO Channel 04 : 7[b3000] -> 1[19000] via P2P/IPC/read
x08l11245:29202:29286 [7] NCCL INFO Channel 05 : 7[b3000] -> 1[19000] via P2P/IPC/read
x08l11245:29202:29286 [7] NCCL INFO Channel 06 : 7[b3000] -> 1[19000] via P2P/IPC/read
x08l11245:29202:29286 [7] NCCL INFO Channel 07 : 7[b3000] -> 1[19000] via P2P/IPC/read
x08l11245:29202:29286 [7] NCCL INFO Channel 08 : 7[b3000] -> 1[19000] via P2P/IPC/read
x08l11245:29202:29286 [7] NCCL INFO Channel 09 : 7[b3000] -> 1[19000] via P2P/IPC/read
x08l11245:29202:29286 [7] NCCL INFO Channel 10 : 7[b3000] -> 1[19000] via P2P/IPC/read
x08l11245:29202:29286 [7] NCCL INFO Channel 11 : 7[b3000] -> 1[19000] via P2P/IPC/read
x08l11245:29200:29284 [6] NCCL INFO Channel 00 : 6[ad000] -> 1[19000] via P2P/IPC/read
x08l11245:29200:29284 [6] NCCL INFO Channel 03 : 6[ad000] -> 1[19000] via P2P/IPC/read
x08l11245:29200:29284 [6] NCCL INFO Channel 06 : 6[ad000] -> 1[19000] via P2P/IPC/read
x08l11245:29200:29284 [6] NCCL INFO Channel 09 : 6[ad000] -> 1[19000] via P2P/IPC/read
x08l11245:29202:29286 [7] NCCL INFO Channel 00 : 7[b3000] -> 2[48000] via P2P/IPC/read
x08l11245:29202:29286 [7] NCCL INFO Channel 03 : 7[b3000] -> 2[48000] via P2P/IPC/read
x08l11245:29202:29286 [7] NCCL INFO Channel 06 : 7[b3000] -> 2[48000] via P2P/IPC/read
x08l11245:29202:29286 [7] NCCL INFO Channel 09 : 7[b3000] -> 2[48000] via P2P/IPC/read
x08l11245:29200:29284 [6] NCCL INFO Channel 00 : 6[ad000] -> 2[48000] via P2P/IPC/read
x08l11245:29202:29286 [7] NCCL INFO Channel 00 : 7[b3000] -> 3[4d000] via P2P/IPC/read
x08l11245:29200:29284 [6] NCCL INFO Channel 03 : 6[ad000] -> 2[48000] via P2P/IPC/read
x08l11245:29200:29284 [6] NCCL INFO Channel 06 : 6[ad000] -> 2[48000] via P2P/IPC/read
x08l11245:29200:29284 [6] NCCL INFO Channel 09 : 6[ad000] -> 2[48000] via P2P/IPC/read
x08l11245:29202:29286 [7] NCCL INFO Channel 03 : 7[b3000] -> 3[4d000] via P2P/IPC/read
x08l11245:29202:29286 [7] NCCL INFO Channel 06 : 7[b3000] -> 3[4d000] via P2P/IPC/read
x08l11245:29198:29278 [5] NCCL INFO Channel 00 : 5[8e000] -> 1[19000] via P2P/IPC/read
x08l11245:29202:29286 [7] NCCL INFO Channel 09 : 7[b3000] -> 3[4d000] via P2P/IPC/read
x08l11245:29198:29278 [5] NCCL INFO Channel 03 : 5[8e000] -> 1[19000] via P2P/IPC/read
x08l11245:29198:29278 [5] NCCL INFO Channel 06 : 5[8e000] -> 1[19000] via P2P/IPC/read
x08l11245:29198:29278 [5] NCCL INFO Channel 09 : 5[8e000] -> 1[19000] via P2P/IPC/read
x08l11245:29202:29286 [7] NCCL INFO Channel 00 : 7[b3000] -> 4[89000] via P2P/IPC/read
x08l11245:29200:29284 [6] NCCL INFO Channel 00 : 6[ad000] -> 3[4d000] via P2P/IPC/read
x08l11245:29200:29284 [6] NCCL INFO Channel 01 : 6[ad000] -> 3[4d000] via P2P/IPC/read
x08l11245:29202:29286 [7] NCCL INFO Channel 01 : 7[b3000] -> 4[89000] via P2P/IPC/read
x08l11245:29200:29284 [6] NCCL INFO Channel 04 : 6[ad000] -> 3[4d000] via P2P/IPC/read
x08l11245:29202:29286 [7] NCCL INFO Channel 03 : 7[b3000] -> 4[89000] via P2P/IPC/read
x08l11245:29198:29278 [5] NCCL INFO Channel 00 : 5[8e000] -> 2[48000] via P2P/IPC/read
x08l11245:29200:29284 [6] NCCL INFO Channel 06 : 6[ad000] -> 3[4d000] via P2P/IPC/read
x08l11245:29202:29286 [7] NCCL INFO Channel 04 : 7[b3000] -> 4[89000] via P2P/IPC/read
x08l11245:29198:29278 [5] NCCL INFO Channel 01 : 5[8e000] -> 2[48000] via P2P/IPC/read
x08l11245:29200:29284 [6] NCCL INFO Channel 09 : 6[ad000] -> 3[4d000] via P2P/IPC/read
x08l11245:29202:29286 [7] NCCL INFO Channel 06 : 7[b3000] -> 4[89000] via P2P/IPC/read
x08l11245:29198:29278 [5] NCCL INFO Channel 03 : 5[8e000] -> 2[48000] via P2P/IPC/read
x08l11245:29202:29286 [7] NCCL INFO Channel 07 : 7[b3000] -> 4[89000] via P2P/IPC/read
x08l11245:29200:29284 [6] NCCL INFO Channel 10 : 6[ad000] -> 3[4d000] via P2P/IPC/read
x08l11245:29198:29278 [5] NCCL INFO Channel 04 : 5[8e000] -> 2[48000] via P2P/IPC/read
x08l11245:29202:29286 [7] NCCL INFO Channel 09 : 7[b3000] -> 4[89000] via P2P/IPC/read
x08l11245:29198:29278 [5] NCCL INFO Channel 06 : 5[8e000] -> 2[48000] via P2P/IPC/read
x08l11245:29196:29283 [3] NCCL INFO Channel 00 : 3[4d000] -> 0[13000] via P2P/IPC/read
x08l11245:29202:29286 [7] NCCL INFO Channel 10 : 7[b3000] -> 4[89000] via P2P/IPC/read
x08l11245:29198:29278 [5] NCCL INFO Channel 07 : 5[8e000] -> 2[48000] via P2P/IPC/read
x08l11245:29196:29283 [3] NCCL INFO Channel 03 : 3[4d000] -> 0[13000] via P2P/IPC/read
x08l11245:29198:29278 [5] NCCL INFO Channel 09 : 5[8e000] -> 2[48000] via P2P/IPC/read
x08l11245:29196:29283 [3] NCCL INFO Channel 06 : 3[4d000] -> 0[13000] via P2P/IPC/read
x08l11245:29197:29289 [4] NCCL INFO Channel 00 : 4[89000] -> 1[19000] via P2P/IPC/read
x08l11245:29198:29278 [5] NCCL INFO Channel 10 : 5[8e000] -> 2[48000] via P2P/IPC/read
x08l11245:29196:29283 [3] NCCL INFO Channel 09 : 3[4d000] -> 0[13000] via P2P/IPC/read
x08l11245:29197:29289 [4] NCCL INFO Channel 03 : 4[89000] -> 1[19000] via P2P/IPC/read
x08l11245:29197:29289 [4] NCCL INFO Channel 04 : 4[89000] -> 1[19000] via P2P/IPC/read
x08l11245:29197:29289 [4] NCCL INFO Channel 06 : 4[89000] -> 1[19000] via P2P/IPC/read
x08l11245:29197:29289 [4] NCCL INFO Channel 07 : 4[89000] -> 1[19000] via P2P/IPC/read
x08l11245:29197:29289 [4] NCCL INFO Channel 09 : 4[89000] -> 1[19000] via P2P/IPC/read
x08l11245:29200:29284 [6] NCCL INFO Channel 00 : 6[ad000] -> 4[89000] via P2P/IPC/read
x08l11245:29197:29289 [4] NCCL INFO Channel 10 : 4[89000] -> 1[19000] via P2P/IPC/read
x08l11245:29200:29284 [6] NCCL INFO Channel 03 : 6[ad000] -> 4[89000] via P2P/IPC/read
x08l11245:29200:29284 [6] NCCL INFO Channel 06 : 6[ad000] -> 4[89000] via P2P/IPC/read
x08l11245:29200:29284 [6] NCCL INFO Channel 09 : 6[ad000] -> 4[89000] via P2P/IPC/read
x08l11245:29195:29282 [2] NCCL INFO Channel 00 : 2[48000] -> 0[13000] via P2P/IPC/read
x08l11245:29198:29278 [5] NCCL INFO Channel 00 : 5[8e000] -> 3[4d000] via P2P/IPC/read
x08l11245:29195:29282 [2] NCCL INFO Channel 03 : 2[48000] -> 0[13000] via P2P/IPC/read
x08l11245:29198:29278 [5] NCCL INFO Channel 03 : 5[8e000] -> 3[4d000] via P2P/IPC/read
x08l11245:29202:29286 [7] NCCL INFO Channel 00 : 7[b3000] -> 5[8e000] via P2P/IPC/read
x08l11245:29196:29283 [3] NCCL INFO Channel 00 : 3[4d000] -> 1[19000] via P2P/IPC/read
x08l11245:29195:29282 [2] NCCL INFO Channel 06 : 2[48000] -> 0[13000] via P2P/IPC/read
x08l11245:29196:29283 [3] NCCL INFO Channel 03 : 3[4d000] -> 1[19000] via P2P/IPC/read
x08l11245:29198:29278 [5] NCCL INFO Channel 06 : 5[8e000] -> 3[4d000] via P2P/IPC/read
x08l11245:29202:29286 [7] NCCL INFO Channel 03 : 7[b3000] -> 5[8e000] via P2P/IPC/read
x08l11245:29195:29282 [2] NCCL INFO Channel 09 : 2[48000] -> 0[13000] via P2P/IPC/read
x08l11245:29198:29278 [5] NCCL INFO Channel 09 : 5[8e000] -> 3[4d000] via P2P/IPC/read
x08l11245:29196:29283 [3] NCCL INFO Channel 06 : 3[4d000] -> 1[19000] via P2P/IPC/read
x08l11245:29202:29286 [7] NCCL INFO Channel 06 : 7[b3000] -> 5[8e000] via P2P/IPC/read
x08l11245:29196:29283 [3] NCCL INFO Channel 09 : 3[4d000] -> 1[19000] via P2P/IPC/read
x08l11245:29202:29286 [7] NCCL INFO Channel 09 : 7[b3000] -> 5[8e000] via P2P/IPC/read
x08l11245:29202:29286 [7] NCCL INFO Channel 09 : 7[b3000] -> 6[ad000] via P2P/IPC/read
x08l11245:29202:29286 [7] NCCL INFO Channel 10 : 7[b3000] -> 6[ad000] via P2P/IPC/read
x08l11245:29194:29280 [1] NCCL INFO Channel 09 : 1[19000] -> 0[13000] via P2P/IPC/read
x08l11245:29197:29289 [4] NCCL INFO Channel 00 : 4[89000] -> 2[48000] via P2P/IPC/read
x08l11245:29194:29280 [1] NCCL INFO Channel 10 : 1[19000] -> 0[13000] via P2P/IPC/read
x08l11245:29197:29289 [4] NCCL INFO Channel 03 : 4[89000] -> 2[48000] via P2P/IPC/read
x08l11245:29197:29289 [4] NCCL INFO Channel 06 : 4[89000] -> 2[48000] via P2P/IPC/read
x08l11245:29196:29283 [3] NCCL INFO Channel 09 : 3[4d000] -> 2[48000] via P2P/IPC/read
x08l11245:29197:29289 [4] NCCL INFO Channel 09 : 4[89000] -> 2[48000] via P2P/IPC/read
x08l11245:29193:29247 [0] NCCL INFO Connected 1 MSCCL algorithms
x08l11245:29193:29247 [0] NCCL INFO threadThresholds 8/8/64 | 256/8/64 | 8/8/64 | 8/8/512
x08l11245:29193:29247 [0] NCCL INFO 12 coll channels, 8 p2p channels, 2 p2p channels per peer
x08l11245:29198:29278 [5] NCCL INFO Channel 09 : 5[8e000] -> 4[89000] via P2P/IPC/read
x08l11245:29198:29278 [5] NCCL INFO Channel 10 : 5[8e000] -> 4[89000] via P2P/IPC/read
x08l11245:29200:29284 [6] NCCL INFO Channel 03 : 6[ad000] -> 5[8e000] via P2P/IPC/read
x08l11245:29200:29284 [6] NCCL INFO Channel 07 : 6[ad000] -> 5[8e000] via P2P/IPC/read
x08l11245:29195:29282 [2] NCCL INFO Channel 09 : 2[48000] -> 1[19000] via P2P/IPC/read
x08l11245:29200:29284 [6] NCCL INFO Channel 09 : 6[ad000] -> 5[8e000] via P2P/IPC/read
x08l11245:29197:29289 [4] NCCL INFO Channel 09 : 4[89000] -> 3[4d000] via P2P/IPC/read
x08l11245:29200:29284 [6] NCCL INFO Channel 10 : 6[ad000] -> 5[8e000] via P2P/IPC/read
x08l11245:29197:29289 [4] NCCL INFO Channel 10 : 4[89000] -> 3[4d000] via P2P/IPC/read
x08l11245:29195:29282 [2] NCCL INFO Connected 1 MSCCL algorithms
x08l11245:29195:29282 [2] NCCL INFO threadThresholds 8/8/64 | 256/8/64 | 8/8/64 | 8/8/512
x08l11245:29195:29282 [2] NCCL INFO 12 coll channels, 8 p2p channels, 2 p2p channels per peer
x08l11245:29194:29280 [1] NCCL INFO Connected 1 MSCCL algorithms
x08l11245:29194:29280 [1] NCCL INFO threadThresholds 8/8/64 | 256/8/64 | 8/8/64 | 8/8/512
x08l11245:29194:29280 [1] NCCL INFO 12 coll channels, 8 p2p channels, 2 p2p channels per peer
x08l11245:29202:29286 [7] NCCL INFO Connected 1 MSCCL algorithms
x08l11245:29202:29286 [7] NCCL INFO threadThresholds 8/8/64 | 256/8/64 | 8/8/64 | 8/8/512
x08l11245:29202:29286 [7] NCCL INFO 12 coll channels, 8 p2p channels, 2 p2p channels per peer
x08l11245:29196:29283 [3] NCCL INFO Connected 1 MSCCL algorithms
x08l11245:29196:29283 [3] NCCL INFO threadThresholds 8/8/64 | 256/8/64 | 8/8/64 | 8/8/512
x08l11245:29196:29283 [3] NCCL INFO 12 coll channels, 8 p2p channels, 2 p2p channels per peer
x08l11245:29197:29289 [4] NCCL INFO Connected 1 MSCCL algorithms
x08l11245:29197:29289 [4] NCCL INFO threadThresholds 8/8/64 | 256/8/64 | 8/8/64 | 8/8/512
x08l11245:29197:29289 [4] NCCL INFO 12 coll channels, 8 p2p channels, 2 p2p channels per peer
x08l11245:29200:29284 [6] NCCL INFO Connected 1 MSCCL algorithms
x08l11245:29198:29278 [5] NCCL INFO Connected 1 MSCCL algorithms
x08l11245:29200:29284 [6] NCCL INFO threadThresholds 8/8/64 | 256/8/64 | 8/8/64 | 8/8/512
x08l11245:29200:29284 [6] NCCL INFO 12 coll channels, 8 p2p channels, 2 p2p channels per peer
x08l11245:29198:29278 [5] NCCL INFO threadThresholds 8/8/64 | 256/8/64 | 8/8/64 | 8/8/512
x08l11245:29198:29278 [5] NCCL INFO 12 coll channels, 8 p2p channels, 2 p2p channels per peer
x08l11245:29202:29286 [7] NCCL INFO comm 0x7efa6a45a010 rank 7 nranks 32 cudaDev 7 busId b3000 - Init COMPLETE
x08l11245:29194:29280 [1] NCCL INFO comm 0x7fc3b645a010 rank 1 nranks 32 cudaDev 1 busId 19000 - Init COMPLETE
x08l11245:29196:29283 [3] NCCL INFO comm 0x7fdde445a010 rank 3 nranks 32 cudaDev 3 busId 4d000 - Init COMPLETE
x08l11245:29195:29282 [2] NCCL INFO comm 0x7fdac245a010 rank 2 nranks 32 cudaDev 2 busId 48000 - Init COMPLETE
x08l11245:29193:29247 [0] NCCL INFO comm 0x7fd291659010 rank 0 nranks 32 cudaDev 0 busId 13000 - Init COMPLETE
x08l11245:29198:29278 [5] NCCL INFO comm 0x7f7283458010 rank 5 nranks 32 cudaDev 5 busId 8e000 - Init COMPLETE
x08l11245:29200:29284 [6] NCCL INFO comm 0x7f1ec845a010 rank 6 nranks 32 cudaDev 6 busId ad000 - Init COMPLETE
#
#                                                              out-of-place                       in-place          
#       size         count      type   redop    root     time   algbw   busbw #wrong     time   algbw   busbw #wrong
#        (B)    (elements)                               (us)  (GB/s)  (GB/s)            (us)  (GB/s)  (GB/s)       
x08l11245:29197:29289 [4] NCCL INFO comm 0x7f5459c59010 rank 4 nranks 32 cudaDev 4 busId 89000 - Init COMPLETE
x08l11245:29193:29193 [0] NCCL INFO Launch mode Parallel
        1024           256     float     sum      -1    563.2    0.00    0.00      0    558.9    0.00    0.00      0
        2048           512     float     sum      -1    586.0    0.00    0.01      0    568.1    0.00    0.01      0
        4096          1024     float     sum      -1    592.0    0.01    0.01      0    594.7    0.01    0.01      0
        8192          2048     float     sum      -1    598.6    0.01    0.03      0    608.7    0.01    0.03      0
       16384          4096     float     sum      -1    599.4    0.03    0.05      0    604.9    0.03    0.05      0
       32768          8192     float     sum      -1    624.1    0.05    0.10      0    608.2    0.05    0.10      0
       65536         16384     float     sum      -1    665.6    0.10    0.19      0    658.8    0.10    0.19      0
      131072         32768     float     sum      -1    760.3    0.17    0.33      0    761.7    0.17    0.33      0
      262144         65536     float     sum      -1    783.9    0.33    0.65      0    773.8    0.34    0.66      0
      524288        131072     float     sum      -1    816.3    0.64    1.24      0    812.1    0.65    1.25      0
     1048576        262144     float     sum      -1    844.2    1.24    2.41      0    349.7    3.00    5.81      0
     2097152        524288     float     sum      -1    856.1    2.45    4.75      0    340.0    6.17   11.95      0
     4194304       1048576     float     sum      -1    911.6    4.60    8.91      0    385.3   10.89   21.09      0
     8388608       2097152     float     sum      -1    991.7    8.46   16.39      0    530.8   15.80   30.62      0
    16777216       4194304     float     sum      -1   1196.5   14.02   27.17      0    741.8   22.62   43.82      0
    33554432       8388608     float     sum      -1   1473.5   22.77   44.12      0   1210.0   27.73   53.73      0
    67108864      16777216     float     sum      -1   2074.5   32.35   62.68      0   2151.9   31.19   60.42      0
   134217728      33554432     float     sum      -1   3600.2   37.28   72.23      0   4037.1   33.25   64.41      0
   268435456      67108864     float     sum      -1   7085.4   37.89   73.40      0   7839.8   34.24   66.34      0
