# nThread 1 nGpus 1 minBytes 1024 maxBytes 4294967296 step: 2(factor) warmup iters: 1 iters: 1 agg iters: 1 validation: 1 graph: 0
#
# Using devices
#  Rank  0 Group  0 Pid  29193 on  x08l11245 device  0 [0000:13:00] NVIDIA A100-SXM4-80GB
#  Rank  1 Group  0 Pid  29194 on  x08l11245 device  1 [0000:19:00] NVIDIA A100-SXM4-80GB
#  Rank  2 Group  0 Pid  29195 on  x08l11245 device  2 [0000:48:00] NVIDIA A100-SXM4-80GB
#  Rank  3 Group  0 Pid  29196 on  x08l11245 device  3 [0000:4d:00] NVIDIA A100-SXM4-80GB
#  Rank  4 Group  0 Pid  29197 on  x08l11245 device  4 [0000:89:00] NVIDIA A100-SXM4-80GB
#  Rank  5 Group  0 Pid  29198 on  x08l11245 device  5 [0000:8e:00] NVIDIA A100-SXM4-80GB
#  Rank  6 Group  0 Pid  29200 on  x08l11245 device  6 [0000:ad:00] NVIDIA A100-SXM4-80GB
#  Rank  7 Group  0 Pid  29202 on  x08l11245 device  7 [0000:b3:00] NVIDIA A100-SXM4-80GB
#  Rank  8 Group  0 Pid  13191 on  x08j11224 device  0 [0000:13:00] NVIDIA A100-SXM4-80GB
#  Rank  9 Group  0 Pid  13192 on  x08j11224 device  1 [0000:19:00] NVIDIA A100-SXM4-80GB
#  Rank 10 Group  0 Pid  13193 on  x08j11224 device  2 [0000:48:00] NVIDIA A100-SXM4-80GB
#  Rank 11 Group  0 Pid  13194 on  x08j11224 device  3 [0000:4d:00] NVIDIA A100-SXM4-80GB
#  Rank 12 Group  0 Pid  13195 on  x08j11224 device  4 [0000:89:00] NVIDIA A100-SXM4-80GB
#  Rank 13 Group  0 Pid  13196 on  x08j11224 device  5 [0000:8e:00] NVIDIA A100-SXM4-80GB
#  Rank 14 Group  0 Pid  13197 on  x08j11224 device  6 [0000:ad:00] NVIDIA A100-SXM4-80GB
#  Rank 15 Group  0 Pid  13199 on  x08j11224 device  7 [0000:b3:00] NVIDIA A100-SXM4-80GB
#  Rank 16 Group  0 Pid  33476 on  x08l11244 device  0 [0000:13:00] NVIDIA A100-SXM4-80GB
#  Rank 17 Group  0 Pid  33477 on  x08l11244 device  1 [0000:19:00] NVIDIA A100-SXM4-80GB
#  Rank 18 Group  0 Pid  33478 on  x08l11244 device  2 [0000:48:00] NVIDIA A100-SXM4-80GB
#  Rank 19 Group  0 Pid  33479 on  x08l11244 device  3 [0000:4d:00] NVIDIA A100-SXM4-80GB
#  Rank 20 Group  0 Pid  33480 on  x08l11244 device  4 [0000:89:00] NVIDIA A100-SXM4-80GB
#  Rank 21 Group  0 Pid  33481 on  x08l11244 device  5 [0000:8e:00] NVIDIA A100-SXM4-80GB
#  Rank 22 Group  0 Pid  33482 on  x08l11244 device  6 [0000:ad:00] NVIDIA A100-SXM4-80GB
#  Rank 23 Group  0 Pid  33485 on  x08l11244 device  7 [0000:b3:00] NVIDIA A100-SXM4-80GB
#  Rank 24 Group  0 Pid 117638 on  x08j11173 device  0 [0000:13:00] NVIDIA A100-SXM4-80GB
#  Rank 25 Group  0 Pid 117639 on  x08j11173 device  1 [0000:19:00] NVIDIA A100-SXM4-80GB
#  Rank 26 Group  0 Pid 117640 on  x08j11173 device  2 [0000:48:00] NVIDIA A100-SXM4-80GB
#  Rank 27 Group  0 Pid 117641 on  x08j11173 device  3 [0000:4d:00] NVIDIA A100-SXM4-80GB
#  Rank 28 Group  0 Pid 117642 on  x08j11173 device  4 [0000:89:00] NVIDIA A100-SXM4-80GB
#  Rank 29 Group  0 Pid 117643 on  x08j11173 device  5 [0000:8e:00] NVIDIA A100-SXM4-80GB
#  Rank 30 Group  0 Pid 117644 on  x08j11173 device  6 [0000:ad:00] NVIDIA A100-SXM4-80GB
#  Rank 31 Group  0 Pid 117646 on  x08j11173 device  7 [0000:b3:00] NVIDIA A100-SXM4-80GB
x08l11245:29193:29193 [0] NCCL INFO Bootstrap : Using bond0:33.255.169.92<0>
x08l11245:29193:29193 [0] NCCL INFO NET/Plugin : No plugin found (libnccl-net.so), using internal implementation
x08l11245:29193:29193 [0] NCCL INFO NET/IB : Using [0]mlx5_bond_0:1/RoCE [1]mlx5_bond_1:1/RoCE [2]mlx5_bond_2:1/RoCE [3]mlx5_bond_3:1/RoCE [4]mlx5_bond_4:1/RoCE [RO]; OOB bond0:33.255.169.92<0>
x08l11245:29193:29193 [0] NCCL INFO Using network IB
NCCL version 2.12.12.MSCCL.0.7.4+cuda12.4
x08l11245:29194:29194 [1] NCCL INFO Bootstrap : Using bond0:33.255.169.92<0>
x08l11245:29194:29194 [1] NCCL INFO NET/Plugin : No plugin found (libnccl-net.so), using internal implementation
x08l11245:29196:29196 [3] NCCL INFO Bootstrap : Using bond0:33.255.169.92<0>
x08l11245:29196:29196 [3] NCCL INFO NET/Plugin : No plugin found (libnccl-net.so), using internal implementation
x08l11245:29200:29200 [6] NCCL INFO Bootstrap : Using bond0:33.255.169.92<0>
x08l11245:29200:29200 [6] NCCL INFO NET/Plugin : No plugin found (libnccl-net.so), using internal implementation
x08l11245:29195:29195 [2] NCCL INFO Bootstrap : Using bond0:33.255.169.92<0>
x08l11245:29195:29195 [2] NCCL INFO NET/Plugin : No plugin found (libnccl-net.so), using internal implementation
x08l11245:29198:29198 [5] NCCL INFO Bootstrap : Using bond0:33.255.169.92<0>
x08l11245:29198:29198 [5] NCCL INFO NET/Plugin : No plugin found (libnccl-net.so), using internal implementation
x08l11245:29202:29202 [7] NCCL INFO Bootstrap : Using bond0:33.255.169.92<0>
x08l11245:29202:29202 [7] NCCL INFO NET/Plugin : No plugin found (libnccl-net.so), using internal implementation
x08l11245:29197:29197 [4] NCCL INFO Bootstrap : Using bond0:33.255.169.92<0>
x08l11245:29197:29197 [4] NCCL INFO NET/Plugin : No plugin found (libnccl-net.so), using internal implementation
x08l11245:29198:29198 [5] NCCL INFO NET/IB : Using [0]mlx5_bond_0:1/RoCE [1]mlx5_bond_1:1/RoCE [2]mlx5_bond_2:1/RoCE [3]mlx5_bond_3:1/RoCE [4]mlx5_bond_4:1/RoCE [RO]; OOB bond0:33.255.169.92<0>
x08l11245:29198:29198 [5] NCCL INFO Using network IB
x08l11245:29194:29194 [1] NCCL INFO NET/IB : Using [0]mlx5_bond_0:1/RoCE [1]mlx5_bond_1:1/RoCE [2]mlx5_bond_2:1/RoCE [3]mlx5_bond_3:1/RoCE [4]mlx5_bond_4:1/RoCE [RO]; OOB bond0:33.255.169.92<0>
x08l11245:29194:29194 [1] NCCL INFO Using network IB
x08l11245:29195:29195 [2] NCCL INFO NET/IB : Using [0]mlx5_bond_0:1/RoCE [1]mlx5_bond_1:1/RoCE [2]mlx5_bond_2:1/RoCE [3]mlx5_bond_3:1/RoCE [4]mlx5_bond_4:1/RoCE [RO]; OOB bond0:33.255.169.92<0>
x08l11245:29195:29195 [2] NCCL INFO Using network IB
x08l11245:29196:29196 [3] NCCL INFO NET/IB : Using [0]mlx5_bond_0:1/RoCE [1]mlx5_bond_1:1/RoCE [2]mlx5_bond_2:1/RoCE [3]mlx5_bond_3:1/RoCE [4]mlx5_bond_4:1/RoCE [RO]; OOB bond0:33.255.169.92<0>
x08l11245:29196:29196 [3] NCCL INFO Using network IB
x08l11245:29200:29200 [6] NCCL INFO NET/IB : Using [0]mlx5_bond_0:1/RoCE [1]mlx5_bond_1:1/RoCE [2]mlx5_bond_2:1/RoCE [3]mlx5_bond_3:1/RoCE [4]mlx5_bond_4:1/RoCE [RO]; OOB bond0:33.255.169.92<0>
x08l11245:29200:29200 [6] NCCL INFO Using network IB
x08l11245:29202:29202 [7] NCCL INFO NET/IB : Using [0]mlx5_bond_0:1/RoCE [1]mlx5_bond_1:1/RoCE [2]mlx5_bond_2:1/RoCE [3]mlx5_bond_3:1/RoCE [4]mlx5_bond_4:1/RoCE [RO]; OOB bond0:33.255.169.92<0>
x08l11245:29202:29202 [7] NCCL INFO Using network IB
x08l11245:29197:29197 [4] NCCL INFO NET/IB : Using [0]mlx5_bond_0:1/RoCE [1]mlx5_bond_1:1/RoCE [2]mlx5_bond_2:1/RoCE [3]mlx5_bond_3:1/RoCE [4]mlx5_bond_4:1/RoCE [RO]; OOB bond0:33.255.169.92<0>
x08l11245:29197:29197 [4] NCCL INFO Using network IB
x08l11245:29193:29247 [0] NCCL INFO NCCL_PXN_DISABLE set by environment to 0.
x08l11245:29193:29247 [0] NCCL INFO NCCL_NET_GDR_LEVEL set by environment to PXB
x08l11245:29193:29247 [0] NCCL INFO Setting affinity for GPU 0 to ffffffff,00000000,ffffffff
x08l11245:29200:29284 [6] NCCL INFO NCCL_PXN_DISABLE set by environment to 0.
x08l11245:29200:29284 [6] NCCL INFO NCCL_NET_GDR_LEVEL set by environment to PXB
x08l11245:29196:29283 [3] NCCL INFO NCCL_PXN_DISABLE set by environment to 0.
x08l11245:29196:29283 [3] NCCL INFO NCCL_NET_GDR_LEVEL set by environment to PXB
x08l11245:29202:29286 [7] NCCL INFO NCCL_PXN_DISABLE set by environment to 0.
x08l11245:29202:29286 [7] NCCL INFO NCCL_NET_GDR_LEVEL set by environment to PXB
x08l11245:29202:29286 [7] NCCL INFO Setting affinity for GPU 7 to ffffffff,00000000,ffffffff,00000000
x08l11245:29198:29278 [5] NCCL INFO NCCL_PXN_DISABLE set by environment to 0.
x08l11245:29198:29278 [5] NCCL INFO NCCL_NET_GDR_LEVEL set by environment to PXB
x08l11245:29198:29278 [5] NCCL INFO Setting affinity for GPU 5 to ffffffff,00000000,ffffffff,00000000
x08l11245:29195:29282 [2] NCCL INFO NCCL_PXN_DISABLE set by environment to 0.
x08l11245:29195:29282 [2] NCCL INFO NCCL_NET_GDR_LEVEL set by environment to PXB
x08l11245:29194:29280 [1] NCCL INFO NCCL_PXN_DISABLE set by environment to 0.
x08l11245:29194:29280 [1] NCCL INFO NCCL_NET_GDR_LEVEL set by environment to PXB
x08l11245:29197:29289 [4] NCCL INFO NCCL_PXN_DISABLE set by environment to 0.
x08l11245:29197:29289 [4] NCCL INFO NCCL_NET_GDR_LEVEL set by environment to PXB
x08l11245:29195:29282 [2] NCCL INFO Setting affinity for GPU 2 to ffffffff,00000000,ffffffff
x08l11245:29193:29247 [0] NCCL INFO Channel 00/08 :    0   7   6   5   4   3   2   1   8  15  14  13  12  11  10   9  16  23  22  21
x08l11245:29193:29247 [0] NCCL INFO Channel 01/08 :    0   3  10  15  14  13  12   9   8  11  18  23  22  21  20  17  16  19  26  31
x08l11245:29193:29247 [0] NCCL INFO Channel 02/08 :    0   7   6   5  12  11  10   9   8  15  14  13  20  19  18  17  16  23  22  21
x08l11245:29193:29247 [0] NCCL INFO Channel 03/08 :    0   5   4   7  14  11  10   9   8  13  12  15  22  19  18  17  16  21  20  23
x08l11245:29193:29247 [0] NCCL INFO Channel 04/08 :    0   7   6   5   4   3   2   1   8  15  14  13  12  11  10   9  16  23  22  21
x08l11245:29193:29247 [0] NCCL INFO Channel 05/08 :    0   3  10  15  14  13  12   9   8  11  18  23  22  21  20  17  16  19  26  31
x08l11245:29193:29247 [0] NCCL INFO Channel 06/08 :    0   7   6   5  12  11  10   9   8  15  14  13  20  19  18  17  16  23  22  21
x08l11245:29193:29247 [0] NCCL INFO Channel 07/08 :    0   5   4   7  14  11  10   9   8  13  12  15  22  19  18  17  16  21  20  23
x08l11245:29194:29280 [1] NCCL INFO Trees [0] 2/-1/-1->1->0 [1] -1/-1/-1->1->0 [2] 2/-1/-1->1->0 [3] 2/-1/-1->1->0 [4] 2/-1/-1->1->0 [5] -1/-1/-1->1->0 [6] 2/-1/-1->1->0 [7] 2/-1/-1->1->0
x08l11245:29194:29280 [1] NCCL INFO NCCL_BUFFSIZE set by environment to 4194304.
x08l11245:29195:29282 [2] NCCL INFO Trees [0] 3/-1/-1->2->1 [1] 3/18/-1->2->-1 [2] 3/-1/-1->2->1 [3] 3/-1/-1->2->1 [4] 3/-1/-1->2->1 [5] 3/-1/-1->2->10 [6] 3/-1/-1->2->1 [7] 3/-1/-1->2->1
x08l11245:29195:29282 [2] NCCL INFO NCCL_BUFFSIZE set by environment to 4194304.
x08l11245:29193:29247 [0] NCCL INFO Trees [0] 1/16/-1->0->-1 [1] 1/-1/-1->0->7 [2] 1/-1/-1->0->7 [3] 1/-1/-1->0->7 [4] 1/-1/-1->0->8 [5] 1/-1/-1->0->7 [6] 1/-1/-1->0->7 [7] 1/-1/-1->0->7
x08l11245:29193:29247 [0] NCCL INFO NCCL_BUFFSIZE set by environment to 4194304.
x08l11245:29196:29283 [3] NCCL INFO Trees [0] 4/-1/-1->3->2 [1] 4/-1/-1->3->2 [2] -1/-1/-1->3->2 [3] 4/-1/-1->3->2 [4] 4/-1/-1->3->2 [5] 4/-1/-1->3->2 [6] -1/-1/-1->3->2 [7] 4/-1/-1->3->2
x08l11245:29196:29283 [3] NCCL INFO NCCL_BUFFSIZE set by environment to 4194304.
x08l11245:29202:29286 [7] NCCL INFO Trees [0] -1/-1/-1->7->6 [1] 0/-1/-1->7->6 [2] 0/-1/-1->7->6 [3] 0/-1/-1->7->6 [4] -1/-1/-1->7->6 [5] 0/-1/-1->7->6 [6] 0/-1/-1->7->6 [7] 0/-1/-1->7->6
x08l11245:29202:29286 [7] NCCL INFO NCCL_BUFFSIZE set by environment to 4194304.
x08l11245:29197:29289 [4] NCCL INFO Trees [0] 5/-1/-1->4->3 [1] 5/-1/-1->4->3 [2] 5/20/-1->4->-1 [3] 5/-1/-1->4->3 [4] 5/-1/-1->4->3 [5] 5/-1/-1->4->3 [6] 5/-1/-1->4->12 [7] 5/-1/-1->4->3
x08l11245:29197:29289 [4] NCCL INFO NCCL_BUFFSIZE set by environment to 4194304.
x08l11245:29198:29278 [5] NCCL INFO Trees [0] 6/-1/-1->5->4 [1] 6/-1/-1->5->4 [2] 6/-1/-1->5->4 [3] -1/-1/-1->5->4 [4] 6/-1/-1->5->4 [5] 6/-1/-1->5->4 [6] 6/-1/-1->5->4 [7] -1/-1/-1->5->4
x08l11245:29198:29278 [5] NCCL INFO NCCL_BUFFSIZE set by environment to 4194304.
x08l11245:29200:29284 [6] NCCL INFO Trees [0] 7/-1/-1->6->5 [1] 7/-1/-1->6->5 [2] 7/-1/-1->6->5 [3] 7/22/-1->6->-1 [4] 7/-1/-1->6->5 [5] 7/-1/-1->6->5 [6] 7/-1/-1->6->5 [7] 7/-1/-1->6->14
x08l11245:29200:29284 [6] NCCL INFO NCCL_BUFFSIZE set by environment to 4194304.
x08l11245:29195:29282 [2] NCCL INFO Channel 01 : 2[48000] -> 7[b3000] via P2P/IPC/read
x08l11245:29193:29247 [0] NCCL INFO Channel 01 : 0[13000] -> 3[4d000] via P2P/IPC/read
x08l11245:29197:29289 [4] NCCL INFO Channel 03 : 4[89000] -> 7[b3000] via P2P/IPC/read
x08l11245:29195:29282 [2] NCCL INFO Channel 05 : 2[48000] -> 7[b3000] via P2P/IPC/read
x08l11245:29194:29280 [1] NCCL INFO Channel 00/0 : 1[19000] -> 8[13000] [send] via NET/IB/1/GDRDMA
x08l11245:29194:29280 [1] NCCL INFO Channel 04/0 : 1[19000] -> 8[13000] [send] via NET/IB/1/GDRDMA
x08l11245:29193:29247 [0] NCCL INFO Channel 05 : 0[13000] -> 3[4d000] via P2P/IPC/read
x08l11245:29197:29289 [4] NCCL INFO Channel 07 : 4[89000] -> 7[b3000] via P2P/IPC/read
x08l11245:29200:29284 [6] NCCL INFO Channel 03/0 : 31[b3000] -> 6[ad000] [receive] via NET/IB/4/GDRDMA
x08l11245:29200:29284 [6] NCCL INFO Channel 07/0 : 31[b3000] -> 6[ad000] [receive] via NET/IB/4/GDRDMA
x08l11245:29193:29247 [0] NCCL INFO Channel 03 : 0[13000] -> 5[8e000] via P2P/IPC/read
x08l11245:29193:29247 [0] NCCL INFO Channel 07 : 0[13000] -> 5[8e000] via P2P/IPC/read
x08l11245:29196:29283 [3] NCCL INFO Channel 01/0 : 3[4d000] -> 10[48000] [send] via NET/IB/2/GDRDMA
x08l11245:29196:29283 [3] NCCL INFO Channel 05/0 : 3[4d000] -> 10[48000] [send] via NET/IB/2/GDRDMA
x08l11245:29197:29289 [4] NCCL INFO Channel 02/0 : 29[8e000] -> 4[89000] [receive] via NET/IB/3/GDRDMA
x08l11245:29197:29289 [4] NCCL INFO Channel 06/0 : 29[8e000] -> 4[89000] [receive] via NET/IB/3/GDRDMA
x08l11245:29198:29278 [5] NCCL INFO Channel 02/0 : 5[8e000] -> 12[89000] [send] via NET/IB/3/GDRDMA
x08l11245:29193:29247 [0] NCCL INFO Channel 00/0 : 25[19000] -> 0[13000] [receive] via NET/IB/1/GDRDMA
x08l11245:29193:29247 [0] NCCL INFO Channel 04/0 : 25[19000] -> 0[13000] [receive] via NET/IB/1/GDRDMA
x08l11245:29193:29247 [0] NCCL INFO Channel 00 : 0[13000] -> 7[b3000] via P2P/IPC/read
x08l11245:29195:29282 [2] NCCL INFO Channel 01/0 : 27[4d000] -> 2[48000] [receive] via NET/IB/2/GDRDMA
x08l11245:29195:29282 [2] NCCL INFO Channel 05/0 : 27[4d000] -> 2[48000] [receive] via NET/IB/2/GDRDMA
x08l11245:29193:29247 [0] NCCL INFO Channel 02 : 0[13000] -> 7[b3000] via P2P/IPC/read
x08l11245:29193:29247 [0] NCCL INFO Channel 04 : 0[13000] -> 7[b3000] via P2P/IPC/read
x08l11245:29193:29247 [0] NCCL INFO Channel 06 : 0[13000] -> 7[b3000] via P2P/IPC/read
x08l11245:29202:29286 [7] NCCL INFO Channel 03/0 : 7[b3000] -> 14[ad000] [send] via NET/IB/4/GDRDMA
x08l11245:29197:29298 [4] NCCL INFO NCCL_IB_GID_INDEX set by environment to 3.
x08l11245:29195:29296 [2] NCCL INFO NCCL_IB_GID_INDEX set by environment to 3.
x08l11245:29196:29293 [3] NCCL INFO NCCL_IB_GID_INDEX set by environment to 3.
x08l11245:29195:29296 [2] NCCL INFO NCCL_IB_TC set by environment to 16.
x08l11245:29195:29296 [2] NCCL INFO NCCL_IB_SL set by environment to 5.
x08l11245:29194:29297 [1] NCCL INFO NCCL_IB_GID_INDEX set by environment to 3.
x08l11245:29197:29298 [4] NCCL INFO NCCL_IB_TC set by environment to 16.
x08l11245:29197:29298 [4] NCCL INFO NCCL_IB_SL set by environment to 5.
x08l11245:29197:29298 [4] NCCL INFO NCCL_IB_TIMEOUT set by environment to 22.
x08l11245:29195:29296 [2] NCCL INFO NCCL_IB_TIMEOUT set by environment to 22.
x08l11245:29195:29282 [2] NCCL INFO Channel 00 : 2[48000] -> 1[19000] via P2P/IPC/read
x08l11245:29195:29282 [2] NCCL INFO Channel 02 : 2[48000] -> 1[19000] via P2P/IPC/read
x08l11245:29195:29282 [2] NCCL INFO Channel 03 : 2[48000] -> 1[19000] via P2P/IPC/read
x08l11245:29197:29289 [4] NCCL INFO Channel 01 : 4[89000] -> 1[19000] via P2P/IPC/read
x08l11245:29195:29282 [2] NCCL INFO Channel 04 : 2[48000] -> 1[19000] via P2P/IPC/read
x08l11245:29195:29282 [2] NCCL INFO Channel 06 : 2[48000] -> 1[19000] via P2P/IPC/read
x08l11245:29197:29289 [4] NCCL INFO Channel 05 : 4[89000] -> 1[19000] via P2P/IPC/read
x08l11245:29195:29282 [2] NCCL INFO Channel 07 : 2[48000] -> 1[19000] via P2P/IPC/read
x08l11245:29197:29289 [4] NCCL INFO Channel 00 : 4[89000] -> 3[4d000] via P2P/IPC/read
x08l11245:29194:29280 [1] NCCL INFO Channel 01 : 1[19000] -> 0[13000] via P2P/IPC/read
x08l11245:29197:29289 [4] NCCL INFO Channel 02 : 4[89000] -> 3[4d000] via P2P/IPC/read
x08l11245:29194:29280 [1] NCCL INFO Channel 02 : 1[19000] -> 0[13000] via P2P/IPC/read
x08l11245:29197:29289 [4] NCCL INFO Channel 04 : 4[89000] -> 3[4d000] via P2P/IPC/read
x08l11245:29194:29280 [1] NCCL INFO Channel 03 : 1[19000] -> 0[13000] via P2P/IPC/read
x08l11245:29197:29289 [4] NCCL INFO Channel 06 : 4[89000] -> 3[4d000] via P2P/IPC/read
x08l11245:29194:29280 [1] NCCL INFO Channel 05 : 1[19000] -> 0[13000] via P2P/IPC/read
x08l11245:29194:29280 [1] NCCL INFO Channel 06 : 1[19000] -> 0[13000] via P2P/IPC/read
x08l11245:29194:29280 [1] NCCL INFO Channel 07 : 1[19000] -> 0[13000] via P2P/IPC/read
x08l11245:29198:29278 [5] NCCL INFO Channel 06/0 : 5[8e000] -> 12[89000] [send] via NET/IB/3/GDRDMA
x08l11245:29202:29286 [7] NCCL INFO Channel 07/0 : 7[b3000] -> 14[ad000] [send] via NET/IB/4/GDRDMA
x08l11245:29198:29295 [5] NCCL INFO NCCL_IB_GID_INDEX set by environment to 3.
x08l11245:29193:29291 [0] NCCL INFO NCCL_IB_GID_INDEX set by environment to 3.
x08l11245:29193:29291 [0] NCCL INFO NCCL_IB_TC set by environment to 16.
x08l11245:29193:29291 [0] NCCL INFO NCCL_IB_SL set by environment to 5.
x08l11245:29193:29291 [0] NCCL INFO NCCL_IB_TIMEOUT set by environment to 22.
x08l11245:29200:29292 [6] NCCL INFO NCCL_IB_GID_INDEX set by environment to 3.
x08l11245:29202:29294 [7] NCCL INFO NCCL_IB_GID_INDEX set by environment to 3.
x08l11245:29200:29292 [6] NCCL INFO NCCL_IB_TC set by environment to 16.
x08l11245:29200:29292 [6] NCCL INFO NCCL_IB_SL set by environment to 5.
x08l11245:29198:29278 [5] NCCL INFO Channel 00 : 5[8e000] -> 4[89000] via P2P/IPC/read
x08l11245:29198:29278 [5] NCCL INFO Channel 01 : 5[8e000] -> 4[89000] via P2P/IPC/read
x08l11245:29200:29292 [6] NCCL INFO NCCL_IB_TIMEOUT set by environment to 22.
x08l11245:29198:29278 [5] NCCL INFO Channel 03 : 5[8e000] -> 4[89000] via P2P/IPC/read
x08l11245:29198:29278 [5] NCCL INFO Channel 04 : 5[8e000] -> 4[89000] via P2P/IPC/read
x08l11245:29198:29278 [5] NCCL INFO Channel 05 : 5[8e000] -> 4[89000] via P2P/IPC/read
x08l11245:29198:29278 [5] NCCL INFO Channel 07 : 5[8e000] -> 4[89000] via P2P/IPC/read
x08l11245:29202:29286 [7] NCCL INFO Channel 00 : 7[b3000] -> 6[ad000] via P2P/IPC/read
x08l11245:29202:29286 [7] NCCL INFO Channel 01 : 7[b3000] -> 6[ad000] via P2P/IPC/read
x08l11245:29202:29286 [7] NCCL INFO Channel 02 : 7[b3000] -> 6[ad000] via P2P/IPC/read
x08l11245:29202:29286 [7] NCCL INFO Channel 04 : 7[b3000] -> 6[ad000] via P2P/IPC/read
x08l11245:29202:29286 [7] NCCL INFO Channel 05 : 7[b3000] -> 6[ad000] via P2P/IPC/read
x08l11245:29202:29286 [7] NCCL INFO Channel 06 : 7[b3000] -> 6[ad000] via P2P/IPC/read
x08l11245:29200:29284 [6] NCCL INFO Channel 03 : 6[ad000] -> 3[4d000] via P2P/IPC/read
x08l11245:29200:29284 [6] NCCL INFO Channel 07 : 6[ad000] -> 3[4d000] via P2P/IPC/read
x08l11245:29193:29247 [0] NCCL INFO Connected all rings
x08l11245:29193:29247 [0] NCCL INFO Channel 00 : 0[13000] -> 1[19000] via P2P/IPC/read
x08l11245:29193:29247 [0] NCCL INFO Channel 01 : 0[13000] -> 1[19000] via P2P/IPC/read
x08l11245:29193:29247 [0] NCCL INFO Channel 02 : 0[13000] -> 1[19000] via P2P/IPC/read
x08l11245:29193:29247 [0] NCCL INFO Channel 03 : 0[13000] -> 1[19000] via P2P/IPC/read
x08l11245:29196:29283 [3] NCCL INFO Channel 00 : 3[4d000] -> 2[48000] via P2P/IPC/read
x08l11245:29194:29280 [1] NCCL INFO Connected all rings
x08l11245:29193:29247 [0] NCCL INFO Channel 04 : 0[13000] -> 1[19000] via P2P/IPC/read
x08l11245:29196:29283 [3] NCCL INFO Channel 02 : 3[4d000] -> 2[48000] via P2P/IPC/read
x08l11245:29193:29247 [0] NCCL INFO Channel 05 : 0[13000] -> 1[19000] via P2P/IPC/read
x08l11245:29196:29283 [3] NCCL INFO Channel 03 : 3[4d000] -> 2[48000] via P2P/IPC/read
x08l11245:29200:29284 [6] NCCL INFO Channel 00 : 6[ad000] -> 5[8e000] via P2P/IPC/read
x08l11245:29193:29247 [0] NCCL INFO Channel 06 : 0[13000] -> 1[19000] via P2P/IPC/read
x08l11245:29196:29283 [3] NCCL INFO Channel 04 : 3[4d000] -> 2[48000] via P2P/IPC/read
x08l11245:29200:29284 [6] NCCL INFO Channel 01 : 6[ad000] -> 5[8e000] via P2P/IPC/read
x08l11245:29193:29247 [0] NCCL INFO Channel 07 : 0[13000] -> 1[19000] via P2P/IPC/read
x08l11245:29196:29283 [3] NCCL INFO Channel 06 : 3[4d000] -> 2[48000] via P2P/IPC/read
x08l11245:29200:29284 [6] NCCL INFO Channel 02 : 6[ad000] -> 5[8e000] via P2P/IPC/read
x08l11245:29196:29283 [3] NCCL INFO Channel 07 : 3[4d000] -> 2[48000] via P2P/IPC/read
x08l11245:29200:29284 [6] NCCL INFO Channel 04 : 6[ad000] -> 5[8e000] via P2P/IPC/read
x08l11245:29200:29284 [6] NCCL INFO Channel 05 : 6[ad000] -> 5[8e000] via P2P/IPC/read
x08l11245:29200:29284 [6] NCCL INFO Channel 06 : 6[ad000] -> 5[8e000] via P2P/IPC/read
x08l11245:29194:29280 [1] NCCL INFO Channel 00 : 1[19000] -> 2[48000] via P2P/IPC/read
x08l11245:29194:29280 [1] NCCL INFO Channel 02 : 1[19000] -> 2[48000] via P2P/IPC/read
x08l11245:29194:29280 [1] NCCL INFO Channel 03 : 1[19000] -> 2[48000] via P2P/IPC/read
x08l11245:29194:29280 [1] NCCL INFO Channel 04 : 1[19000] -> 2[48000] via P2P/IPC/read
x08l11245:29194:29280 [1] NCCL INFO Channel 06 : 1[19000] -> 2[48000] via P2P/IPC/read
x08l11245:29194:29280 [1] NCCL INFO Channel 07 : 1[19000] -> 2[48000] via P2P/IPC/read
x08l11245:29202:29286 [7] NCCL INFO Connected all rings
x08l11245:29197:29289 [4] NCCL INFO Connected all rings
x08l11245:29200:29284 [6] NCCL INFO Connected all rings
x08l11245:29195:29282 [2] NCCL INFO Connected all rings
x08l11245:29198:29278 [5] NCCL INFO Connected all rings
x08l11245:29193:29247 [0] NCCL INFO Channel 01 : 0[13000] -> 7[b3000] via P2P/IPC/read
x08l11245:29193:29247 [0] NCCL INFO Channel 03 : 0[13000] -> 7[b3000] via P2P/IPC/read
x08l11245:29193:29247 [0] NCCL INFO Channel 05 : 0[13000] -> 7[b3000] via P2P/IPC/read
x08l11245:29196:29283 [3] NCCL INFO Connected all rings
x08l11245:29193:29247 [0] NCCL INFO Channel 07 : 0[13000] -> 7[b3000] via P2P/IPC/read
x08l11245:29197:29289 [4] NCCL INFO Channel 00 : 4[89000] -> 5[8e000] via P2P/IPC/read
x08l11245:29200:29284 [6] NCCL INFO Channel 00 : 6[ad000] -> 7[b3000] via P2P/IPC/read
x08l11245:29197:29289 [4] NCCL INFO Channel 01 : 4[89000] -> 5[8e000] via P2P/IPC/read
x08l11245:29200:29284 [6] NCCL INFO Channel 01 : 6[ad000] -> 7[b3000] via P2P/IPC/read
x08l11245:29195:29282 [2] NCCL INFO Channel 00 : 2[48000] -> 3[4d000] via P2P/IPC/read
x08l11245:29200:29284 [6] NCCL INFO Channel 02 : 6[ad000] -> 7[b3000] via P2P/IPC/read
x08l11245:29197:29289 [4] NCCL INFO Channel 02 : 4[89000] -> 5[8e000] via P2P/IPC/read
x08l11245:29195:29282 [2] NCCL INFO Channel 01 : 2[48000] -> 3[4d000] via P2P/IPC/read
x08l11245:29200:29284 [6] NCCL INFO Channel 03 : 6[ad000] -> 7[b3000] via P2P/IPC/read
x08l11245:29197:29289 [4] NCCL INFO Channel 03 : 4[89000] -> 5[8e000] via P2P/IPC/read
x08l11245:29198:29278 [5] NCCL INFO Channel 00 : 5[8e000] -> 6[ad000] via P2P/IPC/read
x08l11245:29195:29282 [2] NCCL INFO Channel 02 : 2[48000] -> 3[4d000] via P2P/IPC/read
x08l11245:29200:29284 [6] NCCL INFO Channel 04 : 6[ad000] -> 7[b3000] via P2P/IPC/read
x08l11245:29197:29289 [4] NCCL INFO Channel 04 : 4[89000] -> 5[8e000] via P2P/IPC/read
x08l11245:29198:29278 [5] NCCL INFO Channel 01 : 5[8e000] -> 6[ad000] via P2P/IPC/read
x08l11245:29195:29282 [2] NCCL INFO Channel 03 : 2[48000] -> 3[4d000] via P2P/IPC/read
x08l11245:29200:29284 [6] NCCL INFO Channel 05 : 6[ad000] -> 7[b3000] via P2P/IPC/read
x08l11245:29197:29289 [4] NCCL INFO Channel 05 : 4[89000] -> 5[8e000] via P2P/IPC/read
x08l11245:29198:29278 [5] NCCL INFO Channel 02 : 5[8e000] -> 6[ad000] via P2P/IPC/read
x08l11245:29196:29283 [3] NCCL INFO Channel 00 : 3[4d000] -> 4[89000] via P2P/IPC/read
x08l11245:29195:29282 [2] NCCL INFO Channel 04 : 2[48000] -> 3[4d000] via P2P/IPC/read
x08l11245:29200:29284 [6] NCCL INFO Channel 06 : 6[ad000] -> 7[b3000] via P2P/IPC/read
x08l11245:29197:29289 [4] NCCL INFO Channel 06 : 4[89000] -> 5[8e000] via P2P/IPC/read
x08l11245:29196:29283 [3] NCCL INFO Channel 01 : 3[4d000] -> 4[89000] via P2P/IPC/read
x08l11245:29198:29278 [5] NCCL INFO Channel 04 : 5[8e000] -> 6[ad000] via P2P/IPC/read
x08l11245:29195:29282 [2] NCCL INFO Channel 05 : 2[48000] -> 3[4d000] via P2P/IPC/read
x08l11245:29200:29284 [6] NCCL INFO Channel 07 : 6[ad000] -> 7[b3000] via P2P/IPC/read
x08l11245:29197:29289 [4] NCCL INFO Channel 07 : 4[89000] -> 5[8e000] via P2P/IPC/read
x08l11245:29196:29283 [3] NCCL INFO Channel 03 : 3[4d000] -> 4[89000] via P2P/IPC/read
x08l11245:29198:29278 [5] NCCL INFO Channel 05 : 5[8e000] -> 6[ad000] via P2P/IPC/read
x08l11245:29195:29282 [2] NCCL INFO Channel 06 : 2[48000] -> 3[4d000] via P2P/IPC/read
x08l11245:29198:29278 [5] NCCL INFO Channel 06 : 5[8e000] -> 6[ad000] via P2P/IPC/read
x08l11245:29196:29283 [3] NCCL INFO Channel 04 : 3[4d000] -> 4[89000] via P2P/IPC/read
x08l11245:29195:29282 [2] NCCL INFO Channel 07 : 2[48000] -> 3[4d000] via P2P/IPC/read
x08l11245:29196:29283 [3] NCCL INFO Channel 05 : 3[4d000] -> 4[89000] via P2P/IPC/read
x08l11245:29196:29283 [3] NCCL INFO Channel 07 : 3[4d000] -> 4[89000] via P2P/IPC/read
x08l11245:29196:29283 [3] NCCL INFO Channel 01 : 3[4d000] -> 2[48000] via P2P/IPC/read
x08l11245:29196:29283 [3] NCCL INFO Channel 05 : 3[4d000] -> 2[48000] via P2P/IPC/read
x08l11245:29198:29278 [5] NCCL INFO Channel 02 : 5[8e000] -> 4[89000] via P2P/IPC/read
x08l11245:29198:29278 [5] NCCL INFO Channel 06 : 5[8e000] -> 4[89000] via P2P/IPC/read
x08l11245:29194:29280 [1] NCCL INFO Channel 00 : 1[19000] -> 0[13000] via P2P/IPC/read
x08l11245:29194:29280 [1] NCCL INFO Channel 04 : 1[19000] -> 0[13000] via P2P/IPC/read
x08l11245:29202:29286 [7] NCCL INFO Channel 01 : 7[b3000] -> 0[13000] via P2P/IPC/read
x08l11245:29202:29286 [7] NCCL INFO Channel 02 : 7[b3000] -> 0[13000] via P2P/IPC/read
x08l11245:29202:29286 [7] NCCL INFO Channel 03 : 7[b3000] -> 0[13000] via P2P/IPC/read
x08l11245:29202:29286 [7] NCCL INFO Channel 05 : 7[b3000] -> 0[13000] via P2P/IPC/read
x08l11245:29202:29286 [7] NCCL INFO Channel 06 : 7[b3000] -> 0[13000] via P2P/IPC/read
x08l11245:29202:29286 [7] NCCL INFO Channel 07 : 7[b3000] -> 0[13000] via P2P/IPC/read
x08l11245:29195:29282 [2] NCCL INFO Channel 05/0 : 2[48000] -> 10[48000] [send] via NET/IB/2/GDRDMA
x08l11245:29193:29247 [0] NCCL INFO Channel 04/0 : 0[13000] -> 8[13000] [send] via NET/IB/1/GDRDMA
x08l11245:29200:29284 [6] NCCL INFO Channel 07/0 : 6[ad000] -> 14[ad000] [send] via NET/IB/4/GDRDMA
x08l11245:29197:29289 [4] NCCL INFO Channel 06/0 : 4[89000] -> 12[89000] [send] via NET/IB/3/GDRDMA
x08l11245:29197:29289 [4] NCCL INFO Channel 02/0 : 20[89000] -> 4[89000] [receive] via NET/IB/3/GDRDMA
x08l11245:29200:29284 [6] NCCL INFO Channel 03/0 : 22[ad000] -> 6[ad000] [receive] via NET/IB/4/GDRDMA
x08l11245:29197:29289 [4] NCCL INFO Channel 02/0 : 4[89000] -> 20[89000] [send] via NET/IB/3/GDRDMA
x08l11245:29200:29284 [6] NCCL INFO Channel 03/0 : 6[ad000] -> 22[ad000] [send] via NET/IB/4/GDRDMA
x08l11245:29193:29247 [0] NCCL INFO Channel 00/0 : 16[13000] -> 0[13000] [receive] via NET/IB/1/GDRDMA
x08l11245:29193:29247 [0] NCCL INFO Channel 00/0 : 0[13000] -> 16[13000] [send] via NET/IB/1/GDRDMA
x08l11245:29195:29282 [2] NCCL INFO Channel 01/0 : 18[48000] -> 2[48000] [receive] via NET/IB/2/GDRDMA
x08l11245:29195:29282 [2] NCCL INFO Channel 01/0 : 2[48000] -> 18[48000] [send] via NET/IB/2/GDRDMA
x08l11245:29200:29284 [6] NCCL INFO Channel 07/0 : 14[ad000] -> 6[ad000] [receive] via NET/IB/4/GDRDMA
x08l11245:29197:29289 [4] NCCL INFO Channel 06/0 : 12[89000] -> 4[89000] [receive] via NET/IB/3/GDRDMA
x08l11245:29193:29247 [0] NCCL INFO Channel 04/0 : 8[13000] -> 0[13000] [receive] via NET/IB/1/GDRDMA
x08l11245:29195:29282 [2] NCCL INFO Channel 05/0 : 10[48000] -> 2[48000] [receive] via NET/IB/2/GDRDMA
x08l11245:29197:29289 [4] NCCL INFO Channel 01 : 4[89000] -> 3[4d000] via P2P/IPC/read
x08l11245:29197:29289 [4] NCCL INFO Channel 03 : 4[89000] -> 3[4d000] via P2P/IPC/read
x08l11245:29197:29289 [4] NCCL INFO Channel 05 : 4[89000] -> 3[4d000] via P2P/IPC/read
x08l11245:29197:29289 [4] NCCL INFO Channel 07 : 4[89000] -> 3[4d000] via P2P/IPC/read
x08l11245:29198:29278 [5] NCCL INFO Connected all trees
x08l11245:29198:29278 [5] NCCL INFO MSCCL: Parsing algorithm /mnt/agtest/runxml/xml/lq/exp_n32_test/ar/exccl/exccl-ar-Simple-depnop=False-i4.xml
x08l11245:29197:29289 [4] NCCL INFO Connected all trees
x08l11245:29197:29289 [4] NCCL INFO MSCCL: Parsing algorithm /mnt/agtest/runxml/xml/lq/exp_n32_test/ar/exccl/exccl-ar-Simple-depnop=False-i4.xml
x08l11245:29202:29286 [7] NCCL INFO Channel 03 : 7[b3000] -> 6[ad000] via P2P/IPC/read
x08l11245:29202:29286 [7] NCCL INFO Channel 07 : 7[b3000] -> 6[ad000] via P2P/IPC/read
x08l11245:29193:29247 [0] NCCL INFO Connected all trees
x08l11245:29193:29247 [0] NCCL INFO MSCCL: Parsing algorithm /mnt/agtest/runxml/xml/lq/exp_n32_test/ar/exccl/exccl-ar-Simple-depnop=False-i4.xml
x08l11245:29194:29280 [1] NCCL INFO Connected all trees
x08l11245:29194:29280 [1] NCCL INFO MSCCL: Parsing algorithm /mnt/agtest/runxml/xml/lq/exp_n32_test/ar/exccl/exccl-ar-Simple-depnop=False-i4.xml
x08l11245:29202:29286 [7] NCCL INFO Connected all trees
x08l11245:29202:29286 [7] NCCL INFO MSCCL: Parsing algorithm /mnt/agtest/runxml/xml/lq/exp_n32_test/ar/exccl/exccl-ar-Simple-depnop=False-i4.xml
x08l11245:29200:29284 [6] NCCL INFO Connected all trees
x08l11245:29200:29284 [6] NCCL INFO MSCCL: Parsing algorithm /mnt/agtest/runxml/xml/lq/exp_n32_test/ar/exccl/exccl-ar-Simple-depnop=False-i4.xml
x08l11245:29195:29282 [2] NCCL INFO Connected all trees
x08l11245:29195:29282 [2] NCCL INFO MSCCL: Parsing algorithm /mnt/agtest/runxml/xml/lq/exp_n32_test/ar/exccl/exccl-ar-Simple-depnop=False-i4.xml
x08l11245:29196:29283 [3] NCCL INFO Connected all trees
x08l11245:29196:29283 [3] NCCL INFO MSCCL: Parsing algorithm /mnt/agtest/runxml/xml/lq/exp_n32_test/ar/exccl/exccl-ar-Simple-depnop=False-i4.xml
x08l11245:29197:29289 [4] NCCL INFO Parsed MSCCL Algorithm /mnt/agtest/runxml/xml/lq/exp_n32_test/ar/exccl/exccl-ar-Simple-depnop=False-i4.xml successfully.
x08l11245:29198:29278 [5] NCCL INFO Parsed MSCCL Algorithm /mnt/agtest/runxml/xml/lq/exp_n32_test/ar/exccl/exccl-ar-Simple-depnop=False-i4.xml successfully.
x08l11245:29193:29247 [0] NCCL INFO Parsed MSCCL Algorithm /mnt/agtest/runxml/xml/lq/exp_n32_test/ar/exccl/exccl-ar-Simple-depnop=False-i4.xml successfully.
x08l11245:29194:29280 [1] NCCL INFO Parsed MSCCL Algorithm /mnt/agtest/runxml/xml/lq/exp_n32_test/ar/exccl/exccl-ar-Simple-depnop=False-i4.xml successfully.
x08l11245:29195:29282 [2] NCCL INFO Parsed MSCCL Algorithm /mnt/agtest/runxml/xml/lq/exp_n32_test/ar/exccl/exccl-ar-Simple-depnop=False-i4.xml successfully.
x08l11245:29200:29284 [6] NCCL INFO Parsed MSCCL Algorithm /mnt/agtest/runxml/xml/lq/exp_n32_test/ar/exccl/exccl-ar-Simple-depnop=False-i4.xml successfully.
x08l11245:29198:29278 [5] NCCL INFO Channel 03 : 5[8e000] -> 6[ad000] via P2P/IPC/read
x08l11245:29202:29286 [7] NCCL INFO Parsed MSCCL Algorithm /mnt/agtest/runxml/xml/lq/exp_n32_test/ar/exccl/exccl-ar-Simple-depnop=False-i4.xml successfully.
x08l11245:29193:29247 [0] NCCL INFO Channel 09 : 0[13000] -> 1[19000] via P2P/IPC/read
x08l11245:29198:29278 [5] NCCL INFO Channel 09 : 5[8e000] -> 6[ad000] via P2P/IPC/read
x08l11245:29197:29289 [4] NCCL INFO Channel 09 : 4[89000] -> 5[8e000] via P2P/IPC/read
x08l11245:29194:29280 [1] NCCL INFO Channel 09 : 1[19000] -> 2[48000] via P2P/IPC/read
x08l11245:29196:29283 [3] NCCL INFO Parsed MSCCL Algorithm /mnt/agtest/runxml/xml/lq/exp_n32_test/ar/exccl/exccl-ar-Simple-depnop=False-i4.xml successfully.
x08l11245:29193:29247 [0] NCCL INFO Channel 00 : 0[13000] -> 2[48000] via P2P/IPC/read
x08l11245:29193:29247 [0] NCCL INFO Channel 01 : 0[13000] -> 2[48000] via P2P/IPC/read
x08l11245:29195:29282 [2] NCCL INFO Channel 09 : 2[48000] -> 3[4d000] via P2P/IPC/read
x08l11245:29193:29247 [0] NCCL INFO Channel 03 : 0[13000] -> 2[48000] via P2P/IPC/read
x08l11245:29195:29282 [2] NCCL INFO Channel 10 : 2[48000] -> 3[4d000] via P2P/IPC/read
x08l11245:29193:29247 [0] NCCL INFO Channel 04 : 0[13000] -> 2[48000] via P2P/IPC/read
x08l11245:29200:29284 [6] NCCL INFO Channel 09 : 6[ad000] -> 7[b3000] via P2P/IPC/read
x08l11245:29193:29247 [0] NCCL INFO Channel 06 : 0[13000] -> 2[48000] via P2P/IPC/read
x08l11245:29193:29247 [0] NCCL INFO Channel 07 : 0[13000] -> 2[48000] via P2P/IPC/read
x08l11245:29194:29280 [1] NCCL INFO Channel 00 : 1[19000] -> 3[4d000] via P2P/IPC/read
x08l11245:29193:29247 [0] NCCL INFO Channel 09 : 0[13000] -> 2[48000] via P2P/IPC/read
x08l11245:29194:29280 [1] NCCL INFO Channel 03 : 1[19000] -> 3[4d000] via P2P/IPC/read
x08l11245:29193:29247 [0] NCCL INFO Channel 10 : 0[13000] -> 2[48000] via P2P/IPC/read
x08l11245:29194:29280 [1] NCCL INFO Channel 06 : 1[19000] -> 3[4d000] via P2P/IPC/read
x08l11245:29196:29283 [3] NCCL INFO Channel 06 : 3[4d000] -> 4[89000] via P2P/IPC/read
x08l11245:29194:29280 [1] NCCL INFO Channel 09 : 1[19000] -> 3[4d000] via P2P/IPC/read
x08l11245:29196:29283 [3] NCCL INFO Channel 09 : 3[4d000] -> 4[89000] via P2P/IPC/read
x08l11245:29196:29283 [3] NCCL INFO Channel 10 : 3[4d000] -> 4[89000] via P2P/IPC/read
x08l11245:29198:29278 [5] NCCL INFO Channel 00 : 5[8e000] -> 7[b3000] via P2P/IPC/read
x08l11245:29198:29278 [5] NCCL INFO Channel 01 : 5[8e000] -> 7[b3000] via P2P/IPC/read
x08l11245:29198:29278 [5] NCCL INFO Channel 03 : 5[8e000] -> 7[b3000] via P2P/IPC/read
x08l11245:29198:29278 [5] NCCL INFO Channel 04 : 5[8e000] -> 7[b3000] via P2P/IPC/read
x08l11245:29198:29278 [5] NCCL INFO Channel 06 : 5[8e000] -> 7[b3000] via P2P/IPC/read
x08l11245:29198:29278 [5] NCCL INFO Channel 07 : 5[8e000] -> 7[b3000] via P2P/IPC/read
x08l11245:29198:29278 [5] NCCL INFO Channel 09 : 5[8e000] -> 7[b3000] via P2P/IPC/read
x08l11245:29198:29278 [5] NCCL INFO Channel 10 : 5[8e000] -> 7[b3000] via P2P/IPC/read
x08l11245:29196:29283 [3] NCCL INFO Channel 00 : 3[4d000] -> 5[8e000] via P2P/IPC/read
x08l11245:29196:29283 [3] NCCL INFO Channel 03 : 3[4d000] -> 5[8e000] via P2P/IPC/read
x08l11245:29196:29283 [3] NCCL INFO Channel 06 : 3[4d000] -> 5[8e000] via P2P/IPC/read
x08l11245:29195:29282 [2] NCCL INFO Channel 00 : 2[48000] -> 4[89000] via P2P/IPC/read
x08l11245:29196:29283 [3] NCCL INFO Channel 09 : 3[4d000] -> 5[8e000] via P2P/IPC/read
x08l11245:29197:29289 [4] NCCL INFO Channel 00 : 4[89000] -> 6[ad000] via P2P/IPC/read
x08l11245:29195:29282 [2] NCCL INFO Channel 01 : 2[48000] -> 4[89000] via P2P/IPC/read
x08l11245:29197:29289 [4] NCCL INFO Channel 01 : 4[89000] -> 6[ad000] via P2P/IPC/read
x08l11245:29195:29282 [2] NCCL INFO Channel 03 : 2[48000] -> 4[89000] via P2P/IPC/read
x08l11245:29197:29289 [4] NCCL INFO Channel 03 : 4[89000] -> 6[ad000] via P2P/IPC/read
x08l11245:29195:29282 [2] NCCL INFO Channel 04 : 2[48000] -> 4[89000] via P2P/IPC/read
x08l11245:29197:29289 [4] NCCL INFO Channel 04 : 4[89000] -> 6[ad000] via P2P/IPC/read
x08l11245:29194:29280 [1] NCCL INFO Channel 00 : 1[19000] -> 4[89000] via P2P/IPC/read
x08l11245:29195:29282 [2] NCCL INFO Channel 06 : 2[48000] -> 4[89000] via P2P/IPC/read
x08l11245:29197:29289 [4] NCCL INFO Channel 06 : 4[89000] -> 6[ad000] via P2P/IPC/read
x08l11245:29194:29280 [1] NCCL INFO Channel 03 : 1[19000] -> 4[89000] via P2P/IPC/read
x08l11245:29195:29282 [2] NCCL INFO Channel 07 : 2[48000] -> 4[89000] via P2P/IPC/read
x08l11245:29197:29289 [4] NCCL INFO Channel 07 : 4[89000] -> 6[ad000] via P2P/IPC/read
x08l11245:29194:29280 [1] NCCL INFO Channel 06 : 1[19000] -> 4[89000] via P2P/IPC/read
x08l11245:29195:29282 [2] NCCL INFO Channel 09 : 2[48000] -> 4[89000] via P2P/IPC/read
x08l11245:29197:29289 [4] NCCL INFO Channel 09 : 4[89000] -> 6[ad000] via P2P/IPC/read
x08l11245:29194:29280 [1] NCCL INFO Channel 09 : 1[19000] -> 4[89000] via P2P/IPC/read
x08l11245:29195:29282 [2] NCCL INFO Channel 10 : 2[48000] -> 4[89000] via P2P/IPC/read
x08l11245:29197:29289 [4] NCCL INFO Channel 10 : 4[89000] -> 6[ad000] via P2P/IPC/read
x08l11245:29196:29283 [3] NCCL INFO Channel 00 : 3[4d000] -> 6[ad000] via P2P/IPC/read
x08l11245:29196:29283 [3] NCCL INFO Channel 03 : 3[4d000] -> 6[ad000] via P2P/IPC/read
x08l11245:29196:29283 [3] NCCL INFO Channel 06 : 3[4d000] -> 6[ad000] via P2P/IPC/read
x08l11245:29193:29247 [0] NCCL INFO Channel 00 : 0[13000] -> 3[4d000] via P2P/IPC/read
x08l11245:29196:29283 [3] NCCL INFO Channel 09 : 3[4d000] -> 6[ad000] via P2P/IPC/read
x08l11245:29193:29247 [0] NCCL INFO Channel 03 : 0[13000] -> 3[4d000] via P2P/IPC/read
x08l11245:29193:29247 [0] NCCL INFO Channel 06 : 0[13000] -> 3[4d000] via P2P/IPC/read
x08l11245:29193:29247 [0] NCCL INFO Channel 09 : 0[13000] -> 3[4d000] via P2P/IPC/read
x08l11245:29195:29282 [2] NCCL INFO Channel 00 : 2[48000] -> 5[8e000] via P2P/IPC/read
x08l11245:29195:29282 [2] NCCL INFO Channel 03 : 2[48000] -> 5[8e000] via P2P/IPC/read
x08l11245:29195:29282 [2] NCCL INFO Channel 06 : 2[48000] -> 5[8e000] via P2P/IPC/read
x08l11245:29195:29282 [2] NCCL INFO Channel 09 : 2[48000] -> 5[8e000] via P2P/IPC/read
x08l11245:29193:29247 [0] NCCL INFO Channel 00 : 0[13000] -> 4[89000] via P2P/IPC/read
x08l11245:29197:29289 [4] NCCL INFO Channel 00 : 4[89000] -> 7[b3000] via P2P/IPC/read
x08l11245:29193:29247 [0] NCCL INFO Channel 01 : 0[13000] -> 4[89000] via P2P/IPC/read
x08l11245:29197:29289 [4] NCCL INFO Channel 01 : 4[89000] -> 7[b3000] via P2P/IPC/read
x08l11245:29193:29247 [0] NCCL INFO Channel 03 : 0[13000] -> 4[89000] via P2P/IPC/read
x08l11245:29197:29289 [4] NCCL INFO Channel 04 : 4[89000] -> 7[b3000] via P2P/IPC/read
x08l11245:29193:29247 [0] NCCL INFO Channel 04 : 0[13000] -> 4[89000] via P2P/IPC/read
x08l11245:29195:29282 [2] NCCL INFO Channel 00 : 2[48000] -> 6[ad000] via P2P/IPC/read
x08l11245:29197:29289 [4] NCCL INFO Channel 06 : 4[89000] -> 7[b3000] via P2P/IPC/read
x08l11245:29193:29247 [0] NCCL INFO Channel 06 : 0[13000] -> 4[89000] via P2P/IPC/read
x08l11245:29195:29282 [2] NCCL INFO Channel 03 : 2[48000] -> 6[ad000] via P2P/IPC/read
x08l11245:29197:29289 [4] NCCL INFO Channel 09 : 4[89000] -> 7[b3000] via P2P/IPC/read
x08l11245:29196:29283 [3] NCCL INFO Channel 00 : 3[4d000] -> 7[b3000] via P2P/IPC/read
x08l11245:29193:29247 [0] NCCL INFO Channel 07 : 0[13000] -> 4[89000] via P2P/IPC/read
x08l11245:29195:29282 [2] NCCL INFO Channel 06 : 2[48000] -> 6[ad000] via P2P/IPC/read
x08l11245:29197:29289 [4] NCCL INFO Channel 10 : 4[89000] -> 7[b3000] via P2P/IPC/read
x08l11245:29196:29283 [3] NCCL INFO Channel 01 : 3[4d000] -> 7[b3000] via P2P/IPC/read
x08l11245:29193:29247 [0] NCCL INFO Channel 09 : 0[13000] -> 4[89000] via P2P/IPC/read
x08l11245:29195:29282 [2] NCCL INFO Channel 09 : 2[48000] -> 6[ad000] via P2P/IPC/read
x08l11245:29196:29283 [3] NCCL INFO Channel 03 : 3[4d000] -> 7[b3000] via P2P/IPC/read
x08l11245:29193:29247 [0] NCCL INFO Channel 10 : 0[13000] -> 4[89000] via P2P/IPC/read
x08l11245:29196:29283 [3] NCCL INFO Channel 04 : 3[4d000] -> 7[b3000] via P2P/IPC/read
x08l11245:29196:29283 [3] NCCL INFO Channel 06 : 3[4d000] -> 7[b3000] via P2P/IPC/read
x08l11245:29194:29280 [1] NCCL INFO Channel 00 : 1[19000] -> 5[8e000] via P2P/IPC/read
x08l11245:29195:29282 [2] NCCL INFO Channel 00 : 2[48000] -> 7[b3000] via P2P/IPC/read
x08l11245:29195:29282 [2] NCCL INFO Channel 03 : 2[48000] -> 7[b3000] via P2P/IPC/read
x08l11245:29195:29282 [2] NCCL INFO Channel 06 : 2[48000] -> 7[b3000] via P2P/IPC/read
x08l11245:29195:29282 [2] NCCL INFO Channel 09 : 2[48000] -> 7[b3000] via P2P/IPC/read
x08l11245:29196:29283 [3] NCCL INFO Channel 07 : 3[4d000] -> 7[b3000] via P2P/IPC/read
x08l11245:29194:29280 [1] NCCL INFO Channel 01 : 1[19000] -> 5[8e000] via P2P/IPC/read
x08l11245:29196:29283 [3] NCCL INFO Channel 09 : 3[4d000] -> 7[b3000] via P2P/IPC/read
x08l11245:29194:29280 [1] NCCL INFO Channel 03 : 1[19000] -> 5[8e000] via P2P/IPC/read
x08l11245:29196:29283 [3] NCCL INFO Channel 10 : 3[4d000] -> 7[b3000] via P2P/IPC/read
x08l11245:29194:29280 [1] NCCL INFO Channel 04 : 1[19000] -> 5[8e000] via P2P/IPC/read
x08l11245:29194:29280 [1] NCCL INFO Channel 06 : 1[19000] -> 5[8e000] via P2P/IPC/read
x08l11245:29194:29280 [1] NCCL INFO Channel 07 : 1[19000] -> 5[8e000] via P2P/IPC/read
x08l11245:29194:29280 [1] NCCL INFO Channel 09 : 1[19000] -> 5[8e000] via P2P/IPC/read
x08l11245:29194:29280 [1] NCCL INFO Channel 10 : 1[19000] -> 5[8e000] via P2P/IPC/read
x08l11245:29194:29280 [1] NCCL INFO Channel 00 : 1[19000] -> 6[ad000] via P2P/IPC/read
x08l11245:29194:29280 [1] NCCL INFO Channel 03 : 1[19000] -> 6[ad000] via P2P/IPC/read
x08l11245:29194:29280 [1] NCCL INFO Channel 06 : 1[19000] -> 6[ad000] via P2P/IPC/read
x08l11245:29194:29280 [1] NCCL INFO Channel 09 : 1[19000] -> 6[ad000] via P2P/IPC/read
x08l11245:29193:29247 [0] NCCL INFO Channel 00 : 0[13000] -> 5[8e000] via P2P/IPC/read
x08l11245:29193:29247 [0] NCCL INFO Channel 01 : 0[13000] -> 5[8e000] via P2P/IPC/read
x08l11245:29193:29247 [0] NCCL INFO Channel 04 : 0[13000] -> 5[8e000] via P2P/IPC/read
x08l11245:29193:29247 [0] NCCL INFO Channel 06 : 0[13000] -> 5[8e000] via P2P/IPC/read
x08l11245:29194:29280 [1] NCCL INFO Channel 00 : 1[19000] -> 7[b3000] via P2P/IPC/read
x08l11245:29193:29247 [0] NCCL INFO Channel 09 : 0[13000] -> 5[8e000] via P2P/IPC/read
x08l11245:29194:29280 [1] NCCL INFO Channel 01 : 1[19000] -> 7[b3000] via P2P/IPC/read
x08l11245:29193:29247 [0] NCCL INFO Channel 10 : 0[13000] -> 5[8e000] via P2P/IPC/read
x08l11245:29194:29280 [1] NCCL INFO Channel 03 : 1[19000] -> 7[b3000] via P2P/IPC/read
x08l11245:29194:29280 [1] NCCL INFO Channel 04 : 1[19000] -> 7[b3000] via P2P/IPC/read
x08l11245:29194:29280 [1] NCCL INFO Channel 06 : 1[19000] -> 7[b3000] via P2P/IPC/read
x08l11245:29194:29280 [1] NCCL INFO Channel 07 : 1[19000] -> 7[b3000] via P2P/IPC/read
x08l11245:29194:29280 [1] NCCL INFO Channel 09 : 1[19000] -> 7[b3000] via P2P/IPC/read
x08l11245:29193:29247 [0] NCCL INFO Channel 00 : 0[13000] -> 6[ad000] via P2P/IPC/read
x08l11245:29194:29280 [1] NCCL INFO Channel 10 : 1[19000] -> 7[b3000] via P2P/IPC/read
x08l11245:29193:29247 [0] NCCL INFO Channel 01 : 0[13000] -> 6[ad000] via P2P/IPC/read
x08l11245:29193:29247 [0] NCCL INFO Channel 03 : 0[13000] -> 6[ad000] via P2P/IPC/read
x08l11245:29193:29247 [0] NCCL INFO Channel 04 : 0[13000] -> 6[ad000] via P2P/IPC/read
x08l11245:29193:29247 [0] NCCL INFO Channel 06 : 0[13000] -> 6[ad000] via P2P/IPC/read
x08l11245:29193:29247 [0] NCCL INFO Channel 07 : 0[13000] -> 6[ad000] via P2P/IPC/read
x08l11245:29193:29247 [0] NCCL INFO Channel 09 : 0[13000] -> 6[ad000] via P2P/IPC/read
x08l11245:29193:29247 [0] NCCL INFO Channel 10 : 0[13000] -> 6[ad000] via P2P/IPC/read
x08l11245:29193:29247 [0] NCCL INFO Channel 09 : 0[13000] -> 7[b3000] via P2P/IPC/read
x08l11245:29193:29247 [0] NCCL INFO Channel 10 : 0[13000] -> 7[b3000] via P2P/IPC/read
x08l11245:29196:29283 [3] NCCL INFO Channel 00/0 : 27[4d000] -> 3[4d000] [receive] via NET/IB/2/GDRDMA
x08l11245:29197:29289 [4] NCCL INFO Channel 00/0 : 28[89000] -> 4[89000] [receive] via NET/IB/3/GDRDMA
x08l11245:29196:29283 [3] NCCL INFO Channel 03/0 : 27[4d000] -> 3[4d000] [receive] via NET/IB/2/GDRDMA
x08l11245:29197:29289 [4] NCCL INFO Channel 03/0 : 28[89000] -> 4[89000] [receive] via NET/IB/3/GDRDMA
x08l11245:29196:29283 [3] NCCL INFO Channel 06/0 : 27[4d000] -> 3[4d000] [receive] via NET/IB/2/GDRDMA
x08l11245:29197:29289 [4] NCCL INFO Channel 06/0 : 28[89000] -> 4[89000] [receive] via NET/IB/3/GDRDMA
x08l11245:29196:29283 [3] NCCL INFO Channel 09/0 : 27[4d000] -> 3[4d000] [receive] via NET/IB/2/GDRDMA
x08l11245:29197:29289 [4] NCCL INFO Channel 09/0 : 28[89000] -> 4[89000] [receive] via NET/IB/3/GDRDMA
x08l11245:29197:29289 [4] NCCL INFO Channel 00/0 : 4[89000] -> 12[89000] [send] via NET/IB/3/GDRDMA
x08l11245:29197:29289 [4] NCCL INFO Channel 03/0 : 4[89000] -> 12[89000] [send] via NET/IB/3/GDRDMA
x08l11245:29197:29289 [4] NCCL INFO Channel 09/0 : 4[89000] -> 12[89000] [send] via NET/IB/3/GDRDMA
x08l11245:29196:29283 [3] NCCL INFO Channel 00/0 : 3[4d000] -> 11[4d000] [send] via NET/IB/2(2)/GDRDMA
x08l11245:29196:29283 [3] NCCL INFO Channel 03/0 : 3[4d000] -> 11[4d000] [send] via NET/IB/2(2)/GDRDMA
x08l11245:29196:29283 [3] NCCL INFO Channel 06/0 : 3[4d000] -> 11[4d000] [send] via NET/IB/2(2)/GDRDMA
x08l11245:29196:29283 [3] NCCL INFO Channel 09/0 : 3[4d000] -> 11[4d000] [send] via NET/IB/2(2)/GDRDMA
x08l11245:29195:29282 [2] NCCL INFO Channel 00/0 : 26[48000] -> 2[48000] [receive] via NET/IB/2/GDRDMA
x08l11245:29195:29282 [2] NCCL INFO Channel 03/0 : 26[48000] -> 2[48000] [receive] via NET/IB/2/GDRDMA
x08l11245:29195:29282 [2] NCCL INFO Channel 06/0 : 26[48000] -> 2[48000] [receive] via NET/IB/2/GDRDMA
x08l11245:29195:29282 [2] NCCL INFO Channel 09/0 : 26[48000] -> 2[48000] [receive] via NET/IB/2/GDRDMA
x08l11245:29195:29282 [2] NCCL INFO Channel 00/0 : 2[48000] -> 10[48000] [send] via NET/IB/2/GDRDMA
x08l11245:29195:29282 [2] NCCL INFO Channel 03/0 : 2[48000] -> 10[48000] [send] via NET/IB/2/GDRDMA
x08l11245:29195:29282 [2] NCCL INFO Channel 06/0 : 2[48000] -> 10[48000] [send] via NET/IB/2/GDRDMA
x08l11245:29195:29282 [2] NCCL INFO Channel 09/0 : 2[48000] -> 10[48000] [send] via NET/IB/2/GDRDMA
x08l11245:29198:29278 [5] NCCL INFO Channel 00/0 : 29[8e000] -> 5[8e000] [receive] via NET/IB/3/GDRDMA
x08l11245:29198:29278 [5] NCCL INFO Channel 03/0 : 29[8e000] -> 5[8e000] [receive] via NET/IB/3/GDRDMA
x08l11245:29198:29278 [5] NCCL INFO Channel 06/0 : 29[8e000] -> 5[8e000] [receive] via NET/IB/3/GDRDMA
x08l11245:29198:29278 [5] NCCL INFO Channel 09/0 : 29[8e000] -> 5[8e000] [receive] via NET/IB/3/GDRDMA
x08l11245:29198:29278 [5] NCCL INFO Channel 00/0 : 5[8e000] -> 13[8e000] [send] via NET/IB/3(4)/GDRDMA
x08l11245:29198:29278 [5] NCCL INFO Channel 03/0 : 5[8e000] -> 13[8e000] [send] via NET/IB/3(4)/GDRDMA
x08l11245:29198:29278 [5] NCCL INFO Channel 06/0 : 5[8e000] -> 13[8e000] [send] via NET/IB/3(4)/GDRDMA
x08l11245:29198:29278 [5] NCCL INFO Channel 09/0 : 5[8e000] -> 13[8e000] [send] via NET/IB/3(4)/GDRDMA
x08l11245:29194:29280 [1] NCCL INFO Channel 00/0 : 25[19000] -> 1[19000] [receive] via NET/IB/1/GDRDMA
x08l11245:29194:29280 [1] NCCL INFO Channel 03/0 : 25[19000] -> 1[19000] [receive] via NET/IB/1/GDRDMA
x08l11245:29194:29280 [1] NCCL INFO Channel 06/0 : 25[19000] -> 1[19000] [receive] via NET/IB/1/GDRDMA
x08l11245:29194:29280 [1] NCCL INFO Channel 09/0 : 25[19000] -> 1[19000] [receive] via NET/IB/1/GDRDMA
x08l11245:29194:29280 [1] NCCL INFO Channel 00/0 : 1[19000] -> 9[19000] [send] via NET/IB/1(0)/GDRDMA
x08l11245:29194:29280 [1] NCCL INFO Channel 03/0 : 1[19000] -> 9[19000] [send] via NET/IB/1(0)/GDRDMA
x08l11245:29194:29280 [1] NCCL INFO Channel 06/0 : 1[19000] -> 9[19000] [send] via NET/IB/1(0)/GDRDMA
x08l11245:29194:29280 [1] NCCL INFO Channel 09/0 : 1[19000] -> 9[19000] [send] via NET/IB/1(0)/GDRDMA
x08l11245:29200:29284 [6] NCCL INFO Channel 00/0 : 30[ad000] -> 6[ad000] [receive] via NET/IB/4/GDRDMA
x08l11245:29200:29284 [6] NCCL INFO Channel 03/0 : 30[ad000] -> 6[ad000] [receive] via NET/IB/4/GDRDMA
x08l11245:29200:29284 [6] NCCL INFO Channel 06/0 : 30[ad000] -> 6[ad000] [receive] via NET/IB/4/GDRDMA
x08l11245:29200:29284 [6] NCCL INFO Channel 09/0 : 30[ad000] -> 6[ad000] [receive] via NET/IB/4/GDRDMA
x08l11245:29200:29284 [6] NCCL INFO Channel 00/0 : 6[ad000] -> 14[ad000] [send] via NET/IB/4/GDRDMA
x08l11245:29200:29284 [6] NCCL INFO Channel 03/0 : 6[ad000] -> 14[ad000] [send] via NET/IB/4/GDRDMA
x08l11245:29200:29284 [6] NCCL INFO Channel 06/0 : 6[ad000] -> 14[ad000] [send] via NET/IB/4/GDRDMA
x08l11245:29200:29284 [6] NCCL INFO Channel 09/0 : 6[ad000] -> 14[ad000] [send] via NET/IB/4/GDRDMA
x08l11245:29193:29247 [0] NCCL INFO Channel 00/0 : 24[13000] -> 0[13000] [receive] via NET/IB/1/GDRDMA
x08l11245:29202:29286 [7] NCCL INFO Channel 00/0 : 31[b3000] -> 7[b3000] [receive] via NET/IB/4/GDRDMA
x08l11245:29193:29247 [0] NCCL INFO Channel 03/0 : 24[13000] -> 0[13000] [receive] via NET/IB/1/GDRDMA
x08l11245:29202:29286 [7] NCCL INFO Channel 03/0 : 31[b3000] -> 7[b3000] [receive] via NET/IB/4/GDRDMA
x08l11245:29193:29247 [0] NCCL INFO Channel 06/0 : 24[13000] -> 0[13000] [receive] via NET/IB/1/GDRDMA
x08l11245:29202:29286 [7] NCCL INFO Channel 06/0 : 31[b3000] -> 7[b3000] [receive] via NET/IB/4/GDRDMA
x08l11245:29193:29247 [0] NCCL INFO Channel 09/0 : 24[13000] -> 0[13000] [receive] via NET/IB/1/GDRDMA
x08l11245:29202:29286 [7] NCCL INFO Channel 09/0 : 31[b3000] -> 7[b3000] [receive] via NET/IB/4/GDRDMA
x08l11245:29193:29247 [0] NCCL INFO Channel 00/0 : 0[13000] -> 8[13000] [send] via NET/IB/1/GDRDMA
x08l11245:29193:29247 [0] NCCL INFO Channel 03/0 : 0[13000] -> 8[13000] [send] via NET/IB/1/GDRDMA
x08l11245:29202:29286 [7] NCCL INFO Channel 00/0 : 7[b3000] -> 15[b3000] [send] via NET/IB/4(6)/GDRDMA
x08l11245:29193:29247 [0] NCCL INFO Channel 06/0 : 0[13000] -> 8[13000] [send] via NET/IB/1/GDRDMA
x08l11245:29193:29247 [0] NCCL INFO Channel 09/0 : 0[13000] -> 8[13000] [send] via NET/IB/1/GDRDMA
x08l11245:29202:29286 [7] NCCL INFO Channel 03/0 : 7[b3000] -> 15[b3000] [send] via NET/IB/4(6)/GDRDMA
x08l11245:29202:29286 [7] NCCL INFO Channel 06/0 : 7[b3000] -> 15[b3000] [send] via NET/IB/4(6)/GDRDMA
x08l11245:29202:29286 [7] NCCL INFO Channel 09/0 : 7[b3000] -> 15[b3000] [send] via NET/IB/4(6)/GDRDMA
x08l11245:29196:29293 [3] NCCL INFO NCCL_IB_TC set by environment to 16.
x08l11245:29196:29293 [3] NCCL INFO NCCL_IB_SL set by environment to 5.
x08l11245:29196:29293 [3] NCCL INFO NCCL_IB_TIMEOUT set by environment to 22.
x08l11245:29194:29297 [1] NCCL INFO NCCL_IB_TC set by environment to 16.
x08l11245:29194:29297 [1] NCCL INFO NCCL_IB_SL set by environment to 5.
x08l11245:29194:29297 [1] NCCL INFO NCCL_IB_TIMEOUT set by environment to 22.
x08l11245:29202:29294 [7] NCCL INFO NCCL_IB_TC set by environment to 16.
x08l11245:29202:29294 [7] NCCL INFO NCCL_IB_SL set by environment to 5.
x08l11245:29202:29294 [7] NCCL INFO NCCL_IB_TIMEOUT set by environment to 22.
x08l11245:29197:29289 [4] NCCL INFO Channel 00/0 : 20[89000] -> 4[89000] [receive] via NET/IB/3/GDRDMA
x08l11245:29197:29289 [4] NCCL INFO Channel 03/0 : 20[89000] -> 4[89000] [receive] via NET/IB/3/GDRDMA
x08l11245:29197:29289 [4] NCCL INFO Channel 06/0 : 20[89000] -> 4[89000] [receive] via NET/IB/3/GDRDMA
x08l11245:29197:29289 [4] NCCL INFO Channel 09/0 : 20[89000] -> 4[89000] [receive] via NET/IB/3/GDRDMA
x08l11245:29197:29289 [4] NCCL INFO Channel 00/0 : 4[89000] -> 20[89000] [send] via NET/IB/3/GDRDMA
x08l11245:29197:29289 [4] NCCL INFO Channel 03/0 : 4[89000] -> 20[89000] [send] via NET/IB/3/GDRDMA
