x08l11245:29564:29656 [4] NCCL INFO Channel 02/0 : 21[8e000] -> 4[89000] [receive] via NET/IB/3/GDRDMA
x08l11245:29564:29656 [4] NCCL INFO Channel 04/0 : 21[8e000] -> 4[89000] [receive] via NET/IB/3/GDRDMA
x08l11245:29564:29656 [4] NCCL INFO Channel 06/0 : 21[8e000] -> 4[89000] [receive] via NET/IB/3/GDRDMA
x08l11245:29564:29656 [4] NCCL INFO Channel 00/0 : 4[89000] -> 19[4d000] [send] via NET/IB/2(2)/GDRDMA
x08l11245:29564:29656 [4] NCCL INFO Channel 02/0 : 4[89000] -> 19[4d000] [send] via NET/IB/2(2)/GDRDMA
x08l11245:29564:29656 [4] NCCL INFO Channel 04/0 : 4[89000] -> 19[4d000] [send] via NET/IB/2(2)/GDRDMA
x08l11245:29564:29656 [4] NCCL INFO Channel 06/0 : 4[89000] -> 19[4d000] [send] via NET/IB/2(2)/GDRDMA
x08l11245:29565:29661 [5] NCCL INFO NCCL_IB_TC set by environment to 16.
x08l11245:29565:29661 [5] NCCL INFO NCCL_IB_SL set by environment to 5.
x08l11245:29565:29661 [5] NCCL INFO NCCL_IB_TIMEOUT set by environment to 22.
x08l11245:29562:29638 [2] NCCL INFO Channel 00/0 : 19[4d000] -> 2[48000] [receive] via NET/IB/2/GDRDMA
x08l11245:29562:29638 [2] NCCL INFO Channel 02/0 : 19[4d000] -> 2[48000] [receive] via NET/IB/2/GDRDMA
x08l11245:29562:29638 [2] NCCL INFO Channel 04/0 : 19[4d000] -> 2[48000] [receive] via NET/IB/2/GDRDMA
x08l11245:29562:29638 [2] NCCL INFO Channel 06/0 : 19[4d000] -> 2[48000] [receive] via NET/IB/2/GDRDMA
x08l11245:29562:29638 [2] NCCL INFO Channel 00/0 : 2[48000] -> 17[19000] [send] via NET/IB/1(0)/GDRDMA
x08l11245:29562:29638 [2] NCCL INFO Channel 02/0 : 2[48000] -> 17[19000] [send] via NET/IB/1(0)/GDRDMA
x08l11245:29562:29638 [2] NCCL INFO Channel 04/0 : 2[48000] -> 17[19000] [send] via NET/IB/1(0)/GDRDMA
x08l11245:29562:29638 [2] NCCL INFO Channel 06/0 : 2[48000] -> 17[19000] [send] via NET/IB/1(0)/GDRDMA
x08l11245:29569:29636 [7] NCCL INFO Channel 00/0 : 23[b3000] -> 7[b3000] [receive] via NET/IB/4/GDRDMA
x08l11245:29569:29636 [7] NCCL INFO Channel 02/0 : 23[b3000] -> 7[b3000] [receive] via NET/IB/4/GDRDMA
x08l11245:29569:29636 [7] NCCL INFO Channel 04/0 : 23[b3000] -> 7[b3000] [receive] via NET/IB/4/GDRDMA
x08l11245:29569:29636 [7] NCCL INFO Channel 06/0 : 23[b3000] -> 7[b3000] [receive] via NET/IB/4/GDRDMA
x08l11245:29560:29614 [0] NCCL INFO Channel 00/0 : 17[19000] -> 0[13000] [receive] via NET/IB/1/GDRDMA
x08l11245:29560:29614 [0] NCCL INFO Channel 02/0 : 17[19000] -> 0[13000] [receive] via NET/IB/1/GDRDMA
x08l11245:29560:29614 [0] NCCL INFO Channel 04/0 : 17[19000] -> 0[13000] [receive] via NET/IB/1/GDRDMA
x08l11245:29560:29614 [0] NCCL INFO Channel 06/0 : 17[19000] -> 0[13000] [receive] via NET/IB/1/GDRDMA
x08l11245:29560:29614 [0] NCCL INFO Channel 00/0 : 0[13000] -> 15[b3000] [send] via NET/IB/4(6)/GDRDMA
x08l11245:29560:29614 [0] NCCL INFO Channel 02/0 : 0[13000] -> 15[b3000] [send] via NET/IB/4(6)/GDRDMA
x08l11245:29560:29614 [0] NCCL INFO Channel 04/0 : 0[13000] -> 15[b3000] [send] via NET/IB/4(6)/GDRDMA
x08l11245:29563:29658 [3] NCCL INFO NCCL_IB_TC set by environment to 16.
x08l11245:29563:29658 [3] NCCL INFO NCCL_IB_SL set by environment to 5.
x08l11245:29563:29658 [3] NCCL INFO NCCL_IB_TIMEOUT set by environment to 22.
x08l11245:29561:29663 [1] NCCL INFO NCCL_IB_TC set by environment to 16.
x08l11245:29561:29663 [1] NCCL INFO NCCL_IB_SL set by environment to 5.
x08l11245:29561:29663 [1] NCCL INFO NCCL_IB_TIMEOUT set by environment to 22.
x08l11245:29569:29636 [7] NCCL INFO Channel 00/0 : 7[b3000] -> 23[b3000] [send] via NET/IB/4(6)/GDRDMA
x08l11245:29565:29635 [5] NCCL INFO Channel 00/0 : 21[8e000] -> 5[8e000] [receive] via NET/IB/3/GDRDMA
x08l11245:29569:29636 [7] NCCL INFO Channel 02/0 : 7[b3000] -> 23[b3000] [send] via NET/IB/4(6)/GDRDMA
x08l11245:29565:29635 [5] NCCL INFO Channel 02/0 : 21[8e000] -> 5[8e000] [receive] via NET/IB/3/GDRDMA
x08l11245:29569:29636 [7] NCCL INFO Channel 04/0 : 7[b3000] -> 23[b3000] [send] via NET/IB/4(6)/GDRDMA
x08l11245:29565:29635 [5] NCCL INFO Channel 04/0 : 21[8e000] -> 5[8e000] [receive] via NET/IB/3/GDRDMA
x08l11245:29569:29636 [7] NCCL INFO Channel 06/0 : 7[b3000] -> 23[b3000] [send] via NET/IB/4(6)/GDRDMA
x08l11245:29565:29635 [5] NCCL INFO Channel 06/0 : 21[8e000] -> 5[8e000] [receive] via NET/IB/3/GDRDMA
x08l11245:29565:29635 [5] NCCL INFO Channel 00/0 : 5[8e000] -> 21[8e000] [send] via NET/IB/3(4)/GDRDMA
x08l11245:29565:29635 [5] NCCL INFO Channel 02/0 : 5[8e000] -> 21[8e000] [send] via NET/IB/3(4)/GDRDMA
x08l11245:29565:29635 [5] NCCL INFO Channel 04/0 : 5[8e000] -> 21[8e000] [send] via NET/IB/3(4)/GDRDMA
x08l11245:29565:29635 [5] NCCL INFO Channel 06/0 : 5[8e000] -> 21[8e000] [send] via NET/IB/3(4)/GDRDMA
x08l11245:29564:29656 [4] NCCL INFO Channel 00/0 : 20[89000] -> 4[89000] [receive] via NET/IB/3/GDRDMA
x08l11245:29564:29656 [4] NCCL INFO Channel 04/0 : 20[89000] -> 4[89000] [receive] via NET/IB/3/GDRDMA
x08l11245:29564:29656 [4] NCCL INFO Channel 06/0 : 20[89000] -> 4[89000] [receive] via NET/IB/3/GDRDMA
x08l11245:29564:29656 [4] NCCL INFO Channel 00/0 : 4[89000] -> 20[89000] [send] via NET/IB/3/GDRDMA
x08l11245:29564:29656 [4] NCCL INFO Channel 04/0 : 4[89000] -> 20[89000] [send] via NET/IB/3/GDRDMA
x08l11245:29564:29656 [4] NCCL INFO Channel 06/0 : 4[89000] -> 20[89000] [send] via NET/IB/3/GDRDMA
x08l11245:29569:29659 [7] NCCL INFO NCCL_IB_TC set by environment to 16.
x08l11245:29569:29659 [7] NCCL INFO NCCL_IB_SL set by environment to 5.
x08l11245:29569:29659 [7] NCCL INFO NCCL_IB_TIMEOUT set by environment to 22.
x08l11245:29562:29638 [2] NCCL INFO Channel 00/0 : 18[48000] -> 2[48000] [receive] via NET/IB/2/GDRDMA
x08l11245:29562:29638 [2] NCCL INFO Channel 02/0 : 18[48000] -> 2[48000] [receive] via NET/IB/2/GDRDMA
x08l11245:29562:29638 [2] NCCL INFO Channel 04/0 : 18[48000] -> 2[48000] [receive] via NET/IB/2/GDRDMA
x08l11245:29562:29638 [2] NCCL INFO Channel 06/0 : 18[48000] -> 2[48000] [receive] via NET/IB/2/GDRDMA
x08l11245:29562:29638 [2] NCCL INFO Channel 00/0 : 2[48000] -> 18[48000] [send] via NET/IB/2/GDRDMA
x08l11245:29562:29638 [2] NCCL INFO Channel 02/0 : 2[48000] -> 18[48000] [send] via NET/IB/2/GDRDMA
x08l11245:29562:29638 [2] NCCL INFO Channel 04/0 : 2[48000] -> 18[48000] [send] via NET/IB/2/GDRDMA
x08l11245:29562:29638 [2] NCCL INFO Channel 06/0 : 2[48000] -> 18[48000] [send] via NET/IB/2/GDRDMA
x08l11245:29560:29614 [0] NCCL INFO Channel 06/0 : 0[13000] -> 15[b3000] [send] via NET/IB/4(6)/GDRDMA
x08l11245:29567:29655 [6] NCCL INFO Channel 00/0 : 22[ad000] -> 6[ad000] [receive] via NET/IB/4/GDRDMA
x08l11245:29567:29655 [6] NCCL INFO Channel 02/0 : 22[ad000] -> 6[ad000] [receive] via NET/IB/4/GDRDMA
x08l11245:29567:29655 [6] NCCL INFO Channel 04/0 : 22[ad000] -> 6[ad000] [receive] via NET/IB/4/GDRDMA
x08l11245:29567:29655 [6] NCCL INFO Channel 06/0 : 22[ad000] -> 6[ad000] [receive] via NET/IB/4/GDRDMA
x08l11245:29567:29655 [6] NCCL INFO Channel 00/0 : 6[ad000] -> 22[ad000] [send] via NET/IB/4/GDRDMA
x08l11245:29567:29655 [6] NCCL INFO Channel 02/0 : 6[ad000] -> 22[ad000] [send] via NET/IB/4/GDRDMA
x08l11245:29567:29655 [6] NCCL INFO Channel 04/0 : 6[ad000] -> 22[ad000] [send] via NET/IB/4/GDRDMA
x08l11245:29567:29655 [6] NCCL INFO Channel 06/0 : 6[ad000] -> 22[ad000] [send] via NET/IB/4/GDRDMA
x08l11245:29563:29637 [3] NCCL INFO Channel 00/0 : 19[4d000] -> 3[4d000] [receive] via NET/IB/2/GDRDMA
x08l11245:29563:29637 [3] NCCL INFO Channel 02/0 : 19[4d000] -> 3[4d000] [receive] via NET/IB/2/GDRDMA
x08l11245:29563:29637 [3] NCCL INFO Channel 04/0 : 19[4d000] -> 3[4d000] [receive] via NET/IB/2/GDRDMA
x08l11245:29563:29637 [3] NCCL INFO Channel 06/0 : 19[4d000] -> 3[4d000] [receive] via NET/IB/2/GDRDMA
x08l11245:29563:29637 [3] NCCL INFO Channel 00/0 : 3[4d000] -> 19[4d000] [send] via NET/IB/2(2)/GDRDMA
x08l11245:29563:29637 [3] NCCL INFO Channel 02/0 : 3[4d000] -> 19[4d000] [send] via NET/IB/2(2)/GDRDMA
x08l11245:29563:29637 [3] NCCL INFO Channel 04/0 : 3[4d000] -> 19[4d000] [send] via NET/IB/2(2)/GDRDMA
x08l11245:29563:29637 [3] NCCL INFO Channel 06/0 : 3[4d000] -> 19[4d000] [send] via NET/IB/2(2)/GDRDMA
x08l11245:29561:29652 [1] NCCL INFO Channel 00/0 : 17[19000] -> 1[19000] [receive] via NET/IB/1/GDRDMA
x08l11245:29561:29652 [1] NCCL INFO Channel 02/0 : 17[19000] -> 1[19000] [receive] via NET/IB/1/GDRDMA
x08l11245:29561:29652 [1] NCCL INFO Channel 04/0 : 17[19000] -> 1[19000] [receive] via NET/IB/1/GDRDMA
x08l11245:29561:29652 [1] NCCL INFO Channel 06/0 : 17[19000] -> 1[19000] [receive] via NET/IB/1/GDRDMA
x08l11245:29561:29652 [1] NCCL INFO Channel 00/0 : 1[19000] -> 17[19000] [send] via NET/IB/1(0)/GDRDMA
x08l11245:29561:29652 [1] NCCL INFO Channel 02/0 : 1[19000] -> 17[19000] [send] via NET/IB/1(0)/GDRDMA
x08l11245:29561:29652 [1] NCCL INFO Channel 04/0 : 1[19000] -> 17[19000] [send] via NET/IB/1(0)/GDRDMA
x08l11245:29561:29652 [1] NCCL INFO Channel 06/0 : 1[19000] -> 17[19000] [send] via NET/IB/1(0)/GDRDMA
x08l11245:29569:29636 [7] NCCL INFO Channel 00/0 : 22[ad000] -> 7[b3000] [receive] via NET/IB/4/GDRDMA
x08l11245:29569:29636 [7] NCCL INFO Channel 02/0 : 22[ad000] -> 7[b3000] [receive] via NET/IB/4/GDRDMA
x08l11245:29569:29636 [7] NCCL INFO Channel 04/0 : 22[ad000] -> 7[b3000] [receive] via NET/IB/4/GDRDMA
x08l11245:29569:29636 [7] NCCL INFO Channel 06/0 : 22[ad000] -> 7[b3000] [receive] via NET/IB/4/GDRDMA
x08l11245:29564:29656 [4] NCCL INFO Channel 00/0 : 19[4d000] -> 4[89000] [receive] via NET/IB/3/GDRDMA
x08l11245:29564:29656 [4] NCCL INFO Channel 02/0 : 19[4d000] -> 4[89000] [receive] via NET/IB/3/GDRDMA
x08l11245:29564:29656 [4] NCCL INFO Channel 04/0 : 19[4d000] -> 4[89000] [receive] via NET/IB/3/GDRDMA
x08l11245:29564:29656 [4] NCCL INFO Channel 06/0 : 19[4d000] -> 4[89000] [receive] via NET/IB/3/GDRDMA
x08l11245:29564:29656 [4] NCCL INFO Channel 00/0 : 4[89000] -> 21[8e000] [send] via NET/IB/3/GDRDMA
x08l11245:29564:29656 [4] NCCL INFO Channel 02/0 : 4[89000] -> 21[8e000] [send] via NET/IB/3/GDRDMA
x08l11245:29564:29656 [4] NCCL INFO Channel 04/0 : 4[89000] -> 21[8e000] [send] via NET/IB/3/GDRDMA
x08l11245:29564:29656 [4] NCCL INFO Channel 06/0 : 4[89000] -> 21[8e000] [send] via NET/IB/3/GDRDMA
x08l11245:29565:29635 [5] NCCL INFO Channel 00/0 : 20[89000] -> 5[8e000] [receive] via NET/IB/3/GDRDMA
x08l11245:29565:29635 [5] NCCL INFO Channel 02/0 : 20[89000] -> 5[8e000] [receive] via NET/IB/3/GDRDMA
x08l11245:29565:29635 [5] NCCL INFO Channel 04/0 : 20[89000] -> 5[8e000] [receive] via NET/IB/3/GDRDMA
x08l11245:29565:29635 [5] NCCL INFO Channel 06/0 : 20[89000] -> 5[8e000] [receive] via NET/IB/3/GDRDMA
x08l11245:29565:29635 [5] NCCL INFO Channel 00/0 : 5[8e000] -> 22[ad000] [send] via NET/IB/4(6)/GDRDMA
x08l11245:29565:29635 [5] NCCL INFO Channel 02/0 : 5[8e000] -> 22[ad000] [send] via NET/IB/4(6)/GDRDMA
x08l11245:29565:29635 [5] NCCL INFO Channel 04/0 : 5[8e000] -> 22[ad000] [send] via NET/IB/4(6)/GDRDMA
x08l11245:29565:29635 [5] NCCL INFO Channel 06/0 : 5[8e000] -> 22[ad000] [send] via NET/IB/4(6)/GDRDMA
x08l11245:29560:29614 [0] NCCL INFO Channel 02/0 : 16[13000] -> 0[13000] [receive] via NET/IB/1/GDRDMA
x08l11245:29560:29614 [0] NCCL INFO Channel 04/0 : 16[13000] -> 0[13000] [receive] via NET/IB/1/GDRDMA
x08l11245:29560:29614 [0] NCCL INFO Channel 06/0 : 16[13000] -> 0[13000] [receive] via NET/IB/1/GDRDMA
x08l11245:29560:29614 [0] NCCL INFO Channel 02/0 : 0[13000] -> 16[13000] [send] via NET/IB/1/GDRDMA
x08l11245:29560:29614 [0] NCCL INFO Channel 04/0 : 0[13000] -> 16[13000] [send] via NET/IB/1/GDRDMA
x08l11245:29560:29614 [0] NCCL INFO Channel 06/0 : 0[13000] -> 16[13000] [send] via NET/IB/1/GDRDMA
x08l11245:29567:29655 [6] NCCL INFO Channel 00/0 : 21[8e000] -> 6[ad000] [receive] via NET/IB/4/GDRDMA
x08l11245:29567:29655 [6] NCCL INFO Channel 02/0 : 21[8e000] -> 6[ad000] [receive] via NET/IB/4/GDRDMA
x08l11245:29567:29655 [6] NCCL INFO Channel 04/0 : 21[8e000] -> 6[ad000] [receive] via NET/IB/4/GDRDMA
x08l11245:29567:29655 [6] NCCL INFO Channel 06/0 : 21[8e000] -> 6[ad000] [receive] via NET/IB/4/GDRDMA
x08l11245:29567:29655 [6] NCCL INFO Channel 00/0 : 6[ad000] -> 23[b3000] [send] via NET/IB/4/GDRDMA
x08l11245:29567:29655 [6] NCCL INFO Channel 02/0 : 6[ad000] -> 23[b3000] [send] via NET/IB/4/GDRDMA
x08l11245:29567:29655 [6] NCCL INFO Channel 04/0 : 6[ad000] -> 23[b3000] [send] via NET/IB/4/GDRDMA
x08l11245:29567:29655 [6] NCCL INFO Channel 06/0 : 6[ad000] -> 23[b3000] [send] via NET/IB/4/GDRDMA
x08l11245:29563:29637 [3] NCCL INFO Channel 00/0 : 18[48000] -> 3[4d000] [receive] via NET/IB/2/GDRDMA
x08l11245:29563:29637 [3] NCCL INFO Channel 02/0 : 18[48000] -> 3[4d000] [receive] via NET/IB/2/GDRDMA
x08l11245:29563:29637 [3] NCCL INFO Channel 04/0 : 18[48000] -> 3[4d000] [receive] via NET/IB/2/GDRDMA
x08l11245:29563:29637 [3] NCCL INFO Channel 06/0 : 18[48000] -> 3[4d000] [receive] via NET/IB/2/GDRDMA
x08l11245:29563:29637 [3] NCCL INFO Channel 00/0 : 3[4d000] -> 20[89000] [send] via NET/IB/3(4)/GDRDMA
x08l11245:29563:29637 [3] NCCL INFO Channel 02/0 : 3[4d000] -> 20[89000] [send] via NET/IB/3(4)/GDRDMA
x08l11245:29563:29637 [3] NCCL INFO Channel 04/0 : 3[4d000] -> 20[89000] [send] via NET/IB/3(4)/GDRDMA
x08l11245:29563:29637 [3] NCCL INFO Channel 06/0 : 3[4d000] -> 20[89000] [send] via NET/IB/3(4)/GDRDMA
x08l11245:29562:29638 [2] NCCL INFO Channel 00/0 : 17[19000] -> 2[48000] [receive] via NET/IB/2/GDRDMA
x08l11245:29562:29638 [2] NCCL INFO Channel 02/0 : 17[19000] -> 2[48000] [receive] via NET/IB/2/GDRDMA
x08l11245:29562:29638 [2] NCCL INFO Channel 04/0 : 17[19000] -> 2[48000] [receive] via NET/IB/2/GDRDMA
x08l11245:29562:29638 [2] NCCL INFO Channel 06/0 : 17[19000] -> 2[48000] [receive] via NET/IB/2/GDRDMA
x08l11245:29562:29638 [2] NCCL INFO Channel 00/0 : 2[48000] -> 19[4d000] [send] via NET/IB/2/GDRDMA
x08l11245:29562:29638 [2] NCCL INFO Channel 02/0 : 2[48000] -> 19[4d000] [send] via NET/IB/2/GDRDMA
x08l11245:29562:29638 [2] NCCL INFO Channel 04/0 : 2[48000] -> 19[4d000] [send] via NET/IB/2/GDRDMA
x08l11245:29562:29638 [2] NCCL INFO Channel 06/0 : 2[48000] -> 19[4d000] [send] via NET/IB/2/GDRDMA
x08l11245:29569:29636 [7] NCCL INFO Channel 00/0 : 16[13000] -> 7[b3000] [receive] via NET/IB/4/GDRDMA
x08l11245:29569:29636 [7] NCCL INFO Channel 02/0 : 16[13000] -> 7[b3000] [receive] via NET/IB/4/GDRDMA
x08l11245:29569:29636 [7] NCCL INFO Channel 04/0 : 16[13000] -> 7[b3000] [receive] via NET/IB/4/GDRDMA
x08l11245:29569:29636 [7] NCCL INFO Channel 06/0 : 16[13000] -> 7[b3000] [receive] via NET/IB/4/GDRDMA
x08l11245:29560:29614 [0] NCCL INFO Channel 00/0 : 15[b3000] -> 0[13000] [receive] via NET/IB/1/GDRDMA
x08l11245:29560:29614 [0] NCCL INFO Channel 02/0 : 15[b3000] -> 0[13000] [receive] via NET/IB/1/GDRDMA
x08l11245:29560:29614 [0] NCCL INFO Channel 04/0 : 15[b3000] -> 0[13000] [receive] via NET/IB/1/GDRDMA
x08l11245:29560:29614 [0] NCCL INFO Channel 06/0 : 15[b3000] -> 0[13000] [receive] via NET/IB/1/GDRDMA
x08l11245:29560:29614 [0] NCCL INFO Channel 00/0 : 0[13000] -> 17[19000] [send] via NET/IB/1/GDRDMA
x08l11245:29560:29614 [0] NCCL INFO Channel 02/0 : 0[13000] -> 17[19000] [send] via NET/IB/1/GDRDMA
x08l11245:29560:29614 [0] NCCL INFO Channel 04/0 : 0[13000] -> 17[19000] [send] via NET/IB/1/GDRDMA
x08l11245:29560:29614 [0] NCCL INFO Channel 06/0 : 0[13000] -> 17[19000] [send] via NET/IB/1/GDRDMA
x08l11245:29565:29635 [5] NCCL INFO Channel 00/0 : 14[ad000] -> 5[8e000] [receive] via NET/IB/3/GDRDMA
x08l11245:29565:29635 [5] NCCL INFO Channel 02/0 : 14[ad000] -> 5[8e000] [receive] via NET/IB/3/GDRDMA
x08l11245:29565:29635 [5] NCCL INFO Channel 04/0 : 14[ad000] -> 5[8e000] [receive] via NET/IB/3/GDRDMA
x08l11245:29565:29635 [5] NCCL INFO Channel 06/0 : 14[ad000] -> 5[8e000] [receive] via NET/IB/3/GDRDMA
x08l11245:29567:29655 [6] NCCL INFO Channel 00/0 : 15[b3000] -> 6[ad000] [receive] via NET/IB/4/GDRDMA
x08l11245:29567:29655 [6] NCCL INFO Channel 02/0 : 15[b3000] -> 6[ad000] [receive] via NET/IB/4/GDRDMA
x08l11245:29567:29655 [6] NCCL INFO Channel 04/0 : 15[b3000] -> 6[ad000] [receive] via NET/IB/4/GDRDMA
x08l11245:29567:29655 [6] NCCL INFO Channel 06/0 : 15[b3000] -> 6[ad000] [receive] via NET/IB/4/GDRDMA
x08l11245:29564:29656 [4] NCCL INFO Channel 00/0 : 13[8e000] -> 4[89000] [receive] via NET/IB/3/GDRDMA
x08l11245:29564:29656 [4] NCCL INFO Channel 02/0 : 13[8e000] -> 4[89000] [receive] via NET/IB/3/GDRDMA
x08l11245:29564:29656 [4] NCCL INFO Channel 04/0 : 13[8e000] -> 4[89000] [receive] via NET/IB/3/GDRDMA
x08l11245:29564:29656 [4] NCCL INFO Channel 06/0 : 13[8e000] -> 4[89000] [receive] via NET/IB/3/GDRDMA
x08l11245:29561:29652 [1] NCCL INFO Channel 00/0 : 16[13000] -> 1[19000] [receive] via NET/IB/1/GDRDMA
x08l11245:29561:29652 [1] NCCL INFO Channel 02/0 : 16[13000] -> 1[19000] [receive] via NET/IB/1/GDRDMA
x08l11245:29561:29652 [1] NCCL INFO Channel 04/0 : 16[13000] -> 1[19000] [receive] via NET/IB/1/GDRDMA
x08l11245:29561:29652 [1] NCCL INFO Channel 06/0 : 16[13000] -> 1[19000] [receive] via NET/IB/1/GDRDMA
x08l11245:29561:29652 [1] NCCL INFO Channel 00/0 : 1[19000] -> 18[48000] [send] via NET/IB/2(2)/GDRDMA
x08l11245:29561:29652 [1] NCCL INFO Channel 02/0 : 1[19000] -> 18[48000] [send] via NET/IB/2(2)/GDRDMA
x08l11245:29561:29652 [1] NCCL INFO Channel 04/0 : 1[19000] -> 18[48000] [send] via NET/IB/2(2)/GDRDMA
x08l11245:29561:29652 [1] NCCL INFO Channel 06/0 : 1[19000] -> 18[48000] [send] via NET/IB/2(2)/GDRDMA
x08l11245:29562:29638 [2] NCCL INFO Channel 00/0 : 11[4d000] -> 2[48000] [receive] via NET/IB/2/GDRDMA
x08l11245:29562:29638 [2] NCCL INFO Channel 02/0 : 11[4d000] -> 2[48000] [receive] via NET/IB/2/GDRDMA
x08l11245:29562:29638 [2] NCCL INFO Channel 04/0 : 11[4d000] -> 2[48000] [receive] via NET/IB/2/GDRDMA
x08l11245:29562:29638 [2] NCCL INFO Channel 06/0 : 11[4d000] -> 2[48000] [receive] via NET/IB/2/GDRDMA
x08l11245:29563:29637 [3] NCCL INFO Channel 00/0 : 12[89000] -> 3[4d000] [receive] via NET/IB/2/GDRDMA
x08l11245:29563:29637 [3] NCCL INFO Channel 02/0 : 12[89000] -> 3[4d000] [receive] via NET/IB/2/GDRDMA
x08l11245:29563:29637 [3] NCCL INFO Channel 04/0 : 12[89000] -> 3[4d000] [receive] via NET/IB/2/GDRDMA
x08l11245:29563:29637 [3] NCCL INFO Channel 06/0 : 12[89000] -> 3[4d000] [receive] via NET/IB/2/GDRDMA
x08l11245:29561:29652 [1] NCCL INFO Channel 00/0 : 10[48000] -> 1[19000] [receive] via NET/IB/1/GDRDMA
x08l11245:29561:29652 [1] NCCL INFO Channel 02/0 : 10[48000] -> 1[19000] [receive] via NET/IB/1/GDRDMA
x08l11245:29561:29652 [1] NCCL INFO Channel 04/0 : 10[48000] -> 1[19000] [receive] via NET/IB/1/GDRDMA
x08l11245:29561:29652 [1] NCCL INFO Channel 06/0 : 10[48000] -> 1[19000] [receive] via NET/IB/1/GDRDMA
x08l11245:29560:29614 [0] NCCL INFO Channel 00/0 : 9[19000] -> 0[13000] [receive] via NET/IB/1/GDRDMA
x08l11245:29560:29614 [0] NCCL INFO Channel 02/0 : 9[19000] -> 0[13000] [receive] via NET/IB/1/GDRDMA
x08l11245:29560:29614 [0] NCCL INFO Channel 04/0 : 9[19000] -> 0[13000] [receive] via NET/IB/1/GDRDMA
x08l11245:29560:29614 [0] NCCL INFO Channel 06/0 : 9[19000] -> 0[13000] [receive] via NET/IB/1/GDRDMA
x08l11245:29560:29614 [0] NCCL INFO Channel 00/0 : 0[13000] -> 23[b3000] [send] via NET/IB/4(6)/GDRDMA
x08l11245:29560:29614 [0] NCCL INFO Channel 02/0 : 0[13000] -> 23[b3000] [send] via NET/IB/4(6)/GDRDMA
x08l11245:29560:29614 [0] NCCL INFO Channel 04/0 : 0[13000] -> 23[b3000] [send] via NET/IB/4(6)/GDRDMA
x08l11245:29560:29614 [0] NCCL INFO Channel 06/0 : 0[13000] -> 23[b3000] [send] via NET/IB/4(6)/GDRDMA
x08l11245:29569:29636 [7] NCCL INFO Channel 00/0 : 14[ad000] -> 7[b3000] [receive] via NET/IB/4/GDRDMA
x08l11245:29569:29636 [7] NCCL INFO Channel 02/0 : 14[ad000] -> 7[b3000] [receive] via NET/IB/4/GDRDMA
x08l11245:29569:29636 [7] NCCL INFO Channel 04/0 : 14[ad000] -> 7[b3000] [receive] via NET/IB/4/GDRDMA
x08l11245:29569:29636 [7] NCCL INFO Channel 06/0 : 14[ad000] -> 7[b3000] [receive] via NET/IB/4/GDRDMA
x08l11245:29569:29636 [7] NCCL INFO Channel 00 : 7[b3000] -> 0[13000] via P2P/IPC/read
x08l11245:29569:29636 [7] NCCL INFO Channel 04 : 7[b3000] -> 0[13000] via P2P/IPC/read
x08l11245:29569:29636 [7] NCCL INFO Channel 00 : 7[b3000] -> 1[19000] via P2P/IPC/read
x08l11245:29569:29636 [7] NCCL INFO Channel 02 : 7[b3000] -> 1[19000] via P2P/IPC/read
x08l11245:29569:29636 [7] NCCL INFO Channel 04 : 7[b3000] -> 1[19000] via P2P/IPC/read
x08l11245:29569:29636 [7] NCCL INFO Channel 06 : 7[b3000] -> 1[19000] via P2P/IPC/read
x08l11245:29567:29655 [6] NCCL INFO Channel 00/0 : 13[8e000] -> 6[ad000] [receive] via NET/IB/4/GDRDMA
x08l11245:29567:29655 [6] NCCL INFO Channel 02/0 : 13[8e000] -> 6[ad000] [receive] via NET/IB/4/GDRDMA
x08l11245:29567:29655 [6] NCCL INFO Channel 04/0 : 13[8e000] -> 6[ad000] [receive] via NET/IB/4/GDRDMA
x08l11245:29567:29655 [6] NCCL INFO Channel 06/0 : 13[8e000] -> 6[ad000] [receive] via NET/IB/4/GDRDMA
x08l11245:29565:29635 [5] NCCL INFO Channel 00/0 : 12[89000] -> 5[8e000] [receive] via NET/IB/3/GDRDMA
x08l11245:29565:29635 [5] NCCL INFO Channel 02/0 : 12[89000] -> 5[8e000] [receive] via NET/IB/3/GDRDMA
x08l11245:29565:29635 [5] NCCL INFO Channel 04/0 : 12[89000] -> 5[8e000] [receive] via NET/IB/3/GDRDMA
x08l11245:29565:29635 [5] NCCL INFO Channel 06/0 : 12[89000] -> 5[8e000] [receive] via NET/IB/3/GDRDMA
x08l11245:29563:29637 [3] NCCL INFO Channel 00/0 : 10[48000] -> 3[4d000] [receive] via NET/IB/2/GDRDMA
x08l11245:29563:29637 [3] NCCL INFO Channel 02/0 : 10[48000] -> 3[4d000] [receive] via NET/IB/2/GDRDMA
x08l11245:29563:29637 [3] NCCL INFO Channel 04/0 : 10[48000] -> 3[4d000] [receive] via NET/IB/2/GDRDMA
x08l11245:29563:29637 [3] NCCL INFO Channel 06/0 : 10[48000] -> 3[4d000] [receive] via NET/IB/2/GDRDMA
x08l11245:29562:29638 [2] NCCL INFO Channel 00/0 : 9[19000] -> 2[48000] [receive] via NET/IB/2/GDRDMA
x08l11245:29562:29638 [2] NCCL INFO Channel 02/0 : 9[19000] -> 2[48000] [receive] via NET/IB/2/GDRDMA
x08l11245:29562:29638 [2] NCCL INFO Channel 04/0 : 9[19000] -> 2[48000] [receive] via NET/IB/2/GDRDMA
x08l11245:29562:29638 [2] NCCL INFO Channel 06/0 : 9[19000] -> 2[48000] [receive] via NET/IB/2/GDRDMA
x08l11245:29564:29656 [4] NCCL INFO Channel 00/0 : 11[4d000] -> 4[89000] [receive] via NET/IB/3/GDRDMA
x08l11245:29564:29656 [4] NCCL INFO Channel 02/0 : 11[4d000] -> 4[89000] [receive] via NET/IB/3/GDRDMA
x08l11245:29564:29656 [4] NCCL INFO Channel 04/0 : 11[4d000] -> 4[89000] [receive] via NET/IB/3/GDRDMA
x08l11245:29564:29656 [4] NCCL INFO Channel 06/0 : 11[4d000] -> 4[89000] [receive] via NET/IB/3/GDRDMA
x08l11245:29561:29652 [1] NCCL INFO Channel 00/0 : 8[13000] -> 1[19000] [receive] via NET/IB/1/GDRDMA
x08l11245:29561:29652 [1] NCCL INFO Channel 02/0 : 8[13000] -> 1[19000] [receive] via NET/IB/1/GDRDMA
x08l11245:29561:29652 [1] NCCL INFO Channel 04/0 : 8[13000] -> 1[19000] [receive] via NET/IB/1/GDRDMA
x08l11245:29561:29652 [1] NCCL INFO Channel 06/0 : 8[13000] -> 1[19000] [receive] via NET/IB/1/GDRDMA
x08l11245:29565:29635 [5] NCCL INFO Channel 00 : 5[8e000] -> 0[13000] via P2P/IPC/read
x08l11245:29567:29655 [6] NCCL INFO Channel 00 : 6[ad000] -> 0[13000] via P2P/IPC/read
x08l11245:29565:29635 [5] NCCL INFO Channel 01 : 5[8e000] -> 0[13000] via P2P/IPC/read
x08l11245:29567:29655 [6] NCCL INFO Channel 02 : 6[ad000] -> 0[13000] via P2P/IPC/read
x08l11245:29565:29635 [5] NCCL INFO Channel 02 : 5[8e000] -> 0[13000] via P2P/IPC/read
x08l11245:29567:29655 [6] NCCL INFO Channel 04 : 6[ad000] -> 0[13000] via P2P/IPC/read
x08l11245:29565:29635 [5] NCCL INFO Channel 03 : 5[8e000] -> 0[13000] via P2P/IPC/read
x08l11245:29567:29655 [6] NCCL INFO Channel 06 : 6[ad000] -> 0[13000] via P2P/IPC/read
x08l11245:29565:29635 [5] NCCL INFO Channel 04 : 5[8e000] -> 0[13000] via P2P/IPC/read
x08l11245:29565:29635 [5] NCCL INFO Channel 05 : 5[8e000] -> 0[13000] via P2P/IPC/read
x08l11245:29565:29635 [5] NCCL INFO Channel 06 : 5[8e000] -> 0[13000] via P2P/IPC/read
x08l11245:29567:29655 [6] NCCL INFO Channel 00 : 6[ad000] -> 1[19000] via P2P/IPC/read
x08l11245:29565:29635 [5] NCCL INFO Channel 07 : 5[8e000] -> 0[13000] via P2P/IPC/read
x08l11245:29567:29655 [6] NCCL INFO Channel 02 : 6[ad000] -> 1[19000] via P2P/IPC/read
x08l11245:29567:29655 [6] NCCL INFO Channel 04 : 6[ad000] -> 1[19000] via P2P/IPC/read
x08l11245:29567:29655 [6] NCCL INFO Channel 06 : 6[ad000] -> 1[19000] via P2P/IPC/read
x08l11245:29569:29636 [7] NCCL INFO Channel 00 : 7[b3000] -> 2[48000] via P2P/IPC/read
x08l11245:29569:29636 [7] NCCL INFO Channel 01 : 7[b3000] -> 2[48000] via P2P/IPC/read
x08l11245:29564:29656 [4] NCCL INFO Channel 00 : 4[89000] -> 0[13000] via P2P/IPC/read
x08l11245:29569:29636 [7] NCCL INFO Channel 02 : 7[b3000] -> 2[48000] via P2P/IPC/read
x08l11245:29564:29656 [4] NCCL INFO Channel 02 : 4[89000] -> 0[13000] via P2P/IPC/read
x08l11245:29569:29636 [7] NCCL INFO Channel 03 : 7[b3000] -> 2[48000] via P2P/IPC/read
x08l11245:29564:29656 [4] NCCL INFO Channel 04 : 4[89000] -> 0[13000] via P2P/IPC/read
x08l11245:29564:29656 [4] NCCL INFO Channel 06 : 4[89000] -> 0[13000] via P2P/IPC/read
x08l11245:29567:29655 [6] NCCL INFO Channel 00 : 6[ad000] -> 2[48000] via P2P/IPC/read
x08l11245:29569:29636 [7] NCCL INFO Channel 04 : 7[b3000] -> 2[48000] via P2P/IPC/read
x08l11245:29567:29655 [6] NCCL INFO Channel 02 : 6[ad000] -> 2[48000] via P2P/IPC/read
x08l11245:29567:29655 [6] NCCL INFO Channel 04 : 6[ad000] -> 2[48000] via P2P/IPC/read
x08l11245:29569:29636 [7] NCCL INFO Channel 05 : 7[b3000] -> 2[48000] via P2P/IPC/read
x08l11245:29569:29636 [7] NCCL INFO Channel 06 : 7[b3000] -> 2[48000] via P2P/IPC/read
x08l11245:29569:29636 [7] NCCL INFO Channel 07 : 7[b3000] -> 2[48000] via P2P/IPC/read
x08l11245:29567:29655 [6] NCCL INFO Channel 06 : 6[ad000] -> 2[48000] via P2P/IPC/read
x08l11245:29565:29635 [5] NCCL INFO Channel 00 : 5[8e000] -> 1[19000] via P2P/IPC/read
x08l11245:29565:29635 [5] NCCL INFO Channel 02 : 5[8e000] -> 1[19000] via P2P/IPC/read
x08l11245:29565:29635 [5] NCCL INFO Channel 04 : 5[8e000] -> 1[19000] via P2P/IPC/read
x08l11245:29569:29636 [7] NCCL INFO Channel 00 : 7[b3000] -> 3[4d000] via P2P/IPC/read
x08l11245:29565:29635 [5] NCCL INFO Channel 06 : 5[8e000] -> 1[19000] via P2P/IPC/read
x08l11245:29569:29636 [7] NCCL INFO Channel 01 : 7[b3000] -> 3[4d000] via P2P/IPC/read
x08l11245:29565:29635 [5] NCCL INFO Channel 00 : 5[8e000] -> 2[48000] via P2P/IPC/read
x08l11245:29565:29635 [5] NCCL INFO Channel 01 : 5[8e000] -> 2[48000] via P2P/IPC/read
x08l11245:29565:29635 [5] NCCL INFO Channel 02 : 5[8e000] -> 2[48000] via P2P/IPC/read
x08l11245:29565:29635 [5] NCCL INFO Channel 03 : 5[8e000] -> 2[48000] via P2P/IPC/read
x08l11245:29565:29635 [5] NCCL INFO Channel 04 : 5[8e000] -> 2[48000] via P2P/IPC/read
x08l11245:29565:29635 [5] NCCL INFO Channel 05 : 5[8e000] -> 2[48000] via P2P/IPC/read
x08l11245:29567:29655 [6] NCCL INFO Channel 00 : 6[ad000] -> 3[4d000] via P2P/IPC/read
x08l11245:29565:29635 [5] NCCL INFO Channel 06 : 5[8e000] -> 2[48000] via P2P/IPC/read
x08l11245:29567:29655 [6] NCCL INFO Channel 02 : 6[ad000] -> 3[4d000] via P2P/IPC/read
x08l11245:29569:29636 [7] NCCL INFO Channel 02 : 7[b3000] -> 3[4d000] via P2P/IPC/read
x08l11245:29565:29635 [5] NCCL INFO Channel 07 : 5[8e000] -> 2[48000] via P2P/IPC/read
x08l11245:29567:29655 [6] NCCL INFO Channel 04 : 6[ad000] -> 3[4d000] via P2P/IPC/read
x08l11245:29569:29636 [7] NCCL INFO Channel 03 : 7[b3000] -> 3[4d000] via P2P/IPC/read
x08l11245:29567:29655 [6] NCCL INFO Channel 06 : 6[ad000] -> 3[4d000] via P2P/IPC/read
x08l11245:29569:29636 [7] NCCL INFO Channel 04 : 7[b3000] -> 3[4d000] via P2P/IPC/read
x08l11245:29569:29636 [7] NCCL INFO Channel 05 : 7[b3000] -> 3[4d000] via P2P/IPC/read
x08l11245:29569:29636 [7] NCCL INFO Channel 06 : 7[b3000] -> 3[4d000] via P2P/IPC/read
x08l11245:29564:29656 [4] NCCL INFO Channel 00 : 4[89000] -> 1[19000] via P2P/IPC/read
x08l11245:29564:29656 [4] NCCL INFO Channel 02 : 4[89000] -> 1[19000] via P2P/IPC/read
x08l11245:29569:29636 [7] NCCL INFO Channel 07 : 7[b3000] -> 3[4d000] via P2P/IPC/read
x08l11245:29564:29656 [4] NCCL INFO Channel 04 : 4[89000] -> 1[19000] via P2P/IPC/read
x08l11245:29564:29656 [4] NCCL INFO Channel 06 : 4[89000] -> 1[19000] via P2P/IPC/read
x08l11245:29569:29636 [7] NCCL INFO Channel 00 : 7[b3000] -> 4[89000] via P2P/IPC/read
x08l11245:29569:29636 [7] NCCL INFO Channel 01 : 7[b3000] -> 4[89000] via P2P/IPC/read
x08l11245:29569:29636 [7] NCCL INFO Channel 02 : 7[b3000] -> 4[89000] via P2P/IPC/read
x08l11245:29569:29636 [7] NCCL INFO Channel 03 : 7[b3000] -> 4[89000] via P2P/IPC/read
x08l11245:29569:29636 [7] NCCL INFO Channel 04 : 7[b3000] -> 4[89000] via P2P/IPC/read
x08l11245:29565:29635 [5] NCCL INFO Channel 00 : 5[8e000] -> 3[4d000] via P2P/IPC/read
x08l11245:29569:29636 [7] NCCL INFO Channel 05 : 7[b3000] -> 4[89000] via P2P/IPC/read
x08l11245:29565:29635 [5] NCCL INFO Channel 01 : 5[8e000] -> 3[4d000] via P2P/IPC/read
x08l11245:29569:29636 [7] NCCL INFO Channel 06 : 7[b3000] -> 4[89000] via P2P/IPC/read
x08l11245:29565:29635 [5] NCCL INFO Channel 02 : 5[8e000] -> 3[4d000] via P2P/IPC/read
x08l11245:29569:29636 [7] NCCL INFO Channel 07 : 7[b3000] -> 4[89000] via P2P/IPC/read
x08l11245:29565:29635 [5] NCCL INFO Channel 03 : 5[8e000] -> 3[4d000] via P2P/IPC/read
x08l11245:29565:29635 [5] NCCL INFO Channel 04 : 5[8e000] -> 3[4d000] via P2P/IPC/read
x08l11245:29562:29638 [2] NCCL INFO Channel 00 : 2[48000] -> 0[13000] via P2P/IPC/read
x08l11245:29563:29637 [3] NCCL INFO Channel 00 : 3[4d000] -> 0[13000] via P2P/IPC/read
x08l11245:29565:29635 [5] NCCL INFO Channel 05 : 5[8e000] -> 3[4d000] via P2P/IPC/read
x08l11245:29562:29638 [2] NCCL INFO Channel 02 : 2[48000] -> 0[13000] via P2P/IPC/read
x08l11245:29563:29637 [3] NCCL INFO Channel 02 : 3[4d000] -> 0[13000] via P2P/IPC/read
x08l11245:29565:29635 [5] NCCL INFO Channel 06 : 5[8e000] -> 3[4d000] via P2P/IPC/read
x08l11245:29562:29638 [2] NCCL INFO Channel 04 : 2[48000] -> 0[13000] via P2P/IPC/read
x08l11245:29563:29637 [3] NCCL INFO Channel 04 : 3[4d000] -> 0[13000] via P2P/IPC/read
x08l11245:29565:29635 [5] NCCL INFO Channel 07 : 5[8e000] -> 3[4d000] via P2P/IPC/read
x08l11245:29563:29637 [3] NCCL INFO Channel 06 : 3[4d000] -> 0[13000] via P2P/IPC/read
x08l11245:29562:29638 [2] NCCL INFO Channel 06 : 2[48000] -> 0[13000] via P2P/IPC/read
x08l11245:29569:29636 [7] NCCL INFO Channel 00 : 7[b3000] -> 5[8e000] via P2P/IPC/read
x08l11245:29569:29636 [7] NCCL INFO Channel 02 : 7[b3000] -> 5[8e000] via P2P/IPC/read
x08l11245:29569:29636 [7] NCCL INFO Channel 04 : 7[b3000] -> 5[8e000] via P2P/IPC/read
x08l11245:29569:29636 [7] NCCL INFO Channel 06 : 7[b3000] -> 5[8e000] via P2P/IPC/read
x08l11245:29567:29655 [6] NCCL INFO Channel 00 : 6[ad000] -> 4[89000] via P2P/IPC/read
x08l11245:29567:29655 [6] NCCL INFO Channel 01 : 6[ad000] -> 4[89000] via P2P/IPC/read
x08l11245:29567:29655 [6] NCCL INFO Channel 02 : 6[ad000] -> 4[89000] via P2P/IPC/read
x08l11245:29567:29655 [6] NCCL INFO Channel 03 : 6[ad000] -> 4[89000] via P2P/IPC/read
x08l11245:29567:29655 [6] NCCL INFO Channel 04 : 6[ad000] -> 4[89000] via P2P/IPC/read
x08l11245:29567:29655 [6] NCCL INFO Channel 05 : 6[ad000] -> 4[89000] via P2P/IPC/read
x08l11245:29563:29637 [3] NCCL INFO Channel 00 : 3[4d000] -> 1[19000] via P2P/IPC/read
x08l11245:29560:29614 [0] NCCL INFO Connected 1 MSCCL algorithms
x08l11245:29560:29614 [0] NCCL INFO threadThresholds 8/8/64 | 256/8/64 | 8/8/64 | 8/8/512
x08l11245:29560:29614 [0] NCCL INFO 8 coll channels, 8 p2p channels, 2 p2p channels per peer
x08l11245:29563:29637 [3] NCCL INFO Channel 02 : 3[4d000] -> 1[19000] via P2P/IPC/read
x08l11245:29567:29655 [6] NCCL INFO Channel 06 : 6[ad000] -> 4[89000] via P2P/IPC/read
x08l11245:29564:29656 [4] NCCL INFO Channel 00 : 4[89000] -> 2[48000] via P2P/IPC/read
x08l11245:29563:29637 [3] NCCL INFO Channel 04 : 3[4d000] -> 1[19000] via P2P/IPC/read
x08l11245:29567:29655 [6] NCCL INFO Channel 07 : 6[ad000] -> 4[89000] via P2P/IPC/read
x08l11245:29563:29637 [3] NCCL INFO Channel 06 : 3[4d000] -> 1[19000] via P2P/IPC/read
x08l11245:29564:29656 [4] NCCL INFO Channel 01 : 4[89000] -> 2[48000] via P2P/IPC/read
x08l11245:29564:29656 [4] NCCL INFO Channel 02 : 4[89000] -> 2[48000] via P2P/IPC/read
x08l11245:29561:29652 [1] NCCL INFO Connected 1 MSCCL algorithms
x08l11245:29561:29652 [1] NCCL INFO threadThresholds 8/8/64 | 256/8/64 | 8/8/64 | 8/8/512
x08l11245:29561:29652 [1] NCCL INFO 8 coll channels, 8 p2p channels, 2 p2p channels per peer
x08l11245:29564:29656 [4] NCCL INFO Channel 03 : 4[89000] -> 2[48000] via P2P/IPC/read
x08l11245:29563:29637 [3] NCCL INFO Connected 1 MSCCL algorithms
x08l11245:29563:29637 [3] NCCL INFO threadThresholds 8/8/64 | 256/8/64 | 8/8/64 | 8/8/512
x08l11245:29563:29637 [3] NCCL INFO 8 coll channels, 8 p2p channels, 2 p2p channels per peer
x08l11245:29564:29656 [4] NCCL INFO Channel 04 : 4[89000] -> 2[48000] via P2P/IPC/read
x08l11245:29564:29656 [4] NCCL INFO Channel 05 : 4[89000] -> 2[48000] via P2P/IPC/read
x08l11245:29565:29635 [5] NCCL INFO Connected 1 MSCCL algorithms
x08l11245:29565:29635 [5] NCCL INFO threadThresholds 8/8/64 | 256/8/64 | 8/8/64 | 8/8/512
x08l11245:29565:29635 [5] NCCL INFO 8 coll channels, 8 p2p channels, 2 p2p channels per peer
x08l11245:29564:29656 [4] NCCL INFO Channel 06 : 4[89000] -> 2[48000] via P2P/IPC/read
x08l11245:29564:29656 [4] NCCL INFO Channel 07 : 4[89000] -> 2[48000] via P2P/IPC/read
x08l11245:29567:29655 [6] NCCL INFO Connected 1 MSCCL algorithms
x08l11245:29567:29655 [6] NCCL INFO threadThresholds 8/8/64 | 256/8/64 | 8/8/64 | 8/8/512
x08l11245:29567:29655 [6] NCCL INFO 8 coll channels, 8 p2p channels, 2 p2p channels per peer
x08l11245:29562:29638 [2] NCCL INFO Connected 1 MSCCL algorithms
x08l11245:29562:29638 [2] NCCL INFO threadThresholds 8/8/64 | 256/8/64 | 8/8/64 | 8/8/512
x08l11245:29562:29638 [2] NCCL INFO 8 coll channels, 8 p2p channels, 2 p2p channels per peer
x08l11245:29564:29656 [4] NCCL INFO Connected 1 MSCCL algorithms
x08l11245:29564:29656 [4] NCCL INFO threadThresholds 8/8/64 | 256/8/64 | 8/8/64 | 8/8/512
x08l11245:29564:29656 [4] NCCL INFO 8 coll channels, 8 p2p channels, 2 p2p channels per peer
x08l11245:29569:29636 [7] NCCL INFO Channel 00/0 : 8[13000] -> 7[b3000] [receive] via NET/IB/4/GDRDMA
x08l11245:29569:29636 [7] NCCL INFO Channel 02/0 : 8[13000] -> 7[b3000] [receive] via NET/IB/4/GDRDMA
x08l11245:29569:29636 [7] NCCL INFO Channel 04/0 : 8[13000] -> 7[b3000] [receive] via NET/IB/4/GDRDMA
x08l11245:29569:29636 [7] NCCL INFO Channel 06/0 : 8[13000] -> 7[b3000] [receive] via NET/IB/4/GDRDMA
x08l11245:29569:29636 [7] NCCL INFO Connected 1 MSCCL algorithms
x08l11245:29569:29636 [7] NCCL INFO threadThresholds 8/8/64 | 256/8/64 | 8/8/64 | 8/8/512
x08l11245:29569:29636 [7] NCCL INFO 8 coll channels, 8 p2p channels, 2 p2p channels per peer
x08l11245:29563:29637 [3] NCCL INFO comm 0x7effe645a010 rank 3 nranks 32 cudaDev 3 busId 4d000 - Init COMPLETE
x08l11245:29569:29636 [7] NCCL INFO comm 0x7f61a445a010 rank 7 nranks 32 cudaDev 7 busId b3000 - Init COMPLETE
x08l11245:29567:29655 [6] NCCL INFO comm 0x7f1f40c57010 rank 6 nranks 32 cudaDev 6 busId ad000 - Init COMPLETE
x08l11245:29565:29635 [5] NCCL INFO comm 0x7f6cc045a010 rank 5 nranks 32 cudaDev 5 busId 8e000 - Init COMPLETE
x08l11245:29562:29638 [2] NCCL INFO comm 0x7fce2445a010 rank 2 nranks 32 cudaDev 2 busId 48000 - Init COMPLETE
x08l11245:29564:29656 [4] NCCL INFO comm 0x7f837c45a010 rank 4 nranks 32 cudaDev 4 busId 89000 - Init COMPLETE
x08l11245:29561:29652 [1] NCCL INFO comm 0x7f5d0845a010 rank 1 nranks 32 cudaDev 1 busId 19000 - Init COMPLETE
x08l11245:29560:29614 [0] NCCL INFO comm 0x7fb448a59010 rank 0 nranks 32 cudaDev 0 busId 13000 - Init COMPLETE
#
#                                                              out-of-place                       in-place          
#       size         count      type   redop    root     time   algbw   busbw #wrong     time   algbw   busbw #wrong
#        (B)    (elements)                               (us)  (GB/s)  (GB/s)            (us)  (GB/s)  (GB/s)       
x08l11245:29560:29560 [0] NCCL INFO Launch mode Parallel
        1024           256     float     sum      -1    565.1    0.00    0.00      0    563.6    0.00    0.00      0
        2048           512     float     sum      -1    575.0    0.00    0.01      0    580.8    0.00    0.01      0
        4096          1024     float     sum      -1    603.7    0.01    0.01      0    600.9    0.01    0.01      0
        8192          2048     float     sum      -1    601.9    0.01    0.03      0    604.5    0.01    0.03      0
       16384          4096     float     sum      -1    611.6    0.03    0.05      0    609.5    0.03    0.05      0
       32768          8192     float     sum      -1    621.8    0.05    0.10      0    607.1    0.05    0.10      0
       65536         16384     float     sum      -1    662.7    0.10    0.19      0    666.2    0.10    0.19      0
      131072         32768     float     sum      -1    757.2    0.17    0.34      0    761.3    0.17    0.33      0
      262144         65536     float     sum      -1    775.7    0.34    0.65      0    776.8    0.34    0.65      0
      524288        131072     float     sum      -1    806.1    0.65    1.26      0    810.1    0.65    1.25      0
     1048576        262144     float     sum      -1    833.1    1.26    2.44      0    544.1    1.93    3.73      0
     2097152        524288     float     sum      -1    846.9    2.48    4.80      0    519.6    4.04    7.82      0
     4194304       1048576     float     sum      -1    905.9    4.63    8.97      0    566.1    7.41   14.36      0
     8388608       2097152     float     sum      -1    986.1    8.51   16.48      0    747.2   11.23   21.75      0
    16777216       4194304     float     sum      -1   1187.5   14.13   27.37      0    967.5   17.34   33.60      0
    33554432       8388608     float     sum      -1   1538.3   21.81   42.26      0   1478.2   22.70   43.98      0
    67108864      16777216     float     sum      -1   2378.6   28.21   54.66      0   2487.9   26.97   52.26      0
   134217728      33554432     float     sum      -1   4281.5   31.35   60.74      0   4645.2   28.89   55.98      0
   268435456      67108864     float     sum      -1   8408.2   31.93   61.86      0   9159.9   29.31   56.78      0
   536870912     134217728     float     sum      -1    16560   32.42   62.81      0    17805   30.15   58.42      0
  1073741824     268435456     float     sum      -1    34691   30.95   59.97      0    33756   31.81   61.63      0
  2147483648     536870912     float     sum      -1    67076   32.02   62.03      0    67022   32.04   62.08      0
  4294967296    1073741824     float     sum      -1   135241   31.76   61.53      0   134495   31.93   61.87      0
x08l11245:29561:29561 [1] NCCL INFO comm 0x7f5d0845a010 rank 1 nranks 32 cudaDev 1 busId 19000 - Destroy COMPLETE
x08l11245:29569:29569 [7] NCCL INFO comm 0x7f61a445a010 rank 7 nranks 32 cudaDev 7 busId b3000 - Destroy COMPLETE
x08l11245:29563:29563 [3] NCCL INFO comm 0x7effe645a010 rank 3 nranks 32 cudaDev 3 busId 4d000 - Destroy COMPLETE
x08l11245:29565:29565 [5] NCCL INFO comm 0x7f6cc045a010 rank 5 nranks 32 cudaDev 5 busId 8e000 - Destroy COMPLETE
x08l11245:29567:29567 [6] NCCL INFO comm 0x7f1f40c57010 rank 6 nranks 32 cudaDev 6 busId ad000 - Destroy COMPLETE
x08l11245:29564:29564 [4] NCCL INFO comm 0x7f837c45a010 rank 4 nranks 32 cudaDev 4 busId 89000 - Destroy COMPLETE
x08l11245:29560:29560 [0] NCCL INFO comm 0x7fb448a59010 rank 0 nranks 32 cudaDev 0 busId 13000 - Destroy COMPLETE
# Out of bounds values : 0 OK
# Avg bus bandwidth    : 23.1625 
#
x08l11245:29562:29562 [2] NCCL INFO comm 0x7fce2445a010 rank 2 nranks 32 cudaDev 2 busId 48000 - Destroy COMPLETE

