# nThread 1 nGpus 1 minBytes 1024 maxBytes 4294967296 step: 2(factor) warmup iters: 1 iters: 1 agg iters: 1 validation: 1 graph: 0
#
# Using devices
#  Rank  0 Group  0 Pid  29682 on  x08l11245 device  0 [0000:13:00] NVIDIA A100-SXM4-80GB
#  Rank  1 Group  0 Pid  29683 on  x08l11245 device  1 [0000:19:00] NVIDIA A100-SXM4-80GB
#  Rank  2 Group  0 Pid  29684 on  x08l11245 device  2 [0000:48:00] NVIDIA A100-SXM4-80GB
#  Rank  3 Group  0 Pid  29685 on  x08l11245 device  3 [0000:4d:00] NVIDIA A100-SXM4-80GB
#  Rank  4 Group  0 Pid  29686 on  x08l11245 device  4 [0000:89:00] NVIDIA A100-SXM4-80GB
#  Rank  5 Group  0 Pid  29687 on  x08l11245 device  5 [0000:8e:00] NVIDIA A100-SXM4-80GB
#  Rank  6 Group  0 Pid  29688 on  x08l11245 device  6 [0000:ad:00] NVIDIA A100-SXM4-80GB
#  Rank  7 Group  0 Pid  29691 on  x08l11245 device  7 [0000:b3:00] NVIDIA A100-SXM4-80GB
#  Rank  8 Group  0 Pid  13695 on  x08j11224 device  0 [0000:13:00] NVIDIA A100-SXM4-80GB
#  Rank  9 Group  0 Pid  13696 on  x08j11224 device  1 [0000:19:00] NVIDIA A100-SXM4-80GB
#  Rank 10 Group  0 Pid  13697 on  x08j11224 device  2 [0000:48:00] NVIDIA A100-SXM4-80GB
#  Rank 11 Group  0 Pid  13698 on  x08j11224 device  3 [0000:4d:00] NVIDIA A100-SXM4-80GB
#  Rank 12 Group  0 Pid  13699 on  x08j11224 device  4 [0000:89:00] NVIDIA A100-SXM4-80GB
#  Rank 13 Group  0 Pid  13700 on  x08j11224 device  5 [0000:8e:00] NVIDIA A100-SXM4-80GB
#  Rank 14 Group  0 Pid  13701 on  x08j11224 device  6 [0000:ad:00] NVIDIA A100-SXM4-80GB
#  Rank 15 Group  0 Pid  13703 on  x08j11224 device  7 [0000:b3:00] NVIDIA A100-SXM4-80GB
#  Rank 16 Group  0 Pid  33980 on  x08l11244 device  0 [0000:13:00] NVIDIA A100-SXM4-80GB
#  Rank 17 Group  0 Pid  33981 on  x08l11244 device  1 [0000:19:00] NVIDIA A100-SXM4-80GB
#  Rank 18 Group  0 Pid  33982 on  x08l11244 device  2 [0000:48:00] NVIDIA A100-SXM4-80GB
#  Rank 19 Group  0 Pid  33983 on  x08l11244 device  3 [0000:4d:00] NVIDIA A100-SXM4-80GB
#  Rank 20 Group  0 Pid  33984 on  x08l11244 device  4 [0000:89:00] NVIDIA A100-SXM4-80GB
#  Rank 21 Group  0 Pid  33985 on  x08l11244 device  5 [0000:8e:00] NVIDIA A100-SXM4-80GB
#  Rank 22 Group  0 Pid  33986 on  x08l11244 device  6 [0000:ad:00] NVIDIA A100-SXM4-80GB
#  Rank 23 Group  0 Pid  33989 on  x08l11244 device  7 [0000:b3:00] NVIDIA A100-SXM4-80GB
#  Rank 24 Group  0 Pid 118142 on  x08j11173 device  0 [0000:13:00] NVIDIA A100-SXM4-80GB
#  Rank 25 Group  0 Pid 118143 on  x08j11173 device  1 [0000:19:00] NVIDIA A100-SXM4-80GB
#  Rank 26 Group  0 Pid 118144 on  x08j11173 device  2 [0000:48:00] NVIDIA A100-SXM4-80GB
#  Rank 27 Group  0 Pid 118145 on  x08j11173 device  3 [0000:4d:00] NVIDIA A100-SXM4-80GB
#  Rank 28 Group  0 Pid 118146 on  x08j11173 device  4 [0000:89:00] NVIDIA A100-SXM4-80GB
#  Rank 29 Group  0 Pid 118147 on  x08j11173 device  5 [0000:8e:00] NVIDIA A100-SXM4-80GB
#  Rank 30 Group  0 Pid 118148 on  x08j11173 device  6 [0000:ad:00] NVIDIA A100-SXM4-80GB
#  Rank 31 Group  0 Pid 118150 on  x08j11173 device  7 [0000:b3:00] NVIDIA A100-SXM4-80GB
x08l11245:29682:29682 [0] NCCL INFO Bootstrap : Using bond0:33.255.169.92<0>
x08l11245:29682:29682 [0] NCCL INFO NET/Plugin : No plugin found (libnccl-net.so), using internal implementation
x08l11245:29682:29682 [0] NCCL INFO NET/IB : Using [0]mlx5_bond_0:1/RoCE [1]mlx5_bond_1:1/RoCE [2]mlx5_bond_2:1/RoCE [3]mlx5_bond_3:1/RoCE [4]mlx5_bond_4:1/RoCE [RO]; OOB bond0:33.255.169.92<0>
x08l11245:29682:29682 [0] NCCL INFO Using network IB
NCCL version 2.12.12.MSCCL.0.7.4+cuda12.4
x08l11245:29691:29691 [7] NCCL INFO Bootstrap : Using bond0:33.255.169.92<0>
x08l11245:29691:29691 [7] NCCL INFO NET/Plugin : No plugin found (libnccl-net.so), using internal implementation
x08l11245:29687:29687 [5] NCCL INFO Bootstrap : Using bond0:33.255.169.92<0>
x08l11245:29687:29687 [5] NCCL INFO NET/Plugin : No plugin found (libnccl-net.so), using internal implementation
x08l11245:29685:29685 [3] NCCL INFO Bootstrap : Using bond0:33.255.169.92<0>
x08l11245:29685:29685 [3] NCCL INFO NET/Plugin : No plugin found (libnccl-net.so), using internal implementation
x08l11245:29683:29683 [1] NCCL INFO Bootstrap : Using bond0:33.255.169.92<0>
x08l11245:29686:29686 [4] NCCL INFO Bootstrap : Using bond0:33.255.169.92<0>
x08l11245:29683:29683 [1] NCCL INFO NET/Plugin : No plugin found (libnccl-net.so), using internal implementation
x08l11245:29686:29686 [4] NCCL INFO NET/Plugin : No plugin found (libnccl-net.so), using internal implementation
x08l11245:29684:29684 [2] NCCL INFO Bootstrap : Using bond0:33.255.169.92<0>
x08l11245:29684:29684 [2] NCCL INFO NET/Plugin : No plugin found (libnccl-net.so), using internal implementation
x08l11245:29688:29688 [6] NCCL INFO Bootstrap : Using bond0:33.255.169.92<0>
x08l11245:29688:29688 [6] NCCL INFO NET/Plugin : No plugin found (libnccl-net.so), using internal implementation
x08l11245:29691:29691 [7] NCCL INFO NET/IB : Using [0]mlx5_bond_0:1/RoCE [1]mlx5_bond_1:1/RoCE [2]mlx5_bond_2:1/RoCE [3]mlx5_bond_3:1/RoCE [4]mlx5_bond_4:1/RoCE [RO]; OOB bond0:33.255.169.92<0>
x08l11245:29691:29691 [7] NCCL INFO Using network IB
x08l11245:29683:29683 [1] NCCL INFO NET/IB : Using [0]mlx5_bond_0:1/RoCE [1]mlx5_bond_1:1/RoCE [2]mlx5_bond_2:1/RoCE [3]mlx5_bond_3:1/RoCE [4]mlx5_bond_4:1/RoCE [RO]; OOB bond0:33.255.169.92<0>
x08l11245:29683:29683 [1] NCCL INFO Using network IB
x08l11245:29686:29686 [4] NCCL INFO NET/IB : Using [0]mlx5_bond_0:1/RoCE [1]mlx5_bond_1:1/RoCE [2]mlx5_bond_2:1/RoCE [3]mlx5_bond_3:1/RoCE [4]mlx5_bond_4:1/RoCE [RO]; OOB bond0:33.255.169.92<0>
x08l11245:29686:29686 [4] NCCL INFO Using network IB
x08l11245:29688:29688 [6] NCCL INFO NET/IB : Using [0]mlx5_bond_0:1/RoCE [1]mlx5_bond_1:1/RoCE [2]mlx5_bond_2:1/RoCE [3]mlx5_bond_3:1/RoCE [4]mlx5_bond_4:1/RoCE [RO]; OOB bond0:33.255.169.92<0>
x08l11245:29688:29688 [6] NCCL INFO Using network IB
x08l11245:29687:29687 [5] NCCL INFO NET/IB : Using [0]mlx5_bond_0:1/RoCE [1]mlx5_bond_1:1/RoCE [2]mlx5_bond_2:1/RoCE [3]mlx5_bond_3:1/RoCE [4]mlx5_bond_4:1/RoCE [RO]; OOB bond0:33.255.169.92<0>
x08l11245:29687:29687 [5] NCCL INFO Using network IB
x08l11245:29684:29684 [2] NCCL INFO NET/IB : Using [0]mlx5_bond_0:1/RoCE [1]mlx5_bond_1:1/RoCE [2]mlx5_bond_2:1/RoCE [3]mlx5_bond_3:1/RoCE [4]mlx5_bond_4:1/RoCE [RO]; OOB bond0:33.255.169.92<0>
x08l11245:29684:29684 [2] NCCL INFO Using network IB
x08l11245:29685:29685 [3] NCCL INFO NET/IB : Using [0]mlx5_bond_0:1/RoCE [1]mlx5_bond_1:1/RoCE [2]mlx5_bond_2:1/RoCE [3]mlx5_bond_3:1/RoCE [4]mlx5_bond_4:1/RoCE [RO]; OOB bond0:33.255.169.92<0>
x08l11245:29685:29685 [3] NCCL INFO Using network IB
x08l11245:29683:29770 [1] NCCL INFO NCCL_PXN_DISABLE set by environment to 0.
x08l11245:29683:29770 [1] NCCL INFO NCCL_NET_GDR_LEVEL set by environment to PXB
x08l11245:29684:29777 [2] NCCL INFO NCCL_PXN_DISABLE set by environment to 0.
x08l11245:29684:29777 [2] NCCL INFO NCCL_NET_GDR_LEVEL set by environment to PXB
x08l11245:29684:29777 [2] NCCL INFO Setting affinity for GPU 2 to ffffffff,00000000,ffffffff
x08l11245:29685:29778 [3] NCCL INFO NCCL_PXN_DISABLE set by environment to 0.
x08l11245:29685:29778 [3] NCCL INFO NCCL_NET_GDR_LEVEL set by environment to PXB
x08l11245:29687:29776 [5] NCCL INFO NCCL_PXN_DISABLE set by environment to 0.
x08l11245:29687:29776 [5] NCCL INFO NCCL_NET_GDR_LEVEL set by environment to PXB
x08l11245:29687:29776 [5] NCCL INFO Setting affinity for GPU 5 to ffffffff,00000000,ffffffff,00000000
x08l11245:29686:29773 [4] NCCL INFO NCCL_PXN_DISABLE set by environment to 0.
x08l11245:29686:29773 [4] NCCL INFO NCCL_NET_GDR_LEVEL set by environment to PXB
x08l11245:29691:29767 [7] NCCL INFO NCCL_PXN_DISABLE set by environment to 0.
x08l11245:29691:29767 [7] NCCL INFO NCCL_NET_GDR_LEVEL set by environment to PXB
x08l11245:29688:29774 [6] NCCL INFO NCCL_PXN_DISABLE set by environment to 0.
x08l11245:29688:29774 [6] NCCL INFO NCCL_NET_GDR_LEVEL set by environment to PXB
x08l11245:29691:29767 [7] NCCL INFO Setting affinity for GPU 7 to ffffffff,00000000,ffffffff,00000000
x08l11245:29682:29736 [0] NCCL INFO NCCL_PXN_DISABLE set by environment to 0.
x08l11245:29682:29736 [0] NCCL INFO NCCL_NET_GDR_LEVEL set by environment to PXB
x08l11245:29682:29736 [0] NCCL INFO Setting affinity for GPU 0 to ffffffff,00000000,ffffffff
x08l11245:29683:29770 [1] NCCL INFO Trees [0] 2/-1/-1->1->0 [1] -1/-1/-1->1->0 [2] 2/-1/-1->1->0 [3] 2/-1/-1->1->0 [4] 2/-1/-1->1->0 [5] -1/-1/-1->1->0 [6] 2/-1/-1->1->0 [7] 2/-1/-1->1->0
x08l11245:29683:29770 [1] NCCL INFO NCCL_BUFFSIZE set by environment to 4194304.
x08l11245:29688:29774 [6] NCCL INFO Trees [0] 7/-1/-1->6->5 [1] 7/-1/-1->6->5 [2] 7/-1/-1->6->5 [3] 7/22/-1->6->-1 [4] 7/-1/-1->6->5 [5] 7/-1/-1->6->5 [6] 7/-1/-1->6->5 [7] 7/-1/-1->6->14
x08l11245:29688:29774 [6] NCCL INFO NCCL_BUFFSIZE set by environment to 4194304.
x08l11245:29686:29773 [4] NCCL INFO Trees [0] 5/-1/-1->4->3 [1] 5/-1/-1->4->3 [2] 5/20/-1->4->-1 [3] 5/-1/-1->4->3 [4] 5/-1/-1->4->3 [5] 5/-1/-1->4->3 [6] 5/-1/-1->4->12 [7] 5/-1/-1->4->3
x08l11245:29686:29773 [4] NCCL INFO NCCL_BUFFSIZE set by environment to 4194304.
x08l11245:29687:29776 [5] NCCL INFO Trees [0] 6/-1/-1->5->4 [1] 6/-1/-1->5->4 [2] 6/-1/-1->5->4 [3] -1/-1/-1->5->4 [4] 6/-1/-1->5->4 [5] 6/-1/-1->5->4 [6] 6/-1/-1->5->4 [7] -1/-1/-1->5->4
x08l11245:29687:29776 [5] NCCL INFO NCCL_BUFFSIZE set by environment to 4194304.
x08l11245:29685:29778 [3] NCCL INFO Trees [0] 4/-1/-1->3->2 [1] 4/-1/-1->3->2 [2] -1/-1/-1->3->2 [3] 4/-1/-1->3->2 [4] 4/-1/-1->3->2 [5] 4/-1/-1->3->2 [6] -1/-1/-1->3->2 [7] 4/-1/-1->3->2
x08l11245:29685:29778 [3] NCCL INFO NCCL_BUFFSIZE set by environment to 4194304.
x08l11245:29691:29767 [7] NCCL INFO Trees [0] -1/-1/-1->7->6 [1] 0/-1/-1->7->6 [2] 0/-1/-1->7->6 [3] 0/-1/-1->7->6 [4] -1/-1/-1->7->6 [5] 0/-1/-1->7->6 [6] 0/-1/-1->7->6 [7] 0/-1/-1->7->6
x08l11245:29691:29767 [7] NCCL INFO NCCL_BUFFSIZE set by environment to 4194304.
x08l11245:29682:29736 [0] NCCL INFO Channel 00/08 :    0   7   6   5   4   3   2   1   8  15  14  13  12  11  10   9  16  23  22  21
x08l11245:29682:29736 [0] NCCL INFO Channel 01/08 :    0   3  10  15  14  13  12   9   8  11  18  23  22  21  20  17  16  19  26  31
x08l11245:29682:29736 [0] NCCL INFO Channel 02/08 :    0   7   6   5  12  11  10   9   8  15  14  13  20  19  18  17  16  23  22  21
x08l11245:29682:29736 [0] NCCL INFO Channel 03/08 :    0   5   4   7  14  11  10   9   8  13  12  15  22  19  18  17  16  21  20  23
x08l11245:29682:29736 [0] NCCL INFO Channel 04/08 :    0   7   6   5   4   3   2   1   8  15  14  13  12  11  10   9  16  23  22  21
x08l11245:29682:29736 [0] NCCL INFO Channel 05/08 :    0   3  10  15  14  13  12   9   8  11  18  23  22  21  20  17  16  19  26  31
x08l11245:29682:29736 [0] NCCL INFO Channel 06/08 :    0   7   6   5  12  11  10   9   8  15  14  13  20  19  18  17  16  23  22  21
x08l11245:29682:29736 [0] NCCL INFO Channel 07/08 :    0   5   4   7  14  11  10   9   8  13  12  15  22  19  18  17  16  21  20  23
x08l11245:29684:29777 [2] NCCL INFO Trees [0] 3/-1/-1->2->1 [1] 3/18/-1->2->-1 [2] 3/-1/-1->2->1 [3] 3/-1/-1->2->1 [4] 3/-1/-1->2->1 [5] 3/-1/-1->2->10 [6] 3/-1/-1->2->1 [7] 3/-1/-1->2->1
x08l11245:29684:29777 [2] NCCL INFO NCCL_BUFFSIZE set by environment to 4194304.
x08l11245:29682:29736 [0] NCCL INFO Trees [0] 1/16/-1->0->-1 [1] 1/-1/-1->0->7 [2] 1/-1/-1->0->7 [3] 1/-1/-1->0->7 [4] 1/-1/-1->0->8 [5] 1/-1/-1->0->7 [6] 1/-1/-1->0->7 [7] 1/-1/-1->0->7
x08l11245:29682:29736 [0] NCCL INFO NCCL_BUFFSIZE set by environment to 4194304.
x08l11245:29686:29773 [4] NCCL INFO Channel 03 : 4[89000] -> 7[b3000] via P2P/IPC/read
x08l11245:29682:29736 [0] NCCL INFO Channel 01 : 0[13000] -> 3[4d000] via P2P/IPC/read
x08l11245:29684:29777 [2] NCCL INFO Channel 01 : 2[48000] -> 7[b3000] via P2P/IPC/read
x08l11245:29686:29773 [4] NCCL INFO Channel 07 : 4[89000] -> 7[b3000] via P2P/IPC/read
x08l11245:29688:29774 [6] NCCL INFO Channel 03/0 : 31[b3000] -> 6[ad000] [receive] via NET/IB/4/GDRDMA
x08l11245:29688:29774 [6] NCCL INFO Channel 07/0 : 31[b3000] -> 6[ad000] [receive] via NET/IB/4/GDRDMA
x08l11245:29682:29736 [0] NCCL INFO Channel 05 : 0[13000] -> 3[4d000] via P2P/IPC/read
x08l11245:29683:29770 [1] NCCL INFO Channel 00/0 : 1[19000] -> 8[13000] [send] via NET/IB/1/GDRDMA
x08l11245:29683:29770 [1] NCCL INFO Channel 04/0 : 1[19000] -> 8[13000] [send] via NET/IB/1/GDRDMA
x08l11245:29684:29777 [2] NCCL INFO Channel 05 : 2[48000] -> 7[b3000] via P2P/IPC/read
x08l11245:29682:29736 [0] NCCL INFO Channel 03 : 0[13000] -> 5[8e000] via P2P/IPC/read
x08l11245:29682:29736 [0] NCCL INFO Channel 07 : 0[13000] -> 5[8e000] via P2P/IPC/read
x08l11245:29685:29778 [3] NCCL INFO Channel 01/0 : 3[4d000] -> 10[48000] [send] via NET/IB/2/GDRDMA
x08l11245:29686:29773 [4] NCCL INFO Channel 02/0 : 29[8e000] -> 4[89000] [receive] via NET/IB/3/GDRDMA
x08l11245:29687:29776 [5] NCCL INFO Channel 02/0 : 5[8e000] -> 12[89000] [send] via NET/IB/3/GDRDMA
x08l11245:29682:29736 [0] NCCL INFO Channel 00/0 : 25[19000] -> 0[13000] [receive] via NET/IB/1/GDRDMA
x08l11245:29684:29777 [2] NCCL INFO Channel 01/0 : 27[4d000] -> 2[48000] [receive] via NET/IB/2/GDRDMA
x08l11245:29685:29778 [3] NCCL INFO Channel 05/0 : 3[4d000] -> 10[48000] [send] via NET/IB/2/GDRDMA
x08l11245:29686:29773 [4] NCCL INFO Channel 06/0 : 29[8e000] -> 4[89000] [receive] via NET/IB/3/GDRDMA
x08l11245:29687:29776 [5] NCCL INFO Channel 06/0 : 5[8e000] -> 12[89000] [send] via NET/IB/3/GDRDMA
x08l11245:29682:29736 [0] NCCL INFO Channel 04/0 : 25[19000] -> 0[13000] [receive] via NET/IB/1/GDRDMA
x08l11245:29682:29736 [0] NCCL INFO Channel 00 : 0[13000] -> 7[b3000] via P2P/IPC/read
x08l11245:29682:29736 [0] NCCL INFO Channel 02 : 0[13000] -> 7[b3000] via P2P/IPC/read
x08l11245:29682:29736 [0] NCCL INFO Channel 04 : 0[13000] -> 7[b3000] via P2P/IPC/read
x08l11245:29682:29736 [0] NCCL INFO Channel 06 : 0[13000] -> 7[b3000] via P2P/IPC/read
x08l11245:29686:29783 [4] NCCL INFO NCCL_IB_GID_INDEX set by environment to 3.
x08l11245:29684:29777 [2] NCCL INFO Channel 05/0 : 27[4d000] -> 2[48000] [receive] via NET/IB/2/GDRDMA
x08l11245:29691:29767 [7] NCCL INFO Channel 03/0 : 7[b3000] -> 14[ad000] [send] via NET/IB/4/GDRDMA
x08l11245:29691:29767 [7] NCCL INFO Channel 07/0 : 7[b3000] -> 14[ad000] [send] via NET/IB/4/GDRDMA
x08l11245:29684:29780 [2] NCCL INFO NCCL_IB_GID_INDEX set by environment to 3.
x08l11245:29686:29783 [4] NCCL INFO NCCL_IB_TC set by environment to 16.
x08l11245:29686:29783 [4] NCCL INFO NCCL_IB_SL set by environment to 5.
x08l11245:29688:29785 [6] NCCL INFO NCCL_IB_GID_INDEX set by environment to 3.
x08l11245:29686:29783 [4] NCCL INFO NCCL_IB_TIMEOUT set by environment to 22.
x08l11245:29682:29786 [0] NCCL INFO NCCL_IB_GID_INDEX set by environment to 3.
x08l11245:29684:29780 [2] NCCL INFO NCCL_IB_TC set by environment to 16.
x08l11245:29684:29780 [2] NCCL INFO NCCL_IB_SL set by environment to 5.
x08l11245:29688:29785 [6] NCCL INFO NCCL_IB_TC set by environment to 16.
x08l11245:29688:29785 [6] NCCL INFO NCCL_IB_SL set by environment to 5.
x08l11245:29688:29785 [6] NCCL INFO NCCL_IB_TIMEOUT set by environment to 22.
x08l11245:29684:29780 [2] NCCL INFO NCCL_IB_TIMEOUT set by environment to 22.
x08l11245:29682:29786 [0] NCCL INFO NCCL_IB_TC set by environment to 16.
x08l11245:29682:29786 [0] NCCL INFO NCCL_IB_SL set by environment to 5.
x08l11245:29682:29786 [0] NCCL INFO NCCL_IB_TIMEOUT set by environment to 22.
x08l11245:29686:29773 [4] NCCL INFO Channel 01 : 4[89000] -> 1[19000] via P2P/IPC/read
x08l11245:29686:29773 [4] NCCL INFO Channel 05 : 4[89000] -> 1[19000] via P2P/IPC/read
x08l11245:29688:29774 [6] NCCL INFO Channel 03 : 6[ad000] -> 3[4d000] via P2P/IPC/read
x08l11245:29688:29774 [6] NCCL INFO Channel 07 : 6[ad000] -> 3[4d000] via P2P/IPC/read
x08l11245:29684:29777 [2] NCCL INFO Channel 00 : 2[48000] -> 1[19000] via P2P/IPC/read
x08l11245:29684:29777 [2] NCCL INFO Channel 02 : 2[48000] -> 1[19000] via P2P/IPC/read
x08l11245:29684:29777 [2] NCCL INFO Channel 03 : 2[48000] -> 1[19000] via P2P/IPC/read
x08l11245:29684:29777 [2] NCCL INFO Channel 04 : 2[48000] -> 1[19000] via P2P/IPC/read
x08l11245:29684:29777 [2] NCCL INFO Channel 06 : 2[48000] -> 1[19000] via P2P/IPC/read
x08l11245:29684:29777 [2] NCCL INFO Channel 07 : 2[48000] -> 1[19000] via P2P/IPC/read
x08l11245:29691:29784 [7] NCCL INFO NCCL_IB_GID_INDEX set by environment to 3.
x08l11245:29691:29767 [7] NCCL INFO Channel 00 : 7[b3000] -> 6[ad000] via P2P/IPC/read
x08l11245:29691:29767 [7] NCCL INFO Channel 01 : 7[b3000] -> 6[ad000] via P2P/IPC/read
x08l11245:29691:29767 [7] NCCL INFO Channel 02 : 7[b3000] -> 6[ad000] via P2P/IPC/read
x08l11245:29691:29767 [7] NCCL INFO Channel 04 : 7[b3000] -> 6[ad000] via P2P/IPC/read
x08l11245:29691:29767 [7] NCCL INFO Channel 05 : 7[b3000] -> 6[ad000] via P2P/IPC/read
x08l11245:29691:29767 [7] NCCL INFO Channel 06 : 7[b3000] -> 6[ad000] via P2P/IPC/read
x08l11245:29687:29782 [5] NCCL INFO NCCL_IB_GID_INDEX set by environment to 3.
x08l11245:29687:29776 [5] NCCL INFO Channel 00 : 5[8e000] -> 4[89000] via P2P/IPC/read
x08l11245:29687:29776 [5] NCCL INFO Channel 01 : 5[8e000] -> 4[89000] via P2P/IPC/read
x08l11245:29687:29776 [5] NCCL INFO Channel 03 : 5[8e000] -> 4[89000] via P2P/IPC/read
x08l11245:29687:29776 [5] NCCL INFO Channel 04 : 5[8e000] -> 4[89000] via P2P/IPC/read
x08l11245:29687:29776 [5] NCCL INFO Channel 05 : 5[8e000] -> 4[89000] via P2P/IPC/read
x08l11245:29687:29776 [5] NCCL INFO Channel 07 : 5[8e000] -> 4[89000] via P2P/IPC/read
x08l11245:29683:29779 [1] NCCL INFO NCCL_IB_GID_INDEX set by environment to 3.
x08l11245:29685:29781 [3] NCCL INFO NCCL_IB_GID_INDEX set by environment to 3.
x08l11245:29685:29778 [3] NCCL INFO Channel 00 : 3[4d000] -> 2[48000] via P2P/IPC/read
x08l11245:29683:29770 [1] NCCL INFO Channel 01 : 1[19000] -> 0[13000] via P2P/IPC/read
x08l11245:29685:29778 [3] NCCL INFO Channel 02 : 3[4d000] -> 2[48000] via P2P/IPC/read
x08l11245:29683:29770 [1] NCCL INFO Channel 02 : 1[19000] -> 0[13000] via P2P/IPC/read
x08l11245:29685:29778 [3] NCCL INFO Channel 03 : 3[4d000] -> 2[48000] via P2P/IPC/read
x08l11245:29683:29770 [1] NCCL INFO Channel 03 : 1[19000] -> 0[13000] via P2P/IPC/read
x08l11245:29685:29778 [3] NCCL INFO Channel 04 : 3[4d000] -> 2[48000] via P2P/IPC/read
x08l11245:29683:29770 [1] NCCL INFO Channel 05 : 1[19000] -> 0[13000] via P2P/IPC/read
x08l11245:29688:29774 [6] NCCL INFO Channel 00 : 6[ad000] -> 5[8e000] via P2P/IPC/read
x08l11245:29685:29778 [3] NCCL INFO Channel 06 : 3[4d000] -> 2[48000] via P2P/IPC/read
x08l11245:29686:29773 [4] NCCL INFO Channel 00 : 4[89000] -> 3[4d000] via P2P/IPC/read
x08l11245:29683:29770 [1] NCCL INFO Channel 06 : 1[19000] -> 0[13000] via P2P/IPC/read
x08l11245:29688:29774 [6] NCCL INFO Channel 01 : 6[ad000] -> 5[8e000] via P2P/IPC/read
x08l11245:29685:29778 [3] NCCL INFO Channel 07 : 3[4d000] -> 2[48000] via P2P/IPC/read
x08l11245:29686:29773 [4] NCCL INFO Channel 02 : 4[89000] -> 3[4d000] via P2P/IPC/read
x08l11245:29683:29770 [1] NCCL INFO Channel 07 : 1[19000] -> 0[13000] via P2P/IPC/read
x08l11245:29688:29774 [6] NCCL INFO Channel 02 : 6[ad000] -> 5[8e000] via P2P/IPC/read
x08l11245:29686:29773 [4] NCCL INFO Channel 04 : 4[89000] -> 3[4d000] via P2P/IPC/read
x08l11245:29688:29774 [6] NCCL INFO Channel 04 : 6[ad000] -> 5[8e000] via P2P/IPC/read
x08l11245:29686:29773 [4] NCCL INFO Channel 06 : 4[89000] -> 3[4d000] via P2P/IPC/read
x08l11245:29688:29774 [6] NCCL INFO Channel 05 : 6[ad000] -> 5[8e000] via P2P/IPC/read
x08l11245:29688:29774 [6] NCCL INFO Channel 06 : 6[ad000] -> 5[8e000] via P2P/IPC/read
x08l11245:29682:29736 [0] NCCL INFO Connected all rings
x08l11245:29682:29736 [0] NCCL INFO Channel 00 : 0[13000] -> 1[19000] via P2P/IPC/read
x08l11245:29691:29767 [7] NCCL INFO Connected all rings
x08l11245:29682:29736 [0] NCCL INFO Channel 01 : 0[13000] -> 1[19000] via P2P/IPC/read
x08l11245:29685:29778 [3] NCCL INFO Connected all rings
x08l11245:29682:29736 [0] NCCL INFO Channel 02 : 0[13000] -> 1[19000] via P2P/IPC/read
x08l11245:29682:29736 [0] NCCL INFO Channel 03 : 0[13000] -> 1[19000] via P2P/IPC/read
x08l11245:29684:29777 [2] NCCL INFO Connected all rings
x08l11245:29687:29776 [5] NCCL INFO Connected all rings
x08l11245:29688:29774 [6] NCCL INFO Connected all rings
x08l11245:29682:29736 [0] NCCL INFO Channel 04 : 0[13000] -> 1[19000] via P2P/IPC/read
x08l11245:29686:29773 [4] NCCL INFO Connected all rings
x08l11245:29682:29736 [0] NCCL INFO Channel 05 : 0[13000] -> 1[19000] via P2P/IPC/read
x08l11245:29682:29736 [0] NCCL INFO Channel 06 : 0[13000] -> 1[19000] via P2P/IPC/read
x08l11245:29682:29736 [0] NCCL INFO Channel 07 : 0[13000] -> 1[19000] via P2P/IPC/read
x08l11245:29683:29770 [1] NCCL INFO Connected all rings
x08l11245:29685:29778 [3] NCCL INFO Channel 00 : 3[4d000] -> 4[89000] via P2P/IPC/read
x08l11245:29684:29777 [2] NCCL INFO Channel 00 : 2[48000] -> 3[4d000] via P2P/IPC/read
x08l11245:29688:29774 [6] NCCL INFO Channel 00 : 6[ad000] -> 7[b3000] via P2P/IPC/read
x08l11245:29685:29778 [3] NCCL INFO Channel 01 : 3[4d000] -> 4[89000] via P2P/IPC/read
x08l11245:29684:29777 [2] NCCL INFO Channel 01 : 2[48000] -> 3[4d000] via P2P/IPC/read
x08l11245:29686:29773 [4] NCCL INFO Channel 00 : 4[89000] -> 5[8e000] via P2P/IPC/read
x08l11245:29688:29774 [6] NCCL INFO Channel 01 : 6[ad000] -> 7[b3000] via P2P/IPC/read
x08l11245:29685:29778 [3] NCCL INFO Channel 03 : 3[4d000] -> 4[89000] via P2P/IPC/read
x08l11245:29684:29777 [2] NCCL INFO Channel 02 : 2[48000] -> 3[4d000] via P2P/IPC/read
x08l11245:29686:29773 [4] NCCL INFO Channel 01 : 4[89000] -> 5[8e000] via P2P/IPC/read
x08l11245:29687:29776 [5] NCCL INFO Channel 00 : 5[8e000] -> 6[ad000] via P2P/IPC/read
x08l11245:29688:29774 [6] NCCL INFO Channel 02 : 6[ad000] -> 7[b3000] via P2P/IPC/read
x08l11245:29685:29778 [3] NCCL INFO Channel 04 : 3[4d000] -> 4[89000] via P2P/IPC/read
x08l11245:29684:29777 [2] NCCL INFO Channel 03 : 2[48000] -> 3[4d000] via P2P/IPC/read
x08l11245:29686:29773 [4] NCCL INFO Channel 02 : 4[89000] -> 5[8e000] via P2P/IPC/read
x08l11245:29687:29776 [5] NCCL INFO Channel 01 : 5[8e000] -> 6[ad000] via P2P/IPC/read
x08l11245:29688:29774 [6] NCCL INFO Channel 03 : 6[ad000] -> 7[b3000] via P2P/IPC/read
x08l11245:29685:29778 [3] NCCL INFO Channel 05 : 3[4d000] -> 4[89000] via P2P/IPC/read
x08l11245:29684:29777 [2] NCCL INFO Channel 04 : 2[48000] -> 3[4d000] via P2P/IPC/read
x08l11245:29686:29773 [4] NCCL INFO Channel 03 : 4[89000] -> 5[8e000] via P2P/IPC/read
x08l11245:29687:29776 [5] NCCL INFO Channel 02 : 5[8e000] -> 6[ad000] via P2P/IPC/read
x08l11245:29688:29774 [6] NCCL INFO Channel 04 : 6[ad000] -> 7[b3000] via P2P/IPC/read
x08l11245:29685:29778 [3] NCCL INFO Channel 07 : 3[4d000] -> 4[89000] via P2P/IPC/read
x08l11245:29684:29777 [2] NCCL INFO Channel 05 : 2[48000] -> 3[4d000] via P2P/IPC/read
x08l11245:29686:29773 [4] NCCL INFO Channel 04 : 4[89000] -> 5[8e000] via P2P/IPC/read
x08l11245:29687:29776 [5] NCCL INFO Channel 04 : 5[8e000] -> 6[ad000] via P2P/IPC/read
x08l11245:29688:29774 [6] NCCL INFO Channel 05 : 6[ad000] -> 7[b3000] via P2P/IPC/read
x08l11245:29684:29777 [2] NCCL INFO Channel 06 : 2[48000] -> 3[4d000] via P2P/IPC/read
x08l11245:29686:29773 [4] NCCL INFO Channel 05 : 4[89000] -> 5[8e000] via P2P/IPC/read
x08l11245:29687:29776 [5] NCCL INFO Channel 05 : 5[8e000] -> 6[ad000] via P2P/IPC/read
x08l11245:29688:29774 [6] NCCL INFO Channel 06 : 6[ad000] -> 7[b3000] via P2P/IPC/read
x08l11245:29684:29777 [2] NCCL INFO Channel 07 : 2[48000] -> 3[4d000] via P2P/IPC/read
x08l11245:29683:29770 [1] NCCL INFO Channel 00 : 1[19000] -> 2[48000] via P2P/IPC/read
x08l11245:29686:29773 [4] NCCL INFO Channel 06 : 4[89000] -> 5[8e000] via P2P/IPC/read
x08l11245:29687:29776 [5] NCCL INFO Channel 06 : 5[8e000] -> 6[ad000] via P2P/IPC/read
x08l11245:29688:29774 [6] NCCL INFO Channel 07 : 6[ad000] -> 7[b3000] via P2P/IPC/read
x08l11245:29683:29770 [1] NCCL INFO Channel 02 : 1[19000] -> 2[48000] via P2P/IPC/read
x08l11245:29686:29773 [4] NCCL INFO Channel 07 : 4[89000] -> 5[8e000] via P2P/IPC/read
x08l11245:29683:29770 [1] NCCL INFO Channel 03 : 1[19000] -> 2[48000] via P2P/IPC/read
x08l11245:29683:29770 [1] NCCL INFO Channel 04 : 1[19000] -> 2[48000] via P2P/IPC/read
x08l11245:29683:29770 [1] NCCL INFO Channel 06 : 1[19000] -> 2[48000] via P2P/IPC/read
x08l11245:29683:29770 [1] NCCL INFO Channel 07 : 1[19000] -> 2[48000] via P2P/IPC/read
x08l11245:29682:29736 [0] NCCL INFO Channel 01 : 0[13000] -> 7[b3000] via P2P/IPC/read
x08l11245:29687:29776 [5] NCCL INFO Channel 02 : 5[8e000] -> 4[89000] via P2P/IPC/read
x08l11245:29682:29736 [0] NCCL INFO Channel 03 : 0[13000] -> 7[b3000] via P2P/IPC/read
x08l11245:29687:29776 [5] NCCL INFO Channel 06 : 5[8e000] -> 4[89000] via P2P/IPC/read
x08l11245:29682:29736 [0] NCCL INFO Channel 05 : 0[13000] -> 7[b3000] via P2P/IPC/read
x08l11245:29682:29736 [0] NCCL INFO Channel 07 : 0[13000] -> 7[b3000] via P2P/IPC/read
x08l11245:29683:29770 [1] NCCL INFO Channel 00 : 1[19000] -> 0[13000] via P2P/IPC/read
x08l11245:29685:29778 [3] NCCL INFO Channel 01 : 3[4d000] -> 2[48000] via P2P/IPC/read
x08l11245:29683:29770 [1] NCCL INFO Channel 04 : 1[19000] -> 0[13000] via P2P/IPC/read
x08l11245:29685:29778 [3] NCCL INFO Channel 05 : 3[4d000] -> 2[48000] via P2P/IPC/read
x08l11245:29691:29767 [7] NCCL INFO Channel 01 : 7[b3000] -> 0[13000] via P2P/IPC/read
x08l11245:29691:29767 [7] NCCL INFO Channel 02 : 7[b3000] -> 0[13000] via P2P/IPC/read
x08l11245:29691:29767 [7] NCCL INFO Channel 03 : 7[b3000] -> 0[13000] via P2P/IPC/read
x08l11245:29691:29767 [7] NCCL INFO Channel 05 : 7[b3000] -> 0[13000] via P2P/IPC/read
x08l11245:29691:29767 [7] NCCL INFO Channel 06 : 7[b3000] -> 0[13000] via P2P/IPC/read
x08l11245:29691:29767 [7] NCCL INFO Channel 07 : 7[b3000] -> 0[13000] via P2P/IPC/read
x08l11245:29686:29773 [4] NCCL INFO Channel 06/0 : 4[89000] -> 12[89000] [send] via NET/IB/3/GDRDMA
x08l11245:29688:29774 [6] NCCL INFO Channel 07/0 : 6[ad000] -> 14[ad000] [send] via NET/IB/4/GDRDMA
x08l11245:29682:29736 [0] NCCL INFO Channel 04/0 : 0[13000] -> 8[13000] [send] via NET/IB/1/GDRDMA
x08l11245:29684:29777 [2] NCCL INFO Channel 05/0 : 2[48000] -> 10[48000] [send] via NET/IB/2/GDRDMA
x08l11245:29684:29777 [2] NCCL INFO Channel 01/0 : 18[48000] -> 2[48000] [receive] via NET/IB/2/GDRDMA
x08l11245:29684:29777 [2] NCCL INFO Channel 01/0 : 2[48000] -> 18[48000] [send] via NET/IB/2/GDRDMA
x08l11245:29686:29773 [4] NCCL INFO Channel 02/0 : 20[89000] -> 4[89000] [receive] via NET/IB/3/GDRDMA
x08l11245:29686:29773 [4] NCCL INFO Channel 02/0 : 4[89000] -> 20[89000] [send] via NET/IB/3/GDRDMA
x08l11245:29688:29774 [6] NCCL INFO Channel 03/0 : 22[ad000] -> 6[ad000] [receive] via NET/IB/4/GDRDMA
x08l11245:29688:29774 [6] NCCL INFO Channel 03/0 : 6[ad000] -> 22[ad000] [send] via NET/IB/4/GDRDMA
x08l11245:29682:29736 [0] NCCL INFO Channel 00/0 : 16[13000] -> 0[13000] [receive] via NET/IB/1/GDRDMA
x08l11245:29682:29736 [0] NCCL INFO Channel 00/0 : 0[13000] -> 16[13000] [send] via NET/IB/1/GDRDMA
x08l11245:29684:29777 [2] NCCL INFO Channel 05/0 : 10[48000] -> 2[48000] [receive] via NET/IB/2/GDRDMA
x08l11245:29688:29774 [6] NCCL INFO Channel 07/0 : 14[ad000] -> 6[ad000] [receive] via NET/IB/4/GDRDMA
x08l11245:29686:29773 [4] NCCL INFO Channel 06/0 : 12[89000] -> 4[89000] [receive] via NET/IB/3/GDRDMA
x08l11245:29682:29736 [0] NCCL INFO Channel 04/0 : 8[13000] -> 0[13000] [receive] via NET/IB/1/GDRDMA
x08l11245:29686:29773 [4] NCCL INFO Channel 01 : 4[89000] -> 3[4d000] via P2P/IPC/read
x08l11245:29686:29773 [4] NCCL INFO Channel 03 : 4[89000] -> 3[4d000] via P2P/IPC/read
x08l11245:29686:29773 [4] NCCL INFO Channel 05 : 4[89000] -> 3[4d000] via P2P/IPC/read
x08l11245:29686:29773 [4] NCCL INFO Channel 07 : 4[89000] -> 3[4d000] via P2P/IPC/read
x08l11245:29684:29777 [2] NCCL INFO Connected all trees
x08l11245:29684:29777 [2] NCCL INFO MSCCL: Parsing algorithm /mnt/agtest/runxml/xml/lq/exp_n32_test/ar/teccl/TECCL-ar-4x8-FAST-i1.xml
x08l11245:29687:29776 [5] NCCL INFO Connected all trees
x08l11245:29687:29776 [5] NCCL INFO MSCCL: Parsing algorithm /mnt/agtest/runxml/xml/lq/exp_n32_test/ar/teccl/TECCL-ar-4x8-FAST-i1.xml
x08l11245:29685:29778 [3] NCCL INFO Connected all trees
x08l11245:29686:29773 [4] NCCL INFO Connected all trees
x08l11245:29685:29778 [3] NCCL INFO MSCCL: Parsing algorithm /mnt/agtest/runxml/xml/lq/exp_n32_test/ar/teccl/TECCL-ar-4x8-FAST-i1.xml
x08l11245:29686:29773 [4] NCCL INFO MSCCL: Parsing algorithm /mnt/agtest/runxml/xml/lq/exp_n32_test/ar/teccl/TECCL-ar-4x8-FAST-i1.xml
x08l11245:29682:29736 [0] NCCL INFO Connected all trees
x08l11245:29682:29736 [0] NCCL INFO MSCCL: Parsing algorithm /mnt/agtest/runxml/xml/lq/exp_n32_test/ar/teccl/TECCL-ar-4x8-FAST-i1.xml
x08l11245:29683:29770 [1] NCCL INFO Connected all trees
x08l11245:29683:29770 [1] NCCL INFO MSCCL: Parsing algorithm /mnt/agtest/runxml/xml/lq/exp_n32_test/ar/teccl/TECCL-ar-4x8-FAST-i1.xml
x08l11245:29691:29767 [7] NCCL INFO Channel 03 : 7[b3000] -> 6[ad000] via P2P/IPC/read
x08l11245:29691:29767 [7] NCCL INFO Channel 07 : 7[b3000] -> 6[ad000] via P2P/IPC/read
x08l11245:29691:29767 [7] NCCL INFO Connected all trees
x08l11245:29691:29767 [7] NCCL INFO MSCCL: Parsing algorithm /mnt/agtest/runxml/xml/lq/exp_n32_test/ar/teccl/TECCL-ar-4x8-FAST-i1.xml
x08l11245:29688:29774 [6] NCCL INFO Connected all trees
x08l11245:29688:29774 [6] NCCL INFO MSCCL: Parsing algorithm /mnt/agtest/runxml/xml/lq/exp_n32_test/ar/teccl/TECCL-ar-4x8-FAST-i1.xml
x08l11245:29684:29777 [2] NCCL INFO Parsed MSCCL Algorithm /mnt/agtest/runxml/xml/lq/exp_n32_test/ar/teccl/TECCL-ar-4x8-FAST-i1.xml successfully.
x08l11245:29686:29773 [4] NCCL INFO Parsed MSCCL Algorithm /mnt/agtest/runxml/xml/lq/exp_n32_test/ar/teccl/TECCL-ar-4x8-FAST-i1.xml successfully.
x08l11245:29686:29773 [4] NCCL INFO Channel 00 : 4[89000] -> 6[ad000] via P2P/IPC/read
x08l11245:29686:29773 [4] NCCL INFO Channel 01 : 4[89000] -> 6[ad000] via P2P/IPC/read
x08l11245:29687:29776 [5] NCCL INFO Parsed MSCCL Algorithm /mnt/agtest/runxml/xml/lq/exp_n32_test/ar/teccl/TECCL-ar-4x8-FAST-i1.xml successfully.
x08l11245:29687:29776 [5] NCCL INFO Channel 00 : 5[8e000] -> 7[b3000] via P2P/IPC/read
x08l11245:29685:29778 [3] NCCL INFO Parsed MSCCL Algorithm /mnt/agtest/runxml/xml/lq/exp_n32_test/ar/teccl/TECCL-ar-4x8-FAST-i1.xml successfully.
x08l11245:29687:29776 [5] NCCL INFO Channel 01 : 5[8e000] -> 7[b3000] via P2P/IPC/read
x08l11245:29685:29778 [3] NCCL INFO Channel 00 : 3[4d000] -> 5[8e000] via P2P/IPC/read
x08l11245:29682:29736 [0] NCCL INFO Parsed MSCCL Algorithm /mnt/agtest/runxml/xml/lq/exp_n32_test/ar/teccl/TECCL-ar-4x8-FAST-i1.xml successfully.
x08l11245:29682:29736 [0] NCCL INFO Channel 00 : 0[13000] -> 2[48000] via P2P/IPC/read
x08l11245:29682:29736 [0] NCCL INFO Channel 01 : 0[13000] -> 2[48000] via P2P/IPC/read
x08l11245:29683:29770 [1] NCCL INFO Parsed MSCCL Algorithm /mnt/agtest/runxml/xml/lq/exp_n32_test/ar/teccl/TECCL-ar-4x8-FAST-i1.xml successfully.
x08l11245:29683:29770 [1] NCCL INFO Channel 01 : 1[19000] -> 2[48000] via P2P/IPC/read
x08l11245:29688:29774 [6] NCCL INFO Parsed MSCCL Algorithm /mnt/agtest/runxml/xml/lq/exp_n32_test/ar/teccl/TECCL-ar-4x8-FAST-i1.xml successfully.
x08l11245:29691:29767 [7] NCCL INFO Parsed MSCCL Algorithm /mnt/agtest/runxml/xml/lq/exp_n32_test/ar/teccl/TECCL-ar-4x8-FAST-i1.xml successfully.
x08l11245:29683:29770 [1] NCCL INFO Channel 00 : 1[19000] -> 3[4d000] via P2P/IPC/read
x08l11245:29683:29770 [1] NCCL INFO Channel 01 : 1[19000] -> 3[4d000] via P2P/IPC/read
x08l11245:29684:29777 [2] NCCL INFO Channel 00 : 2[48000] -> 4[89000] via P2P/IPC/read
x08l11245:29683:29770 [1] NCCL INFO Channel 00 : 1[19000] -> 4[89000] via P2P/IPC/read
x08l11245:29682:29736 [0] NCCL INFO Channel 00 : 0[13000] -> 3[4d000] via P2P/IPC/read
x08l11245:29684:29777 [2] NCCL INFO Channel 00 : 2[48000] -> 5[8e000] via P2P/IPC/read
x08l11245:29684:29777 [2] NCCL INFO Channel 01 : 2[48000] -> 5[8e000] via P2P/IPC/read
x08l11245:29686:29773 [4] NCCL INFO Channel 00 : 4[89000] -> 7[b3000] via P2P/IPC/read
x08l11245:29685:29778 [3] NCCL INFO Channel 00 : 3[4d000] -> 6[ad000] via P2P/IPC/read
x08l11245:29686:29773 [4] NCCL INFO Channel 01 : 4[89000] -> 7[b3000] via P2P/IPC/read
x08l11245:29685:29778 [3] NCCL INFO Channel 01 : 3[4d000] -> 6[ad000] via P2P/IPC/read
x08l11245:29683:29770 [1] NCCL INFO Channel 00 : 1[19000] -> 5[8e000] via P2P/IPC/read
x08l11245:29684:29777 [2] NCCL INFO Channel 00 : 2[48000] -> 6[ad000] via P2P/IPC/read
x08l11245:29682:29736 [0] NCCL INFO Channel 00 : 0[13000] -> 4[89000] via P2P/IPC/read
x08l11245:29682:29736 [0] NCCL INFO Channel 01 : 0[13000] -> 4[89000] via P2P/IPC/read
x08l11245:29685:29778 [3] NCCL INFO Channel 00 : 3[4d000] -> 7[b3000] via P2P/IPC/read
x08l11245:29685:29778 [3] NCCL INFO Channel 01 : 3[4d000] -> 7[b3000] via P2P/IPC/read
x08l11245:29683:29770 [1] NCCL INFO Channel 01 : 1[19000] -> 5[8e000] via P2P/IPC/read
x08l11245:29684:29777 [2] NCCL INFO Channel 00 : 2[48000] -> 7[b3000] via P2P/IPC/read
x08l11245:29685:29778 [3] NCCL INFO Channel 02 : 3[4d000] -> 7[b3000] via P2P/IPC/read
x08l11245:29682:29736 [0] NCCL INFO Channel 00 : 0[13000] -> 5[8e000] via P2P/IPC/read
x08l11245:29683:29770 [1] NCCL INFO Channel 00 : 1[19000] -> 6[ad000] via P2P/IPC/read
x08l11245:29682:29736 [0] NCCL INFO Channel 01 : 0[13000] -> 5[8e000] via P2P/IPC/read
x08l11245:29683:29770 [1] NCCL INFO Channel 00 : 1[19000] -> 7[b3000] via P2P/IPC/read
x08l11245:29683:29770 [1] NCCL INFO Channel 01 : 1[19000] -> 7[b3000] via P2P/IPC/read
x08l11245:29682:29736 [0] NCCL INFO Channel 00 : 0[13000] -> 6[ad000] via P2P/IPC/read
x08l11245:29682:29736 [0] NCCL INFO Channel 01 : 0[13000] -> 6[ad000] via P2P/IPC/read
x08l11245:29686:29773 [4] NCCL INFO Channel 00/0 : 28[89000] -> 4[89000] [receive] via NET/IB/3/GDRDMA
x08l11245:29686:29773 [4] NCCL INFO Channel 00/0 : 4[89000] -> 12[89000] [send] via NET/IB/3/GDRDMA
x08l11245:29684:29777 [2] NCCL INFO Channel 00/0 : 26[48000] -> 2[48000] [receive] via NET/IB/2/GDRDMA
x08l11245:29684:29777 [2] NCCL INFO Channel 00/0 : 2[48000] -> 10[48000] [send] via NET/IB/2/GDRDMA
x08l11245:29685:29778 [3] NCCL INFO Channel 00/0 : 27[4d000] -> 3[4d000] [receive] via NET/IB/2/GDRDMA
x08l11245:29687:29776 [5] NCCL INFO Channel 00/0 : 29[8e000] -> 5[8e000] [receive] via NET/IB/3/GDRDMA
x08l11245:29691:29767 [7] NCCL INFO Channel 00/0 : 31[b3000] -> 7[b3000] [receive] via NET/IB/4/GDRDMA
x08l11245:29687:29776 [5] NCCL INFO Channel 00/0 : 5[8e000] -> 13[8e000] [send] via NET/IB/3(4)/GDRDMA
x08l11245:29691:29767 [7] NCCL INFO Channel 00/0 : 7[b3000] -> 15[b3000] [send] via NET/IB/4(6)/GDRDMA
x08l11245:29683:29770 [1] NCCL INFO Channel 00/0 : 25[19000] -> 1[19000] [receive] via NET/IB/1/GDRDMA
x08l11245:29683:29770 [1] NCCL INFO Channel 00/0 : 1[19000] -> 9[19000] [send] via NET/IB/1(0)/GDRDMA
x08l11245:29682:29736 [0] NCCL INFO Channel 00/0 : 24[13000] -> 0[13000] [receive] via NET/IB/1/GDRDMA
x08l11245:29682:29736 [0] NCCL INFO Channel 00/0 : 0[13000] -> 8[13000] [send] via NET/IB/1/GDRDMA
x08l11245:29685:29778 [3] NCCL INFO Channel 00/0 : 3[4d000] -> 11[4d000] [send] via NET/IB/2(2)/GDRDMA
x08l11245:29688:29774 [6] NCCL INFO Channel 00/0 : 30[ad000] -> 6[ad000] [receive] via NET/IB/4/GDRDMA
x08l11245:29688:29774 [6] NCCL INFO Channel 00/0 : 6[ad000] -> 14[ad000] [send] via NET/IB/4/GDRDMA
x08l11245:29687:29782 [5] NCCL INFO NCCL_IB_TC set by environment to 16.
x08l11245:29687:29782 [5] NCCL INFO NCCL_IB_SL set by environment to 5.
x08l11245:29687:29782 [5] NCCL INFO NCCL_IB_TIMEOUT set by environment to 22.
x08l11245:29691:29784 [7] NCCL INFO NCCL_IB_TC set by environment to 16.
x08l11245:29691:29784 [7] NCCL INFO NCCL_IB_SL set by environment to 5.
x08l11245:29691:29784 [7] NCCL INFO NCCL_IB_TIMEOUT set by environment to 22.
x08l11245:29687:29776 [5] NCCL INFO Channel 00/0 : 21[8e000] -> 5[8e000] [receive] via NET/IB/3/GDRDMA
x08l11245:29691:29767 [7] NCCL INFO Channel 00/0 : 23[b3000] -> 7[b3000] [receive] via NET/IB/4/GDRDMA
x08l11245:29691:29767 [7] NCCL INFO Channel 00/0 : 7[b3000] -> 23[b3000] [send] via NET/IB/4(6)/GDRDMA
x08l11245:29685:29781 [3] NCCL INFO NCCL_IB_TC set by environment to 16.
x08l11245:29685:29781 [3] NCCL INFO NCCL_IB_SL set by environment to 5.
x08l11245:29685:29781 [3] NCCL INFO NCCL_IB_TIMEOUT set by environment to 22.
x08l11245:29687:29776 [5] NCCL INFO Channel 00/0 : 5[8e000] -> 21[8e000] [send] via NET/IB/3(4)/GDRDMA
x08l11245:29685:29778 [3] NCCL INFO Channel 00/0 : 19[4d000] -> 3[4d000] [receive] via NET/IB/2/GDRDMA
x08l11245:29685:29778 [3] NCCL INFO Channel 00/0 : 3[4d000] -> 19[4d000] [send] via NET/IB/2(2)/GDRDMA
x08l11245:29683:29779 [1] NCCL INFO NCCL_IB_TC set by environment to 16.
x08l11245:29683:29779 [1] NCCL INFO NCCL_IB_SL set by environment to 5.
x08l11245:29683:29779 [1] NCCL INFO NCCL_IB_TIMEOUT set by environment to 22.
x08l11245:29683:29770 [1] NCCL INFO Channel 00/0 : 17[19000] -> 1[19000] [receive] via NET/IB/1/GDRDMA
x08l11245:29683:29770 [1] NCCL INFO Channel 00/0 : 1[19000] -> 17[19000] [send] via NET/IB/1(0)/GDRDMA
x08l11245:29684:29777 [2] NCCL INFO Channel 00/0 : 18[48000] -> 2[48000] [receive] via NET/IB/2/GDRDMA
x08l11245:29684:29777 [2] NCCL INFO Channel 00/0 : 2[48000] -> 18[48000] [send] via NET/IB/2/GDRDMA
x08l11245:29688:29774 [6] NCCL INFO Channel 00/0 : 22[ad000] -> 6[ad000] [receive] via NET/IB/4/GDRDMA
x08l11245:29688:29774 [6] NCCL INFO Channel 00/0 : 6[ad000] -> 22[ad000] [send] via NET/IB/4/GDRDMA
x08l11245:29686:29773 [4] NCCL INFO Channel 00/0 : 20[89000] -> 4[89000] [receive] via NET/IB/3/GDRDMA
x08l11245:29686:29773 [4] NCCL INFO Channel 00/0 : 4[89000] -> 20[89000] [send] via NET/IB/3/GDRDMA
x08l11245:29687:29776 [5] NCCL INFO Channel 00/0 : 13[8e000] -> 5[8e000] [receive] via NET/IB/3/GDRDMA
x08l11245:29682:29736 [0] NCCL INFO Channel 00/0 : 8[13000] -> 0[13000] [receive] via NET/IB/1/GDRDMA
x08l11245:29682:29736 [0] NCCL INFO Channel 00/0 : 0[13000] -> 24[13000] [send] via NET/IB/1/GDRDMA
x08l11245:29685:29778 [3] NCCL INFO Channel 00/0 : 11[4d000] -> 3[4d000] [receive] via NET/IB/2/GDRDMA
x08l11245:29683:29770 [1] NCCL INFO Channel 00/0 : 9[19000] -> 1[19000] [receive] via NET/IB/1/GDRDMA
x08l11245:29684:29777 [2] NCCL INFO Channel 00/0 : 10[48000] -> 2[48000] [receive] via NET/IB/2/GDRDMA
x08l11245:29684:29777 [2] NCCL INFO Channel 00/0 : 2[48000] -> 26[48000] [send] via NET/IB/2/GDRDMA
x08l11245:29688:29774 [6] NCCL INFO Channel 00/0 : 14[ad000] -> 6[ad000] [receive] via NET/IB/4/GDRDMA
x08l11245:29686:29773 [4] NCCL INFO Channel 00/0 : 12[89000] -> 4[89000] [receive] via NET/IB/3/GDRDMA
x08l11245:29686:29773 [4] NCCL INFO Channel 00/0 : 4[89000] -> 28[89000] [send] via NET/IB/3/GDRDMA
x08l11245:29688:29774 [6] NCCL INFO Channel 00/0 : 6[ad000] -> 30[ad000] [send] via NET/IB/4/GDRDMA
x08l11245:29687:29776 [5] NCCL INFO Channel 00/0 : 5[8e000] -> 29[8e000] [send] via NET/IB/3(4)/GDRDMA
x08l11245:29685:29778 [3] NCCL INFO Channel 00/0 : 3[4d000] -> 27[4d000] [send] via NET/IB/2(2)/GDRDMA
x08l11245:29691:29767 [7] NCCL INFO Channel 00/0 : 15[b3000] -> 7[b3000] [receive] via NET/IB/4/GDRDMA
x08l11245:29683:29770 [1] NCCL INFO Channel 00/0 : 1[19000] -> 25[19000] [send] via NET/IB/1(0)/GDRDMA
x08l11245:29686:29773 [4] NCCL INFO Channel 00 : 4[89000] -> 0[13000] via P2P/IPC/read
x08l11245:29688:29774 [6] NCCL INFO Channel 00 : 6[ad000] -> 0[13000] via P2P/IPC/read
x08l11245:29688:29774 [6] NCCL INFO Channel 01 : 6[ad000] -> 0[13000] via P2P/IPC/read
x08l11245:29686:29773 [4] NCCL INFO Channel 01 : 4[89000] -> 0[13000] via P2P/IPC/read
x08l11245:29686:29773 [4] NCCL INFO Channel 02 : 4[89000] -> 0[13000] via P2P/IPC/read
x08l11245:29687:29776 [5] NCCL INFO Channel 00 : 5[8e000] -> 0[13000] via P2P/IPC/read
x08l11245:29691:29767 [7] NCCL INFO Channel 00/0 : 7[b3000] -> 31[b3000] [send] via NET/IB/4(6)/GDRDMA
x08l11245:29687:29776 [5] NCCL INFO Channel 01 : 5[8e000] -> 0[13000] via P2P/IPC/read
x08l11245:29691:29767 [7] NCCL INFO Channel 00 : 7[b3000] -> 0[13000] via P2P/IPC/read
x08l11245:29691:29767 [7] NCCL INFO Channel 00 : 7[b3000] -> 1[19000] via P2P/IPC/read
x08l11245:29691:29767 [7] NCCL INFO Channel 01 : 7[b3000] -> 1[19000] via P2P/IPC/read
x08l11245:29691:29767 [7] NCCL INFO Channel 00 : 7[b3000] -> 2[48000] via P2P/IPC/read
x08l11245:29688:29774 [6] NCCL INFO Channel 00 : 6[ad000] -> 1[19000] via P2P/IPC/read
x08l11245:29691:29767 [7] NCCL INFO Channel 01 : 7[b3000] -> 2[48000] via P2P/IPC/read
x08l11245:29691:29767 [7] NCCL INFO Channel 00 : 7[b3000] -> 3[4d000] via P2P/IPC/read
x08l11245:29691:29767 [7] NCCL INFO Channel 00 : 7[b3000] -> 4[89000] via P2P/IPC/read
x08l11245:29688:29774 [6] NCCL INFO Channel 00 : 6[ad000] -> 2[48000] via P2P/IPC/read
x08l11245:29691:29767 [7] NCCL INFO Channel 01 : 7[b3000] -> 4[89000] via P2P/IPC/read
x08l11245:29685:29778 [3] NCCL INFO Channel 00 : 3[4d000] -> 0[13000] via P2P/IPC/read
x08l11245:29688:29774 [6] NCCL INFO Channel 01 : 6[ad000] -> 2[48000] via P2P/IPC/read
x08l11245:29687:29776 [5] NCCL INFO Channel 00 : 5[8e000] -> 1[19000] via P2P/IPC/read
x08l11245:29685:29778 [3] NCCL INFO Channel 01 : 3[4d000] -> 0[13000] via P2P/IPC/read
x08l11245:29687:29776 [5] NCCL INFO Channel 00 : 5[8e000] -> 2[48000] via P2P/IPC/read
x08l11245:29687:29776 [5] NCCL INFO Channel 01 : 5[8e000] -> 2[48000] via P2P/IPC/read
x08l11245:29688:29774 [6] NCCL INFO Channel 00 : 6[ad000] -> 3[4d000] via P2P/IPC/read
x08l11245:29688:29774 [6] NCCL INFO Channel 01 : 6[ad000] -> 3[4d000] via P2P/IPC/read
x08l11245:29688:29774 [6] NCCL INFO Channel 00 : 6[ad000] -> 4[89000] via P2P/IPC/read
x08l11245:29686:29773 [4] NCCL INFO Channel 00 : 4[89000] -> 1[19000] via P2P/IPC/read
x08l11245:29687:29776 [5] NCCL INFO Channel 00 : 5[8e000] -> 3[4d000] via P2P/IPC/read
x08l11245:29688:29774 [6] NCCL INFO Channel 01 : 6[ad000] -> 4[89000] via P2P/IPC/read
x08l11245:29684:29777 [2] NCCL INFO Channel 00 : 2[48000] -> 0[13000] via P2P/IPC/read
x08l11245:29684:29777 [2] NCCL INFO Channel 01 : 2[48000] -> 0[13000] via P2P/IPC/read
x08l11245:29685:29778 [3] NCCL INFO Channel 00 : 3[4d000] -> 1[19000] via P2P/IPC/read
x08l11245:29691:29767 [7] NCCL INFO Channel 00 : 7[b3000] -> 5[8e000] via P2P/IPC/read
x08l11245:29682:29736 [0] NCCL INFO Connected 1 MSCCL algorithms
x08l11245:29682:29736 [0] NCCL INFO threadThresholds 8/8/64 | 256/8/64 | 8/8/64 | 8/8/512
x08l11245:29682:29736 [0] NCCL INFO 8 coll channels, 8 p2p channels, 2 p2p channels per peer
x08l11245:29691:29767 [7] NCCL INFO Connected 1 MSCCL algorithms
x08l11245:29691:29767 [7] NCCL INFO threadThresholds 8/8/64 | 256/8/64 | 8/8/64 | 8/8/512
x08l11245:29691:29767 [7] NCCL INFO 8 coll channels, 8 p2p channels, 2 p2p channels per peer
x08l11245:29683:29770 [1] NCCL INFO Connected 1 MSCCL algorithms
x08l11245:29683:29770 [1] NCCL INFO threadThresholds 8/8/64 | 256/8/64 | 8/8/64 | 8/8/512
x08l11245:29683:29770 [1] NCCL INFO 8 coll channels, 8 p2p channels, 2 p2p channels per peer
x08l11245:29687:29776 [5] NCCL INFO Connected 1 MSCCL algorithms
x08l11245:29687:29776 [5] NCCL INFO threadThresholds 8/8/64 | 256/8/64 | 8/8/64 | 8/8/512
x08l11245:29687:29776 [5] NCCL INFO 8 coll channels, 8 p2p channels, 2 p2p channels per peer
x08l11245:29686:29773 [4] NCCL INFO Channel 00 : 4[89000] -> 2[48000] via P2P/IPC/read
x08l11245:29685:29778 [3] NCCL INFO Connected 1 MSCCL algorithms
x08l11245:29685:29778 [3] NCCL INFO threadThresholds 8/8/64 | 256/8/64 | 8/8/64 | 8/8/512
x08l11245:29685:29778 [3] NCCL INFO 8 coll channels, 8 p2p channels, 2 p2p channels per peer
x08l11245:29686:29773 [4] NCCL INFO Channel 01 : 4[89000] -> 2[48000] via P2P/IPC/read
x08l11245:29688:29774 [6] NCCL INFO Connected 1 MSCCL algorithms
x08l11245:29688:29774 [6] NCCL INFO threadThresholds 8/8/64 | 256/8/64 | 8/8/64 | 8/8/512
x08l11245:29688:29774 [6] NCCL INFO 8 coll channels, 8 p2p channels, 2 p2p channels per peer
x08l11245:29684:29777 [2] NCCL INFO Connected 1 MSCCL algorithms
x08l11245:29684:29777 [2] NCCL INFO threadThresholds 8/8/64 | 256/8/64 | 8/8/64 | 8/8/512
x08l11245:29684:29777 [2] NCCL INFO 8 coll channels, 8 p2p channels, 2 p2p channels per peer
x08l11245:29686:29773 [4] NCCL INFO Connected 1 MSCCL algorithms
x08l11245:29686:29773 [4] NCCL INFO threadThresholds 8/8/64 | 256/8/64 | 8/8/64 | 8/8/512
x08l11245:29686:29773 [4] NCCL INFO 8 coll channels, 8 p2p channels, 2 p2p channels per peer
x08l11245:29687:29776 [5] NCCL INFO comm 0x7fd0a0c57010 rank 5 nranks 32 cudaDev 5 busId 8e000 - Init COMPLETE
x08l11245:29683:29770 [1] NCCL INFO comm 0x7f45e645a010 rank 1 nranks 32 cudaDev 1 busId 19000 - Init COMPLETE
x08l11245:29685:29778 [3] NCCL INFO comm 0x7fea20c57010 rank 3 nranks 32 cudaDev 3 busId 4d000 - Init COMPLETE
x08l11245:29691:29767 [7] NCCL INFO comm 0x7f27aa45a010 rank 7 nranks 32 cudaDev 7 busId b3000 - Init COMPLETE
x08l11245:29686:29773 [4] NCCL INFO comm 0x7f130045a010 rank 4 nranks 32 cudaDev 4 busId 89000 - Init COMPLETE
x08l11245:29688:29774 [6] NCCL INFO comm 0x7f078245a010 rank 6 nranks 32 cudaDev 6 busId ad000 - Init COMPLETE
x08l11245:29684:29777 [2] NCCL INFO comm 0x7f324d458010 rank 2 nranks 32 cudaDev 2 busId 48000 - Init COMPLETE
x08l11245:29682:29736 [0] NCCL INFO comm 0x7f2b2c059010 rank 0 nranks 32 cudaDev 0 busId 13000 - Init COMPLETE
#
#                                                              out-of-place                       in-place          
#       size         count      type   redop    root     time   algbw   busbw #wrong     time   algbw   busbw #wrong
#        (B)    (elements)                               (us)  (GB/s)  (GB/s)            (us)  (GB/s)  (GB/s)       
x08l11245:29682:29682 [0] NCCL INFO Launch mode Parallel
        1024           256     float     sum      -1    560.6    0.00    0.00      0    558.8    0.00    0.00      0
        2048           512     float     sum      -1    580.9    0.00    0.01      0    575.2    0.00    0.01      0
        4096          1024     float     sum      -1    590.0    0.01    0.01      0    599.6    0.01    0.01      0
        8192          2048     float     sum      -1    597.9    0.01    0.03      0    600.1    0.01    0.03      0
       16384          4096     float     sum      -1    615.6    0.03    0.05      0    611.4    0.03    0.05      0
       32768          8192     float     sum      -1    627.3    0.05    0.10      0    628.1    0.05    0.10      0
       65536         16384     float     sum      -1    674.1    0.10    0.19      0    672.7    0.10    0.19      0
      131072         32768     float     sum      -1    767.3    0.17    0.33      0    763.7    0.17    0.33      0
      262144         65536     float     sum      -1    780.8    0.34    0.65      0    777.0    0.34    0.65      0
      524288        131072     float     sum      -1    811.8    0.65    1.25      0    814.1    0.64    1.25      0
     1048576        262144     float     sum      -1    844.4    1.24    2.41      0    259.0    4.05    7.84      0
     2097152        524288     float     sum      -1    858.9    2.44    4.73      0    312.0    6.72   13.02      0
     4194304       1048576     float     sum      -1    910.3    4.61    8.93      0    398.1   10.54   20.41      0
     8388608       2097152     float     sum      -1    992.7    8.45   16.37      0    580.9   14.44   27.98      0
    16777216       4194304     float     sum      -1   1195.9   14.03   27.18      0    955.8   17.55   34.01      0
    33554432       8388608     float     sum      -1   1733.5   19.36   37.50      0   1759.4   19.07   36.95      0
    67108864      16777216     float     sum      -1   2924.2   22.95   44.46      0   3247.6   20.66   40.04      0
   134217728      33554432     float     sum      -1   5454.7   24.61   47.67      0   6437.4   20.85   40.40      0
   268435456      67108864     float     sum      -1    10870   24.70   47.85      0    13102   20.49   39.69      0
   536870912     134217728     float     sum      -1    21536   24.93   48.30      0    25998   20.65   40.01      0
  1073741824     268435456     float     sum      -1    44063   24.37   47.21      0    51544   20.83   40.36      0
  2147483648     536870912     float     sum      -1    88962   24.14   46.77      0    88892   24.16   46.81      0
  4294967296    1073741824     float     sum      -1   179123   23.98   46.46      0   179218   23.97   46.43      0
x08l11245:29683:29683 [1] NCCL INFO comm 0x7f45e645a010 rank 1 nranks 32 cudaDev 1 busId 19000 - Destroy COMPLETE
x08l11245:29685:29685 [3] NCCL INFO comm 0x7fea20c57010 rank 3 nranks 32 cudaDev 3 busId 4d000 - Destroy COMPLETE
x08l11245:29684:29684 [2] NCCL INFO comm 0x7f324d458010 rank 2 nranks 32 cudaDev 2 busId 48000 - Destroy COMPLETE
x08l11245:29691:29691 [7] NCCL INFO comm 0x7f27aa45a010 rank 7 nranks 32 cudaDev 7 busId b3000 - Destroy COMPLETE
x08l11245:29682:29682 [0] NCCL INFO comm 0x7f2b2c059010 rank 0 nranks 32 cudaDev 0 busId 13000 - Destroy COMPLETE
x08l11245:29687:29687 [5] NCCL INFO comm 0x7fd0a0c57010 rank 5 nranks 32 cudaDev 5 busId 8e000 - Destroy COMPLETE
# Out of bounds values : 0 OK
# Avg bus bandwidth    : 18.8054 
#
x08l11245:29688:29688 [6] NCCL INFO comm 0x7f078245a010 rank 6 nranks 32 cudaDev 6 busId ad000 - Destroy COMPLETE
x08l11245:29686:29686 [4] NCCL INFO comm 0x7f130045a010 rank 4 nranks 32 cudaDev 4 busId 89000 - Destroy COMPLETE

