x08l11244:11117:11204 [5] NCCL INFO MSCCL: Parsing algorithm /mnt/agtest/runxml/xml/lq/exccl_ar_v3/exccl-ar-Simple-depnop=False-i1.xml
x08l11245:23774:23865 [4] NCCL INFO Channel 01 : 4[89000] -> 3[4d000] via P2P/IPC/read
x08l11245:23774:23865 [4] NCCL INFO Channel 03 : 4[89000] -> 3[4d000] via P2P/IPC/read
x08l11244:11116:11207 [4] NCCL INFO Connected all trees
x08l11244:11116:11207 [4] NCCL INFO MSCCL: Parsing algorithm /mnt/agtest/runxml/xml/lq/exccl_ar_v3/exccl-ar-Simple-depnop=False-i1.xml
x08l11245:23774:23865 [4] NCCL INFO Channel 05 : 4[89000] -> 3[4d000] via P2P/IPC/read
x08l11245:23774:23865 [4] NCCL INFO Channel 07 : 4[89000] -> 3[4d000] via P2P/IPC/read
x08l11244:11115:11199 [3] NCCL INFO Connected all trees
x08l11244:11115:11199 [3] NCCL INFO MSCCL: Parsing algorithm /mnt/agtest/runxml/xml/lq/exccl_ar_v3/exccl-ar-Simple-depnop=False-i1.xml
x08l11245:23775:23848 [5] NCCL INFO Connected all trees
x08l11245:23775:23848 [5] NCCL INFO MSCCL: Parsing algorithm /mnt/agtest/runxml/xml/lq/exccl_ar_v3/exccl-ar-Simple-depnop=False-i1.xml
x08l11245:23774:23865 [4] NCCL INFO Connected all trees
x08l11245:23774:23865 [4] NCCL INFO MSCCL: Parsing algorithm /mnt/agtest/runxml/xml/lq/exccl_ar_v3/exccl-ar-Simple-depnop=False-i1.xml
x08l11244:11114:11195 [2] NCCL INFO Parsed MSCCL Algorithm /mnt/agtest/runxml/xml/lq/exccl_ar_v3/exccl-ar-Simple-depnop=False-i1.xml successfully.
x08l11245:23778:23849 [7] NCCL INFO Channel 03 : 7[b3000] -> 6[ad000] via P2P/IPC/read
x08l11244:11121:11194 [7] NCCL INFO Channel 03 : 15[b3000] -> 14[ad000] via P2P/IPC/read
x08l11245:23778:23849 [7] NCCL INFO Channel 07 : 7[b3000] -> 6[ad000] via P2P/IPC/read
x08l11245:23772:23866 [2] NCCL INFO Parsed MSCCL Algorithm /mnt/agtest/runxml/xml/lq/exccl_ar_v3/exccl-ar-Simple-depnop=False-i1.xml successfully.
x08l11244:11121:11194 [7] NCCL INFO Channel 07 : 15[b3000] -> 14[ad000] via P2P/IPC/read
x08l11245:23778:23849 [7] NCCL INFO Connected all trees
x08l11245:23778:23849 [7] NCCL INFO MSCCL: Parsing algorithm /mnt/agtest/runxml/xml/lq/exccl_ar_v3/exccl-ar-Simple-depnop=False-i1.xml
x08l11245:23773:23850 [3] NCCL INFO Connected all trees
x08l11245:23773:23850 [3] NCCL INFO MSCCL: Parsing algorithm /mnt/agtest/runxml/xml/lq/exccl_ar_v3/exccl-ar-Simple-depnop=False-i1.xml
x08l11245:23776:23858 [6] NCCL INFO Connected all trees
x08l11245:23776:23858 [6] NCCL INFO MSCCL: Parsing algorithm /mnt/agtest/runxml/xml/lq/exccl_ar_v3/exccl-ar-Simple-depnop=False-i1.xml
x08l11245:23770:23824 [0] NCCL INFO Connected all trees
x08l11245:23770:23824 [0] NCCL INFO MSCCL: Parsing algorithm /mnt/agtest/runxml/xml/lq/exccl_ar_v3/exccl-ar-Simple-depnop=False-i1.xml
x08l11245:23771:23847 [1] NCCL INFO Connected all trees
x08l11245:23771:23847 [1] NCCL INFO MSCCL: Parsing algorithm /mnt/agtest/runxml/xml/lq/exccl_ar_v3/exccl-ar-Simple-depnop=False-i1.xml
x08l11244:11112:11206 [0] NCCL INFO Connected all trees
x08l11244:11112:11206 [0] NCCL INFO MSCCL: Parsing algorithm /mnt/agtest/runxml/xml/lq/exccl_ar_v3/exccl-ar-Simple-depnop=False-i1.xml
x08l11244:11121:11194 [7] NCCL INFO Connected all trees
x08l11244:11121:11194 [7] NCCL INFO MSCCL: Parsing algorithm /mnt/agtest/runxml/xml/lq/exccl_ar_v3/exccl-ar-Simple-depnop=False-i1.xml
x08l11244:11118:11203 [6] NCCL INFO Connected all trees
x08l11244:11113:11205 [1] NCCL INFO Connected all trees
x08l11244:11113:11205 [1] NCCL INFO MSCCL: Parsing algorithm /mnt/agtest/runxml/xml/lq/exccl_ar_v3/exccl-ar-Simple-depnop=False-i1.xml
x08l11244:11118:11203 [6] NCCL INFO MSCCL: Parsing algorithm /mnt/agtest/runxml/xml/lq/exccl_ar_v3/exccl-ar-Simple-depnop=False-i1.xml
x08l11244:11116:11207 [4] NCCL INFO Parsed MSCCL Algorithm /mnt/agtest/runxml/xml/lq/exccl_ar_v3/exccl-ar-Simple-depnop=False-i1.xml successfully.
x08l11244:11116:11207 [4] NCCL INFO Channel 00 : 12[89000] -> 14[ad000] via P2P/IPC/read
x08l11244:11116:11207 [4] NCCL INFO Channel 01 : 12[89000] -> 14[ad000] via P2P/IPC/read
x08l11244:11117:11204 [5] NCCL INFO Parsed MSCCL Algorithm /mnt/agtest/runxml/xml/lq/exccl_ar_v3/exccl-ar-Simple-depnop=False-i1.xml successfully.
x08l11244:11117:11204 [5] NCCL INFO Channel 00 : 13[8e000] -> 15[b3000] via P2P/IPC/read
x08l11244:11115:11199 [3] NCCL INFO Parsed MSCCL Algorithm /mnt/agtest/runxml/xml/lq/exccl_ar_v3/exccl-ar-Simple-depnop=False-i1.xml successfully.
x08l11244:11115:11199 [3] NCCL INFO Channel 00 : 11[4d000] -> 13[8e000] via P2P/IPC/read
x08l11245:23774:23865 [4] NCCL INFO Parsed MSCCL Algorithm /mnt/agtest/runxml/xml/lq/exccl_ar_v3/exccl-ar-Simple-depnop=False-i1.xml successfully.
x08l11244:11115:11199 [3] NCCL INFO Channel 01 : 11[4d000] -> 13[8e000] via P2P/IPC/read
x08l11245:23774:23865 [4] NCCL INFO Channel 00 : 4[89000] -> 6[ad000] via P2P/IPC/read
x08l11245:23774:23865 [4] NCCL INFO Channel 01 : 4[89000] -> 6[ad000] via P2P/IPC/read
x08l11245:23775:23848 [5] NCCL INFO Parsed MSCCL Algorithm /mnt/agtest/runxml/xml/lq/exccl_ar_v3/exccl-ar-Simple-depnop=False-i1.xml successfully.
x08l11245:23775:23848 [5] NCCL INFO Channel 00 : 5[8e000] -> 7[b3000] via P2P/IPC/read
x08l11245:23776:23858 [6] NCCL INFO Parsed MSCCL Algorithm /mnt/agtest/runxml/xml/lq/exccl_ar_v3/exccl-ar-Simple-depnop=False-i1.xml successfully.
x08l11245:23770:23824 [0] NCCL INFO Parsed MSCCL Algorithm /mnt/agtest/runxml/xml/lq/exccl_ar_v3/exccl-ar-Simple-depnop=False-i1.xml successfully.
x08l11245:23770:23824 [0] NCCL INFO Channel 00 : 0[13000] -> 2[48000] via P2P/IPC/read
x08l11245:23773:23850 [3] NCCL INFO Parsed MSCCL Algorithm /mnt/agtest/runxml/xml/lq/exccl_ar_v3/exccl-ar-Simple-depnop=False-i1.xml successfully.
x08l11245:23770:23824 [0] NCCL INFO Channel 01 : 0[13000] -> 2[48000] via P2P/IPC/read
x08l11245:23778:23849 [7] NCCL INFO Parsed MSCCL Algorithm /mnt/agtest/runxml/xml/lq/exccl_ar_v3/exccl-ar-Simple-depnop=False-i1.xml successfully.
x08l11245:23773:23850 [3] NCCL INFO Channel 00 : 3[4d000] -> 5[8e000] via P2P/IPC/read
x08l11244:11112:11206 [0] NCCL INFO Parsed MSCCL Algorithm /mnt/agtest/runxml/xml/lq/exccl_ar_v3/exccl-ar-Simple-depnop=False-i1.xml successfully.
x08l11244:11112:11206 [0] NCCL INFO Channel 00 : 8[13000] -> 10[48000] via P2P/IPC/read
x08l11244:11112:11206 [0] NCCL INFO Channel 01 : 8[13000] -> 10[48000] via P2P/IPC/read
x08l11244:11112:11206 [0] NCCL INFO Channel 02 : 8[13000] -> 10[48000] via P2P/IPC/read
x08l11245:23773:23850 [3] NCCL INFO Channel 01 : 3[4d000] -> 5[8e000] via P2P/IPC/read
x08l11245:23771:23847 [1] NCCL INFO Parsed MSCCL Algorithm /mnt/agtest/runxml/xml/lq/exccl_ar_v3/exccl-ar-Simple-depnop=False-i1.xml successfully.
x08l11245:23771:23847 [1] NCCL INFO Channel 01 : 1[19000] -> 2[48000] via P2P/IPC/read
x08l11244:11118:11203 [6] NCCL INFO Parsed MSCCL Algorithm /mnt/agtest/runxml/xml/lq/exccl_ar_v3/exccl-ar-Simple-depnop=False-i1.xml successfully.
x08l11244:11121:11194 [7] NCCL INFO Parsed MSCCL Algorithm /mnt/agtest/runxml/xml/lq/exccl_ar_v3/exccl-ar-Simple-depnop=False-i1.xml successfully.
x08l11244:11113:11205 [1] NCCL INFO Parsed MSCCL Algorithm /mnt/agtest/runxml/xml/lq/exccl_ar_v3/exccl-ar-Simple-depnop=False-i1.xml successfully.
x08l11244:11113:11205 [1] NCCL INFO Channel 01 : 9[19000] -> 10[48000] via P2P/IPC/read
x08l11245:23771:23847 [1] NCCL INFO Channel 00 : 1[19000] -> 3[4d000] via P2P/IPC/read
x08l11244:11113:11205 [1] NCCL INFO Channel 00 : 9[19000] -> 11[4d000] via P2P/IPC/read
x08l11244:11113:11205 [1] NCCL INFO Channel 00 : 9[19000] -> 12[89000] via P2P/IPC/read
x08l11245:23771:23847 [1] NCCL INFO Channel 00 : 1[19000] -> 4[89000] via P2P/IPC/read
x08l11244:11113:11205 [1] NCCL INFO Channel 01 : 9[19000] -> 12[89000] via P2P/IPC/read
x08l11245:23772:23866 [2] NCCL INFO Channel 00 : 2[48000] -> 4[89000] via P2P/IPC/read
x08l11245:23771:23847 [1] NCCL INFO Channel 01 : 1[19000] -> 4[89000] via P2P/IPC/read
x08l11244:11114:11195 [2] NCCL INFO Channel 00 : 10[48000] -> 12[89000] via P2P/IPC/read
x08l11244:11115:11199 [3] NCCL INFO Channel 00 : 11[4d000] -> 14[ad000] via P2P/IPC/read
x08l11245:23773:23850 [3] NCCL INFO Channel 00 : 3[4d000] -> 6[ad000] via P2P/IPC/read
x08l11244:11112:11206 [0] NCCL INFO Channel 00 : 8[13000] -> 11[4d000] via P2P/IPC/read
x08l11244:11114:11195 [2] NCCL INFO Channel 00 : 10[48000] -> 13[8e000] via P2P/IPC/read
x08l11244:11114:11195 [2] NCCL INFO Channel 01 : 10[48000] -> 13[8e000] via P2P/IPC/read
x08l11244:11112:11206 [0] NCCL INFO Channel 00 : 8[13000] -> 12[89000] via P2P/IPC/read
x08l11244:11116:11207 [4] NCCL INFO Channel 00 : 12[89000] -> 15[b3000] via P2P/IPC/read
x08l11244:11115:11199 [3] NCCL INFO Channel 00 : 11[4d000] -> 15[b3000] via P2P/IPC/read
x08l11245:23770:23824 [0] NCCL INFO Channel 00 : 0[13000] -> 3[4d000] via P2P/IPC/read
x08l11245:23772:23866 [2] NCCL INFO Channel 00 : 2[48000] -> 5[8e000] via P2P/IPC/read
x08l11245:23772:23866 [2] NCCL INFO Channel 01 : 2[48000] -> 5[8e000] via P2P/IPC/read
x08l11245:23773:23850 [3] NCCL INFO Channel 00 : 3[4d000] -> 7[b3000] via P2P/IPC/read
x08l11245:23773:23850 [3] NCCL INFO Channel 01 : 3[4d000] -> 7[b3000] via P2P/IPC/read
x08l11245:23770:23824 [0] NCCL INFO Channel 00 : 0[13000] -> 4[89000] via P2P/IPC/read
x08l11245:23774:23865 [4] NCCL INFO Channel 00 : 4[89000] -> 7[b3000] via P2P/IPC/read
x08l11244:11113:11205 [1] NCCL INFO Channel 00 : 9[19000] -> 13[8e000] via P2P/IPC/read
x08l11245:23772:23866 [2] NCCL INFO Channel 00 : 2[48000] -> 6[ad000] via P2P/IPC/read
x08l11244:11115:11199 [3] NCCL INFO Channel 01 : 11[4d000] -> 15[b3000] via P2P/IPC/read
x08l11244:11112:11206 [0] NCCL INFO Channel 00 : 8[13000] -> 13[8e000] via P2P/IPC/read
x08l11244:11114:11195 [2] NCCL INFO Channel 00 : 10[48000] -> 14[ad000] via P2P/IPC/read
x08l11245:23771:23847 [1] NCCL INFO Channel 00 : 1[19000] -> 5[8e000] via P2P/IPC/read
x08l11244:11113:11205 [1] NCCL INFO Channel 01 : 9[19000] -> 13[8e000] via P2P/IPC/read
x08l11245:23772:23866 [2] NCCL INFO Channel 01 : 2[48000] -> 6[ad000] via P2P/IPC/read
x08l11244:11114:11195 [2] NCCL INFO Channel 01 : 10[48000] -> 14[ad000] via P2P/IPC/read
x08l11245:23771:23847 [1] NCCL INFO Channel 01 : 1[19000] -> 5[8e000] via P2P/IPC/read
x08l11245:23772:23866 [2] NCCL INFO Channel 00 : 2[48000] -> 7[b3000] via P2P/IPC/read
x08l11244:11115:11199 [3] NCCL INFO Channel 00/0 : 3[4d000] -> 11[4d000] [receive] via NET/IB/2/GDRDMA
x08l11244:11115:11199 [3] NCCL INFO Channel 00/0 : 11[4d000] -> 3[4d000] [send] via NET/IB/2(10)/GDRDMA
x08l11244:11114:11195 [2] NCCL INFO Channel 00 : 10[48000] -> 15[b3000] via P2P/IPC/read
x08l11244:11113:11205 [1] NCCL INFO Channel 00 : 9[19000] -> 14[ad000] via P2P/IPC/read
x08l11244:11112:11206 [0] NCCL INFO Channel 00 : 8[13000] -> 14[ad000] via P2P/IPC/read
x08l11244:11113:11205 [1] NCCL INFO Channel 00 : 9[19000] -> 15[b3000] via P2P/IPC/read
x08l11245:23770:23824 [0] NCCL INFO Channel 00 : 0[13000] -> 5[8e000] via P2P/IPC/read
x08l11245:23771:23847 [1] NCCL INFO Channel 00 : 1[19000] -> 6[ad000] via P2P/IPC/read
x08l11245:23770:23824 [0] NCCL INFO Channel 00 : 0[13000] -> 6[ad000] via P2P/IPC/read
x08l11245:23771:23847 [1] NCCL INFO Channel 00 : 1[19000] -> 7[b3000] via P2P/IPC/read
x08l11244:11116:11207 [4] NCCL INFO Channel 00/0 : 4[89000] -> 12[89000] [receive] via NET/IB/3/GDRDMA
x08l11244:11116:11207 [4] NCCL INFO Channel 00/0 : 12[89000] -> 4[89000] [send] via NET/IB/3/GDRDMA
x08l11244:11114:11195 [2] NCCL INFO Channel 00/0 : 2[48000] -> 10[48000] [receive] via NET/IB/2/GDRDMA
x08l11244:11114:11195 [2] NCCL INFO Channel 00/0 : 10[48000] -> 2[48000] [send] via NET/IB/2/GDRDMA
x08l11244:11117:11204 [5] NCCL INFO Channel 00/0 : 5[8e000] -> 13[8e000] [receive] via NET/IB/3/GDRDMA
x08l11244:11117:11204 [5] NCCL INFO Channel 00/0 : 13[8e000] -> 5[8e000] [send] via NET/IB/3(12)/GDRDMA
x08l11245:23773:23850 [3] NCCL INFO Channel 00/0 : 11[4d000] -> 3[4d000] [receive] via NET/IB/2/GDRDMA
x08l11245:23772:23866 [2] NCCL INFO Channel 00/0 : 10[48000] -> 2[48000] [receive] via NET/IB/2/GDRDMA
x08l11245:23772:23866 [2] NCCL INFO Channel 00/0 : 2[48000] -> 10[48000] [send] via NET/IB/2/GDRDMA
x08l11245:23773:23850 [3] NCCL INFO Channel 00/0 : 3[4d000] -> 11[4d000] [send] via NET/IB/2(2)/GDRDMA
x08l11245:23774:23865 [4] NCCL INFO Channel 00/0 : 12[89000] -> 4[89000] [receive] via NET/IB/3/GDRDMA
x08l11245:23774:23865 [4] NCCL INFO Channel 00/0 : 4[89000] -> 12[89000] [send] via NET/IB/3/GDRDMA
x08l11244:11121:11194 [7] NCCL INFO Channel 00/0 : 7[b3000] -> 15[b3000] [receive] via NET/IB/4/GDRDMA
x08l11244:11121:11194 [7] NCCL INFO Channel 00/0 : 15[b3000] -> 7[b3000] [send] via NET/IB/4(14)/GDRDMA
x08l11245:23775:23848 [5] NCCL INFO Channel 00/0 : 13[8e000] -> 5[8e000] [receive] via NET/IB/3/GDRDMA
x08l11244:11113:11205 [1] NCCL INFO Channel 00/0 : 1[19000] -> 9[19000] [receive] via NET/IB/1/GDRDMA
x08l11244:11118:11203 [6] NCCL INFO Channel 00/0 : 6[ad000] -> 14[ad000] [receive] via NET/IB/4/GDRDMA
x08l11244:11118:11203 [6] NCCL INFO Channel 00/0 : 14[ad000] -> 6[ad000] [send] via NET/IB/4/GDRDMA
x08l11244:11113:11205 [1] NCCL INFO Channel 00/0 : 9[19000] -> 1[19000] [send] via NET/IB/1(8)/GDRDMA
x08l11245:23771:23847 [1] NCCL INFO Channel 00/0 : 9[19000] -> 1[19000] [receive] via NET/IB/1/GDRDMA
x08l11245:23778:23849 [7] NCCL INFO Channel 00/0 : 15[b3000] -> 7[b3000] [receive] via NET/IB/4/GDRDMA
x08l11245:23776:23858 [6] NCCL INFO Channel 00/0 : 14[ad000] -> 6[ad000] [receive] via NET/IB/4/GDRDMA
x08l11245:23776:23858 [6] NCCL INFO Channel 00/0 : 6[ad000] -> 14[ad000] [send] via NET/IB/4/GDRDMA
x08l11245:23771:23847 [1] NCCL INFO Channel 00/0 : 1[19000] -> 9[19000] [send] via NET/IB/1(0)/GDRDMA
x08l11245:23778:23849 [7] NCCL INFO Channel 00/0 : 7[b3000] -> 15[b3000] [send] via NET/IB/4(6)/GDRDMA
x08l11245:23775:23848 [5] NCCL INFO Channel 00/0 : 5[8e000] -> 13[8e000] [send] via NET/IB/3(4)/GDRDMA
x08l11244:11115:11213 [3] NCCL INFO NCCL_IB_TC set by environment to 16.
x08l11244:11115:11213 [3] NCCL INFO NCCL_IB_SL set by environment to 5.
x08l11244:11115:11213 [3] NCCL INFO NCCL_IB_TIMEOUT set by environment to 22.
x08l11244:11116:11207 [4] NCCL INFO Channel 00 : 12[89000] -> 8[13000] via P2P/IPC/read
x08l11245:23774:23865 [4] NCCL INFO Channel 00 : 4[89000] -> 0[13000] via P2P/IPC/read
x08l11245:23773:23868 [3] NCCL INFO NCCL_IB_TC set by environment to 16.
x08l11245:23773:23868 [3] NCCL INFO NCCL_IB_SL set by environment to 5.
x08l11245:23773:23868 [3] NCCL INFO NCCL_IB_TIMEOUT set by environment to 22.
x08l11245:23771:23867 [1] NCCL INFO NCCL_IB_TC set by environment to 16.
x08l11245:23771:23867 [1] NCCL INFO NCCL_IB_SL set by environment to 5.
x08l11244:11113:11211 [1] NCCL INFO NCCL_IB_TC set by environment to 16.
x08l11244:11113:11211 [1] NCCL INFO NCCL_IB_SL set by environment to 5.
x08l11245:23771:23867 [1] NCCL INFO NCCL_IB_TIMEOUT set by environment to 22.
x08l11244:11113:11211 [1] NCCL INFO NCCL_IB_TIMEOUT set by environment to 22.
x08l11244:11116:11207 [4] NCCL INFO Channel 01 : 12[89000] -> 8[13000] via P2P/IPC/read
x08l11244:11121:11208 [7] NCCL INFO NCCL_IB_TC set by environment to 16.
x08l11244:11121:11208 [7] NCCL INFO NCCL_IB_SL set by environment to 5.
x08l11244:11121:11208 [7] NCCL INFO NCCL_IB_TIMEOUT set by environment to 22.
x08l11244:11117:11212 [5] NCCL INFO NCCL_IB_TC set by environment to 16.
x08l11244:11117:11212 [5] NCCL INFO NCCL_IB_SL set by environment to 5.
x08l11244:11117:11212 [5] NCCL INFO NCCL_IB_TIMEOUT set by environment to 22.
x08l11245:23774:23865 [4] NCCL INFO Channel 01 : 4[89000] -> 0[13000] via P2P/IPC/read
x08l11244:11118:11203 [6] NCCL INFO Channel 00 : 14[ad000] -> 8[13000] via P2P/IPC/read
x08l11245:23778:23870 [7] NCCL INFO NCCL_IB_TC set by environment to 16.
x08l11245:23778:23870 [7] NCCL INFO NCCL_IB_SL set by environment to 5.
x08l11245:23775:23869 [5] NCCL INFO NCCL_IB_TC set by environment to 16.
x08l11245:23775:23869 [5] NCCL INFO NCCL_IB_SL set by environment to 5.
x08l11245:23778:23870 [7] NCCL INFO NCCL_IB_TIMEOUT set by environment to 22.
x08l11245:23775:23869 [5] NCCL INFO NCCL_IB_TIMEOUT set by environment to 22.
x08l11244:11121:11194 [7] NCCL INFO Channel 00 : 15[b3000] -> 8[13000] via P2P/IPC/read
x08l11244:11121:11194 [7] NCCL INFO Channel 00 : 15[b3000] -> 9[19000] via P2P/IPC/read
x08l11244:11121:11194 [7] NCCL INFO Channel 01 : 15[b3000] -> 9[19000] via P2P/IPC/read
x08l11244:11117:11204 [5] NCCL INFO Channel 00 : 13[8e000] -> 8[13000] via P2P/IPC/read
x08l11244:11117:11204 [5] NCCL INFO Channel 01 : 13[8e000] -> 8[13000] via P2P/IPC/read
x08l11244:11121:11194 [7] NCCL INFO Channel 00 : 15[b3000] -> 10[48000] via P2P/IPC/read
x08l11244:11121:11194 [7] NCCL INFO Channel 01 : 15[b3000] -> 10[48000] via P2P/IPC/read
x08l11244:11118:11203 [6] NCCL INFO Channel 00 : 14[ad000] -> 9[19000] via P2P/IPC/read
x08l11244:11121:11194 [7] NCCL INFO Channel 00 : 15[b3000] -> 11[4d000] via P2P/IPC/read
x08l11245:23776:23858 [6] NCCL INFO Channel 00 : 6[ad000] -> 0[13000] via P2P/IPC/read
x08l11244:11118:11203 [6] NCCL INFO Channel 00 : 14[ad000] -> 10[48000] via P2P/IPC/read
x08l11245:23778:23849 [7] NCCL INFO Channel 00 : 7[b3000] -> 0[13000] via P2P/IPC/read
x08l11244:11121:11194 [7] NCCL INFO Channel 00 : 15[b3000] -> 12[89000] via P2P/IPC/read
x08l11244:11117:11204 [5] NCCL INFO Channel 00 : 13[8e000] -> 9[19000] via P2P/IPC/read
x08l11245:23775:23848 [5] NCCL INFO Channel 00 : 5[8e000] -> 0[13000] via P2P/IPC/read
x08l11245:23778:23849 [7] NCCL INFO Channel 00 : 7[b3000] -> 1[19000] via P2P/IPC/read
x08l11245:23775:23848 [5] NCCL INFO Channel 01 : 5[8e000] -> 0[13000] via P2P/IPC/read
x08l11245:23778:23849 [7] NCCL INFO Channel 01 : 7[b3000] -> 1[19000] via P2P/IPC/read
x08l11244:11118:11203 [6] NCCL INFO Channel 00 : 14[ad000] -> 11[4d000] via P2P/IPC/read
x08l11244:11117:11204 [5] NCCL INFO Channel 01 : 13[8e000] -> 9[19000] via P2P/IPC/read
x08l11244:11115:11199 [3] NCCL INFO Channel 00 : 11[4d000] -> 8[13000] via P2P/IPC/read
x08l11245:23776:23858 [6] NCCL INFO Channel 00 : 6[ad000] -> 1[19000] via P2P/IPC/read
x08l11245:23778:23849 [7] NCCL INFO Channel 00 : 7[b3000] -> 2[48000] via P2P/IPC/read
x08l11244:11118:11203 [6] NCCL INFO Channel 00 : 14[ad000] -> 12[89000] via P2P/IPC/read
x08l11245:23778:23849 [7] NCCL INFO Channel 01 : 7[b3000] -> 2[48000] via P2P/IPC/read
x08l11244:11117:11204 [5] NCCL INFO Channel 00 : 13[8e000] -> 10[48000] via P2P/IPC/read
x08l11245:23776:23858 [6] NCCL INFO Channel 00 : 6[ad000] -> 2[48000] via P2P/IPC/read
x08l11244:11118:11203 [6] NCCL INFO Channel 01 : 14[ad000] -> 12[89000] via P2P/IPC/read
x08l11244:11117:11204 [5] NCCL INFO Channel 01 : 13[8e000] -> 10[48000] via P2P/IPC/read
x08l11245:23775:23848 [5] NCCL INFO Channel 00 : 5[8e000] -> 1[19000] via P2P/IPC/read
x08l11244:11116:11207 [4] NCCL INFO Channel 00 : 12[89000] -> 9[19000] via P2P/IPC/read
x08l11245:23778:23849 [7] NCCL INFO Channel 00 : 7[b3000] -> 3[4d000] via P2P/IPC/read
x08l11245:23775:23848 [5] NCCL INFO Channel 01 : 5[8e000] -> 1[19000] via P2P/IPC/read
x08l11245:23778:23849 [7] NCCL INFO Channel 00 : 7[b3000] -> 4[89000] via P2P/IPC/read
x08l11244:11121:11194 [7] NCCL INFO Channel 00 : 15[b3000] -> 13[8e000] via P2P/IPC/read
x08l11245:23776:23858 [6] NCCL INFO Channel 00 : 6[ad000] -> 3[4d000] via P2P/IPC/read
x08l11244:11114:11195 [2] NCCL INFO Channel 00 : 10[48000] -> 8[13000] via P2P/IPC/read
x08l11244:11121:11194 [7] NCCL INFO Channel 01 : 15[b3000] -> 13[8e000] via P2P/IPC/read
x08l11245:23775:23848 [5] NCCL INFO Channel 00 : 5[8e000] -> 2[48000] via P2P/IPC/read
x08l11245:23773:23850 [3] NCCL INFO Channel 00 : 3[4d000] -> 0[13000] via P2P/IPC/read
x08l11244:11117:11204 [5] NCCL INFO Channel 00 : 13[8e000] -> 11[4d000] via P2P/IPC/read
x08l11244:11115:11199 [3] NCCL INFO Channel 00 : 11[4d000] -> 9[19000] via P2P/IPC/read
x08l11244:11117:11204 [5] NCCL INFO Channel 01 : 13[8e000] -> 11[4d000] via P2P/IPC/read
x08l11245:23775:23848 [5] NCCL INFO Channel 01 : 5[8e000] -> 2[48000] via P2P/IPC/read
x08l11244:11112:11206 [0] NCCL INFO Connected 1 MSCCL algorithms
x08l11244:11112:11206 [0] NCCL INFO threadThresholds 8/8/64 | 128/8/64 | 8/8/64 | 8/8/512
x08l11244:11112:11206 [0] NCCL INFO 8 coll channels, 8 p2p channels, 2 p2p channels per peer
x08l11244:11115:11199 [3] NCCL INFO Channel 01 : 11[4d000] -> 9[19000] via P2P/IPC/read
x08l11244:11116:11207 [4] NCCL INFO Channel 00 : 12[89000] -> 10[48000] via P2P/IPC/read
x08l11245:23776:23858 [6] NCCL INFO Channel 00 : 6[ad000] -> 4[89000] via P2P/IPC/read
x08l11245:23774:23865 [4] NCCL INFO Channel 00 : 4[89000] -> 1[19000] via P2P/IPC/read
x08l11244:11121:11194 [7] NCCL INFO Connected 1 MSCCL algorithms
x08l11244:11121:11194 [7] NCCL INFO threadThresholds 8/8/64 | 128/8/64 | 8/8/64 | 8/8/512
x08l11244:11121:11194 [7] NCCL INFO 8 coll channels, 8 p2p channels, 2 p2p channels per peer
x08l11244:11113:11205 [1] NCCL INFO Connected 1 MSCCL algorithms
x08l11244:11113:11205 [1] NCCL INFO threadThresholds 8/8/64 | 128/8/64 | 8/8/64 | 8/8/512
x08l11244:11113:11205 [1] NCCL INFO 8 coll channels, 8 p2p channels, 2 p2p channels per peer
x08l11245:23778:23849 [7] NCCL INFO Channel 00 : 7[b3000] -> 5[8e000] via P2P/IPC/read
x08l11245:23778:23849 [7] NCCL INFO Channel 01 : 7[b3000] -> 5[8e000] via P2P/IPC/read
x08l11244:11118:11203 [6] NCCL INFO Connected 1 MSCCL algorithms
x08l11244:11118:11203 [6] NCCL INFO threadThresholds 8/8/64 | 128/8/64 | 8/8/64 | 8/8/512
x08l11244:11118:11203 [6] NCCL INFO 8 coll channels, 8 p2p channels, 2 p2p channels per peer
x08l11244:11114:11195 [2] NCCL INFO Connected 1 MSCCL algorithms
x08l11244:11114:11195 [2] NCCL INFO threadThresholds 8/8/64 | 128/8/64 | 8/8/64 | 8/8/512
x08l11244:11114:11195 [2] NCCL INFO 8 coll channels, 8 p2p channels, 2 p2p channels per peer
x08l11245:23776:23858 [6] NCCL INFO Channel 01 : 6[ad000] -> 4[89000] via P2P/IPC/read
x08l11244:11117:11204 [5] NCCL INFO Connected 1 MSCCL algorithms
x08l11244:11117:11204 [5] NCCL INFO threadThresholds 8/8/64 | 128/8/64 | 8/8/64 | 8/8/512
x08l11244:11117:11204 [5] NCCL INFO 8 coll channels, 8 p2p channels, 2 p2p channels per peer
x08l11244:11115:11199 [3] NCCL INFO Connected 1 MSCCL algorithms
x08l11244:11115:11199 [3] NCCL INFO threadThresholds 8/8/64 | 128/8/64 | 8/8/64 | 8/8/512
x08l11244:11115:11199 [3] NCCL INFO 8 coll channels, 8 p2p channels, 2 p2p channels per peer
x08l11244:11116:11207 [4] NCCL INFO Connected 1 MSCCL algorithms
x08l11244:11116:11207 [4] NCCL INFO threadThresholds 8/8/64 | 128/8/64 | 8/8/64 | 8/8/512
x08l11244:11116:11207 [4] NCCL INFO 8 coll channels, 8 p2p channels, 2 p2p channels per peer
x08l11245:23772:23866 [2] NCCL INFO Channel 00 : 2[48000] -> 0[13000] via P2P/IPC/read
x08l11245:23775:23848 [5] NCCL INFO Channel 00 : 5[8e000] -> 3[4d000] via P2P/IPC/read
x08l11245:23773:23850 [3] NCCL INFO Channel 00 : 3[4d000] -> 1[19000] via P2P/IPC/read
x08l11245:23774:23865 [4] NCCL INFO Channel 00 : 4[89000] -> 2[48000] via P2P/IPC/read
x08l11245:23770:23824 [0] NCCL INFO Connected 1 MSCCL algorithms
x08l11245:23775:23848 [5] NCCL INFO Channel 01 : 5[8e000] -> 3[4d000] via P2P/IPC/read
x08l11245:23770:23824 [0] NCCL INFO threadThresholds 8/8/64 | 128/8/64 | 8/8/64 | 8/8/512
x08l11245:23770:23824 [0] NCCL INFO 8 coll channels, 8 p2p channels, 2 p2p channels per peer
x08l11245:23773:23850 [3] NCCL INFO Channel 01 : 3[4d000] -> 1[19000] via P2P/IPC/read
x08l11245:23776:23858 [6] NCCL INFO Connected 1 MSCCL algorithms
x08l11245:23776:23858 [6] NCCL INFO threadThresholds 8/8/64 | 128/8/64 | 8/8/64 | 8/8/512
x08l11245:23776:23858 [6] NCCL INFO 8 coll channels, 8 p2p channels, 2 p2p channels per peer
x08l11245:23778:23849 [7] NCCL INFO Connected 1 MSCCL algorithms
x08l11245:23778:23849 [7] NCCL INFO threadThresholds 8/8/64 | 128/8/64 | 8/8/64 | 8/8/512
x08l11245:23778:23849 [7] NCCL INFO 8 coll channels, 8 p2p channels, 2 p2p channels per peer
x08l11245:23772:23866 [2] NCCL INFO Connected 1 MSCCL algorithms
x08l11245:23771:23847 [1] NCCL INFO Connected 1 MSCCL algorithms
x08l11245:23772:23866 [2] NCCL INFO threadThresholds 8/8/64 | 128/8/64 | 8/8/64 | 8/8/512
x08l11245:23771:23847 [1] NCCL INFO threadThresholds 8/8/64 | 128/8/64 | 8/8/64 | 8/8/512
x08l11245:23771:23847 [1] NCCL INFO 8 coll channels, 8 p2p channels, 2 p2p channels per peer
x08l11245:23774:23865 [4] NCCL INFO Connected 1 MSCCL algorithms
x08l11245:23772:23866 [2] NCCL INFO 8 coll channels, 8 p2p channels, 2 p2p channels per peer
x08l11245:23774:23865 [4] NCCL INFO threadThresholds 8/8/64 | 128/8/64 | 8/8/64 | 8/8/512
x08l11245:23774:23865 [4] NCCL INFO 8 coll channels, 8 p2p channels, 2 p2p channels per peer
x08l11245:23775:23848 [5] NCCL INFO Connected 1 MSCCL algorithms
x08l11245:23775:23848 [5] NCCL INFO threadThresholds 8/8/64 | 128/8/64 | 8/8/64 | 8/8/512
x08l11245:23775:23848 [5] NCCL INFO 8 coll channels, 8 p2p channels, 2 p2p channels per peer
x08l11245:23773:23850 [3] NCCL INFO Connected 1 MSCCL algorithms
x08l11245:23773:23850 [3] NCCL INFO threadThresholds 8/8/64 | 128/8/64 | 8/8/64 | 8/8/512
x08l11245:23773:23850 [3] NCCL INFO 8 coll channels, 8 p2p channels, 2 p2p channels per peer
x08l11244:11115:11199 [3] NCCL INFO comm 0x7f730445a010 rank 11 nranks 16 cudaDev 3 busId 4d000 - Init COMPLETE
x08l11244:11113:11205 [1] NCCL INFO comm 0x7f748245a010 rank 9 nranks 16 cudaDev 1 busId 19000 - Init COMPLETE
x08l11244:11117:11204 [5] NCCL INFO comm 0x7f5ba045a010 rank 13 nranks 16 cudaDev 5 busId 8e000 - Init COMPLETE
x08l11244:11121:11194 [7] NCCL INFO comm 0x7fa371c55010 rank 15 nranks 16 cudaDev 7 busId b3000 - Init COMPLETE
x08l11244:11118:11203 [6] NCCL INFO comm 0x7f8fa245a010 rank 14 nranks 16 cudaDev 6 busId ad000 - Init COMPLETE
x08l11244:11114:11195 [2] NCCL INFO comm 0x7f477245a010 rank 10 nranks 16 cudaDev 2 busId 48000 - Init COMPLETE
x08l11244:11116:11207 [4] NCCL INFO comm 0x7fcf8a45a010 rank 12 nranks 16 cudaDev 4 busId 89000 - Init COMPLETE
x08l11244:11112:11206 [0] NCCL INFO comm 0x7fadc045a010 rank 8 nranks 16 cudaDev 0 busId 13000 - Init COMPLETE
x08l11245:23772:23866 [2] NCCL INFO comm 0x7f154d458010 rank 2 nranks 16 cudaDev 2 busId 48000 - Init COMPLETE
x08l11245:23771:23847 [1] NCCL INFO comm 0x7f850445a010 rank 1 nranks 16 cudaDev 1 busId 19000 - Init COMPLETE
x08l11245:23776:23858 [6] NCCL INFO comm 0x7ff1f9c59010 rank 6 nranks 16 cudaDev 6 busId ad000 - Init COMPLETE
x08l11245:23778:23849 [7] NCCL INFO comm 0x7fe62045a010 rank 7 nranks 16 cudaDev 7 busId b3000 - Init COMPLETE
x08l11245:23773:23850 [3] NCCL INFO comm 0x7fb83e45a010 rank 3 nranks 16 cudaDev 3 busId 4d000 - Init COMPLETE
x08l11245:23775:23848 [5] NCCL INFO comm 0x7f57aa45a010 rank 5 nranks 16 cudaDev 5 busId 8e000 - Init COMPLETE
x08l11245:23774:23865 [4] NCCL INFO comm 0x7f200245a010 rank 4 nranks 16 cudaDev 4 busId 89000 - Init COMPLETE
x08l11245:23770:23824 [0] NCCL INFO comm 0x7f23ed059010 rank 0 nranks 16 cudaDev 0 busId 13000 - Init COMPLETE
#
#                                                              out-of-place                       in-place          
#       size         count      type   redop    root     time   algbw   busbw #wrong     time   algbw   busbw #wrong
#        (B)    (elements)                               (us)  (GB/s)  (GB/s)            (us)  (GB/s)  (GB/s)       
x08l11245:23770:23770 [0] NCCL INFO Launch mode Parallel
        1024           256     float     sum      -1    183.5    0.01    0.01      0    199.5    0.01    0.01      0
        2048           512     float     sum      -1    205.9    0.01    0.02      0    186.8    0.01    0.02      0
        4096          1024     float     sum      -1    232.6    0.02    0.03      0    185.5    0.02    0.04      0
        8192          2048     float     sum      -1    237.3    0.03    0.06      0    187.6    0.04    0.08      0
       16384          4096     float     sum      -1    237.3    0.07    0.13      0    184.5    0.09    0.17      0
       32768          8192     float     sum      -1    247.0    0.13    0.25      0    189.2    0.17    0.32      0
       65536         16384     float     sum      -1    292.0    0.22    0.42      0    196.8    0.33    0.62      0
      131072         32768     float     sum      -1    303.5    0.43    0.81      0    193.1    0.68    1.27      0
      262144         65536     float     sum      -1    335.8    0.78    1.46      0    201.0    1.30    2.45      0
      524288        131072     float     sum      -1    337.3    1.55    2.91      0    218.4    2.40    4.50      0
     1048576        262144     float     sum      -1    349.0    3.00    5.63      0    273.2    3.84    7.20      0
     2097152        524288     float     sum      -1    377.8    5.55   10.41      0    329.2    6.37   11.94      0
     4194304       1048576     float     sum      -1    415.7   10.09   18.92      0    491.1    8.54   16.01      0
     8388608       2097152     float     sum      -1    481.0   17.44   32.70      0    739.2   11.35   21.28      0
    16777216       4194304     float     sum      -1    604.2   27.77   52.07      0   1285.0   13.06   24.48      0
    33554432       8388608     float     sum      -1    989.1   33.93   63.61      0   2310.4   14.52   27.23      0
    67108864      16777216     float     sum      -1   1605.3   41.80   78.38      0   4289.6   15.64   29.33      0
   134217728      33554432     float     sum      -1   3227.2   41.59   77.98      0   8569.4   15.66   29.37      0
   268435456      67108864     float     sum      -1   6670.7   40.24   75.45      0    16637   16.14   30.25      0
   536870912     134217728     float     sum      -1    13340   40.25   75.46      0    33262   16.14   30.26      0
  1073741824     268435456     float     sum      -1    27086   39.64   74.33      0    66415   16.17   30.31      0
  2147483648     536870912     float     sum      -1    53603   40.06   75.12      0   132730   16.18   30.34      0
  4294967296    1073741824     float     sum      -1   107965   39.78   74.59      0   108069   39.74   74.52      0
x08l11244:11115:11115 [3] NCCL INFO comm 0x7f730445a010 rank 11 nranks 16 cudaDev 3 busId 4d000 - Destroy COMPLETE
x08l11244:11117:11117 [5] NCCL INFO comm 0x7f5ba045a010 rank 13 nranks 16 cudaDev 5 busId 8e000 - Destroy COMPLETE
x08l11245:23771:23771 [1] NCCL INFO comm 0x7f850445a010 rank 1 nranks 16 cudaDev 1 busId 19000 - Destroy COMPLETE
x08l11244:11113:11113 [1] NCCL INFO comm 0x7f748245a010 rank 9 nranks 16 cudaDev 1 busId 19000 - Destroy COMPLETE
x08l11245:23775:23775 [5] NCCL INFO comm 0x7f57aa45a010 rank 5 nranks 16 cudaDev 5 busId 8e000 - Destroy COMPLETE
x08l11245:23778:23778 [7] NCCL INFO comm 0x7fe62045a010 rank 7 nranks 16 cudaDev 7 busId b3000 - Destroy COMPLETE
x08l11245:23773:23773 [3] NCCL INFO comm 0x7fb83e45a010 rank 3 nranks 16 cudaDev 3 busId 4d000 - Destroy COMPLETE
x08l11244:11121:11121 [7] NCCL INFO comm 0x7fa371c55010 rank 15 nranks 16 cudaDev 7 busId b3000 - Destroy COMPLETE
x08l11244:11112:11112 [0] NCCL INFO comm 0x7fadc045a010 rank 8 nranks 16 cudaDev 0 busId 13000 - Destroy COMPLETE
x08l11244:11118:11118 [6] NCCL INFO comm 0x7f8fa245a010 rank 14 nranks 16 cudaDev 6 busId ad000 - Destroy COMPLETE
x08l11245:23776:23776 [6] NCCL INFO comm 0x7ff1f9c59010 rank 6 nranks 16 cudaDev 6 busId ad000 - Destroy COMPLETE
x08l11245:23770:23770 [0] NCCL INFO comm 0x7f23ed059010 rank 0 nranks 16 cudaDev 0 busId 13000 - Destroy COMPLETE
x08l11244:11116:11116 [4] NCCL INFO comm 0x7fcf8a45a010 rank 12 nranks 16 cudaDev 4 busId 89000 - Destroy COMPLETE
x08l11244:11114:11114 [2] NCCL INFO comm 0x7f477245a010 rank 10 nranks 16 cudaDev 2 busId 48000 - Destroy COMPLETE
# Out of bounds values : 0 OK
# Avg bus bandwidth    : 23.7561 
#
x08l11245:23772:23772 [2] NCCL INFO comm 0x7f154d458010 rank 2 nranks 16 cudaDev 2 busId 48000 - Destroy COMPLETE
x08l11245:23774:23774 [4] NCCL INFO comm 0x7f200245a010 rank 4 nranks 16 cudaDev 4 busId 89000 - Destroy COMPLETE

