x08l11245:30920:31007 [1] NCCL INFO Channel 01/0 : 9[19000] -> 1[19000] [receive] via NET/IB/1/GDRDMA
x08l11245:30919:30973 [0] NCCL INFO Channel 03/0 : 8[13000] -> 0[13000] [receive] via NET/IB/1/GDRDMA
x08l11245:30920:31007 [1] NCCL INFO Channel 02/0 : 9[19000] -> 1[19000] [receive] via NET/IB/1/GDRDMA
x08l11245:30928:31014 [7] NCCL INFO Channel 02/0 : 15[b3000] -> 7[b3000] [receive] via NET/IB/4/GDRDMA
x08l11245:30919:30973 [0] NCCL INFO Channel 05/0 : 8[13000] -> 0[13000] [receive] via NET/IB/1/GDRDMA
x08l11245:30920:31007 [1] NCCL INFO Channel 03/0 : 9[19000] -> 1[19000] [receive] via NET/IB/1/GDRDMA
x08l11245:30928:31014 [7] NCCL INFO Channel 03/0 : 15[b3000] -> 7[b3000] [receive] via NET/IB/4/GDRDMA
x08l11245:30919:30973 [0] NCCL INFO Channel 06/0 : 8[13000] -> 0[13000] [receive] via NET/IB/1/GDRDMA
x08l11245:30920:31007 [1] NCCL INFO Channel 04/0 : 9[19000] -> 1[19000] [receive] via NET/IB/1/GDRDMA
x08l11245:30928:31014 [7] NCCL INFO Channel 04/0 : 15[b3000] -> 7[b3000] [receive] via NET/IB/4/GDRDMA
x08l11245:30919:30973 [0] NCCL INFO Channel 07/0 : 8[13000] -> 0[13000] [receive] via NET/IB/1/GDRDMA
x08l11245:30920:31007 [1] NCCL INFO Channel 05/0 : 9[19000] -> 1[19000] [receive] via NET/IB/1/GDRDMA
x08l11245:30928:31014 [7] NCCL INFO Channel 05/0 : 15[b3000] -> 7[b3000] [receive] via NET/IB/4/GDRDMA
x08l11245:30919:30973 [0] NCCL INFO Channel 01/0 : 0[13000] -> 8[13000] [send] via NET/IB/1/GDRDMA
x08l11245:30928:31014 [7] NCCL INFO Channel 06/0 : 15[b3000] -> 7[b3000] [receive] via NET/IB/4/GDRDMA
x08l11245:30920:31007 [1] NCCL INFO Channel 06/0 : 9[19000] -> 1[19000] [receive] via NET/IB/1/GDRDMA
x08l11245:30919:30973 [0] NCCL INFO Channel 02/0 : 0[13000] -> 8[13000] [send] via NET/IB/1/GDRDMA
x08l11245:30920:31007 [1] NCCL INFO Channel 07/0 : 9[19000] -> 1[19000] [receive] via NET/IB/1/GDRDMA
x08l11245:30928:31014 [7] NCCL INFO Channel 07/0 : 15[b3000] -> 7[b3000] [receive] via NET/IB/4/GDRDMA
x08l11245:30919:30973 [0] NCCL INFO Channel 03/0 : 0[13000] -> 8[13000] [send] via NET/IB/1/GDRDMA
x08l11245:30919:30973 [0] NCCL INFO Channel 05/0 : 0[13000] -> 8[13000] [send] via NET/IB/1/GDRDMA
x08l11245:30924:31013 [5] NCCL INFO Channel 03/0 : 5[8e000] -> 13[8e000] [send] via NET/IB/3(4)/GDRDMA
x08l11245:30919:30973 [0] NCCL INFO Channel 06/0 : 0[13000] -> 8[13000] [send] via NET/IB/1/GDRDMA
x08l11245:30928:31014 [7] NCCL INFO Channel 00/0 : 7[b3000] -> 15[b3000] [send] via NET/IB/4(6)/GDRDMA
x08l11245:30920:31007 [1] NCCL INFO Channel 00/0 : 1[19000] -> 9[19000] [send] via NET/IB/1(0)/GDRDMA
x08l11245:30919:30973 [0] NCCL INFO Channel 07/0 : 0[13000] -> 8[13000] [send] via NET/IB/1/GDRDMA
x08l11245:30920:31007 [1] NCCL INFO Channel 01/0 : 1[19000] -> 9[19000] [send] via NET/IB/1(0)/GDRDMA
x08l11245:30928:31014 [7] NCCL INFO Channel 01/0 : 7[b3000] -> 15[b3000] [send] via NET/IB/4(6)/GDRDMA
x08l11245:30920:31007 [1] NCCL INFO Channel 02/0 : 1[19000] -> 9[19000] [send] via NET/IB/1(0)/GDRDMA
x08l11245:30928:31014 [7] NCCL INFO Channel 02/0 : 7[b3000] -> 15[b3000] [send] via NET/IB/4(6)/GDRDMA
x08l11245:30928:31014 [7] NCCL INFO Channel 03/0 : 7[b3000] -> 15[b3000] [send] via NET/IB/4(6)/GDRDMA
x08l11245:30928:31014 [7] NCCL INFO Channel 04/0 : 7[b3000] -> 15[b3000] [send] via NET/IB/4(6)/GDRDMA
x08l11245:30928:31014 [7] NCCL INFO Channel 05/0 : 7[b3000] -> 15[b3000] [send] via NET/IB/4(6)/GDRDMA
x08l11245:30928:31014 [7] NCCL INFO Channel 06/0 : 7[b3000] -> 15[b3000] [send] via NET/IB/4(6)/GDRDMA
x08l11245:30928:31014 [7] NCCL INFO Channel 07/0 : 7[b3000] -> 15[b3000] [send] via NET/IB/4(6)/GDRDMA
x08l11245:30926:31012 [6] NCCL INFO Channel 00/0 : 14[ad000] -> 6[ad000] [receive] via NET/IB/4/GDRDMA
x08l11244:35245:35342 [3] NCCL INFO NCCL_IB_TC set by environment to 16.
x08l11244:35245:35342 [3] NCCL INFO NCCL_IB_SL set by environment to 5.
x08l11244:35245:35342 [3] NCCL INFO NCCL_IB_TIMEOUT set by environment to 22.
x08l11245:30926:31012 [6] NCCL INFO Channel 01/0 : 14[ad000] -> 6[ad000] [receive] via NET/IB/4/GDRDMA
x08l11245:30926:31012 [6] NCCL INFO Channel 02/0 : 14[ad000] -> 6[ad000] [receive] via NET/IB/4/GDRDMA
x08l11245:30926:31012 [6] NCCL INFO Channel 04/0 : 14[ad000] -> 6[ad000] [receive] via NET/IB/4/GDRDMA
x08l11245:30926:31012 [6] NCCL INFO Channel 05/0 : 14[ad000] -> 6[ad000] [receive] via NET/IB/4/GDRDMA
x08l11245:30926:31012 [6] NCCL INFO Channel 06/0 : 14[ad000] -> 6[ad000] [receive] via NET/IB/4/GDRDMA
x08l11245:30926:31012 [6] NCCL INFO Channel 00/0 : 6[ad000] -> 14[ad000] [send] via NET/IB/4/GDRDMA
x08l11245:30926:31012 [6] NCCL INFO Channel 01/0 : 6[ad000] -> 14[ad000] [send] via NET/IB/4/GDRDMA
x08l11245:30926:31012 [6] NCCL INFO Channel 02/0 : 6[ad000] -> 14[ad000] [send] via NET/IB/4/GDRDMA
x08l11245:30926:31012 [6] NCCL INFO Channel 04/0 : 6[ad000] -> 14[ad000] [send] via NET/IB/4/GDRDMA
x08l11245:30926:31012 [6] NCCL INFO Channel 05/0 : 6[ad000] -> 14[ad000] [send] via NET/IB/4/GDRDMA
x08l11245:30926:31012 [6] NCCL INFO Channel 06/0 : 6[ad000] -> 14[ad000] [send] via NET/IB/4/GDRDMA
x08l11245:30920:31007 [1] NCCL INFO Channel 03/0 : 1[19000] -> 9[19000] [send] via NET/IB/1(0)/GDRDMA
x08l11245:30922:31019 [3] NCCL INFO NCCL_IB_TC set by environment to 16.
x08l11245:30922:31019 [3] NCCL INFO NCCL_IB_SL set by environment to 5.
x08l11245:30922:31019 [3] NCCL INFO NCCL_IB_TIMEOUT set by environment to 22.
x08l11245:30920:31007 [1] NCCL INFO Channel 04/0 : 1[19000] -> 9[19000] [send] via NET/IB/1(0)/GDRDMA
x08l11245:30920:31007 [1] NCCL INFO Channel 05/0 : 1[19000] -> 9[19000] [send] via NET/IB/1(0)/GDRDMA
x08l11245:30923:31015 [4] NCCL INFO Channel 00 : 4[89000] -> 0[13000] via P2P/IPC/read
x08l11245:30921:31006 [2] NCCL INFO Channel 03/0 : 2[48000] -> 10[48000] [send] via NET/IB/2/GDRDMA
x08l11245:30921:31006 [2] NCCL INFO Channel 04/0 : 2[48000] -> 10[48000] [send] via NET/IB/2/GDRDMA
x08l11245:30921:31006 [2] NCCL INFO Channel 06/0 : 2[48000] -> 10[48000] [send] via NET/IB/2/GDRDMA
x08l11245:30923:31015 [4] NCCL INFO Channel 01 : 4[89000] -> 0[13000] via P2P/IPC/read
x08l11245:30921:31006 [2] NCCL INFO Channel 07/0 : 2[48000] -> 10[48000] [send] via NET/IB/2/GDRDMA
x08l11245:30923:31015 [4] NCCL INFO Channel 02 : 4[89000] -> 0[13000] via P2P/IPC/read
x08l11245:30923:31015 [4] NCCL INFO Channel 03 : 4[89000] -> 0[13000] via P2P/IPC/read
x08l11245:30923:31015 [4] NCCL INFO Channel 04 : 4[89000] -> 0[13000] via P2P/IPC/read
x08l11245:30923:31015 [4] NCCL INFO Channel 05 : 4[89000] -> 0[13000] via P2P/IPC/read
x08l11245:30923:31015 [4] NCCL INFO Channel 06 : 4[89000] -> 0[13000] via P2P/IPC/read
x08l11244:35246:35321 [4] NCCL INFO Channel 00 : 12[89000] -> 8[13000] via P2P/IPC/read
x08l11245:30923:31015 [4] NCCL INFO Channel 07 : 4[89000] -> 0[13000] via P2P/IPC/read
x08l11244:35246:35321 [4] NCCL INFO Channel 01 : 12[89000] -> 8[13000] via P2P/IPC/read
x08l11244:35246:35321 [4] NCCL INFO Channel 02 : 12[89000] -> 8[13000] via P2P/IPC/read
x08l11244:35246:35321 [4] NCCL INFO Channel 03 : 12[89000] -> 8[13000] via P2P/IPC/read
x08l11244:35246:35321 [4] NCCL INFO Channel 04 : 12[89000] -> 8[13000] via P2P/IPC/read
x08l11244:35246:35321 [4] NCCL INFO Channel 05 : 12[89000] -> 8[13000] via P2P/IPC/read
x08l11244:35246:35321 [4] NCCL INFO Channel 06 : 12[89000] -> 8[13000] via P2P/IPC/read
x08l11244:35246:35321 [4] NCCL INFO Channel 07 : 12[89000] -> 8[13000] via P2P/IPC/read
x08l11245:30924:31013 [5] NCCL INFO Channel 04/0 : 5[8e000] -> 13[8e000] [send] via NET/IB/3(4)/GDRDMA
x08l11245:30924:31013 [5] NCCL INFO Channel 05/0 : 5[8e000] -> 13[8e000] [send] via NET/IB/3(4)/GDRDMA
x08l11245:30924:31013 [5] NCCL INFO Channel 06/0 : 5[8e000] -> 13[8e000] [send] via NET/IB/3(4)/GDRDMA
x08l11245:30924:31013 [5] NCCL INFO Channel 07/0 : 5[8e000] -> 13[8e000] [send] via NET/IB/3(4)/GDRDMA
x08l11244:35251:35338 [7] NCCL INFO NCCL_IB_TC set by environment to 16.
x08l11244:35251:35338 [7] NCCL INFO NCCL_IB_SL set by environment to 5.
x08l11244:35251:35338 [7] NCCL INFO NCCL_IB_TIMEOUT set by environment to 22.
x08l11245:30920:31007 [1] NCCL INFO Channel 06/0 : 1[19000] -> 9[19000] [send] via NET/IB/1(0)/GDRDMA
x08l11245:30920:31007 [1] NCCL INFO Channel 07/0 : 1[19000] -> 9[19000] [send] via NET/IB/1(0)/GDRDMA
x08l11245:30928:31020 [7] NCCL INFO NCCL_IB_TC set by environment to 16.
x08l11245:30928:31020 [7] NCCL INFO NCCL_IB_SL set by environment to 5.
x08l11245:30928:31020 [7] NCCL INFO NCCL_IB_TIMEOUT set by environment to 22.
x08l11244:35247:35340 [5] NCCL INFO NCCL_IB_TC set by environment to 16.
x08l11244:35247:35340 [5] NCCL INFO NCCL_IB_SL set by environment to 5.
x08l11244:35247:35340 [5] NCCL INFO NCCL_IB_TIMEOUT set by environment to 22.
x08l11245:30924:31022 [5] NCCL INFO NCCL_IB_TC set by environment to 16.
x08l11245:30924:31022 [5] NCCL INFO NCCL_IB_SL set by environment to 5.
x08l11245:30924:31022 [5] NCCL INFO NCCL_IB_TIMEOUT set by environment to 22.
x08l11244:35248:35331 [6] NCCL INFO Channel 00 : 14[ad000] -> 8[13000] via P2P/IPC/read
x08l11244:35248:35331 [6] NCCL INFO Channel 01 : 14[ad000] -> 8[13000] via P2P/IPC/read
x08l11244:35248:35331 [6] NCCL INFO Channel 02 : 14[ad000] -> 8[13000] via P2P/IPC/read
x08l11244:35248:35331 [6] NCCL INFO Channel 03 : 14[ad000] -> 8[13000] via P2P/IPC/read
x08l11244:35248:35331 [6] NCCL INFO Channel 04 : 14[ad000] -> 8[13000] via P2P/IPC/read
x08l11244:35248:35331 [6] NCCL INFO Channel 05 : 14[ad000] -> 8[13000] via P2P/IPC/read
x08l11244:35248:35331 [6] NCCL INFO Channel 06 : 14[ad000] -> 8[13000] via P2P/IPC/read
x08l11244:35248:35331 [6] NCCL INFO Channel 07 : 14[ad000] -> 8[13000] via P2P/IPC/read
x08l11245:30926:31012 [6] NCCL INFO Channel 00 : 6[ad000] -> 0[13000] via P2P/IPC/read
x08l11245:30926:31012 [6] NCCL INFO Channel 01 : 6[ad000] -> 0[13000] via P2P/IPC/read
x08l11245:30926:31012 [6] NCCL INFO Channel 02 : 6[ad000] -> 0[13000] via P2P/IPC/read
x08l11245:30926:31012 [6] NCCL INFO Channel 03 : 6[ad000] -> 0[13000] via P2P/IPC/read
x08l11245:30926:31012 [6] NCCL INFO Channel 04 : 6[ad000] -> 0[13000] via P2P/IPC/read
x08l11245:30926:31012 [6] NCCL INFO Channel 05 : 6[ad000] -> 0[13000] via P2P/IPC/read
x08l11245:30926:31012 [6] NCCL INFO Channel 06 : 6[ad000] -> 0[13000] via P2P/IPC/read
x08l11245:30926:31012 [6] NCCL INFO Channel 07 : 6[ad000] -> 0[13000] via P2P/IPC/read
x08l11245:30920:31023 [1] NCCL INFO NCCL_IB_TC set by environment to 16.
x08l11245:30920:31023 [1] NCCL INFO NCCL_IB_SL set by environment to 5.
x08l11245:30920:31023 [1] NCCL INFO NCCL_IB_TIMEOUT set by environment to 22.
x08l11245:30928:31014 [7] NCCL INFO Channel 00 : 7[b3000] -> 0[13000] via P2P/IPC/read
x08l11245:30928:31014 [7] NCCL INFO Channel 04 : 7[b3000] -> 0[13000] via P2P/IPC/read
x08l11245:30928:31014 [7] NCCL INFO Channel 00 : 7[b3000] -> 1[19000] via P2P/IPC/read
x08l11245:30928:31014 [7] NCCL INFO Channel 01 : 7[b3000] -> 1[19000] via P2P/IPC/read
x08l11245:30928:31014 [7] NCCL INFO Channel 02 : 7[b3000] -> 1[19000] via P2P/IPC/read
x08l11245:30928:31014 [7] NCCL INFO Channel 03 : 7[b3000] -> 1[19000] via P2P/IPC/read
x08l11244:35251:35329 [7] NCCL INFO Channel 00 : 15[b3000] -> 8[13000] via P2P/IPC/read
x08l11245:30928:31014 [7] NCCL INFO Channel 04 : 7[b3000] -> 1[19000] via P2P/IPC/read
x08l11245:30928:31014 [7] NCCL INFO Channel 05 : 7[b3000] -> 1[19000] via P2P/IPC/read
x08l11244:35251:35329 [7] NCCL INFO Channel 04 : 15[b3000] -> 8[13000] via P2P/IPC/read
x08l11245:30928:31014 [7] NCCL INFO Channel 06 : 7[b3000] -> 1[19000] via P2P/IPC/read
x08l11245:30928:31014 [7] NCCL INFO Channel 07 : 7[b3000] -> 1[19000] via P2P/IPC/read
x08l11244:35251:35329 [7] NCCL INFO Channel 00 : 15[b3000] -> 9[19000] via P2P/IPC/read
x08l11244:35251:35329 [7] NCCL INFO Channel 01 : 15[b3000] -> 9[19000] via P2P/IPC/read
x08l11244:35251:35329 [7] NCCL INFO Channel 02 : 15[b3000] -> 9[19000] via P2P/IPC/read
x08l11244:35251:35329 [7] NCCL INFO Channel 03 : 15[b3000] -> 9[19000] via P2P/IPC/read
x08l11244:35251:35329 [7] NCCL INFO Channel 04 : 15[b3000] -> 9[19000] via P2P/IPC/read
x08l11244:35251:35329 [7] NCCL INFO Channel 05 : 15[b3000] -> 9[19000] via P2P/IPC/read
x08l11244:35251:35329 [7] NCCL INFO Channel 06 : 15[b3000] -> 9[19000] via P2P/IPC/read
x08l11244:35251:35329 [7] NCCL INFO Channel 07 : 15[b3000] -> 9[19000] via P2P/IPC/read
x08l11245:30926:31012 [6] NCCL INFO Channel 00 : 6[ad000] -> 1[19000] via P2P/IPC/read
x08l11245:30926:31012 [6] NCCL INFO Channel 01 : 6[ad000] -> 1[19000] via P2P/IPC/read
x08l11245:30926:31012 [6] NCCL INFO Channel 02 : 6[ad000] -> 1[19000] via P2P/IPC/read
x08l11245:30926:31012 [6] NCCL INFO Channel 03 : 6[ad000] -> 1[19000] via P2P/IPC/read
x08l11245:30926:31012 [6] NCCL INFO Channel 04 : 6[ad000] -> 1[19000] via P2P/IPC/read
x08l11245:30926:31012 [6] NCCL INFO Channel 05 : 6[ad000] -> 1[19000] via P2P/IPC/read
x08l11245:30926:31012 [6] NCCL INFO Channel 06 : 6[ad000] -> 1[19000] via P2P/IPC/read
x08l11245:30926:31012 [6] NCCL INFO Channel 07 : 6[ad000] -> 1[19000] via P2P/IPC/read
x08l11244:35243:35339 [1] NCCL INFO NCCL_IB_TC set by environment to 16.
x08l11244:35243:35339 [1] NCCL INFO NCCL_IB_SL set by environment to 5.
x08l11244:35243:35339 [1] NCCL INFO NCCL_IB_TIMEOUT set by environment to 22.
x08l11244:35248:35331 [6] NCCL INFO Channel 00 : 14[ad000] -> 9[19000] via P2P/IPC/read
x08l11244:35248:35331 [6] NCCL INFO Channel 01 : 14[ad000] -> 9[19000] via P2P/IPC/read
x08l11244:35248:35331 [6] NCCL INFO Channel 02 : 14[ad000] -> 9[19000] via P2P/IPC/read
x08l11245:30924:31013 [5] NCCL INFO Channel 00 : 5[8e000] -> 0[13000] via P2P/IPC/read
x08l11245:30924:31013 [5] NCCL INFO Channel 01 : 5[8e000] -> 0[13000] via P2P/IPC/read
x08l11245:30924:31013 [5] NCCL INFO Channel 02 : 5[8e000] -> 0[13000] via P2P/IPC/read
x08l11245:30924:31013 [5] NCCL INFO Channel 03 : 5[8e000] -> 0[13000] via P2P/IPC/read
x08l11245:30924:31013 [5] NCCL INFO Channel 04 : 5[8e000] -> 0[13000] via P2P/IPC/read
x08l11245:30924:31013 [5] NCCL INFO Channel 05 : 5[8e000] -> 0[13000] via P2P/IPC/read
x08l11244:35248:35331 [6] NCCL INFO Channel 03 : 14[ad000] -> 9[19000] via P2P/IPC/read
x08l11245:30924:31013 [5] NCCL INFO Channel 06 : 5[8e000] -> 0[13000] via P2P/IPC/read
x08l11245:30924:31013 [5] NCCL INFO Channel 07 : 5[8e000] -> 0[13000] via P2P/IPC/read
x08l11244:35248:35331 [6] NCCL INFO Channel 04 : 14[ad000] -> 9[19000] via P2P/IPC/read
x08l11244:35248:35331 [6] NCCL INFO Channel 05 : 14[ad000] -> 9[19000] via P2P/IPC/read
x08l11244:35248:35331 [6] NCCL INFO Channel 06 : 14[ad000] -> 9[19000] via P2P/IPC/read
x08l11244:35248:35331 [6] NCCL INFO Channel 07 : 14[ad000] -> 9[19000] via P2P/IPC/read
x08l11245:30924:31013 [5] NCCL INFO Channel 00 : 5[8e000] -> 1[19000] via P2P/IPC/read
x08l11245:30924:31013 [5] NCCL INFO Channel 01 : 5[8e000] -> 1[19000] via P2P/IPC/read
x08l11245:30924:31013 [5] NCCL INFO Channel 02 : 5[8e000] -> 1[19000] via P2P/IPC/read
x08l11245:30924:31013 [5] NCCL INFO Channel 03 : 5[8e000] -> 1[19000] via P2P/IPC/read
x08l11245:30924:31013 [5] NCCL INFO Channel 04 : 5[8e000] -> 1[19000] via P2P/IPC/read
x08l11245:30924:31013 [5] NCCL INFO Channel 05 : 5[8e000] -> 1[19000] via P2P/IPC/read
x08l11245:30924:31013 [5] NCCL INFO Channel 06 : 5[8e000] -> 1[19000] via P2P/IPC/read
x08l11245:30924:31013 [5] NCCL INFO Channel 07 : 5[8e000] -> 1[19000] via P2P/IPC/read
x08l11244:35247:35324 [5] NCCL INFO Channel 00 : 13[8e000] -> 8[13000] via P2P/IPC/read
x08l11244:35247:35324 [5] NCCL INFO Channel 01 : 13[8e000] -> 8[13000] via P2P/IPC/read
x08l11244:35247:35324 [5] NCCL INFO Channel 02 : 13[8e000] -> 8[13000] via P2P/IPC/read
x08l11244:35247:35324 [5] NCCL INFO Channel 03 : 13[8e000] -> 8[13000] via P2P/IPC/read
x08l11244:35247:35324 [5] NCCL INFO Channel 04 : 13[8e000] -> 8[13000] via P2P/IPC/read
x08l11244:35247:35324 [5] NCCL INFO Channel 05 : 13[8e000] -> 8[13000] via P2P/IPC/read
x08l11244:35247:35324 [5] NCCL INFO Channel 06 : 13[8e000] -> 8[13000] via P2P/IPC/read
x08l11244:35247:35324 [5] NCCL INFO Channel 07 : 13[8e000] -> 8[13000] via P2P/IPC/read
x08l11245:30923:31015 [4] NCCL INFO Channel 00 : 4[89000] -> 1[19000] via P2P/IPC/read
x08l11245:30923:31015 [4] NCCL INFO Channel 02 : 4[89000] -> 1[19000] via P2P/IPC/read
x08l11245:30923:31015 [4] NCCL INFO Channel 03 : 4[89000] -> 1[19000] via P2P/IPC/read
x08l11244:35247:35324 [5] NCCL INFO Channel 00 : 13[8e000] -> 9[19000] via P2P/IPC/read
x08l11245:30923:31015 [4] NCCL INFO Channel 04 : 4[89000] -> 1[19000] via P2P/IPC/read
x08l11244:35247:35324 [5] NCCL INFO Channel 01 : 13[8e000] -> 9[19000] via P2P/IPC/read
x08l11245:30923:31015 [4] NCCL INFO Channel 06 : 4[89000] -> 1[19000] via P2P/IPC/read
x08l11244:35247:35324 [5] NCCL INFO Channel 02 : 13[8e000] -> 9[19000] via P2P/IPC/read
x08l11244:35247:35324 [5] NCCL INFO Channel 03 : 13[8e000] -> 9[19000] via P2P/IPC/read
x08l11245:30923:31015 [4] NCCL INFO Channel 07 : 4[89000] -> 1[19000] via P2P/IPC/read
x08l11244:35247:35324 [5] NCCL INFO Channel 04 : 13[8e000] -> 9[19000] via P2P/IPC/read
x08l11244:35247:35324 [5] NCCL INFO Channel 05 : 13[8e000] -> 9[19000] via P2P/IPC/read
x08l11244:35247:35324 [5] NCCL INFO Channel 06 : 13[8e000] -> 9[19000] via P2P/IPC/read
x08l11244:35247:35324 [5] NCCL INFO Channel 07 : 13[8e000] -> 9[19000] via P2P/IPC/read
x08l11245:30928:31014 [7] NCCL INFO Channel 00 : 7[b3000] -> 2[48000] via P2P/IPC/read
x08l11245:30928:31014 [7] NCCL INFO Channel 01 : 7[b3000] -> 2[48000] via P2P/IPC/read
x08l11245:30928:31014 [7] NCCL INFO Channel 02 : 7[b3000] -> 2[48000] via P2P/IPC/read
x08l11245:30928:31014 [7] NCCL INFO Channel 03 : 7[b3000] -> 2[48000] via P2P/IPC/read
x08l11245:30928:31014 [7] NCCL INFO Channel 04 : 7[b3000] -> 2[48000] via P2P/IPC/read
x08l11245:30928:31014 [7] NCCL INFO Channel 05 : 7[b3000] -> 2[48000] via P2P/IPC/read
x08l11245:30928:31014 [7] NCCL INFO Channel 06 : 7[b3000] -> 2[48000] via P2P/IPC/read
x08l11245:30928:31014 [7] NCCL INFO Channel 07 : 7[b3000] -> 2[48000] via P2P/IPC/read
x08l11244:35246:35321 [4] NCCL INFO Channel 00 : 12[89000] -> 9[19000] via P2P/IPC/read
x08l11244:35246:35321 [4] NCCL INFO Channel 02 : 12[89000] -> 9[19000] via P2P/IPC/read
x08l11244:35246:35321 [4] NCCL INFO Channel 03 : 12[89000] -> 9[19000] via P2P/IPC/read
x08l11244:35246:35321 [4] NCCL INFO Channel 04 : 12[89000] -> 9[19000] via P2P/IPC/read
x08l11244:35246:35321 [4] NCCL INFO Channel 06 : 12[89000] -> 9[19000] via P2P/IPC/read
x08l11244:35246:35321 [4] NCCL INFO Channel 07 : 12[89000] -> 9[19000] via P2P/IPC/read
x08l11245:30928:31014 [7] NCCL INFO Channel 00 : 7[b3000] -> 3[4d000] via P2P/IPC/read
x08l11245:30928:31014 [7] NCCL INFO Channel 01 : 7[b3000] -> 3[4d000] via P2P/IPC/read
x08l11245:30926:31012 [6] NCCL INFO Channel 00 : 6[ad000] -> 2[48000] via P2P/IPC/read
x08l11245:30928:31014 [7] NCCL INFO Channel 02 : 7[b3000] -> 3[4d000] via P2P/IPC/read
x08l11245:30926:31012 [6] NCCL INFO Channel 01 : 6[ad000] -> 2[48000] via P2P/IPC/read
x08l11245:30928:31014 [7] NCCL INFO Channel 03 : 7[b3000] -> 3[4d000] via P2P/IPC/read
x08l11245:30926:31012 [6] NCCL INFO Channel 02 : 6[ad000] -> 2[48000] via P2P/IPC/read
x08l11245:30928:31014 [7] NCCL INFO Channel 04 : 7[b3000] -> 3[4d000] via P2P/IPC/read
x08l11245:30926:31012 [6] NCCL INFO Channel 03 : 6[ad000] -> 2[48000] via P2P/IPC/read
x08l11245:30926:31012 [6] NCCL INFO Channel 04 : 6[ad000] -> 2[48000] via P2P/IPC/read
x08l11245:30928:31014 [7] NCCL INFO Channel 05 : 7[b3000] -> 3[4d000] via P2P/IPC/read
x08l11245:30926:31012 [6] NCCL INFO Channel 05 : 6[ad000] -> 2[48000] via P2P/IPC/read
x08l11245:30928:31014 [7] NCCL INFO Channel 06 : 7[b3000] -> 3[4d000] via P2P/IPC/read
x08l11245:30926:31012 [6] NCCL INFO Channel 06 : 6[ad000] -> 2[48000] via P2P/IPC/read
x08l11245:30928:31014 [7] NCCL INFO Channel 07 : 7[b3000] -> 3[4d000] via P2P/IPC/read
x08l11245:30926:31012 [6] NCCL INFO Channel 07 : 6[ad000] -> 2[48000] via P2P/IPC/read
x08l11245:30924:31013 [5] NCCL INFO Channel 00 : 5[8e000] -> 2[48000] via P2P/IPC/read
x08l11245:30928:31014 [7] NCCL INFO Channel 00 : 7[b3000] -> 4[89000] via P2P/IPC/read
x08l11245:30926:31012 [6] NCCL INFO Channel 00 : 6[ad000] -> 3[4d000] via P2P/IPC/read
x08l11245:30928:31014 [7] NCCL INFO Channel 01 : 7[b3000] -> 4[89000] via P2P/IPC/read
x08l11245:30926:31012 [6] NCCL INFO Channel 01 : 6[ad000] -> 3[4d000] via P2P/IPC/read
x08l11245:30928:31014 [7] NCCL INFO Channel 02 : 7[b3000] -> 4[89000] via P2P/IPC/read
x08l11245:30924:31013 [5] NCCL INFO Channel 01 : 5[8e000] -> 2[48000] via P2P/IPC/read
x08l11245:30926:31012 [6] NCCL INFO Channel 02 : 6[ad000] -> 3[4d000] via P2P/IPC/read
x08l11245:30928:31014 [7] NCCL INFO Channel 03 : 7[b3000] -> 4[89000] via P2P/IPC/read
x08l11245:30924:31013 [5] NCCL INFO Channel 02 : 5[8e000] -> 2[48000] via P2P/IPC/read
x08l11245:30926:31012 [6] NCCL INFO Channel 04 : 6[ad000] -> 3[4d000] via P2P/IPC/read
x08l11245:30928:31014 [7] NCCL INFO Channel 04 : 7[b3000] -> 4[89000] via P2P/IPC/read
x08l11245:30926:31012 [6] NCCL INFO Channel 05 : 6[ad000] -> 3[4d000] via P2P/IPC/read
x08l11245:30928:31014 [7] NCCL INFO Channel 05 : 7[b3000] -> 4[89000] via P2P/IPC/read
x08l11245:30924:31013 [5] NCCL INFO Channel 03 : 5[8e000] -> 2[48000] via P2P/IPC/read
x08l11245:30926:31012 [6] NCCL INFO Channel 06 : 6[ad000] -> 3[4d000] via P2P/IPC/read
x08l11245:30928:31014 [7] NCCL INFO Channel 06 : 7[b3000] -> 4[89000] via P2P/IPC/read
x08l11245:30924:31013 [5] NCCL INFO Channel 04 : 5[8e000] -> 2[48000] via P2P/IPC/read
x08l11245:30928:31014 [7] NCCL INFO Channel 07 : 7[b3000] -> 4[89000] via P2P/IPC/read
x08l11245:30924:31013 [5] NCCL INFO Channel 05 : 5[8e000] -> 2[48000] via P2P/IPC/read
x08l11245:30922:31004 [3] NCCL INFO Channel 00 : 3[4d000] -> 0[13000] via P2P/IPC/read
x08l11245:30924:31013 [5] NCCL INFO Channel 06 : 5[8e000] -> 2[48000] via P2P/IPC/read
x08l11245:30922:31004 [3] NCCL INFO Channel 01 : 3[4d000] -> 0[13000] via P2P/IPC/read
x08l11245:30924:31013 [5] NCCL INFO Channel 07 : 5[8e000] -> 2[48000] via P2P/IPC/read
x08l11245:30922:31004 [3] NCCL INFO Channel 02 : 3[4d000] -> 0[13000] via P2P/IPC/read
x08l11244:35251:35329 [7] NCCL INFO Channel 00 : 15[b3000] -> 10[48000] via P2P/IPC/read
x08l11244:35251:35329 [7] NCCL INFO Channel 01 : 15[b3000] -> 10[48000] via P2P/IPC/read
x08l11245:30922:31004 [3] NCCL INFO Channel 03 : 3[4d000] -> 0[13000] via P2P/IPC/read
x08l11244:35251:35329 [7] NCCL INFO Channel 02 : 15[b3000] -> 10[48000] via P2P/IPC/read
x08l11244:35251:35329 [7] NCCL INFO Channel 03 : 15[b3000] -> 10[48000] via P2P/IPC/read
x08l11244:35251:35329 [7] NCCL INFO Channel 04 : 15[b3000] -> 10[48000] via P2P/IPC/read
x08l11245:30922:31004 [3] NCCL INFO Channel 04 : 3[4d000] -> 0[13000] via P2P/IPC/read
x08l11244:35251:35329 [7] NCCL INFO Channel 05 : 15[b3000] -> 10[48000] via P2P/IPC/read
x08l11245:30928:31014 [7] NCCL INFO Channel 00 : 7[b3000] -> 5[8e000] via P2P/IPC/read
x08l11245:30922:31004 [3] NCCL INFO Channel 05 : 3[4d000] -> 0[13000] via P2P/IPC/read
x08l11244:35251:35329 [7] NCCL INFO Channel 06 : 15[b3000] -> 10[48000] via P2P/IPC/read
x08l11244:35251:35329 [7] NCCL INFO Channel 07 : 15[b3000] -> 10[48000] via P2P/IPC/read
x08l11245:30928:31014 [7] NCCL INFO Channel 01 : 7[b3000] -> 5[8e000] via P2P/IPC/read
x08l11245:30922:31004 [3] NCCL INFO Channel 06 : 3[4d000] -> 0[13000] via P2P/IPC/read
x08l11245:30928:31014 [7] NCCL INFO Channel 02 : 7[b3000] -> 5[8e000] via P2P/IPC/read
x08l11245:30922:31004 [3] NCCL INFO Channel 07 : 3[4d000] -> 0[13000] via P2P/IPC/read
x08l11245:30928:31014 [7] NCCL INFO Channel 03 : 7[b3000] -> 5[8e000] via P2P/IPC/read
x08l11245:30928:31014 [7] NCCL INFO Channel 04 : 7[b3000] -> 5[8e000] via P2P/IPC/read
x08l11244:35248:35331 [6] NCCL INFO Channel 00 : 14[ad000] -> 10[48000] via P2P/IPC/read
x08l11245:30928:31014 [7] NCCL INFO Channel 05 : 7[b3000] -> 5[8e000] via P2P/IPC/read
x08l11244:35251:35329 [7] NCCL INFO Channel 00 : 15[b3000] -> 11[4d000] via P2P/IPC/read
x08l11244:35248:35331 [6] NCCL INFO Channel 01 : 14[ad000] -> 10[48000] via P2P/IPC/read
x08l11245:30928:31014 [7] NCCL INFO Channel 06 : 7[b3000] -> 5[8e000] via P2P/IPC/read
x08l11245:30926:31012 [6] NCCL INFO Channel 00 : 6[ad000] -> 4[89000] via P2P/IPC/read
x08l11245:30928:31014 [7] NCCL INFO Channel 07 : 7[b3000] -> 5[8e000] via P2P/IPC/read
x08l11245:30926:31012 [6] NCCL INFO Channel 01 : 6[ad000] -> 4[89000] via P2P/IPC/read
x08l11245:30921:31006 [2] NCCL INFO Channel 00 : 2[48000] -> 0[13000] via P2P/IPC/read
x08l11245:30926:31012 [6] NCCL INFO Channel 02 : 6[ad000] -> 4[89000] via P2P/IPC/read
x08l11245:30921:31006 [2] NCCL INFO Channel 01 : 2[48000] -> 0[13000] via P2P/IPC/read
x08l11245:30926:31012 [6] NCCL INFO Channel 03 : 6[ad000] -> 4[89000] via P2P/IPC/read
x08l11244:35248:35331 [6] NCCL INFO Channel 02 : 14[ad000] -> 10[48000] via P2P/IPC/read
x08l11244:35251:35329 [7] NCCL INFO Channel 01 : 15[b3000] -> 11[4d000] via P2P/IPC/read
x08l11245:30924:31013 [5] NCCL INFO Channel 00 : 5[8e000] -> 3[4d000] via P2P/IPC/read
x08l11245:30921:31006 [2] NCCL INFO Channel 02 : 2[48000] -> 0[13000] via P2P/IPC/read
x08l11245:30926:31012 [6] NCCL INFO Channel 04 : 6[ad000] -> 4[89000] via P2P/IPC/read
x08l11245:30924:31013 [5] NCCL INFO Channel 01 : 5[8e000] -> 3[4d000] via P2P/IPC/read
x08l11245:30921:31006 [2] NCCL INFO Channel 03 : 2[48000] -> 0[13000] via P2P/IPC/read
x08l11245:30926:31012 [6] NCCL INFO Channel 05 : 6[ad000] -> 4[89000] via P2P/IPC/read
x08l11245:30923:31015 [4] NCCL INFO Channel 00 : 4[89000] -> 2[48000] via P2P/IPC/read
x08l11245:30924:31013 [5] NCCL INFO Channel 02 : 5[8e000] -> 3[4d000] via P2P/IPC/read
x08l11245:30921:31006 [2] NCCL INFO Channel 04 : 2[48000] -> 0[13000] via P2P/IPC/read
x08l11245:30926:31012 [6] NCCL INFO Channel 06 : 6[ad000] -> 4[89000] via P2P/IPC/read
x08l11245:30923:31015 [4] NCCL INFO Channel 01 : 4[89000] -> 2[48000] via P2P/IPC/read
x08l11245:30924:31013 [5] NCCL INFO Channel 03 : 5[8e000] -> 3[4d000] via P2P/IPC/read
x08l11245:30921:31006 [2] NCCL INFO Channel 05 : 2[48000] -> 0[13000] via P2P/IPC/read
x08l11244:35248:35331 [6] NCCL INFO Channel 03 : 14[ad000] -> 10[48000] via P2P/IPC/read
x08l11244:35251:35329 [7] NCCL INFO Channel 02 : 15[b3000] -> 11[4d000] via P2P/IPC/read
x08l11245:30926:31012 [6] NCCL INFO Channel 07 : 6[ad000] -> 4[89000] via P2P/IPC/read
x08l11245:30923:31015 [4] NCCL INFO Channel 02 : 4[89000] -> 2[48000] via P2P/IPC/read
x08l11245:30924:31013 [5] NCCL INFO Channel 04 : 5[8e000] -> 3[4d000] via P2P/IPC/read
x08l11245:30921:31006 [2] NCCL INFO Channel 06 : 2[48000] -> 0[13000] via P2P/IPC/read
x08l11245:30923:31015 [4] NCCL INFO Channel 03 : 4[89000] -> 2[48000] via P2P/IPC/read
x08l11245:30924:31013 [5] NCCL INFO Channel 05 : 5[8e000] -> 3[4d000] via P2P/IPC/read
x08l11245:30921:31006 [2] NCCL INFO Channel 07 : 2[48000] -> 0[13000] via P2P/IPC/read
x08l11245:30923:31015 [4] NCCL INFO Channel 04 : 4[89000] -> 2[48000] via P2P/IPC/read
x08l11245:30924:31013 [5] NCCL INFO Channel 06 : 5[8e000] -> 3[4d000] via P2P/IPC/read
x08l11245:30923:31015 [4] NCCL INFO Channel 05 : 4[89000] -> 2[48000] via P2P/IPC/read
x08l11245:30924:31013 [5] NCCL INFO Channel 07 : 5[8e000] -> 3[4d000] via P2P/IPC/read
x08l11245:30923:31015 [4] NCCL INFO Channel 06 : 4[89000] -> 2[48000] via P2P/IPC/read
x08l11244:35248:35331 [6] NCCL INFO Channel 04 : 14[ad000] -> 10[48000] via P2P/IPC/read
x08l11244:35251:35329 [7] NCCL INFO Channel 03 : 15[b3000] -> 11[4d000] via P2P/IPC/read
x08l11245:30923:31015 [4] NCCL INFO Channel 07 : 4[89000] -> 2[48000] via P2P/IPC/read
x08l11245:30922:31004 [3] NCCL INFO Channel 00 : 3[4d000] -> 1[19000] via P2P/IPC/read
x08l11244:35248:35331 [6] NCCL INFO Channel 05 : 14[ad000] -> 10[48000] via P2P/IPC/read
x08l11244:35251:35329 [7] NCCL INFO Channel 04 : 15[b3000] -> 11[4d000] via P2P/IPC/read
x08l11245:30922:31004 [3] NCCL INFO Channel 01 : 3[4d000] -> 1[19000] via P2P/IPC/read
x08l11244:35248:35331 [6] NCCL INFO Channel 06 : 14[ad000] -> 10[48000] via P2P/IPC/read
x08l11244:35251:35329 [7] NCCL INFO Channel 05 : 15[b3000] -> 11[4d000] via P2P/IPC/read
x08l11245:30919:30973 [0] NCCL INFO Connected 1 MSCCL algorithms
x08l11245:30919:30973 [0] NCCL INFO threadThresholds 8/8/64 | 128/8/64 | 8/8/64 | 8/8/512
x08l11245:30919:30973 [0] NCCL INFO 8 coll channels, 8 p2p channels, 2 p2p channels per peer
x08l11244:35248:35331 [6] NCCL INFO Channel 07 : 14[ad000] -> 10[48000] via P2P/IPC/read
x08l11244:35251:35329 [7] NCCL INFO Channel 06 : 15[b3000] -> 11[4d000] via P2P/IPC/read
x08l11245:30922:31004 [3] NCCL INFO Channel 02 : 3[4d000] -> 1[19000] via P2P/IPC/read
x08l11245:30922:31004 [3] NCCL INFO Channel 03 : 3[4d000] -> 1[19000] via P2P/IPC/read
x08l11245:30928:31014 [7] NCCL INFO Connected 1 MSCCL algorithms
x08l11245:30928:31014 [7] NCCL INFO threadThresholds 8/8/64 | 128/8/64 | 8/8/64 | 8/8/512
x08l11245:30928:31014 [7] NCCL INFO 8 coll channels, 8 p2p channels, 2 p2p channels per peer
x08l11244:35251:35329 [7] NCCL INFO Channel 07 : 15[b3000] -> 11[4d000] via P2P/IPC/read
x08l11245:30922:31004 [3] NCCL INFO Channel 04 : 3[4d000] -> 1[19000] via P2P/IPC/read
x08l11245:30922:31004 [3] NCCL INFO Channel 05 : 3[4d000] -> 1[19000] via P2P/IPC/read
x08l11245:30926:31012 [6] NCCL INFO Channel 03 : 6[ad000] -> 5[8e000] via P2P/IPC/read
x08l11245:30922:31004 [3] NCCL INFO Channel 06 : 3[4d000] -> 1[19000] via P2P/IPC/read
x08l11245:30926:31012 [6] NCCL INFO Channel 07 : 6[ad000] -> 5[8e000] via P2P/IPC/read
x08l11244:35247:35324 [5] NCCL INFO Channel 00 : 13[8e000] -> 10[48000] via P2P/IPC/read
x08l11245:30922:31004 [3] NCCL INFO Channel 07 : 3[4d000] -> 1[19000] via P2P/IPC/read
x08l11244:35247:35324 [5] NCCL INFO Channel 01 : 13[8e000] -> 10[48000] via P2P/IPC/read
x08l11245:30921:31006 [2] NCCL INFO Channel 01 : 2[48000] -> 1[19000] via P2P/IPC/read
x08l11245:30923:31015 [4] NCCL INFO Connected 1 MSCCL algorithms
x08l11245:30923:31015 [4] NCCL INFO threadThresholds 8/8/64 | 128/8/64 | 8/8/64 | 8/8/512
x08l11245:30923:31015 [4] NCCL INFO 8 coll channels, 8 p2p channels, 2 p2p channels per peer
x08l11244:35247:35324 [5] NCCL INFO Channel 02 : 13[8e000] -> 10[48000] via P2P/IPC/read
x08l11245:30921:31006 [2] NCCL INFO Channel 05 : 2[48000] -> 1[19000] via P2P/IPC/read
x08l11244:35247:35324 [5] NCCL INFO Channel 03 : 13[8e000] -> 10[48000] via P2P/IPC/read
x08l11244:35248:35331 [6] NCCL INFO Channel 00 : 14[ad000] -> 11[4d000] via P2P/IPC/read
x08l11244:35251:35329 [7] NCCL INFO Channel 00 : 15[b3000] -> 12[89000] via P2P/IPC/read
x08l11244:35251:35329 [7] NCCL INFO Channel 01 : 15[b3000] -> 12[89000] via P2P/IPC/read
x08l11244:35251:35329 [7] NCCL INFO Channel 02 : 15[b3000] -> 12[89000] via P2P/IPC/read
x08l11244:35251:35329 [7] NCCL INFO Channel 03 : 15[b3000] -> 12[89000] via P2P/IPC/read
x08l11244:35248:35331 [6] NCCL INFO Channel 01 : 14[ad000] -> 11[4d000] via P2P/IPC/read
x08l11244:35251:35329 [7] NCCL INFO Channel 04 : 15[b3000] -> 12[89000] via P2P/IPC/read
x08l11244:35248:35331 [6] NCCL INFO Channel 02 : 14[ad000] -> 11[4d000] via P2P/IPC/read
x08l11244:35247:35324 [5] NCCL INFO Channel 04 : 13[8e000] -> 10[48000] via P2P/IPC/read
x08l11244:35251:35329 [7] NCCL INFO Channel 05 : 15[b3000] -> 12[89000] via P2P/IPC/read
x08l11245:30921:31006 [2] NCCL INFO Connected 1 MSCCL algorithms
x08l11245:30921:31006 [2] NCCL INFO threadThresholds 8/8/64 | 128/8/64 | 8/8/64 | 8/8/512
x08l11245:30921:31006 [2] NCCL INFO 8 coll channels, 8 p2p channels, 2 p2p channels per peer
x08l11245:30920:31007 [1] NCCL INFO Connected 1 MSCCL algorithms
x08l11245:30920:31007 [1] NCCL INFO threadThresholds 8/8/64 | 128/8/64 | 8/8/64 | 8/8/512
x08l11245:30920:31007 [1] NCCL INFO 8 coll channels, 8 p2p channels, 2 p2p channels per peer
x08l11244:35248:35331 [6] NCCL INFO Channel 04 : 14[ad000] -> 11[4d000] via P2P/IPC/read
x08l11244:35247:35324 [5] NCCL INFO Channel 05 : 13[8e000] -> 10[48000] via P2P/IPC/read
x08l11245:30922:31004 [3] NCCL INFO Connected 1 MSCCL algorithms
x08l11245:30922:31004 [3] NCCL INFO threadThresholds 8/8/64 | 128/8/64 | 8/8/64 | 8/8/512
x08l11245:30922:31004 [3] NCCL INFO 8 coll channels, 8 p2p channels, 2 p2p channels per peer
x08l11244:35251:35329 [7] NCCL INFO Channel 06 : 15[b3000] -> 12[89000] via P2P/IPC/read
x08l11244:35247:35324 [5] NCCL INFO Channel 06 : 13[8e000] -> 10[48000] via P2P/IPC/read
x08l11244:35248:35331 [6] NCCL INFO Channel 05 : 14[ad000] -> 11[4d000] via P2P/IPC/read
x08l11245:30924:31013 [5] NCCL INFO Connected 1 MSCCL algorithms
x08l11245:30924:31013 [5] NCCL INFO threadThresholds 8/8/64 | 128/8/64 | 8/8/64 | 8/8/512
x08l11245:30924:31013 [5] NCCL INFO 8 coll channels, 8 p2p channels, 2 p2p channels per peer
x08l11244:35251:35329 [7] NCCL INFO Channel 07 : 15[b3000] -> 12[89000] via P2P/IPC/read
x08l11244:35248:35331 [6] NCCL INFO Channel 06 : 14[ad000] -> 11[4d000] via P2P/IPC/read
x08l11244:35247:35324 [5] NCCL INFO Channel 07 : 13[8e000] -> 10[48000] via P2P/IPC/read
x08l11245:30926:31012 [6] NCCL INFO Connected 1 MSCCL algorithms
x08l11245:30926:31012 [6] NCCL INFO threadThresholds 8/8/64 | 128/8/64 | 8/8/64 | 8/8/512
x08l11245:30926:31012 [6] NCCL INFO 8 coll channels, 8 p2p channels, 2 p2p channels per peer
x08l11244:35245:35337 [3] NCCL INFO Channel 00 : 11[4d000] -> 8[13000] via P2P/IPC/read
x08l11244:35245:35337 [3] NCCL INFO Channel 01 : 11[4d000] -> 8[13000] via P2P/IPC/read
x08l11244:35245:35337 [3] NCCL INFO Channel 02 : 11[4d000] -> 8[13000] via P2P/IPC/read
x08l11244:35251:35329 [7] NCCL INFO Channel 00 : 15[b3000] -> 13[8e000] via P2P/IPC/read
x08l11244:35245:35337 [3] NCCL INFO Channel 03 : 11[4d000] -> 8[13000] via P2P/IPC/read
x08l11244:35251:35329 [7] NCCL INFO Channel 01 : 15[b3000] -> 13[8e000] via P2P/IPC/read
x08l11244:35245:35337 [3] NCCL INFO Channel 04 : 11[4d000] -> 8[13000] via P2P/IPC/read
x08l11244:35251:35329 [7] NCCL INFO Channel 02 : 15[b3000] -> 13[8e000] via P2P/IPC/read
x08l11244:35245:35337 [3] NCCL INFO Channel 05 : 11[4d000] -> 8[13000] via P2P/IPC/read
x08l11244:35251:35329 [7] NCCL INFO Channel 03 : 15[b3000] -> 13[8e000] via P2P/IPC/read
x08l11244:35245:35337 [3] NCCL INFO Channel 06 : 11[4d000] -> 8[13000] via P2P/IPC/read
x08l11244:35251:35329 [7] NCCL INFO Channel 04 : 15[b3000] -> 13[8e000] via P2P/IPC/read
x08l11244:35245:35337 [3] NCCL INFO Channel 07 : 11[4d000] -> 8[13000] via P2P/IPC/read
x08l11244:35251:35329 [7] NCCL INFO Channel 05 : 15[b3000] -> 13[8e000] via P2P/IPC/read
x08l11244:35251:35329 [7] NCCL INFO Channel 06 : 15[b3000] -> 13[8e000] via P2P/IPC/read
x08l11244:35251:35329 [7] NCCL INFO Channel 07 : 15[b3000] -> 13[8e000] via P2P/IPC/read
x08l11244:35247:35324 [5] NCCL INFO Channel 00 : 13[8e000] -> 11[4d000] via P2P/IPC/read
x08l11244:35248:35331 [6] NCCL INFO Channel 00 : 14[ad000] -> 12[89000] via P2P/IPC/read
x08l11244:35246:35321 [4] NCCL INFO Channel 00 : 12[89000] -> 10[48000] via P2P/IPC/read
x08l11244:35246:35321 [4] NCCL INFO Channel 01 : 12[89000] -> 10[48000] via P2P/IPC/read
x08l11244:35246:35321 [4] NCCL INFO Channel 02 : 12[89000] -> 10[48000] via P2P/IPC/read
x08l11244:35247:35324 [5] NCCL INFO Channel 01 : 13[8e000] -> 11[4d000] via P2P/IPC/read
x08l11244:35244:35333 [2] NCCL INFO Channel 00 : 10[48000] -> 8[13000] via P2P/IPC/read
x08l11244:35244:35333 [2] NCCL INFO Channel 01 : 10[48000] -> 8[13000] via P2P/IPC/read
x08l11244:35248:35331 [6] NCCL INFO Channel 01 : 14[ad000] -> 12[89000] via P2P/IPC/read
x08l11244:35244:35333 [2] NCCL INFO Channel 02 : 10[48000] -> 8[13000] via P2P/IPC/read
x08l11244:35246:35321 [4] NCCL INFO Channel 03 : 12[89000] -> 10[48000] via P2P/IPC/read
x08l11244:35248:35331 [6] NCCL INFO Channel 02 : 14[ad000] -> 12[89000] via P2P/IPC/read
x08l11244:35244:35333 [2] NCCL INFO Channel 03 : 10[48000] -> 8[13000] via P2P/IPC/read
x08l11244:35246:35321 [4] NCCL INFO Channel 04 : 12[89000] -> 10[48000] via P2P/IPC/read
x08l11244:35248:35331 [6] NCCL INFO Channel 03 : 14[ad000] -> 12[89000] via P2P/IPC/read
x08l11244:35244:35333 [2] NCCL INFO Channel 04 : 10[48000] -> 8[13000] via P2P/IPC/read
x08l11244:35246:35321 [4] NCCL INFO Channel 05 : 12[89000] -> 10[48000] via P2P/IPC/read
x08l11244:35248:35331 [6] NCCL INFO Channel 04 : 14[ad000] -> 12[89000] via P2P/IPC/read
x08l11244:35244:35333 [2] NCCL INFO Channel 05 : 10[48000] -> 8[13000] via P2P/IPC/read
x08l11244:35246:35321 [4] NCCL INFO Channel 06 : 12[89000] -> 10[48000] via P2P/IPC/read
x08l11244:35248:35331 [6] NCCL INFO Channel 05 : 14[ad000] -> 12[89000] via P2P/IPC/read
x08l11244:35244:35333 [2] NCCL INFO Channel 06 : 10[48000] -> 8[13000] via P2P/IPC/read
x08l11244:35246:35321 [4] NCCL INFO Channel 07 : 12[89000] -> 10[48000] via P2P/IPC/read
x08l11244:35244:35333 [2] NCCL INFO Channel 07 : 10[48000] -> 8[13000] via P2P/IPC/read
x08l11244:35247:35324 [5] NCCL INFO Channel 02 : 13[8e000] -> 11[4d000] via P2P/IPC/read
x08l11244:35248:35331 [6] NCCL INFO Channel 06 : 14[ad000] -> 12[89000] via P2P/IPC/read
x08l11244:35247:35324 [5] NCCL INFO Channel 03 : 13[8e000] -> 11[4d000] via P2P/IPC/read
x08l11244:35248:35331 [6] NCCL INFO Channel 07 : 14[ad000] -> 12[89000] via P2P/IPC/read
x08l11244:35247:35324 [5] NCCL INFO Channel 04 : 13[8e000] -> 11[4d000] via P2P/IPC/read
x08l11244:35247:35324 [5] NCCL INFO Channel 05 : 13[8e000] -> 11[4d000] via P2P/IPC/read
x08l11244:35247:35324 [5] NCCL INFO Channel 06 : 13[8e000] -> 11[4d000] via P2P/IPC/read
x08l11244:35247:35324 [5] NCCL INFO Channel 07 : 13[8e000] -> 11[4d000] via P2P/IPC/read
x08l11244:35245:35337 [3] NCCL INFO Channel 00 : 11[4d000] -> 9[19000] via P2P/IPC/read
x08l11244:35245:35337 [3] NCCL INFO Channel 01 : 11[4d000] -> 9[19000] via P2P/IPC/read
x08l11244:35248:35331 [6] NCCL INFO Channel 03 : 14[ad000] -> 13[8e000] via P2P/IPC/read
x08l11244:35245:35337 [3] NCCL INFO Channel 02 : 11[4d000] -> 9[19000] via P2P/IPC/read
x08l11244:35242:35315 [0] NCCL INFO Connected 1 MSCCL algorithms
x08l11244:35242:35315 [0] NCCL INFO threadThresholds 8/8/64 | 128/8/64 | 8/8/64 | 8/8/512
x08l11244:35242:35315 [0] NCCL INFO 8 coll channels, 8 p2p channels, 2 p2p channels per peer
x08l11244:35245:35337 [3] NCCL INFO Channel 03 : 11[4d000] -> 9[19000] via P2P/IPC/read
x08l11244:35248:35331 [6] NCCL INFO Channel 07 : 14[ad000] -> 13[8e000] via P2P/IPC/read
x08l11244:35245:35337 [3] NCCL INFO Channel 04 : 11[4d000] -> 9[19000] via P2P/IPC/read
x08l11244:35245:35337 [3] NCCL INFO Channel 05 : 11[4d000] -> 9[19000] via P2P/IPC/read
x08l11244:35251:35329 [7] NCCL INFO Connected 1 MSCCL algorithms
x08l11244:35251:35329 [7] NCCL INFO threadThresholds 8/8/64 | 128/8/64 | 8/8/64 | 8/8/512
x08l11244:35251:35329 [7] NCCL INFO 8 coll channels, 8 p2p channels, 2 p2p channels per peer
x08l11244:35245:35337 [3] NCCL INFO Channel 06 : 11[4d000] -> 9[19000] via P2P/IPC/read
x08l11244:35246:35321 [4] NCCL INFO Connected 1 MSCCL algorithms
x08l11244:35246:35321 [4] NCCL INFO threadThresholds 8/8/64 | 128/8/64 | 8/8/64 | 8/8/512
x08l11244:35246:35321 [4] NCCL INFO 8 coll channels, 8 p2p channels, 2 p2p channels per peer
x08l11244:35245:35337 [3] NCCL INFO Channel 07 : 11[4d000] -> 9[19000] via P2P/IPC/read
x08l11244:35245:35337 [3] NCCL INFO Connected 1 MSCCL algorithms
x08l11244:35245:35337 [3] NCCL INFO threadThresholds 8/8/64 | 128/8/64 | 8/8/64 | 8/8/512
x08l11244:35245:35337 [3] NCCL INFO 8 coll channels, 8 p2p channels, 2 p2p channels per peer
x08l11244:35248:35331 [6] NCCL INFO Connected 1 MSCCL algorithms
x08l11244:35247:35324 [5] NCCL INFO Connected 1 MSCCL algorithms
x08l11244:35247:35324 [5] NCCL INFO threadThresholds 8/8/64 | 128/8/64 | 8/8/64 | 8/8/512
x08l11244:35248:35331 [6] NCCL INFO threadThresholds 8/8/64 | 128/8/64 | 8/8/64 | 8/8/512
x08l11244:35247:35324 [5] NCCL INFO 8 coll channels, 8 p2p channels, 2 p2p channels per peer
x08l11244:35248:35331 [6] NCCL INFO 8 coll channels, 8 p2p channels, 2 p2p channels per peer
x08l11244:35244:35333 [2] NCCL INFO Channel 01 : 10[48000] -> 9[19000] via P2P/IPC/read
x08l11244:35244:35333 [2] NCCL INFO Channel 05 : 10[48000] -> 9[19000] via P2P/IPC/read
x08l11244:35244:35333 [2] NCCL INFO Connected 1 MSCCL algorithms
x08l11244:35243:35326 [1] NCCL INFO Connected 1 MSCCL algorithms
x08l11244:35244:35333 [2] NCCL INFO threadThresholds 8/8/64 | 128/8/64 | 8/8/64 | 8/8/512
x08l11244:35244:35333 [2] NCCL INFO 8 coll channels, 8 p2p channels, 2 p2p channels per peer
x08l11244:35243:35326 [1] NCCL INFO threadThresholds 8/8/64 | 128/8/64 | 8/8/64 | 8/8/512
x08l11244:35243:35326 [1] NCCL INFO 8 coll channels, 8 p2p channels, 2 p2p channels per peer
x08l11245:30921:31006 [2] NCCL INFO comm 0x7fb7bc45a010 rank 2 nranks 16 cudaDev 2 busId 48000 - Init COMPLETE
x08l11245:30922:31004 [3] NCCL INFO comm 0x7f4b60c57010 rank 3 nranks 16 cudaDev 3 busId 4d000 - Init COMPLETE
x08l11245:30920:31007 [1] NCCL INFO comm 0x7f578045a010 rank 1 nranks 16 cudaDev 1 busId 19000 - Init COMPLETE
x08l11245:30926:31012 [6] NCCL INFO comm 0x7f434c45a010 rank 6 nranks 16 cudaDev 6 busId ad000 - Init COMPLETE
x08l11245:30924:31013 [5] NCCL INFO comm 0x7f4ae045a010 rank 5 nranks 16 cudaDev 5 busId 8e000 - Init COMPLETE
x08l11245:30928:31014 [7] NCCL INFO comm 0x7fb6fc45a010 rank 7 nranks 16 cudaDev 7 busId b3000 - Init COMPLETE
x08l11245:30923:31015 [4] NCCL INFO comm 0x7f1ea045a010 rank 4 nranks 16 cudaDev 4 busId 89000 - Init COMPLETE
x08l11245:30919:30973 [0] NCCL INFO comm 0x7f6661c59010 rank 0 nranks 16 cudaDev 0 busId 13000 - Init COMPLETE
#
#                                                              out-of-place                       in-place          
#       size         count      type   redop    root     time   algbw   busbw #wrong     time   algbw   busbw #wrong
#        (B)    (elements)                               (us)  (GB/s)  (GB/s)            (us)  (GB/s)  (GB/s)       
x08l11244:35244:35333 [2] NCCL INFO comm 0x7f305245a010 rank 10 nranks 16 cudaDev 2 busId 48000 - Init COMPLETE
x08l11244:35246:35321 [4] NCCL INFO comm 0x7f9f4045a010 rank 12 nranks 16 cudaDev 4 busId 89000 - Init COMPLETE
x08l11244:35248:35331 [6] NCCL INFO comm 0x7f97a1c59010 rank 14 nranks 16 cudaDev 6 busId ad000 - Init COMPLETE
x08l11244:35243:35326 [1] NCCL INFO comm 0x7f19c045a010 rank 9 nranks 16 cudaDev 1 busId 19000 - Init COMPLETE
x08l11244:35245:35337 [3] NCCL INFO comm 0x7fd74e45a010 rank 11 nranks 16 cudaDev 3 busId 4d000 - Init COMPLETE
x08l11244:35247:35324 [5] NCCL INFO comm 0x7f4da845a010 rank 13 nranks 16 cudaDev 5 busId 8e000 - Init COMPLETE
x08l11244:35242:35315 [0] NCCL INFO comm 0x7feaa1c59010 rank 8 nranks 16 cudaDev 0 busId 13000 - Init COMPLETE
x08l11244:35251:35329 [7] NCCL INFO comm 0x7f19a045a010 rank 15 nranks 16 cudaDev 7 busId b3000 - Init COMPLETE
x08l11245:30919:30919 [0] NCCL INFO Launch mode Parallel
        1024            16     float    none      -1    147.0    0.01    0.01      0    149.1    0.01    0.01      0
        2048            32     float    none      -1    147.1    0.01    0.01      0    132.9    0.02    0.01      0
        4096            64     float    none      -1    149.0    0.03    0.03      0    131.2    0.03    0.03      0
        8192           128     float    none      -1    149.0    0.05    0.05      0    132.9    0.06    0.06      0
       16384           256     float    none      -1    153.5    0.11    0.10      0    129.8    0.13    0.12      0
       32768           512     float    none      -1    156.2    0.21    0.20      0    131.7    0.25    0.23      0
       65536          1024     float    none      -1    160.3    0.41    0.38      0    130.9    0.50    0.47      0
      131072          2048     float    none      -1    168.1    0.78    0.73      0    134.4    0.97    0.91      0
      262144          4096     float    none      -1    185.2    1.42    1.33      0    130.3    2.01    1.89      0
      524288          8192     float    none      -1    194.2    2.70    2.53      0    135.1    3.88    3.64      0
     1048576         16384     float    none      -1    195.7    5.36    5.02      0    134.3    7.81    7.32      0
     2097152         32768     float    none      -1    212.3    9.88    9.26      0    147.1   14.25   13.36      0
     4194304         65536     float    none      -1    235.8   17.79   16.68      0    163.5   25.65   24.05      0
     8388608        131072     float    none      -1    261.7   32.05   30.05      0    213.2   39.35   36.89      0
    16777216        262144     float    none      -1    332.9   50.39   47.24      0    308.0   54.47   51.07      0
    33554432        524288     float    none      -1    492.1   68.19   63.93      0    505.3   66.40   62.25      0
    67108864       1048576     float    none      -1    840.6   79.83   74.84      0    875.7   76.63   71.84      0
   134217728       2097152     float    none      -1   1627.4   82.48   77.32      0   1678.3   79.97   74.97      0
   268435456       4194304     float    none      -1   3231.8   83.06   77.87      0   3297.3   81.41   76.32      0
   536870912       8388608     float    none      -1   6643.7   80.81   75.76      0   6052.6   88.70   83.16      0
  1073741824      16777216     float    none      -1    13495   79.57   74.59      0    12378   86.74   81.32      0
  2147483648      33554432     float    none      -1    26953   79.68   74.70      0    26144   82.14   77.01      0
  4294967296      67108864     float    none      -1    54352   79.02   74.08      0    53963   79.59   74.62      0
x08l11244:35247:35247 [5] NCCL INFO comm 0x7f4da845a010 rank 13 nranks 16 cudaDev 5 busId 8e000 - Destroy COMPLETE
x08l11244:35243:35243 [1] NCCL INFO comm 0x7f19c045a010 rank 9 nranks 16 cudaDev 1 busId 19000 - Destroy COMPLETE
x08l11245:30922:30922 [3] NCCL INFO comm 0x7f4b60c57010 rank 3 nranks 16 cudaDev 3 busId 4d000 - Destroy COMPLETE
x08l11244:35251:35251 [7] NCCL INFO comm 0x7f19a045a010 rank 15 nranks 16 cudaDev 7 busId b3000 - Destroy COMPLETE
x08l11245:30924:30924 [5] NCCL INFO comm 0x7f4ae045a010 rank 5 nranks 16 cudaDev 5 busId 8e000 - Destroy COMPLETE
x08l11245:30920:30920 [1] NCCL INFO comm 0x7f578045a010 rank 1 nranks 16 cudaDev 1 busId 19000 - Destroy COMPLETE
x08l11244:35245:35245 [3] NCCL INFO comm 0x7fd74e45a010 rank 11 nranks 16 cudaDev 3 busId 4d000 - Destroy COMPLETE
x08l11245:30928:30928 [7] NCCL INFO comm 0x7fb6fc45a010 rank 7 nranks 16 cudaDev 7 busId b3000 - Destroy COMPLETE
x08l11244:35242:35242 [0] NCCL INFO comm 0x7feaa1c59010 rank 8 nranks 16 cudaDev 0 busId 13000 - Destroy COMPLETE
x08l11244:35244:35244 [2] NCCL INFO comm 0x7f305245a010 rank 10 nranks 16 cudaDev 2 busId 48000 - Destroy COMPLETE
x08l11244:35246:35246 [4] NCCL INFO comm 0x7f9f4045a010 rank 12 nranks 16 cudaDev 4 busId 89000 - Destroy COMPLETE
x08l11244:35248:35248 [6] NCCL INFO comm 0x7f97a1c59010 rank 14 nranks 16 cudaDev 6 busId ad000 - Destroy COMPLETE
x08l11245:30921:30921 [2] NCCL INFO comm 0x7fb7bc45a010 rank 2 nranks 16 cudaDev 2 busId 48000 - Destroy COMPLETE
x08l11245:30919:30919 [0] NCCL INFO comm 0x7f6661c59010 rank 0 nranks 16 cudaDev 0 busId 13000 - Destroy COMPLETE
x08l11245:30923:30923 [4] NCCL INFO comm 0x7f1ea045a010 rank 4 nranks 16 cudaDev 4 busId 89000 - Destroy COMPLETE
# Out of bounds values : 0 OK
# Avg bus bandwidth    : 31.4836 
#
x08l11245:30926:30926 [6] NCCL INFO comm 0x7f434c45a010 rank 6 nranks 16 cudaDev 6 busId ad000 - Destroy COMPLETE

