x08l11245:30546:30637 [5] NCCL INFO MSCCL: Parsing algorithm /mnt/agtest/runxml/xml/lq/exccl_test_v4/exccl-ag-n16-Simple-i2.xml
x08l11244:34868:34948 [4] NCCL INFO Channel 07 : 12[89000] -> 11[4d000] via P2P/IPC/read
x08l11244:34866:34949 [2] NCCL INFO Connected all trees
x08l11244:34866:34949 [2] NCCL INFO MSCCL: Parsing algorithm /mnt/agtest/runxml/xml/lq/exccl_test_v4/exccl-ag-n16-Simple-i2.xml
x08l11245:30545:30629 [4] NCCL INFO Connected all trees
x08l11245:30545:30629 [4] NCCL INFO MSCCL: Parsing algorithm /mnt/agtest/runxml/xml/lq/exccl_test_v4/exccl-ag-n16-Simple-i2.xml
x08l11244:34869:34955 [5] NCCL INFO Connected all trees
x08l11244:34869:34955 [5] NCCL INFO MSCCL: Parsing algorithm /mnt/agtest/runxml/xml/lq/exccl_test_v4/exccl-ag-n16-Simple-i2.xml
x08l11245:30544:30633 [3] NCCL INFO Connected all trees
x08l11245:30544:30633 [3] NCCL INFO MSCCL: Parsing algorithm /mnt/agtest/runxml/xml/lq/exccl_test_v4/exccl-ag-n16-Simple-i2.xml
x08l11244:34868:34948 [4] NCCL INFO Connected all trees
x08l11244:34868:34948 [4] NCCL INFO MSCCL: Parsing algorithm /mnt/agtest/runxml/xml/lq/exccl_test_v4/exccl-ag-n16-Simple-i2.xml
x08l11244:34867:34959 [3] NCCL INFO Connected all trees
x08l11244:34867:34959 [3] NCCL INFO MSCCL: Parsing algorithm /mnt/agtest/runxml/xml/lq/exccl_test_v4/exccl-ag-n16-Simple-i2.xml
x08l11244:34872:34947 [7] NCCL INFO Channel 03 : 15[b3000] -> 14[ad000] via P2P/IPC/read
x08l11245:30550:30634 [7] NCCL INFO Channel 03 : 7[b3000] -> 6[ad000] via P2P/IPC/read
x08l11244:34872:34947 [7] NCCL INFO Channel 07 : 15[b3000] -> 14[ad000] via P2P/IPC/read
x08l11245:30550:30634 [7] NCCL INFO Channel 07 : 7[b3000] -> 6[ad000] via P2P/IPC/read
x08l11245:30543:30635 [2] NCCL INFO Parsed MSCCL Algorithm /mnt/agtest/runxml/xml/lq/exccl_test_v4/exccl-ag-n16-Simple-i2.xml successfully.
x08l11244:34864:34953 [0] NCCL INFO Connected all trees
x08l11244:34864:34953 [0] NCCL INFO MSCCL: Parsing algorithm /mnt/agtest/runxml/xml/lq/exccl_test_v4/exccl-ag-n16-Simple-i2.xml
x08l11245:30541:30595 [0] NCCL INFO Connected all trees
x08l11245:30541:30595 [0] NCCL INFO MSCCL: Parsing algorithm /mnt/agtest/runxml/xml/lq/exccl_test_v4/exccl-ag-n16-Simple-i2.xml
x08l11244:34865:34945 [1] NCCL INFO Connected all trees
x08l11244:34865:34945 [1] NCCL INFO MSCCL: Parsing algorithm /mnt/agtest/runxml/xml/lq/exccl_test_v4/exccl-ag-n16-Simple-i2.xml
x08l11244:34870:34954 [6] NCCL INFO Connected all trees
x08l11244:34870:34954 [6] NCCL INFO MSCCL: Parsing algorithm /mnt/agtest/runxml/xml/lq/exccl_test_v4/exccl-ag-n16-Simple-i2.xml
x08l11244:34872:34947 [7] NCCL INFO Connected all trees
x08l11244:34872:34947 [7] NCCL INFO MSCCL: Parsing algorithm /mnt/agtest/runxml/xml/lq/exccl_test_v4/exccl-ag-n16-Simple-i2.xml
x08l11245:30550:30634 [7] NCCL INFO Connected all trees
x08l11245:30550:30634 [7] NCCL INFO MSCCL: Parsing algorithm /mnt/agtest/runxml/xml/lq/exccl_test_v4/exccl-ag-n16-Simple-i2.xml
x08l11245:30542:30625 [1] NCCL INFO Connected all trees
x08l11245:30542:30625 [1] NCCL INFO MSCCL: Parsing algorithm /mnt/agtest/runxml/xml/lq/exccl_test_v4/exccl-ag-n16-Simple-i2.xml
x08l11244:34866:34949 [2] NCCL INFO Parsed MSCCL Algorithm /mnt/agtest/runxml/xml/lq/exccl_test_v4/exccl-ag-n16-Simple-i2.xml successfully.
x08l11245:30547:30636 [6] NCCL INFO Connected all trees
x08l11245:30547:30636 [6] NCCL INFO MSCCL: Parsing algorithm /mnt/agtest/runxml/xml/lq/exccl_test_v4/exccl-ag-n16-Simple-i2.xml
x08l11245:30545:30629 [4] NCCL INFO Parsed MSCCL Algorithm /mnt/agtest/runxml/xml/lq/exccl_test_v4/exccl-ag-n16-Simple-i2.xml successfully.
x08l11245:30545:30629 [4] NCCL INFO Channel 00 : 4[89000] -> 6[ad000] via P2P/IPC/read
x08l11245:30545:30629 [4] NCCL INFO Channel 01 : 4[89000] -> 6[ad000] via P2P/IPC/read
x08l11245:30546:30637 [5] NCCL INFO Parsed MSCCL Algorithm /mnt/agtest/runxml/xml/lq/exccl_test_v4/exccl-ag-n16-Simple-i2.xml successfully.
x08l11244:34868:34948 [4] NCCL INFO Parsed MSCCL Algorithm /mnt/agtest/runxml/xml/lq/exccl_test_v4/exccl-ag-n16-Simple-i2.xml successfully.
x08l11245:30546:30637 [5] NCCL INFO Channel 00 : 5[8e000] -> 7[b3000] via P2P/IPC/read
x08l11244:34868:34948 [4] NCCL INFO Channel 00 : 12[89000] -> 14[ad000] via P2P/IPC/read
x08l11245:30546:30637 [5] NCCL INFO Channel 01 : 5[8e000] -> 7[b3000] via P2P/IPC/read
x08l11244:34868:34948 [4] NCCL INFO Channel 01 : 12[89000] -> 14[ad000] via P2P/IPC/read
x08l11244:34869:34955 [5] NCCL INFO Parsed MSCCL Algorithm /mnt/agtest/runxml/xml/lq/exccl_test_v4/exccl-ag-n16-Simple-i2.xml successfully.
x08l11245:30544:30633 [3] NCCL INFO Parsed MSCCL Algorithm /mnt/agtest/runxml/xml/lq/exccl_test_v4/exccl-ag-n16-Simple-i2.xml successfully.
x08l11244:34869:34955 [5] NCCL INFO Channel 00 : 13[8e000] -> 15[b3000] via P2P/IPC/read
x08l11245:30544:30633 [3] NCCL INFO Channel 00 : 3[4d000] -> 5[8e000] via P2P/IPC/read
x08l11244:34869:34955 [5] NCCL INFO Channel 01 : 13[8e000] -> 15[b3000] via P2P/IPC/read
x08l11245:30544:30633 [3] NCCL INFO Channel 01 : 3[4d000] -> 5[8e000] via P2P/IPC/read
x08l11244:34867:34959 [3] NCCL INFO Parsed MSCCL Algorithm /mnt/agtest/runxml/xml/lq/exccl_test_v4/exccl-ag-n16-Simple-i2.xml successfully.
x08l11244:34867:34959 [3] NCCL INFO Channel 00 : 11[4d000] -> 13[8e000] via P2P/IPC/read
x08l11244:34867:34959 [3] NCCL INFO Channel 01 : 11[4d000] -> 13[8e000] via P2P/IPC/read
x08l11244:34864:34953 [0] NCCL INFO Parsed MSCCL Algorithm /mnt/agtest/runxml/xml/lq/exccl_test_v4/exccl-ag-n16-Simple-i2.xml successfully.
x08l11244:34864:34953 [0] NCCL INFO Channel 00 : 8[13000] -> 10[48000] via P2P/IPC/read
x08l11244:34870:34954 [6] NCCL INFO Parsed MSCCL Algorithm /mnt/agtest/runxml/xml/lq/exccl_test_v4/exccl-ag-n16-Simple-i2.xml successfully.
x08l11244:34864:34953 [0] NCCL INFO Channel 01 : 8[13000] -> 10[48000] via P2P/IPC/read
x08l11245:30541:30595 [0] NCCL INFO Parsed MSCCL Algorithm /mnt/agtest/runxml/xml/lq/exccl_test_v4/exccl-ag-n16-Simple-i2.xml successfully.
x08l11245:30541:30595 [0] NCCL INFO Channel 00 : 0[13000] -> 2[48000] via P2P/IPC/read
x08l11245:30541:30595 [0] NCCL INFO Channel 01 : 0[13000] -> 2[48000] via P2P/IPC/read
x08l11245:30550:30634 [7] NCCL INFO Parsed MSCCL Algorithm /mnt/agtest/runxml/xml/lq/exccl_test_v4/exccl-ag-n16-Simple-i2.xml successfully.
x08l11244:34865:34945 [1] NCCL INFO Parsed MSCCL Algorithm /mnt/agtest/runxml/xml/lq/exccl_test_v4/exccl-ag-n16-Simple-i2.xml successfully.
x08l11244:34865:34945 [1] NCCL INFO Channel 01 : 9[19000] -> 10[48000] via P2P/IPC/read
x08l11244:34872:34947 [7] NCCL INFO Parsed MSCCL Algorithm /mnt/agtest/runxml/xml/lq/exccl_test_v4/exccl-ag-n16-Simple-i2.xml successfully.
x08l11245:30547:30636 [6] NCCL INFO Parsed MSCCL Algorithm /mnt/agtest/runxml/xml/lq/exccl_test_v4/exccl-ag-n16-Simple-i2.xml successfully.
x08l11244:34865:34945 [1] NCCL INFO Channel 00 : 9[19000] -> 11[4d000] via P2P/IPC/read
x08l11245:30542:30625 [1] NCCL INFO Parsed MSCCL Algorithm /mnt/agtest/runxml/xml/lq/exccl_test_v4/exccl-ag-n16-Simple-i2.xml successfully.
x08l11245:30542:30625 [1] NCCL INFO Channel 01 : 1[19000] -> 2[48000] via P2P/IPC/read
x08l11244:34865:34945 [1] NCCL INFO Channel 01 : 9[19000] -> 11[4d000] via P2P/IPC/read
x08l11244:34866:34949 [2] NCCL INFO Channel 00 : 10[48000] -> 12[89000] via P2P/IPC/read
x08l11244:34866:34949 [2] NCCL INFO Channel 01 : 10[48000] -> 12[89000] via P2P/IPC/read
x08l11244:34865:34945 [1] NCCL INFO Channel 00 : 9[19000] -> 12[89000] via P2P/IPC/read
x08l11245:30542:30625 [1] NCCL INFO Channel 00 : 1[19000] -> 3[4d000] via P2P/IPC/read
x08l11244:34865:34945 [1] NCCL INFO Channel 01 : 9[19000] -> 12[89000] via P2P/IPC/read
x08l11244:34864:34953 [0] NCCL INFO Channel 00 : 8[13000] -> 11[4d000] via P2P/IPC/read
x08l11244:34867:34959 [3] NCCL INFO Channel 00 : 11[4d000] -> 14[ad000] via P2P/IPC/read
x08l11244:34866:34949 [2] NCCL INFO Channel 00 : 10[48000] -> 13[8e000] via P2P/IPC/read
x08l11245:30542:30625 [1] NCCL INFO Channel 01 : 1[19000] -> 3[4d000] via P2P/IPC/read
x08l11244:34867:34959 [3] NCCL INFO Channel 01 : 11[4d000] -> 14[ad000] via P2P/IPC/read
x08l11244:34866:34949 [2] NCCL INFO Channel 01 : 10[48000] -> 13[8e000] via P2P/IPC/read
x08l11245:30543:30635 [2] NCCL INFO Channel 00 : 2[48000] -> 4[89000] via P2P/IPC/read
x08l11244:34868:34948 [4] NCCL INFO Channel 00 : 12[89000] -> 15[b3000] via P2P/IPC/read
x08l11244:34864:34953 [0] NCCL INFO Channel 00 : 8[13000] -> 12[89000] via P2P/IPC/read
x08l11244:34868:34948 [4] NCCL INFO Channel 01 : 12[89000] -> 15[b3000] via P2P/IPC/read
x08l11244:34866:34949 [2] NCCL INFO Channel 00 : 10[48000] -> 14[ad000] via P2P/IPC/read
x08l11244:34864:34953 [0] NCCL INFO Channel 01 : 8[13000] -> 12[89000] via P2P/IPC/read
x08l11244:34867:34959 [3] NCCL INFO Channel 00 : 11[4d000] -> 15[b3000] via P2P/IPC/read
x08l11245:30543:30635 [2] NCCL INFO Channel 01 : 2[48000] -> 4[89000] via P2P/IPC/read
x08l11245:30542:30625 [1] NCCL INFO Channel 00 : 1[19000] -> 4[89000] via P2P/IPC/read
x08l11244:34866:34949 [2] NCCL INFO Channel 01 : 10[48000] -> 14[ad000] via P2P/IPC/read
x08l11244:34867:34959 [3] NCCL INFO Channel 01 : 11[4d000] -> 15[b3000] via P2P/IPC/read
x08l11244:34865:34945 [1] NCCL INFO Channel 00 : 9[19000] -> 13[8e000] via P2P/IPC/read
x08l11245:30542:30625 [1] NCCL INFO Channel 01 : 1[19000] -> 4[89000] via P2P/IPC/read
x08l11244:34865:34945 [1] NCCL INFO Channel 01 : 9[19000] -> 13[8e000] via P2P/IPC/read
x08l11244:34866:34949 [2] NCCL INFO Channel 00 : 10[48000] -> 15[b3000] via P2P/IPC/read
x08l11244:34865:34945 [1] NCCL INFO Channel 00 : 9[19000] -> 14[ad000] via P2P/IPC/read
x08l11244:34864:34953 [0] NCCL INFO Channel 00 : 8[13000] -> 13[8e000] via P2P/IPC/read
x08l11244:34865:34945 [1] NCCL INFO Channel 01 : 9[19000] -> 14[ad000] via P2P/IPC/read
x08l11244:34864:34953 [0] NCCL INFO Channel 01 : 8[13000] -> 13[8e000] via P2P/IPC/read
x08l11244:34864:34953 [0] NCCL INFO Channel 00 : 8[13000] -> 14[ad000] via P2P/IPC/read
x08l11244:34864:34953 [0] NCCL INFO Channel 01 : 8[13000] -> 14[ad000] via P2P/IPC/read
x08l11244:34865:34945 [1] NCCL INFO Channel 00 : 9[19000] -> 15[b3000] via P2P/IPC/read
x08l11244:34865:34945 [1] NCCL INFO Channel 01 : 9[19000] -> 15[b3000] via P2P/IPC/read
x08l11245:30541:30595 [0] NCCL INFO Channel 00 : 0[13000] -> 3[4d000] via P2P/IPC/read
x08l11245:30543:30635 [2] NCCL INFO Channel 00 : 2[48000] -> 5[8e000] via P2P/IPC/read
x08l11245:30544:30633 [3] NCCL INFO Channel 00 : 3[4d000] -> 6[ad000] via P2P/IPC/read
x08l11245:30545:30629 [4] NCCL INFO Channel 00 : 4[89000] -> 7[b3000] via P2P/IPC/read
x08l11245:30543:30635 [2] NCCL INFO Channel 01 : 2[48000] -> 5[8e000] via P2P/IPC/read
x08l11245:30544:30633 [3] NCCL INFO Channel 01 : 3[4d000] -> 6[ad000] via P2P/IPC/read
x08l11245:30545:30629 [4] NCCL INFO Channel 01 : 4[89000] -> 7[b3000] via P2P/IPC/read
x08l11245:30541:30595 [0] NCCL INFO Channel 00 : 0[13000] -> 4[89000] via P2P/IPC/read
x08l11245:30542:30625 [1] NCCL INFO Channel 00 : 1[19000] -> 5[8e000] via P2P/IPC/read
x08l11245:30543:30635 [2] NCCL INFO Channel 00 : 2[48000] -> 6[ad000] via P2P/IPC/read
x08l11245:30541:30595 [0] NCCL INFO Channel 01 : 0[13000] -> 4[89000] via P2P/IPC/read
x08l11245:30544:30633 [3] NCCL INFO Channel 00 : 3[4d000] -> 7[b3000] via P2P/IPC/read
x08l11245:30542:30625 [1] NCCL INFO Channel 01 : 1[19000] -> 5[8e000] via P2P/IPC/read
x08l11245:30543:30635 [2] NCCL INFO Channel 01 : 2[48000] -> 6[ad000] via P2P/IPC/read
x08l11245:30544:30633 [3] NCCL INFO Channel 01 : 3[4d000] -> 7[b3000] via P2P/IPC/read
x08l11245:30542:30625 [1] NCCL INFO Channel 00 : 1[19000] -> 6[ad000] via P2P/IPC/read
x08l11245:30543:30635 [2] NCCL INFO Channel 00 : 2[48000] -> 7[b3000] via P2P/IPC/read
x08l11245:30544:30633 [3] NCCL INFO Channel 00/0 : 11[4d000] -> 3[4d000] [receive] via NET/IB/2/GDRDMA
x08l11245:30544:30633 [3] NCCL INFO Channel 01/0 : 11[4d000] -> 3[4d000] [receive] via NET/IB/2/GDRDMA
x08l11245:30542:30625 [1] NCCL INFO Channel 01 : 1[19000] -> 6[ad000] via P2P/IPC/read
x08l11245:30541:30595 [0] NCCL INFO Channel 00 : 0[13000] -> 5[8e000] via P2P/IPC/read
x08l11245:30544:30633 [3] NCCL INFO Channel 00/0 : 3[4d000] -> 11[4d000] [send] via NET/IB/2(2)/GDRDMA
x08l11245:30544:30633 [3] NCCL INFO Channel 01/0 : 3[4d000] -> 11[4d000] [send] via NET/IB/2(2)/GDRDMA
x08l11245:30541:30595 [0] NCCL INFO Channel 01 : 0[13000] -> 5[8e000] via P2P/IPC/read
x08l11245:30542:30625 [1] NCCL INFO Channel 00 : 1[19000] -> 7[b3000] via P2P/IPC/read
x08l11245:30541:30595 [0] NCCL INFO Channel 00 : 0[13000] -> 6[ad000] via P2P/IPC/read
x08l11245:30542:30625 [1] NCCL INFO Channel 01 : 1[19000] -> 7[b3000] via P2P/IPC/read
x08l11245:30541:30595 [0] NCCL INFO Channel 01 : 0[13000] -> 6[ad000] via P2P/IPC/read
x08l11244:34867:34959 [3] NCCL INFO Channel 00/0 : 3[4d000] -> 11[4d000] [receive] via NET/IB/2/GDRDMA
x08l11244:34867:34959 [3] NCCL INFO Channel 01/0 : 3[4d000] -> 11[4d000] [receive] via NET/IB/2/GDRDMA
x08l11244:34867:34959 [3] NCCL INFO Channel 00/0 : 11[4d000] -> 3[4d000] [send] via NET/IB/2(10)/GDRDMA
x08l11244:34867:34959 [3] NCCL INFO Channel 01/0 : 11[4d000] -> 3[4d000] [send] via NET/IB/2(10)/GDRDMA
x08l11244:34868:34948 [4] NCCL INFO Channel 00/0 : 4[89000] -> 12[89000] [receive] via NET/IB/3/GDRDMA
x08l11244:34868:34948 [4] NCCL INFO Channel 01/0 : 4[89000] -> 12[89000] [receive] via NET/IB/3/GDRDMA
x08l11244:34868:34948 [4] NCCL INFO Channel 00/0 : 12[89000] -> 4[89000] [send] via NET/IB/3/GDRDMA
x08l11244:34868:34948 [4] NCCL INFO Channel 01/0 : 12[89000] -> 4[89000] [send] via NET/IB/3/GDRDMA
x08l11244:34869:34955 [5] NCCL INFO Channel 00/0 : 5[8e000] -> 13[8e000] [receive] via NET/IB/3/GDRDMA
x08l11244:34869:34955 [5] NCCL INFO Channel 01/0 : 5[8e000] -> 13[8e000] [receive] via NET/IB/3/GDRDMA
x08l11244:34869:34955 [5] NCCL INFO Channel 00/0 : 13[8e000] -> 5[8e000] [send] via NET/IB/3(12)/GDRDMA
x08l11244:34869:34955 [5] NCCL INFO Channel 01/0 : 13[8e000] -> 5[8e000] [send] via NET/IB/3(12)/GDRDMA
x08l11244:34866:34949 [2] NCCL INFO Channel 00/0 : 2[48000] -> 10[48000] [receive] via NET/IB/2/GDRDMA
x08l11244:34866:34949 [2] NCCL INFO Channel 00/0 : 10[48000] -> 2[48000] [send] via NET/IB/2/GDRDMA
x08l11244:34865:34945 [1] NCCL INFO Channel 00/0 : 1[19000] -> 9[19000] [receive] via NET/IB/1/GDRDMA
x08l11244:34864:34953 [0] NCCL INFO Channel 01/0 : 0[13000] -> 8[13000] [receive] via NET/IB/1/GDRDMA
x08l11244:34870:34954 [6] NCCL INFO Channel 00/0 : 6[ad000] -> 14[ad000] [receive] via NET/IB/4/GDRDMA
x08l11244:34864:34953 [0] NCCL INFO Channel 01/0 : 8[13000] -> 0[13000] [send] via NET/IB/1/GDRDMA
x08l11244:34865:34945 [1] NCCL INFO Channel 01/0 : 1[19000] -> 9[19000] [receive] via NET/IB/1/GDRDMA
x08l11244:34870:34954 [6] NCCL INFO Channel 01/0 : 6[ad000] -> 14[ad000] [receive] via NET/IB/4/GDRDMA
x08l11244:34870:34954 [6] NCCL INFO Channel 00/0 : 14[ad000] -> 6[ad000] [send] via NET/IB/4/GDRDMA
x08l11244:34870:34954 [6] NCCL INFO Channel 01/0 : 14[ad000] -> 6[ad000] [send] via NET/IB/4/GDRDMA
x08l11244:34865:34945 [1] NCCL INFO Channel 00/0 : 9[19000] -> 1[19000] [send] via NET/IB/1(8)/GDRDMA
x08l11244:34865:34945 [1] NCCL INFO Channel 01/0 : 9[19000] -> 1[19000] [send] via NET/IB/1(8)/GDRDMA
x08l11244:34872:34947 [7] NCCL INFO Channel 00/0 : 7[b3000] -> 15[b3000] [receive] via NET/IB/4/GDRDMA
x08l11244:34872:34947 [7] NCCL INFO Channel 01/0 : 7[b3000] -> 15[b3000] [receive] via NET/IB/4/GDRDMA
x08l11244:34872:34947 [7] NCCL INFO Channel 00/0 : 15[b3000] -> 7[b3000] [send] via NET/IB/4(14)/GDRDMA
x08l11244:34872:34947 [7] NCCL INFO Channel 01/0 : 15[b3000] -> 7[b3000] [send] via NET/IB/4(14)/GDRDMA
x08l11244:34867:34964 [3] NCCL INFO NCCL_IB_TC set by environment to 16.
x08l11244:34867:34964 [3] NCCL INFO NCCL_IB_SL set by environment to 5.
x08l11244:34867:34964 [3] NCCL INFO NCCL_IB_TIMEOUT set by environment to 22.
x08l11245:30544:30640 [3] NCCL INFO NCCL_IB_TC set by environment to 16.
x08l11245:30544:30640 [3] NCCL INFO NCCL_IB_SL set by environment to 5.
x08l11245:30544:30640 [3] NCCL INFO NCCL_IB_TIMEOUT set by environment to 22.
x08l11245:30545:30629 [4] NCCL INFO Channel 00/0 : 12[89000] -> 4[89000] [receive] via NET/IB/3/GDRDMA
x08l11245:30545:30629 [4] NCCL INFO Channel 01/0 : 12[89000] -> 4[89000] [receive] via NET/IB/3/GDRDMA
x08l11245:30545:30629 [4] NCCL INFO Channel 00/0 : 4[89000] -> 12[89000] [send] via NET/IB/3/GDRDMA
x08l11245:30545:30629 [4] NCCL INFO Channel 01/0 : 4[89000] -> 12[89000] [send] via NET/IB/3/GDRDMA
x08l11245:30543:30635 [2] NCCL INFO Channel 00/0 : 10[48000] -> 2[48000] [receive] via NET/IB/2/GDRDMA
x08l11245:30543:30635 [2] NCCL INFO Channel 00/0 : 2[48000] -> 10[48000] [send] via NET/IB/2/GDRDMA
x08l11245:30546:30637 [5] NCCL INFO Channel 00/0 : 13[8e000] -> 5[8e000] [receive] via NET/IB/3/GDRDMA
x08l11245:30546:30637 [5] NCCL INFO Channel 01/0 : 13[8e000] -> 5[8e000] [receive] via NET/IB/3/GDRDMA
x08l11245:30547:30636 [6] NCCL INFO Channel 00/0 : 14[ad000] -> 6[ad000] [receive] via NET/IB/4/GDRDMA
x08l11245:30542:30625 [1] NCCL INFO Channel 00/0 : 9[19000] -> 1[19000] [receive] via NET/IB/1/GDRDMA
x08l11245:30541:30595 [0] NCCL INFO Channel 01/0 : 8[13000] -> 0[13000] [receive] via NET/IB/1/GDRDMA
x08l11245:30541:30595 [0] NCCL INFO Channel 01/0 : 0[13000] -> 8[13000] [send] via NET/IB/1/GDRDMA
x08l11245:30542:30625 [1] NCCL INFO Channel 01/0 : 9[19000] -> 1[19000] [receive] via NET/IB/1/GDRDMA
x08l11245:30547:30636 [6] NCCL INFO Channel 01/0 : 14[ad000] -> 6[ad000] [receive] via NET/IB/4/GDRDMA
x08l11245:30547:30636 [6] NCCL INFO Channel 00/0 : 6[ad000] -> 14[ad000] [send] via NET/IB/4/GDRDMA
x08l11245:30547:30636 [6] NCCL INFO Channel 01/0 : 6[ad000] -> 14[ad000] [send] via NET/IB/4/GDRDMA
x08l11245:30542:30625 [1] NCCL INFO Channel 00/0 : 1[19000] -> 9[19000] [send] via NET/IB/1(0)/GDRDMA
x08l11245:30550:30634 [7] NCCL INFO Channel 00/0 : 15[b3000] -> 7[b3000] [receive] via NET/IB/4/GDRDMA
x08l11245:30546:30637 [5] NCCL INFO Channel 00/0 : 5[8e000] -> 13[8e000] [send] via NET/IB/3(4)/GDRDMA
x08l11245:30550:30634 [7] NCCL INFO Channel 01/0 : 15[b3000] -> 7[b3000] [receive] via NET/IB/4/GDRDMA
x08l11245:30546:30637 [5] NCCL INFO Channel 01/0 : 5[8e000] -> 13[8e000] [send] via NET/IB/3(4)/GDRDMA
x08l11245:30542:30625 [1] NCCL INFO Channel 01/0 : 1[19000] -> 9[19000] [send] via NET/IB/1(0)/GDRDMA
x08l11245:30550:30634 [7] NCCL INFO Channel 00/0 : 7[b3000] -> 15[b3000] [send] via NET/IB/4(6)/GDRDMA
x08l11245:30550:30634 [7] NCCL INFO Channel 01/0 : 7[b3000] -> 15[b3000] [send] via NET/IB/4(6)/GDRDMA
x08l11245:30545:30629 [4] NCCL INFO Channel 00 : 4[89000] -> 0[13000] via P2P/IPC/read
x08l11244:34869:34963 [5] NCCL INFO NCCL_IB_TC set by environment to 16.
x08l11244:34869:34963 [5] NCCL INFO NCCL_IB_SL set by environment to 5.
x08l11244:34869:34963 [5] NCCL INFO NCCL_IB_TIMEOUT set by environment to 22.
x08l11245:30547:30636 [6] NCCL INFO Channel 00 : 6[ad000] -> 0[13000] via P2P/IPC/read
x08l11245:30545:30629 [4] NCCL INFO Channel 01 : 4[89000] -> 0[13000] via P2P/IPC/read
x08l11245:30546:30641 [5] NCCL INFO NCCL_IB_TC set by environment to 16.
x08l11245:30546:30641 [5] NCCL INFO NCCL_IB_SL set by environment to 5.
x08l11245:30546:30641 [5] NCCL INFO NCCL_IB_TIMEOUT set by environment to 22.
x08l11245:30542:30639 [1] NCCL INFO NCCL_IB_TC set by environment to 16.
x08l11245:30542:30639 [1] NCCL INFO NCCL_IB_SL set by environment to 5.
x08l11245:30542:30639 [1] NCCL INFO NCCL_IB_TIMEOUT set by environment to 22.
x08l11245:30547:30636 [6] NCCL INFO Channel 01 : 6[ad000] -> 0[13000] via P2P/IPC/read
x08l11244:34868:34948 [4] NCCL INFO Channel 00 : 12[89000] -> 8[13000] via P2P/IPC/read
x08l11244:34865:34966 [1] NCCL INFO NCCL_IB_TC set by environment to 16.
x08l11244:34865:34966 [1] NCCL INFO NCCL_IB_SL set by environment to 5.
x08l11244:34868:34948 [4] NCCL INFO Channel 01 : 12[89000] -> 8[13000] via P2P/IPC/read
x08l11244:34865:34966 [1] NCCL INFO NCCL_IB_TIMEOUT set by environment to 22.
x08l11244:34870:34954 [6] NCCL INFO Channel 00 : 14[ad000] -> 8[13000] via P2P/IPC/read
x08l11245:30550:30638 [7] NCCL INFO NCCL_IB_TC set by environment to 16.
x08l11245:30550:30638 [7] NCCL INFO NCCL_IB_SL set by environment to 5.
x08l11245:30550:30638 [7] NCCL INFO NCCL_IB_TIMEOUT set by environment to 22.
x08l11244:34870:34954 [6] NCCL INFO Channel 01 : 14[ad000] -> 8[13000] via P2P/IPC/read
x08l11245:30546:30637 [5] NCCL INFO Channel 00 : 5[8e000] -> 0[13000] via P2P/IPC/read
x08l11245:30546:30637 [5] NCCL INFO Channel 01 : 5[8e000] -> 0[13000] via P2P/IPC/read
x08l11244:34869:34955 [5] NCCL INFO Channel 00 : 13[8e000] -> 8[13000] via P2P/IPC/read
x08l11244:34872:34967 [7] NCCL INFO NCCL_IB_TC set by environment to 16.
x08l11244:34872:34967 [7] NCCL INFO NCCL_IB_SL set by environment to 5.
x08l11244:34872:34967 [7] NCCL INFO NCCL_IB_TIMEOUT set by environment to 22.
x08l11244:34869:34955 [5] NCCL INFO Channel 01 : 13[8e000] -> 8[13000] via P2P/IPC/read
x08l11245:30550:30634 [7] NCCL INFO Channel 00 : 7[b3000] -> 0[13000] via P2P/IPC/read
x08l11245:30550:30634 [7] NCCL INFO Channel 00 : 7[b3000] -> 1[19000] via P2P/IPC/read
x08l11245:30550:30634 [7] NCCL INFO Channel 01 : 7[b3000] -> 1[19000] via P2P/IPC/read
x08l11245:30550:30634 [7] NCCL INFO Channel 00 : 7[b3000] -> 2[48000] via P2P/IPC/read
x08l11245:30547:30636 [6] NCCL INFO Channel 00 : 6[ad000] -> 1[19000] via P2P/IPC/read
x08l11245:30550:30634 [7] NCCL INFO Channel 01 : 7[b3000] -> 2[48000] via P2P/IPC/read
x08l11245:30547:30636 [6] NCCL INFO Channel 01 : 6[ad000] -> 1[19000] via P2P/IPC/read
x08l11245:30550:30634 [7] NCCL INFO Channel 00 : 7[b3000] -> 3[4d000] via P2P/IPC/read
x08l11244:34872:34947 [7] NCCL INFO Channel 00 : 15[b3000] -> 8[13000] via P2P/IPC/read
x08l11244:34872:34947 [7] NCCL INFO Channel 00 : 15[b3000] -> 9[19000] via P2P/IPC/read
x08l11244:34872:34947 [7] NCCL INFO Channel 01 : 15[b3000] -> 9[19000] via P2P/IPC/read
x08l11245:30546:30637 [5] NCCL INFO Channel 00 : 5[8e000] -> 1[19000] via P2P/IPC/read
x08l11245:30547:30636 [6] NCCL INFO Channel 00 : 6[ad000] -> 2[48000] via P2P/IPC/read
x08l11245:30550:30634 [7] NCCL INFO Channel 01 : 7[b3000] -> 3[4d000] via P2P/IPC/read
x08l11244:34872:34947 [7] NCCL INFO Channel 00 : 15[b3000] -> 10[48000] via P2P/IPC/read
x08l11245:30546:30637 [5] NCCL INFO Channel 01 : 5[8e000] -> 1[19000] via P2P/IPC/read
x08l11245:30547:30636 [6] NCCL INFO Channel 01 : 6[ad000] -> 2[48000] via P2P/IPC/read
x08l11244:34870:34954 [6] NCCL INFO Channel 00 : 14[ad000] -> 9[19000] via P2P/IPC/read
x08l11244:34872:34947 [7] NCCL INFO Channel 01 : 15[b3000] -> 10[48000] via P2P/IPC/read
x08l11244:34870:34954 [6] NCCL INFO Channel 01 : 14[ad000] -> 9[19000] via P2P/IPC/read
x08l11245:30550:30634 [7] NCCL INFO Channel 00 : 7[b3000] -> 4[89000] via P2P/IPC/read
x08l11244:34872:34947 [7] NCCL INFO Channel 00 : 15[b3000] -> 11[4d000] via P2P/IPC/read
x08l11245:30546:30637 [5] NCCL INFO Channel 00 : 5[8e000] -> 2[48000] via P2P/IPC/read
x08l11245:30550:30634 [7] NCCL INFO Channel 01 : 7[b3000] -> 4[89000] via P2P/IPC/read
x08l11245:30547:30636 [6] NCCL INFO Channel 00 : 6[ad000] -> 3[4d000] via P2P/IPC/read
x08l11244:34869:34955 [5] NCCL INFO Channel 00 : 13[8e000] -> 9[19000] via P2P/IPC/read
x08l11244:34870:34954 [6] NCCL INFO Channel 00 : 14[ad000] -> 10[48000] via P2P/IPC/read
x08l11245:30546:30637 [5] NCCL INFO Channel 01 : 5[8e000] -> 2[48000] via P2P/IPC/read
x08l11244:34872:34947 [7] NCCL INFO Channel 01 : 15[b3000] -> 11[4d000] via P2P/IPC/read
x08l11245:30545:30629 [4] NCCL INFO Channel 00 : 4[89000] -> 1[19000] via P2P/IPC/read
x08l11245:30544:30633 [3] NCCL INFO Channel 00 : 3[4d000] -> 0[13000] via P2P/IPC/read
x08l11245:30547:30636 [6] NCCL INFO Channel 01 : 6[ad000] -> 3[4d000] via P2P/IPC/read
x08l11244:34870:34954 [6] NCCL INFO Channel 01 : 14[ad000] -> 10[48000] via P2P/IPC/read
x08l11244:34869:34955 [5] NCCL INFO Channel 01 : 13[8e000] -> 9[19000] via P2P/IPC/read
x08l11245:30544:30633 [3] NCCL INFO Channel 01 : 3[4d000] -> 0[13000] via P2P/IPC/read
x08l11244:34872:34947 [7] NCCL INFO Channel 00 : 15[b3000] -> 12[89000] via P2P/IPC/read
x08l11244:34872:34947 [7] NCCL INFO Channel 01 : 15[b3000] -> 12[89000] via P2P/IPC/read
x08l11245:30550:30634 [7] NCCL INFO Channel 00 : 7[b3000] -> 5[8e000] via P2P/IPC/read
x08l11245:30543:30635 [2] NCCL INFO Channel 00 : 2[48000] -> 0[13000] via P2P/IPC/read
x08l11245:30550:30634 [7] NCCL INFO Channel 01 : 7[b3000] -> 5[8e000] via P2P/IPC/read
x08l11244:34870:34954 [6] NCCL INFO Channel 00 : 14[ad000] -> 11[4d000] via P2P/IPC/read
x08l11245:30547:30636 [6] NCCL INFO Channel 00 : 6[ad000] -> 4[89000] via P2P/IPC/read
x08l11245:30546:30637 [5] NCCL INFO Channel 00 : 5[8e000] -> 3[4d000] via P2P/IPC/read
x08l11245:30543:30635 [2] NCCL INFO Channel 01 : 2[48000] -> 0[13000] via P2P/IPC/read
x08l11245:30545:30629 [4] NCCL INFO Channel 00 : 4[89000] -> 2[48000] via P2P/IPC/read
x08l11245:30547:30636 [6] NCCL INFO Channel 01 : 6[ad000] -> 4[89000] via P2P/IPC/read
x08l11245:30546:30637 [5] NCCL INFO Channel 01 : 5[8e000] -> 3[4d000] via P2P/IPC/read
x08l11245:30545:30629 [4] NCCL INFO Channel 01 : 4[89000] -> 2[48000] via P2P/IPC/read
x08l11244:34869:34955 [5] NCCL INFO Channel 00 : 13[8e000] -> 10[48000] via P2P/IPC/read
x08l11245:30544:30633 [3] NCCL INFO Channel 00 : 3[4d000] -> 1[19000] via P2P/IPC/read
x08l11245:30541:30595 [0] NCCL INFO Connected 1 MSCCL algorithms
x08l11245:30541:30595 [0] NCCL INFO threadThresholds 8/8/64 | 128/8/64 | 8/8/64 | 8/8/512
x08l11245:30541:30595 [0] NCCL INFO 8 coll channels, 8 p2p channels, 2 p2p channels per peer
x08l11244:34869:34955 [5] NCCL INFO Channel 01 : 13[8e000] -> 10[48000] via P2P/IPC/read
x08l11244:34868:34948 [4] NCCL INFO Channel 00 : 12[89000] -> 9[19000] via P2P/IPC/read
x08l11244:34867:34959 [3] NCCL INFO Channel 00 : 11[4d000] -> 8[13000] via P2P/IPC/read
x08l11244:34870:34954 [6] NCCL INFO Channel 01 : 14[ad000] -> 11[4d000] via P2P/IPC/read
x08l11245:30550:30634 [7] NCCL INFO Connected 1 MSCCL algorithms
x08l11245:30550:30634 [7] NCCL INFO threadThresholds 8/8/64 | 128/8/64 | 8/8/64 | 8/8/512
x08l11245:30550:30634 [7] NCCL INFO 8 coll channels, 8 p2p channels, 2 p2p channels per peer
x08l11244:34867:34959 [3] NCCL INFO Channel 01 : 11[4d000] -> 8[13000] via P2P/IPC/read
x08l11245:30547:30636 [6] NCCL INFO Connected 1 MSCCL algorithms
x08l11245:30547:30636 [6] NCCL INFO threadThresholds 8/8/64 | 128/8/64 | 8/8/64 | 8/8/512
x08l11245:30544:30633 [3] NCCL INFO Channel 01 : 3[4d000] -> 1[19000] via P2P/IPC/read
x08l11245:30547:30636 [6] NCCL INFO 8 coll channels, 8 p2p channels, 2 p2p channels per peer
x08l11245:30545:30629 [4] NCCL INFO Connected 1 MSCCL algorithms
x08l11245:30543:30635 [2] NCCL INFO Channel 01 : 2[48000] -> 1[19000] via P2P/IPC/read
x08l11245:30545:30629 [4] NCCL INFO threadThresholds 8/8/64 | 128/8/64 | 8/8/64 | 8/8/512
x08l11245:30545:30629 [4] NCCL INFO 8 coll channels, 8 p2p channels, 2 p2p channels per peer
x08l11244:34872:34947 [7] NCCL INFO Channel 00 : 15[b3000] -> 13[8e000] via P2P/IPC/read
x08l11244:34872:34947 [7] NCCL INFO Channel 01 : 15[b3000] -> 13[8e000] via P2P/IPC/read
x08l11245:30546:30637 [5] NCCL INFO Connected 1 MSCCL algorithms
x08l11245:30544:30633 [3] NCCL INFO Connected 1 MSCCL algorithms
x08l11245:30546:30637 [5] NCCL INFO threadThresholds 8/8/64 | 128/8/64 | 8/8/64 | 8/8/512
x08l11245:30544:30633 [3] NCCL INFO threadThresholds 8/8/64 | 128/8/64 | 8/8/64 | 8/8/512
x08l11245:30546:30637 [5] NCCL INFO 8 coll channels, 8 p2p channels, 2 p2p channels per peer
x08l11245:30544:30633 [3] NCCL INFO 8 coll channels, 8 p2p channels, 2 p2p channels per peer
x08l11245:30543:30635 [2] NCCL INFO Connected 1 MSCCL algorithms
x08l11245:30543:30635 [2] NCCL INFO threadThresholds 8/8/64 | 128/8/64 | 8/8/64 | 8/8/512
x08l11245:30542:30625 [1] NCCL INFO Connected 1 MSCCL algorithms
x08l11245:30542:30625 [1] NCCL INFO threadThresholds 8/8/64 | 128/8/64 | 8/8/64 | 8/8/512
x08l11245:30543:30635 [2] NCCL INFO 8 coll channels, 8 p2p channels, 2 p2p channels per peer
x08l11245:30542:30625 [1] NCCL INFO 8 coll channels, 8 p2p channels, 2 p2p channels per peer
x08l11244:34870:34954 [6] NCCL INFO Channel 00 : 14[ad000] -> 12[89000] via P2P/IPC/read
x08l11244:34869:34955 [5] NCCL INFO Channel 00 : 13[8e000] -> 11[4d000] via P2P/IPC/read
x08l11244:34866:34949 [2] NCCL INFO Channel 00 : 10[48000] -> 8[13000] via P2P/IPC/read
x08l11244:34870:34954 [6] NCCL INFO Channel 01 : 14[ad000] -> 12[89000] via P2P/IPC/read
x08l11244:34868:34948 [4] NCCL INFO Channel 00 : 12[89000] -> 10[48000] via P2P/IPC/read
x08l11244:34869:34955 [5] NCCL INFO Channel 01 : 13[8e000] -> 11[4d000] via P2P/IPC/read
x08l11244:34866:34949 [2] NCCL INFO Channel 01 : 10[48000] -> 8[13000] via P2P/IPC/read
x08l11244:34868:34948 [4] NCCL INFO Channel 01 : 12[89000] -> 10[48000] via P2P/IPC/read
x08l11244:34867:34959 [3] NCCL INFO Channel 00 : 11[4d000] -> 9[19000] via P2P/IPC/read
x08l11244:34872:34947 [7] NCCL INFO Connected 1 MSCCL algorithms
x08l11244:34872:34947 [7] NCCL INFO threadThresholds 8/8/64 | 128/8/64 | 8/8/64 | 8/8/512
x08l11244:34872:34947 [7] NCCL INFO 8 coll channels, 8 p2p channels, 2 p2p channels per peer
x08l11244:34864:34953 [0] NCCL INFO Connected 1 MSCCL algorithms
x08l11244:34864:34953 [0] NCCL INFO threadThresholds 8/8/64 | 128/8/64 | 8/8/64 | 8/8/512
x08l11244:34864:34953 [0] NCCL INFO 8 coll channels, 8 p2p channels, 2 p2p channels per peer
x08l11244:34870:34954 [6] NCCL INFO Connected 1 MSCCL algorithms
x08l11244:34870:34954 [6] NCCL INFO threadThresholds 8/8/64 | 128/8/64 | 8/8/64 | 8/8/512
x08l11244:34870:34954 [6] NCCL INFO 8 coll channels, 8 p2p channels, 2 p2p channels per peer
x08l11244:34867:34959 [3] NCCL INFO Channel 01 : 11[4d000] -> 9[19000] via P2P/IPC/read
x08l11244:34866:34949 [2] NCCL INFO Channel 01 : 10[48000] -> 9[19000] via P2P/IPC/read
x08l11244:34868:34948 [4] NCCL INFO Connected 1 MSCCL algorithms
x08l11244:34868:34948 [4] NCCL INFO threadThresholds 8/8/64 | 128/8/64 | 8/8/64 | 8/8/512
x08l11244:34868:34948 [4] NCCL INFO 8 coll channels, 8 p2p channels, 2 p2p channels per peer
x08l11244:34869:34955 [5] NCCL INFO Connected 1 MSCCL algorithms
x08l11244:34867:34959 [3] NCCL INFO Connected 1 MSCCL algorithms
x08l11244:34867:34959 [3] NCCL INFO threadThresholds 8/8/64 | 128/8/64 | 8/8/64 | 8/8/512
x08l11244:34869:34955 [5] NCCL INFO threadThresholds 8/8/64 | 128/8/64 | 8/8/64 | 8/8/512
x08l11244:34869:34955 [5] NCCL INFO 8 coll channels, 8 p2p channels, 2 p2p channels per peer
x08l11244:34867:34959 [3] NCCL INFO 8 coll channels, 8 p2p channels, 2 p2p channels per peer
x08l11244:34866:34949 [2] NCCL INFO Connected 1 MSCCL algorithms
x08l11244:34865:34945 [1] NCCL INFO Connected 1 MSCCL algorithms
x08l11244:34865:34945 [1] NCCL INFO threadThresholds 8/8/64 | 128/8/64 | 8/8/64 | 8/8/512
x08l11244:34866:34949 [2] NCCL INFO threadThresholds 8/8/64 | 128/8/64 | 8/8/64 | 8/8/512
x08l11244:34866:34949 [2] NCCL INFO 8 coll channels, 8 p2p channels, 2 p2p channels per peer
x08l11244:34865:34945 [1] NCCL INFO 8 coll channels, 8 p2p channels, 2 p2p channels per peer
x08l11244:34866:34949 [2] NCCL INFO comm 0x7f8435458010 rank 10 nranks 16 cudaDev 2 busId 48000 - Init COMPLETE
x08l11244:34867:34959 [3] NCCL INFO comm 0x7f5ea045a010 rank 11 nranks 16 cudaDev 3 busId 4d000 - Init COMPLETE
x08l11244:34869:34955 [5] NCCL INFO comm 0x7f9de445a010 rank 13 nranks 16 cudaDev 5 busId 8e000 - Init COMPLETE
x08l11244:34870:34954 [6] NCCL INFO comm 0x7f6be0456010 rank 14 nranks 16 cudaDev 6 busId ad000 - Init COMPLETE
x08l11244:34865:34945 [1] NCCL INFO comm 0x7f98ee45a010 rank 9 nranks 16 cudaDev 1 busId 19000 - Init COMPLETE
x08l11244:34872:34947 [7] NCCL INFO comm 0x7f5861458010 rank 15 nranks 16 cudaDev 7 busId b3000 - Init COMPLETE
x08l11244:34868:34948 [4] NCCL INFO comm 0x7f7c11454010 rank 12 nranks 16 cudaDev 4 busId 89000 - Init COMPLETE
x08l11244:34864:34953 [0] NCCL INFO comm 0x7f5120c57010 rank 8 nranks 16 cudaDev 0 busId 13000 - Init COMPLETE
x08l11245:30542:30625 [1] NCCL INFO comm 0x7fd28a45a010 rank 1 nranks 16 cudaDev 1 busId 19000 - Init COMPLETE
x08l11245:30543:30635 [2] NCCL INFO comm 0x7f692cc57010 rank 2 nranks 16 cudaDev 2 busId 48000 - Init COMPLETE
x08l11245:30544:30633 [3] NCCL INFO comm 0x7fb5ac45a010 rank 3 nranks 16 cudaDev 3 busId 4d000 - Init COMPLETE
x08l11245:30546:30637 [5] NCCL INFO comm 0x7fa20845a010 rank 5 nranks 16 cudaDev 5 busId 8e000 - Init COMPLETE
x08l11245:30541:30595 [0] NCCL INFO comm 0x7fa5ce45a010 rank 0 nranks 16 cudaDev 0 busId 13000 - Init COMPLETE
x08l11245:30550:30634 [7] NCCL INFO comm 0x7f9bb9c59010 rank 7 nranks 16 cudaDev 7 busId b3000 - Init COMPLETE
#
#                                                              out-of-place                       in-place          
#       size         count      type   redop    root     time   algbw   busbw #wrong     time   algbw   busbw #wrong
#        (B)    (elements)                               (us)  (GB/s)  (GB/s)            (us)  (GB/s)  (GB/s)       
x08l11245:30547:30636 [6] NCCL INFO comm 0x7f3fd9c59010 rank 6 nranks 16 cudaDev 6 busId ad000 - Init COMPLETE
x08l11245:30545:30629 [4] NCCL INFO comm 0x7f1d9645a010 rank 4 nranks 16 cudaDev 4 busId 89000 - Init COMPLETE
x08l11245:30541:30541 [0] NCCL INFO Launch mode Parallel
        1024           256     float     sum      -1    188.0    0.01    0.01      0    190.7    0.01    0.01      0
        2048           512     float     sum      -1    202.1    0.01    0.02      0    203.5    0.01    0.02      0
        4096          1024     float     sum      -1    238.5    0.02    0.03      0    231.0    0.02    0.03      0
        8192          2048     float     sum      -1    232.5    0.04    0.07      0    238.9    0.03    0.06      0
       16384          4096     float     sum      -1    238.5    0.07    0.13      0    239.1    0.07    0.13      0
       32768          8192     float     sum      -1    244.7    0.13    0.25      0    250.0    0.13    0.25      0
       65536         16384     float     sum      -1    293.6    0.22    0.42      0    291.5    0.22    0.42      0
      131072         32768     float     sum      -1    301.4    0.43    0.82      0    302.4    0.43    0.81      0
      262144         65536     float     sum      -1    332.0    0.79    1.48      0    328.7    0.80    1.50      0
      524288        131072     float     sum      -1    345.1    1.52    2.85      0    337.0    1.56    2.92      0
     1048576        262144     float     sum      -1    351.4    2.98    5.60      0    345.4    3.04    5.69      0
     2097152        524288     float     sum      -1    376.1    5.58   10.46      0    378.8    5.54   10.38      0
     4194304       1048576     float     sum      -1    421.0    9.96   18.68      0    422.3    9.93   18.62      0
     8388608       2097152     float     sum      -1    478.9   17.52   32.84      0    478.3   17.54   32.89      0
    16777216       4194304     float     sum      -1    624.3   26.87   50.39      0    595.1   28.19   52.86      0
    33554432       8388608     float     sum      -1    886.0   37.87   71.01      0    945.1   35.50   66.57      0
    67108864      16777216     float     sum      -1   1572.8   42.67   80.00      0   1599.2   41.96   78.68      0
   134217728      33554432     float     sum      -1   3291.8   40.77   76.45      0   3238.1   41.45   77.72      0
   268435456      67108864     float     sum      -1   6616.6   40.57   76.07      0   6478.9   41.43   77.69      0
   536870912     134217728     float     sum      -1    13245   40.54   76.00      0    13375   40.14   75.26      0
  1073741824     268435456     float     sum      -1    26927   39.88   74.77      0    26879   39.95   74.90      0
  2147483648     536870912     float     sum      -1    54005   39.76   74.56      0    54159   39.65   74.35      0
  4294967296    1073741824     float     sum      -1   108703   39.51   74.08      0   108239   39.68   74.40      0
x08l11245:30546:30546 [5] NCCL INFO comm 0x7fa20845a010 rank 5 nranks 16 cudaDev 5 busId 8e000 - Destroy COMPLETE
x08l11245:30544:30544 [3] NCCL INFO comm 0x7fb5ac45a010 rank 3 nranks 16 cudaDev 3 busId 4d000 - Destroy COMPLETE
x08l11245:30550:30550 [7] NCCL INFO comm 0x7f9bb9c59010 rank 7 nranks 16 cudaDev 7 busId b3000 - Destroy COMPLETE
x08l11245:30542:30542 [1] NCCL INFO comm 0x7fd28a45a010 rank 1 nranks 16 cudaDev 1 busId 19000 - Destroy COMPLETE
x08l11245:30543:30543 [2] NCCL INFO comm 0x7f692cc57010 rank 2 nranks 16 cudaDev 2 busId 48000 - Destroy COMPLETE
x08l11245:30547:30547 [6] NCCL INFO comm 0x7f3fd9c59010 rank 6 nranks 16 cudaDev 6 busId ad000 - Destroy COMPLETE
x08l11245:30541:30541 [0] NCCL INFO comm 0x7fa5ce45a010 rank 0 nranks 16 cudaDev 0 busId 13000 - Destroy COMPLETE
# Out of bounds values : 0 OK
# Avg bus bandwidth    : 31.5899 
#
x08l11245:30545:30545 [4] NCCL INFO comm 0x7f1d9645a010 rank 4 nranks 16 cudaDev 4 busId 89000 - Destroy COMPLETE
x08l11244:34869:34869 [5] NCCL INFO comm 0x7f9de445a010 rank 13 nranks 16 cudaDev 5 busId 8e000 - Destroy COMPLETE
x08l11244:34867:34867 [3] NCCL INFO comm 0x7f5ea045a010 rank 11 nranks 16 cudaDev 3 busId 4d000 - Destroy COMPLETE
x08l11244:34872:34872 [7] NCCL INFO comm 0x7f5861458010 rank 15 nranks 16 cudaDev 7 busId b3000 - Destroy COMPLETE
x08l11244:34865:34865 [1] NCCL INFO comm 0x7f98ee45a010 rank 9 nranks 16 cudaDev 1 busId 19000 - Destroy COMPLETE
x08l11244:34864:34864 [0] NCCL INFO comm 0x7f5120c57010 rank 8 nranks 16 cudaDev 0 busId 13000 - Destroy COMPLETE
x08l11244:34870:34870 [6] NCCL INFO comm 0x7f6be0456010 rank 14 nranks 16 cudaDev 6 busId ad000 - Destroy COMPLETE
x08l11244:34866:34866 [2] NCCL INFO comm 0x7f8435458010 rank 10 nranks 16 cudaDev 2 busId 48000 - Destroy COMPLETE
x08l11244:34868:34868 [4] NCCL INFO comm 0x7f7c11454010 rank 12 nranks 16 cudaDev 4 busId 89000 - Destroy COMPLETE

