x08l11244:35372:35455 [4] NCCL INFO Channel 07 : 12[89000] -> 11[4d000] via P2P/IPC/read
x08l11245:31043:31135 [4] NCCL INFO Connected all trees
x08l11245:31043:31135 [4] NCCL INFO MSCCL: Parsing algorithm /mnt/agtest/runxml/xml/lq/exccl_test_v4/exccl-ag-n16-Simple-i1.xml
x08l11244:35373:35450 [5] NCCL INFO Connected all trees
x08l11244:35373:35450 [5] NCCL INFO MSCCL: Parsing algorithm /mnt/agtest/runxml/xml/lq/exccl_test_v4/exccl-ag-n16-Simple-i1.xml
x08l11245:31041:31132 [2] NCCL INFO Connected all trees
x08l11245:31041:31132 [2] NCCL INFO MSCCL: Parsing algorithm /mnt/agtest/runxml/xml/lq/exccl_test_v4/exccl-ag-n16-Simple-i1.xml
x08l11244:35370:35457 [2] NCCL INFO Connected all trees
x08l11244:35370:35457 [2] NCCL INFO MSCCL: Parsing algorithm /mnt/agtest/runxml/xml/lq/exccl_test_v4/exccl-ag-n16-Simple-i1.xml
x08l11244:35372:35455 [4] NCCL INFO Connected all trees
x08l11244:35372:35455 [4] NCCL INFO MSCCL: Parsing algorithm /mnt/agtest/runxml/xml/lq/exccl_test_v4/exccl-ag-n16-Simple-i1.xml
x08l11244:35371:35451 [3] NCCL INFO Connected all trees
x08l11244:35371:35451 [3] NCCL INFO MSCCL: Parsing algorithm /mnt/agtest/runxml/xml/lq/exccl_test_v4/exccl-ag-n16-Simple-i1.xml
x08l11245:31042:31125 [3] NCCL INFO Connected all trees
x08l11245:31042:31125 [3] NCCL INFO MSCCL: Parsing algorithm /mnt/agtest/runxml/xml/lq/exccl_test_v4/exccl-ag-n16-Simple-i1.xml
x08l11245:31043:31135 [4] NCCL INFO Parsed MSCCL Algorithm /mnt/agtest/runxml/xml/lq/exccl_test_v4/exccl-ag-n16-Simple-i1.xml successfully.
x08l11245:31044:31133 [5] NCCL INFO Parsed MSCCL Algorithm /mnt/agtest/runxml/xml/lq/exccl_test_v4/exccl-ag-n16-Simple-i1.xml successfully.
x08l11244:35370:35457 [2] NCCL INFO Parsed MSCCL Algorithm /mnt/agtest/runxml/xml/lq/exccl_test_v4/exccl-ag-n16-Simple-i1.xml successfully.
x08l11245:31043:31135 [4] NCCL INFO Channel 00 : 4[89000] -> 6[ad000] via P2P/IPC/read
x08l11244:35372:35455 [4] NCCL INFO Parsed MSCCL Algorithm /mnt/agtest/runxml/xml/lq/exccl_test_v4/exccl-ag-n16-Simple-i1.xml successfully.
x08l11244:35370:35457 [2] NCCL INFO Channel 00 : 10[48000] -> 12[89000] via P2P/IPC/read
x08l11245:31044:31133 [5] NCCL INFO Channel 00 : 5[8e000] -> 7[b3000] via P2P/IPC/read
x08l11245:31041:31132 [2] NCCL INFO Parsed MSCCL Algorithm /mnt/agtest/runxml/xml/lq/exccl_test_v4/exccl-ag-n16-Simple-i1.xml successfully.
x08l11244:35372:35455 [4] NCCL INFO Channel 00 : 12[89000] -> 14[ad000] via P2P/IPC/read
x08l11245:31041:31132 [2] NCCL INFO Channel 00 : 2[48000] -> 4[89000] via P2P/IPC/read
x08l11244:35373:35450 [5] NCCL INFO Parsed MSCCL Algorithm /mnt/agtest/runxml/xml/lq/exccl_test_v4/exccl-ag-n16-Simple-i1.xml successfully.
x08l11244:35371:35451 [3] NCCL INFO Parsed MSCCL Algorithm /mnt/agtest/runxml/xml/lq/exccl_test_v4/exccl-ag-n16-Simple-i1.xml successfully.
x08l11244:35373:35450 [5] NCCL INFO Channel 00 : 13[8e000] -> 15[b3000] via P2P/IPC/read
x08l11244:35371:35451 [3] NCCL INFO Channel 00 : 11[4d000] -> 13[8e000] via P2P/IPC/read
x08l11245:31042:31125 [3] NCCL INFO Parsed MSCCL Algorithm /mnt/agtest/runxml/xml/lq/exccl_test_v4/exccl-ag-n16-Simple-i1.xml successfully.
x08l11245:31042:31125 [3] NCCL INFO Channel 00 : 3[4d000] -> 5[8e000] via P2P/IPC/read
x08l11245:31049:31131 [7] NCCL INFO Channel 03 : 7[b3000] -> 6[ad000] via P2P/IPC/read
x08l11245:31049:31131 [7] NCCL INFO Channel 07 : 7[b3000] -> 6[ad000] via P2P/IPC/read
x08l11244:35376:35463 [7] NCCL INFO Channel 03 : 15[b3000] -> 14[ad000] via P2P/IPC/read
x08l11244:35376:35463 [7] NCCL INFO Channel 07 : 15[b3000] -> 14[ad000] via P2P/IPC/read
x08l11245:31039:31093 [0] NCCL INFO Connected all trees
x08l11245:31039:31093 [0] NCCL INFO MSCCL: Parsing algorithm /mnt/agtest/runxml/xml/lq/exccl_test_v4/exccl-ag-n16-Simple-i1.xml
x08l11245:31049:31131 [7] NCCL INFO Connected all trees
x08l11245:31049:31131 [7] NCCL INFO MSCCL: Parsing algorithm /mnt/agtest/runxml/xml/lq/exccl_test_v4/exccl-ag-n16-Simple-i1.xml
x08l11245:31040:31124 [1] NCCL INFO Connected all trees
x08l11245:31040:31124 [1] NCCL INFO MSCCL: Parsing algorithm /mnt/agtest/runxml/xml/lq/exccl_test_v4/exccl-ag-n16-Simple-i1.xml
x08l11244:35368:35461 [0] NCCL INFO Connected all trees
x08l11244:35368:35461 [0] NCCL INFO MSCCL: Parsing algorithm /mnt/agtest/runxml/xml/lq/exccl_test_v4/exccl-ag-n16-Simple-i1.xml
x08l11245:31046:31134 [6] NCCL INFO Connected all trees
x08l11245:31046:31134 [6] NCCL INFO MSCCL: Parsing algorithm /mnt/agtest/runxml/xml/lq/exccl_test_v4/exccl-ag-n16-Simple-i1.xml
x08l11244:35369:35460 [1] NCCL INFO Connected all trees
x08l11244:35376:35463 [7] NCCL INFO Connected all trees
x08l11244:35369:35460 [1] NCCL INFO MSCCL: Parsing algorithm /mnt/agtest/runxml/xml/lq/exccl_test_v4/exccl-ag-n16-Simple-i1.xml
x08l11244:35376:35463 [7] NCCL INFO MSCCL: Parsing algorithm /mnt/agtest/runxml/xml/lq/exccl_test_v4/exccl-ag-n16-Simple-i1.xml
x08l11244:35374:35462 [6] NCCL INFO Connected all trees
x08l11244:35374:35462 [6] NCCL INFO MSCCL: Parsing algorithm /mnt/agtest/runxml/xml/lq/exccl_test_v4/exccl-ag-n16-Simple-i1.xml
x08l11245:31039:31093 [0] NCCL INFO Parsed MSCCL Algorithm /mnt/agtest/runxml/xml/lq/exccl_test_v4/exccl-ag-n16-Simple-i1.xml successfully.
x08l11245:31039:31093 [0] NCCL INFO Channel 00 : 0[13000] -> 2[48000] via P2P/IPC/read
x08l11244:35368:35461 [0] NCCL INFO Parsed MSCCL Algorithm /mnt/agtest/runxml/xml/lq/exccl_test_v4/exccl-ag-n16-Simple-i1.xml successfully.
x08l11244:35368:35461 [0] NCCL INFO Channel 00 : 8[13000] -> 10[48000] via P2P/IPC/read
x08l11245:31049:31131 [7] NCCL INFO Parsed MSCCL Algorithm /mnt/agtest/runxml/xml/lq/exccl_test_v4/exccl-ag-n16-Simple-i1.xml successfully.
x08l11244:35374:35462 [6] NCCL INFO Parsed MSCCL Algorithm /mnt/agtest/runxml/xml/lq/exccl_test_v4/exccl-ag-n16-Simple-i1.xml successfully.
x08l11244:35376:35463 [7] NCCL INFO Parsed MSCCL Algorithm /mnt/agtest/runxml/xml/lq/exccl_test_v4/exccl-ag-n16-Simple-i1.xml successfully.
x08l11245:31040:31124 [1] NCCL INFO Parsed MSCCL Algorithm /mnt/agtest/runxml/xml/lq/exccl_test_v4/exccl-ag-n16-Simple-i1.xml successfully.
x08l11245:31039:31093 [0] NCCL INFO Channel 00 : 0[13000] -> 3[4d000] via P2P/IPC/read
x08l11245:31040:31124 [1] NCCL INFO Channel 00 : 1[19000] -> 3[4d000] via P2P/IPC/read
x08l11244:35368:35461 [0] NCCL INFO Channel 00 : 8[13000] -> 11[4d000] via P2P/IPC/read
x08l11244:35369:35460 [1] NCCL INFO Parsed MSCCL Algorithm /mnt/agtest/runxml/xml/lq/exccl_test_v4/exccl-ag-n16-Simple-i1.xml successfully.
x08l11244:35369:35460 [1] NCCL INFO Channel 00 : 9[19000] -> 11[4d000] via P2P/IPC/read
x08l11245:31046:31134 [6] NCCL INFO Parsed MSCCL Algorithm /mnt/agtest/runxml/xml/lq/exccl_test_v4/exccl-ag-n16-Simple-i1.xml successfully.
x08l11244:35370:35457 [2] NCCL INFO Channel 00 : 10[48000] -> 13[8e000] via P2P/IPC/read
x08l11245:31041:31132 [2] NCCL INFO Channel 00 : 2[48000] -> 5[8e000] via P2P/IPC/read
x08l11245:31040:31124 [1] NCCL INFO Channel 00 : 1[19000] -> 4[89000] via P2P/IPC/read
x08l11244:35369:35460 [1] NCCL INFO Channel 00 : 9[19000] -> 12[89000] via P2P/IPC/read
x08l11244:35372:35455 [4] NCCL INFO Channel 00 : 12[89000] -> 15[b3000] via P2P/IPC/read
x08l11245:31042:31125 [3] NCCL INFO Channel 00 : 3[4d000] -> 6[ad000] via P2P/IPC/read
x08l11244:35371:35451 [3] NCCL INFO Channel 00 : 11[4d000] -> 14[ad000] via P2P/IPC/read
x08l11245:31043:31135 [4] NCCL INFO Channel 00 : 4[89000] -> 7[b3000] via P2P/IPC/read
x08l11245:31039:31093 [0] NCCL INFO Channel 00 : 0[13000] -> 4[89000] via P2P/IPC/read
x08l11245:31041:31132 [2] NCCL INFO Channel 00 : 2[48000] -> 6[ad000] via P2P/IPC/read
x08l11244:35370:35457 [2] NCCL INFO Channel 00 : 10[48000] -> 14[ad000] via P2P/IPC/read
x08l11245:31042:31125 [3] NCCL INFO Channel 00 : 3[4d000] -> 7[b3000] via P2P/IPC/read
x08l11244:35369:35460 [1] NCCL INFO Channel 00 : 9[19000] -> 13[8e000] via P2P/IPC/read
x08l11245:31040:31124 [1] NCCL INFO Channel 00 : 1[19000] -> 5[8e000] via P2P/IPC/read
x08l11244:35368:35461 [0] NCCL INFO Channel 00 : 8[13000] -> 12[89000] via P2P/IPC/read
x08l11244:35371:35451 [3] NCCL INFO Channel 00 : 11[4d000] -> 15[b3000] via P2P/IPC/read
x08l11245:31041:31132 [2] NCCL INFO Channel 00 : 2[48000] -> 7[b3000] via P2P/IPC/read
x08l11244:35369:35460 [1] NCCL INFO Channel 00 : 9[19000] -> 14[ad000] via P2P/IPC/read
x08l11244:35370:35457 [2] NCCL INFO Channel 00 : 10[48000] -> 15[b3000] via P2P/IPC/read
x08l11244:35368:35461 [0] NCCL INFO Channel 00 : 8[13000] -> 13[8e000] via P2P/IPC/read
x08l11245:31040:31124 [1] NCCL INFO Channel 00 : 1[19000] -> 6[ad000] via P2P/IPC/read
x08l11245:31039:31093 [0] NCCL INFO Channel 00 : 0[13000] -> 5[8e000] via P2P/IPC/read
x08l11244:35368:35461 [0] NCCL INFO Channel 00 : 8[13000] -> 14[ad000] via P2P/IPC/read
x08l11244:35373:35450 [5] NCCL INFO Channel 00/0 : 5[8e000] -> 13[8e000] [receive] via NET/IB/3/GDRDMA
x08l11244:35369:35460 [1] NCCL INFO Channel 00 : 9[19000] -> 15[b3000] via P2P/IPC/read
x08l11244:35373:35450 [5] NCCL INFO Channel 00/0 : 13[8e000] -> 5[8e000] [send] via NET/IB/3(12)/GDRDMA
x08l11245:31039:31093 [0] NCCL INFO Channel 00 : 0[13000] -> 6[ad000] via P2P/IPC/read
x08l11245:31040:31124 [1] NCCL INFO Channel 00 : 1[19000] -> 7[b3000] via P2P/IPC/read
x08l11245:31044:31133 [5] NCCL INFO Channel 00/0 : 13[8e000] -> 5[8e000] [receive] via NET/IB/3/GDRDMA
x08l11245:31044:31133 [5] NCCL INFO Channel 00/0 : 5[8e000] -> 13[8e000] [send] via NET/IB/3(4)/GDRDMA
x08l11244:35373:35465 [5] NCCL INFO NCCL_IB_TC set by environment to 16.
x08l11244:35373:35465 [5] NCCL INFO NCCL_IB_SL set by environment to 5.
x08l11245:31044:31137 [5] NCCL INFO NCCL_IB_TC set by environment to 16.
x08l11245:31044:31137 [5] NCCL INFO NCCL_IB_SL set by environment to 5.
x08l11245:31044:31137 [5] NCCL INFO NCCL_IB_TIMEOUT set by environment to 22.
x08l11244:35373:35465 [5] NCCL INFO NCCL_IB_TIMEOUT set by environment to 22.
x08l11244:35373:35450 [5] NCCL INFO Channel 00 : 13[8e000] -> 8[13000] via P2P/IPC/read
x08l11245:31044:31133 [5] NCCL INFO Channel 00 : 5[8e000] -> 0[13000] via P2P/IPC/read
x08l11244:35371:35451 [3] NCCL INFO Channel 00/0 : 3[4d000] -> 11[4d000] [receive] via NET/IB/2/GDRDMA
x08l11244:35371:35451 [3] NCCL INFO Channel 00/0 : 11[4d000] -> 3[4d000] [send] via NET/IB/2(10)/GDRDMA
x08l11245:31043:31135 [4] NCCL INFO Channel 00/0 : 12[89000] -> 4[89000] [receive] via NET/IB/3/GDRDMA
x08l11245:31042:31125 [3] NCCL INFO Channel 00/0 : 11[4d000] -> 3[4d000] [receive] via NET/IB/2/GDRDMA
x08l11245:31043:31135 [4] NCCL INFO Channel 00/0 : 4[89000] -> 12[89000] [send] via NET/IB/3/GDRDMA
x08l11245:31042:31125 [3] NCCL INFO Channel 00/0 : 3[4d000] -> 11[4d000] [send] via NET/IB/2(2)/GDRDMA
x08l11244:35372:35455 [4] NCCL INFO Channel 00/0 : 4[89000] -> 12[89000] [receive] via NET/IB/3/GDRDMA
x08l11244:35372:35455 [4] NCCL INFO Channel 00/0 : 12[89000] -> 4[89000] [send] via NET/IB/3/GDRDMA
x08l11244:35376:35463 [7] NCCL INFO Channel 00/0 : 7[b3000] -> 15[b3000] [receive] via NET/IB/4/GDRDMA
x08l11244:35376:35463 [7] NCCL INFO Channel 00/0 : 15[b3000] -> 7[b3000] [send] via NET/IB/4(14)/GDRDMA
x08l11244:35374:35462 [6] NCCL INFO Channel 00/0 : 6[ad000] -> 14[ad000] [receive] via NET/IB/4/GDRDMA
x08l11244:35369:35460 [1] NCCL INFO Channel 00/0 : 1[19000] -> 9[19000] [receive] via NET/IB/1/GDRDMA
x08l11244:35374:35462 [6] NCCL INFO Channel 00/0 : 14[ad000] -> 6[ad000] [send] via NET/IB/4/GDRDMA
x08l11244:35369:35460 [1] NCCL INFO Channel 00/0 : 9[19000] -> 1[19000] [send] via NET/IB/1(8)/GDRDMA
x08l11245:31041:31132 [2] NCCL INFO Channel 00/0 : 10[48000] -> 2[48000] [receive] via NET/IB/2/GDRDMA
x08l11245:31046:31134 [6] NCCL INFO Channel 00/0 : 14[ad000] -> 6[ad000] [receive] via NET/IB/4/GDRDMA
x08l11245:31041:31132 [2] NCCL INFO Channel 00/0 : 2[48000] -> 10[48000] [send] via NET/IB/2/GDRDMA
x08l11245:31049:31131 [7] NCCL INFO Channel 00/0 : 15[b3000] -> 7[b3000] [receive] via NET/IB/4/GDRDMA
x08l11245:31046:31134 [6] NCCL INFO Channel 00/0 : 6[ad000] -> 14[ad000] [send] via NET/IB/4/GDRDMA
x08l11244:35370:35457 [2] NCCL INFO Channel 00/0 : 2[48000] -> 10[48000] [receive] via NET/IB/2/GDRDMA
x08l11245:31049:31131 [7] NCCL INFO Channel 00/0 : 7[b3000] -> 15[b3000] [send] via NET/IB/4(6)/GDRDMA
x08l11244:35370:35457 [2] NCCL INFO Channel 00/0 : 10[48000] -> 2[48000] [send] via NET/IB/2/GDRDMA
x08l11245:31040:31124 [1] NCCL INFO Channel 00/0 : 9[19000] -> 1[19000] [receive] via NET/IB/1/GDRDMA
x08l11245:31040:31124 [1] NCCL INFO Channel 00/0 : 1[19000] -> 9[19000] [send] via NET/IB/1(0)/GDRDMA
x08l11245:31042:31138 [3] NCCL INFO NCCL_IB_TC set by environment to 16.
x08l11245:31042:31138 [3] NCCL INFO NCCL_IB_SL set by environment to 5.
x08l11244:35371:35466 [3] NCCL INFO NCCL_IB_TC set by environment to 16.
x08l11244:35371:35466 [3] NCCL INFO NCCL_IB_SL set by environment to 5.
x08l11245:31042:31138 [3] NCCL INFO NCCL_IB_TIMEOUT set by environment to 22.
x08l11244:35371:35466 [3] NCCL INFO NCCL_IB_TIMEOUT set by environment to 22.
x08l11245:31043:31135 [4] NCCL INFO Channel 00 : 4[89000] -> 0[13000] via P2P/IPC/read
x08l11244:35372:35455 [4] NCCL INFO Channel 00 : 12[89000] -> 8[13000] via P2P/IPC/read
x08l11245:31040:31139 [1] NCCL INFO NCCL_IB_TC set by environment to 16.
x08l11245:31040:31139 [1] NCCL INFO NCCL_IB_SL set by environment to 5.
x08l11244:35369:35469 [1] NCCL INFO NCCL_IB_TC set by environment to 16.
x08l11244:35369:35469 [1] NCCL INFO NCCL_IB_SL set by environment to 5.
x08l11245:31040:31139 [1] NCCL INFO NCCL_IB_TIMEOUT set by environment to 22.
x08l11244:35369:35469 [1] NCCL INFO NCCL_IB_TIMEOUT set by environment to 22.
x08l11244:35376:35468 [7] NCCL INFO NCCL_IB_TC set by environment to 16.
x08l11244:35376:35468 [7] NCCL INFO NCCL_IB_SL set by environment to 5.
x08l11244:35376:35468 [7] NCCL INFO NCCL_IB_TIMEOUT set by environment to 22.
x08l11245:31049:31136 [7] NCCL INFO NCCL_IB_TC set by environment to 16.
x08l11245:31049:31136 [7] NCCL INFO NCCL_IB_SL set by environment to 5.
x08l11245:31049:31136 [7] NCCL INFO NCCL_IB_TIMEOUT set by environment to 22.
x08l11245:31049:31131 [7] NCCL INFO Channel 00 : 7[b3000] -> 0[13000] via P2P/IPC/read
x08l11245:31046:31134 [6] NCCL INFO Channel 00 : 6[ad000] -> 0[13000] via P2P/IPC/read
x08l11244:35376:35463 [7] NCCL INFO Channel 00 : 15[b3000] -> 8[13000] via P2P/IPC/read
x08l11245:31049:31131 [7] NCCL INFO Channel 00 : 7[b3000] -> 1[19000] via P2P/IPC/read
x08l11244:35374:35462 [6] NCCL INFO Channel 00 : 14[ad000] -> 8[13000] via P2P/IPC/read
x08l11244:35376:35463 [7] NCCL INFO Channel 00 : 15[b3000] -> 9[19000] via P2P/IPC/read
x08l11245:31049:31131 [7] NCCL INFO Channel 00 : 7[b3000] -> 2[48000] via P2P/IPC/read
x08l11245:31046:31134 [6] NCCL INFO Channel 00 : 6[ad000] -> 1[19000] via P2P/IPC/read
x08l11244:35376:35463 [7] NCCL INFO Channel 00 : 15[b3000] -> 10[48000] via P2P/IPC/read
x08l11244:35374:35462 [6] NCCL INFO Channel 00 : 14[ad000] -> 9[19000] via P2P/IPC/read
x08l11245:31049:31131 [7] NCCL INFO Channel 00 : 7[b3000] -> 3[4d000] via P2P/IPC/read
x08l11245:31044:31133 [5] NCCL INFO Channel 00 : 5[8e000] -> 1[19000] via P2P/IPC/read
x08l11245:31046:31134 [6] NCCL INFO Channel 00 : 6[ad000] -> 2[48000] via P2P/IPC/read
x08l11244:35376:35463 [7] NCCL INFO Channel 00 : 15[b3000] -> 11[4d000] via P2P/IPC/read
x08l11244:35373:35450 [5] NCCL INFO Channel 00 : 13[8e000] -> 9[19000] via P2P/IPC/read
x08l11244:35374:35462 [6] NCCL INFO Channel 00 : 14[ad000] -> 10[48000] via P2P/IPC/read
x08l11245:31049:31131 [7] NCCL INFO Channel 00 : 7[b3000] -> 4[89000] via P2P/IPC/read
x08l11245:31046:31134 [6] NCCL INFO Channel 00 : 6[ad000] -> 3[4d000] via P2P/IPC/read
x08l11244:35376:35463 [7] NCCL INFO Channel 00 : 15[b3000] -> 12[89000] via P2P/IPC/read
x08l11245:31042:31125 [3] NCCL INFO Channel 00 : 3[4d000] -> 0[13000] via P2P/IPC/read
x08l11245:31044:31133 [5] NCCL INFO Channel 00 : 5[8e000] -> 2[48000] via P2P/IPC/read
x08l11244:35373:35450 [5] NCCL INFO Channel 00 : 13[8e000] -> 10[48000] via P2P/IPC/read
x08l11244:35374:35462 [6] NCCL INFO Channel 00 : 14[ad000] -> 11[4d000] via P2P/IPC/read
x08l11244:35371:35451 [3] NCCL INFO Channel 00 : 11[4d000] -> 8[13000] via P2P/IPC/read
x08l11245:31046:31134 [6] NCCL INFO Channel 00 : 6[ad000] -> 4[89000] via P2P/IPC/read
x08l11245:31043:31135 [4] NCCL INFO Channel 00 : 4[89000] -> 1[19000] via P2P/IPC/read
x08l11244:35374:35462 [6] NCCL INFO Channel 00 : 14[ad000] -> 12[89000] via P2P/IPC/read
x08l11244:35372:35455 [4] NCCL INFO Channel 00 : 12[89000] -> 9[19000] via P2P/IPC/read
x08l11245:31041:31132 [2] NCCL INFO Channel 00 : 2[48000] -> 0[13000] via P2P/IPC/read
x08l11245:31044:31133 [5] NCCL INFO Channel 00 : 5[8e000] -> 3[4d000] via P2P/IPC/read
x08l11245:31049:31131 [7] NCCL INFO Channel 00 : 7[b3000] -> 5[8e000] via P2P/IPC/read
x08l11244:35371:35451 [3] NCCL INFO Channel 00 : 11[4d000] -> 9[19000] via P2P/IPC/read
x08l11245:31042:31125 [3] NCCL INFO Channel 00 : 3[4d000] -> 1[19000] via P2P/IPC/read
x08l11244:35370:35457 [2] NCCL INFO Channel 00 : 10[48000] -> 8[13000] via P2P/IPC/read
x08l11244:35376:35463 [7] NCCL INFO Channel 00 : 15[b3000] -> 13[8e000] via P2P/IPC/read
x08l11244:35373:35450 [5] NCCL INFO Channel 00 : 13[8e000] -> 11[4d000] via P2P/IPC/read
x08l11245:31039:31093 [0] NCCL INFO Connected 1 MSCCL algorithms
x08l11245:31039:31093 [0] NCCL INFO threadThresholds 8/8/64 | 128/8/64 | 8/8/64 | 8/8/512
x08l11245:31039:31093 [0] NCCL INFO 8 coll channels, 8 p2p channels, 2 p2p channels per peer
x08l11245:31049:31131 [7] NCCL INFO Connected 1 MSCCL algorithms
x08l11245:31049:31131 [7] NCCL INFO threadThresholds 8/8/64 | 128/8/64 | 8/8/64 | 8/8/512
x08l11245:31043:31135 [4] NCCL INFO Channel 00 : 4[89000] -> 2[48000] via P2P/IPC/read
x08l11245:31049:31131 [7] NCCL INFO 8 coll channels, 8 p2p channels, 2 p2p channels per peer
x08l11245:31040:31124 [1] NCCL INFO Connected 1 MSCCL algorithms
x08l11245:31040:31124 [1] NCCL INFO threadThresholds 8/8/64 | 128/8/64 | 8/8/64 | 8/8/512
x08l11245:31040:31124 [1] NCCL INFO 8 coll channels, 8 p2p channels, 2 p2p channels per peer
x08l11244:35372:35455 [4] NCCL INFO Channel 00 : 12[89000] -> 10[48000] via P2P/IPC/read
x08l11244:35369:35460 [1] NCCL INFO Connected 1 MSCCL algorithms
x08l11244:35369:35460 [1] NCCL INFO threadThresholds 8/8/64 | 128/8/64 | 8/8/64 | 8/8/512
x08l11244:35369:35460 [1] NCCL INFO 8 coll channels, 8 p2p channels, 2 p2p channels per peer
x08l11244:35376:35463 [7] NCCL INFO Connected 1 MSCCL algorithms
x08l11244:35376:35463 [7] NCCL INFO threadThresholds 8/8/64 | 128/8/64 | 8/8/64 | 8/8/512
x08l11244:35376:35463 [7] NCCL INFO 8 coll channels, 8 p2p channels, 2 p2p channels per peer
x08l11244:35373:35450 [5] NCCL INFO Connected 1 MSCCL algorithms
x08l11244:35373:35450 [5] NCCL INFO threadThresholds 8/8/64 | 128/8/64 | 8/8/64 | 8/8/512
x08l11244:35373:35450 [5] NCCL INFO 8 coll channels, 8 p2p channels, 2 p2p channels per peer
x08l11244:35368:35461 [0] NCCL INFO Connected 1 MSCCL algorithms
x08l11244:35368:35461 [0] NCCL INFO threadThresholds 8/8/64 | 128/8/64 | 8/8/64 | 8/8/512
x08l11244:35368:35461 [0] NCCL INFO 8 coll channels, 8 p2p channels, 2 p2p channels per peer
x08l11244:35374:35462 [6] NCCL INFO Connected 1 MSCCL algorithms
x08l11244:35374:35462 [6] NCCL INFO threadThresholds 8/8/64 | 128/8/64 | 8/8/64 | 8/8/512
x08l11244:35374:35462 [6] NCCL INFO 8 coll channels, 8 p2p channels, 2 p2p channels per peer
x08l11244:35371:35451 [3] NCCL INFO Connected 1 MSCCL algorithms
x08l11244:35371:35451 [3] NCCL INFO threadThresholds 8/8/64 | 128/8/64 | 8/8/64 | 8/8/512
x08l11244:35371:35451 [3] NCCL INFO 8 coll channels, 8 p2p channels, 2 p2p channels per peer
x08l11245:31042:31125 [3] NCCL INFO Connected 1 MSCCL algorithms
x08l11245:31042:31125 [3] NCCL INFO threadThresholds 8/8/64 | 128/8/64 | 8/8/64 | 8/8/512
x08l11245:31042:31125 [3] NCCL INFO 8 coll channels, 8 p2p channels, 2 p2p channels per peer
x08l11244:35370:35457 [2] NCCL INFO Connected 1 MSCCL algorithms
x08l11244:35372:35455 [4] NCCL INFO Connected 1 MSCCL algorithms
x08l11244:35370:35457 [2] NCCL INFO threadThresholds 8/8/64 | 128/8/64 | 8/8/64 | 8/8/512
x08l11244:35370:35457 [2] NCCL INFO 8 coll channels, 8 p2p channels, 2 p2p channels per peer
x08l11244:35372:35455 [4] NCCL INFO threadThresholds 8/8/64 | 128/8/64 | 8/8/64 | 8/8/512
x08l11244:35372:35455 [4] NCCL INFO 8 coll channels, 8 p2p channels, 2 p2p channels per peer
x08l11245:31046:31134 [6] NCCL INFO Connected 1 MSCCL algorithms
x08l11245:31046:31134 [6] NCCL INFO threadThresholds 8/8/64 | 128/8/64 | 8/8/64 | 8/8/512
x08l11245:31046:31134 [6] NCCL INFO 8 coll channels, 8 p2p channels, 2 p2p channels per peer
x08l11245:31043:31135 [4] NCCL INFO Connected 1 MSCCL algorithms
x08l11245:31043:31135 [4] NCCL INFO threadThresholds 8/8/64 | 128/8/64 | 8/8/64 | 8/8/512
x08l11245:31044:31133 [5] NCCL INFO Connected 1 MSCCL algorithms
x08l11245:31044:31133 [5] NCCL INFO threadThresholds 8/8/64 | 128/8/64 | 8/8/64 | 8/8/512
x08l11245:31043:31135 [4] NCCL INFO 8 coll channels, 8 p2p channels, 2 p2p channels per peer
x08l11245:31044:31133 [5] NCCL INFO 8 coll channels, 8 p2p channels, 2 p2p channels per peer
x08l11245:31041:31132 [2] NCCL INFO Connected 1 MSCCL algorithms
x08l11245:31041:31132 [2] NCCL INFO threadThresholds 8/8/64 | 128/8/64 | 8/8/64 | 8/8/512
x08l11245:31041:31132 [2] NCCL INFO 8 coll channels, 8 p2p channels, 2 p2p channels per peer
x08l11244:35376:35463 [7] NCCL INFO comm 0x7ff50245a010 rank 15 nranks 16 cudaDev 7 busId b3000 - Init COMPLETE
x08l11244:35369:35460 [1] NCCL INFO comm 0x7fb3d845a010 rank 9 nranks 16 cudaDev 1 busId 19000 - Init COMPLETE
x08l11244:35370:35457 [2] NCCL INFO comm 0x7f277645a010 rank 10 nranks 16 cudaDev 2 busId 48000 - Init COMPLETE
x08l11244:35371:35451 [3] NCCL INFO comm 0x7f7dc045a010 rank 11 nranks 16 cudaDev 3 busId 4d000 - Init COMPLETE
x08l11244:35372:35455 [4] NCCL INFO comm 0x7fcac445a010 rank 12 nranks 16 cudaDev 4 busId 89000 - Init COMPLETE
x08l11244:35373:35450 [5] NCCL INFO comm 0x7fdc2e45a010 rank 13 nranks 16 cudaDev 5 busId 8e000 - Init COMPLETE
x08l11244:35374:35462 [6] NCCL INFO comm 0x7f91e045a010 rank 14 nranks 16 cudaDev 6 busId ad000 - Init COMPLETE
x08l11245:31046:31134 [6] NCCL INFO comm 0x7f696445a010 rank 6 nranks 16 cudaDev 6 busId ad000 - Init COMPLETE
x08l11244:35368:35461 [0] NCCL INFO comm 0x7f992245a010 rank 8 nranks 16 cudaDev 0 busId 13000 - Init COMPLETE
x08l11245:31041:31132 [2] NCCL INFO comm 0x7f6facc57010 rank 2 nranks 16 cudaDev 2 busId 48000 - Init COMPLETE
x08l11245:31040:31124 [1] NCCL INFO comm 0x7f256045a010 rank 1 nranks 16 cudaDev 1 busId 19000 - Init COMPLETE
x08l11245:31042:31125 [3] NCCL INFO comm 0x7f8a8645a010 rank 3 nranks 16 cudaDev 3 busId 4d000 - Init COMPLETE
x08l11245:31043:31135 [4] NCCL INFO comm 0x7f5d2cc57010 rank 4 nranks 16 cudaDev 4 busId 89000 - Init COMPLETE
x08l11245:31039:31093 [0] NCCL INFO comm 0x7f129e45a010 rank 0 nranks 16 cudaDev 0 busId 13000 - Init COMPLETE
#
#                                                              out-of-place                       in-place          
#       size         count      type   redop    root     time   algbw   busbw #wrong     time   algbw   busbw #wrong
#        (B)    (elements)                               (us)  (GB/s)  (GB/s)            (us)  (GB/s)  (GB/s)       
x08l11245:31044:31133 [5] NCCL INFO comm 0x7fc78645a010 rank 5 nranks 16 cudaDev 5 busId 8e000 - Init COMPLETE
x08l11245:31049:31131 [7] NCCL INFO comm 0x7febe845a010 rank 7 nranks 16 cudaDev 7 busId b3000 - Init COMPLETE
x08l11245:31039:31039 [0] NCCL INFO Launch mode Parallel
        1024            16     float    none      -1    145.7    0.01    0.01      0    85.66    0.01    0.01      0
        2048            32     float    none      -1    147.4    0.01    0.01      0    69.36    0.03    0.03      0
        4096            64     float    none      -1    147.7    0.03    0.03      0    69.92    0.06    0.05      0
        8192           128     float    none      -1    149.2    0.05    0.05      0    72.48    0.11    0.11      0
       16384           256     float    none      -1    151.6    0.11    0.10      0    67.21    0.24    0.23      0
       32768           512     float    none      -1    156.0    0.21    0.20      0    70.12    0.47    0.44      0
       65536          1024     float    none      -1    158.0    0.41    0.39      0    68.41    0.96    0.90      0
      131072          2048     float    none      -1    168.4    0.78    0.73      0    69.37    1.89    1.77      0
      262144          4096     float    none      -1    182.4    1.44    1.35      0    73.90    3.55    3.33      0
      524288          8192     float    none      -1    194.0    2.70    2.53      0    73.46    7.14    6.69      0
     1048576         16384     float    none      -1    192.9    5.44    5.10      0    90.68   11.56   10.84      0
     2097152         32768     float    none      -1    208.2   10.07    9.44      0    100.8   20.81   19.51      0
     4194304         65536     float    none      -1    235.2   17.83   16.72      0    138.2   30.34   28.45      0
     8388608        131072     float    none      -1    266.7   31.45   29.48      0    212.2   39.54   37.07      0
    16777216        262144     float    none      -1    335.1   50.07   46.94      0    354.8   47.28   44.33      0
    33554432        524288     float    none      -1    471.2   71.22   66.77      0    627.5   53.48   50.13      0
    67108864       1048576     float    none      -1    866.6   77.44   72.60      0    996.9   67.32   63.11      0
   134217728       2097152     float    none      -1   1655.2   81.09   76.02      0   1739.3   77.17   72.34      0
   268435456       4194304     float    none      -1   3242.0   82.80   77.62      0   3214.7   83.50   78.28      0
   536870912       8388608     float    none      -1   6605.4   81.28   76.20      0   6157.3   87.19   81.74      0
  1073741824      16777216     float    none      -1    13647   78.68   73.76      0    12144   88.42   82.89      0
  2147483648      33554432     float    none      -1    27280   78.72   73.80      0    24034   89.35   83.77      0
  4294967296      67108864     float    none      -1    54452   78.88   73.95      0    54868   78.28   73.39      0
x08l11245:31049:31049 [7] NCCL INFO comm 0x7febe845a010 rank 7 nranks 16 cudaDev 7 busId b3000 - Destroy COMPLETE
x08l11244:35369:35369 [1] NCCL INFO comm 0x7fb3d845a010 rank 9 nranks 16 cudaDev 1 busId 19000 - Destroy COMPLETE
x08l11245:31044:31044 [5] NCCL INFO comm 0x7fc78645a010 rank 5 nranks 16 cudaDev 5 busId 8e000 - Destroy COMPLETE
x08l11244:35376:35376 [7] NCCL INFO comm 0x7ff50245a010 rank 15 nranks 16 cudaDev 7 busId b3000 - Destroy COMPLETE
x08l11244:35373:35373 [5] NCCL INFO comm 0x7fdc2e45a010 rank 13 nranks 16 cudaDev 5 busId 8e000 - Destroy COMPLETE
x08l11244:35371:35371 [3] NCCL INFO comm 0x7f7dc045a010 rank 11 nranks 16 cudaDev 3 busId 4d000 - Destroy COMPLETE
x08l11245:31040:31040 [1] NCCL INFO comm 0x7f256045a010 rank 1 nranks 16 cudaDev 1 busId 19000 - Destroy COMPLETE
x08l11244:35370:35370 [2] NCCL INFO comm 0x7f277645a010 rank 10 nranks 16 cudaDev 2 busId 48000 - Destroy COMPLETE
x08l11245:31046:31046 [6] NCCL INFO comm 0x7f696445a010 rank 6 nranks 16 cudaDev 6 busId ad000 - Destroy COMPLETE
x08l11244:35368:35368 [0] NCCL INFO comm 0x7f992245a010 rank 8 nranks 16 cudaDev 0 busId 13000 - Destroy COMPLETE
x08l11245:31042:31042 [3] NCCL INFO comm 0x7f8a8645a010 rank 3 nranks 16 cudaDev 3 busId 4d000 - Destroy COMPLETE
x08l11245:31041:31041 [2] NCCL INFO comm 0x7f6facc57010 rank 2 nranks 16 cudaDev 2 busId 48000 - Destroy COMPLETE
x08l11244:35374:35374 [6] NCCL INFO comm 0x7f91e045a010 rank 14 nranks 16 cudaDev 6 busId ad000 - Destroy COMPLETE
x08l11245:31039:31039 [0] NCCL INFO comm 0x7f129e45a010 rank 0 nranks 16 cudaDev 0 busId 13000 - Destroy COMPLETE
x08l11244:35372:35372 [4] NCCL INFO comm 0x7fcac445a010 rank 12 nranks 16 cudaDev 4 busId 89000 - Destroy COMPLETE
# Out of bounds values : 0 OK
# Avg bus bandwidth    : 31.3738 
#
x08l11245:31043:31043 [4] NCCL INFO comm 0x7f5d2cc57010 rank 4 nranks 16 cudaDev 4 busId 89000 - Destroy COMPLETE

