x08l11245:30787:30868 [6] NCCL INFO Channel 00/0 : 6[ad000] -> 14[ad000] [send] via NET/IB/4/GDRDMA
x08l11245:30787:30868 [6] NCCL INFO Channel 01/0 : 6[ad000] -> 14[ad000] [send] via NET/IB/4/GDRDMA
x08l11245:30787:30868 [6] NCCL INFO Channel 02/0 : 6[ad000] -> 14[ad000] [send] via NET/IB/4/GDRDMA
x08l11245:30787:30868 [6] NCCL INFO Channel 04/0 : 6[ad000] -> 14[ad000] [send] via NET/IB/4/GDRDMA
x08l11245:30787:30868 [6] NCCL INFO Channel 05/0 : 6[ad000] -> 14[ad000] [send] via NET/IB/4/GDRDMA
x08l11245:30787:30868 [6] NCCL INFO Channel 06/0 : 6[ad000] -> 14[ad000] [send] via NET/IB/4/GDRDMA
x08l11245:30783:30872 [2] NCCL INFO Channel 00/0 : 10[48000] -> 2[48000] [receive] via NET/IB/2/GDRDMA
x08l11245:30783:30872 [2] NCCL INFO Channel 02/0 : 10[48000] -> 2[48000] [receive] via NET/IB/2/GDRDMA
x08l11245:30783:30872 [2] NCCL INFO Channel 03/0 : 10[48000] -> 2[48000] [receive] via NET/IB/2/GDRDMA
x08l11245:30783:30872 [2] NCCL INFO Channel 04/0 : 10[48000] -> 2[48000] [receive] via NET/IB/2/GDRDMA
x08l11245:30783:30872 [2] NCCL INFO Channel 06/0 : 10[48000] -> 2[48000] [receive] via NET/IB/2/GDRDMA
x08l11245:30783:30872 [2] NCCL INFO Channel 07/0 : 10[48000] -> 2[48000] [receive] via NET/IB/2/GDRDMA
x08l11245:30783:30872 [2] NCCL INFO Channel 00/0 : 2[48000] -> 10[48000] [send] via NET/IB/2/GDRDMA
x08l11245:30783:30872 [2] NCCL INFO Channel 02/0 : 2[48000] -> 10[48000] [send] via NET/IB/2/GDRDMA
x08l11245:30783:30872 [2] NCCL INFO Channel 03/0 : 2[48000] -> 10[48000] [send] via NET/IB/2/GDRDMA
x08l11245:30783:30872 [2] NCCL INFO Channel 04/0 : 2[48000] -> 10[48000] [send] via NET/IB/2/GDRDMA
x08l11245:30783:30872 [2] NCCL INFO Channel 06/0 : 2[48000] -> 10[48000] [send] via NET/IB/2/GDRDMA
x08l11245:30791:30864 [7] NCCL INFO Channel 00/0 : 15[b3000] -> 7[b3000] [receive] via NET/IB/4/GDRDMA
x08l11245:30791:30864 [7] NCCL INFO Channel 01/0 : 15[b3000] -> 7[b3000] [receive] via NET/IB/4/GDRDMA
x08l11245:30791:30864 [7] NCCL INFO Channel 02/0 : 15[b3000] -> 7[b3000] [receive] via NET/IB/4/GDRDMA
x08l11245:30791:30864 [7] NCCL INFO Channel 03/0 : 15[b3000] -> 7[b3000] [receive] via NET/IB/4/GDRDMA
x08l11245:30791:30864 [7] NCCL INFO Channel 04/0 : 15[b3000] -> 7[b3000] [receive] via NET/IB/4/GDRDMA
x08l11245:30791:30864 [7] NCCL INFO Channel 05/0 : 15[b3000] -> 7[b3000] [receive] via NET/IB/4/GDRDMA
x08l11245:30791:30864 [7] NCCL INFO Channel 06/0 : 15[b3000] -> 7[b3000] [receive] via NET/IB/4/GDRDMA
x08l11245:30791:30864 [7] NCCL INFO Channel 07/0 : 15[b3000] -> 7[b3000] [receive] via NET/IB/4/GDRDMA
x08l11245:30782:30870 [1] NCCL INFO Channel 00/0 : 9[19000] -> 1[19000] [receive] via NET/IB/1/GDRDMA
x08l11245:30782:30870 [1] NCCL INFO Channel 01/0 : 9[19000] -> 1[19000] [receive] via NET/IB/1/GDRDMA
x08l11245:30782:30870 [1] NCCL INFO Channel 02/0 : 9[19000] -> 1[19000] [receive] via NET/IB/1/GDRDMA
x08l11245:30782:30870 [1] NCCL INFO Channel 03/0 : 9[19000] -> 1[19000] [receive] via NET/IB/1/GDRDMA
x08l11245:30782:30870 [1] NCCL INFO Channel 04/0 : 9[19000] -> 1[19000] [receive] via NET/IB/1/GDRDMA
x08l11245:30782:30870 [1] NCCL INFO Channel 05/0 : 9[19000] -> 1[19000] [receive] via NET/IB/1/GDRDMA
x08l11245:30783:30872 [2] NCCL INFO Channel 07/0 : 2[48000] -> 10[48000] [send] via NET/IB/2/GDRDMA
x08l11245:30782:30870 [1] NCCL INFO Channel 06/0 : 9[19000] -> 1[19000] [receive] via NET/IB/1/GDRDMA
x08l11245:30782:30870 [1] NCCL INFO Channel 07/0 : 9[19000] -> 1[19000] [receive] via NET/IB/1/GDRDMA
x08l11245:30782:30870 [1] NCCL INFO Channel 00/0 : 1[19000] -> 9[19000] [send] via NET/IB/1(0)/GDRDMA
x08l11245:30791:30864 [7] NCCL INFO Channel 00/0 : 7[b3000] -> 15[b3000] [send] via NET/IB/4(6)/GDRDMA
x08l11245:30782:30870 [1] NCCL INFO Channel 01/0 : 1[19000] -> 9[19000] [send] via NET/IB/1(0)/GDRDMA
x08l11245:30791:30864 [7] NCCL INFO Channel 01/0 : 7[b3000] -> 15[b3000] [send] via NET/IB/4(6)/GDRDMA
x08l11245:30782:30870 [1] NCCL INFO Channel 02/0 : 1[19000] -> 9[19000] [send] via NET/IB/1(0)/GDRDMA
x08l11245:30791:30864 [7] NCCL INFO Channel 02/0 : 7[b3000] -> 15[b3000] [send] via NET/IB/4(6)/GDRDMA
x08l11245:30785:30877 [4] NCCL INFO Channel 00 : 4[89000] -> 0[13000] via P2P/IPC/read
x08l11245:30785:30877 [4] NCCL INFO Channel 01 : 4[89000] -> 0[13000] via P2P/IPC/read
x08l11245:30785:30877 [4] NCCL INFO Channel 02 : 4[89000] -> 0[13000] via P2P/IPC/read
x08l11245:30785:30877 [4] NCCL INFO Channel 03 : 4[89000] -> 0[13000] via P2P/IPC/read
x08l11245:30785:30877 [4] NCCL INFO Channel 04 : 4[89000] -> 0[13000] via P2P/IPC/read
x08l11245:30785:30877 [4] NCCL INFO Channel 05 : 4[89000] -> 0[13000] via P2P/IPC/read
x08l11245:30785:30877 [4] NCCL INFO Channel 06 : 4[89000] -> 0[13000] via P2P/IPC/read
x08l11245:30785:30877 [4] NCCL INFO Channel 07 : 4[89000] -> 0[13000] via P2P/IPC/read
x08l11244:35120:35203 [4] NCCL INFO Channel 00 : 12[89000] -> 8[13000] via P2P/IPC/read
x08l11244:35120:35203 [4] NCCL INFO Channel 01 : 12[89000] -> 8[13000] via P2P/IPC/read
x08l11244:35120:35203 [4] NCCL INFO Channel 02 : 12[89000] -> 8[13000] via P2P/IPC/read
x08l11244:35120:35203 [4] NCCL INFO Channel 03 : 12[89000] -> 8[13000] via P2P/IPC/read
x08l11244:35120:35203 [4] NCCL INFO Channel 04 : 12[89000] -> 8[13000] via P2P/IPC/read
x08l11244:35120:35203 [4] NCCL INFO Channel 05 : 12[89000] -> 8[13000] via P2P/IPC/read
x08l11244:35120:35203 [4] NCCL INFO Channel 06 : 12[89000] -> 8[13000] via P2P/IPC/read
x08l11244:35120:35203 [4] NCCL INFO Channel 07 : 12[89000] -> 8[13000] via P2P/IPC/read
x08l11244:35121:35194 [5] NCCL INFO Channel 03/0 : 13[8e000] -> 5[8e000] [send] via NET/IB/3(12)/GDRDMA
x08l11244:35121:35194 [5] NCCL INFO Channel 04/0 : 13[8e000] -> 5[8e000] [send] via NET/IB/3(12)/GDRDMA
x08l11244:35121:35194 [5] NCCL INFO Channel 05/0 : 13[8e000] -> 5[8e000] [send] via NET/IB/3(12)/GDRDMA
x08l11244:35121:35194 [5] NCCL INFO Channel 06/0 : 13[8e000] -> 5[8e000] [send] via NET/IB/3(12)/GDRDMA
x08l11244:35121:35194 [5] NCCL INFO Channel 07/0 : 13[8e000] -> 5[8e000] [send] via NET/IB/3(12)/GDRDMA
x08l11245:30786:30869 [5] NCCL INFO Channel 03/0 : 5[8e000] -> 13[8e000] [send] via NET/IB/3(4)/GDRDMA
x08l11245:30786:30869 [5] NCCL INFO Channel 04/0 : 5[8e000] -> 13[8e000] [send] via NET/IB/3(4)/GDRDMA
x08l11245:30786:30869 [5] NCCL INFO Channel 05/0 : 5[8e000] -> 13[8e000] [send] via NET/IB/3(4)/GDRDMA
x08l11245:30786:30869 [5] NCCL INFO Channel 06/0 : 5[8e000] -> 13[8e000] [send] via NET/IB/3(4)/GDRDMA
x08l11245:30786:30869 [5] NCCL INFO Channel 07/0 : 5[8e000] -> 13[8e000] [send] via NET/IB/3(4)/GDRDMA
x08l11244:35119:35212 [3] NCCL INFO NCCL_IB_TC set by environment to 16.
x08l11244:35119:35212 [3] NCCL INFO NCCL_IB_SL set by environment to 5.
x08l11244:35119:35212 [3] NCCL INFO NCCL_IB_TIMEOUT set by environment to 22.
x08l11245:30787:30868 [6] NCCL INFO Channel 00 : 6[ad000] -> 0[13000] via P2P/IPC/read
x08l11245:30787:30868 [6] NCCL INFO Channel 01 : 6[ad000] -> 0[13000] via P2P/IPC/read
x08l11245:30787:30868 [6] NCCL INFO Channel 02 : 6[ad000] -> 0[13000] via P2P/IPC/read
x08l11245:30787:30868 [6] NCCL INFO Channel 03 : 6[ad000] -> 0[13000] via P2P/IPC/read
x08l11245:30787:30868 [6] NCCL INFO Channel 04 : 6[ad000] -> 0[13000] via P2P/IPC/read
x08l11245:30787:30868 [6] NCCL INFO Channel 05 : 6[ad000] -> 0[13000] via P2P/IPC/read
x08l11245:30787:30868 [6] NCCL INFO Channel 06 : 6[ad000] -> 0[13000] via P2P/IPC/read
x08l11245:30787:30868 [6] NCCL INFO Channel 07 : 6[ad000] -> 0[13000] via P2P/IPC/read
x08l11244:35122:35205 [6] NCCL INFO Channel 00 : 14[ad000] -> 8[13000] via P2P/IPC/read
x08l11245:30782:30870 [1] NCCL INFO Channel 03/0 : 1[19000] -> 9[19000] [send] via NET/IB/1(0)/GDRDMA
x08l11245:30782:30870 [1] NCCL INFO Channel 04/0 : 1[19000] -> 9[19000] [send] via NET/IB/1(0)/GDRDMA
x08l11245:30782:30870 [1] NCCL INFO Channel 05/0 : 1[19000] -> 9[19000] [send] via NET/IB/1(0)/GDRDMA
x08l11245:30782:30870 [1] NCCL INFO Channel 06/0 : 1[19000] -> 9[19000] [send] via NET/IB/1(0)/GDRDMA
x08l11245:30782:30870 [1] NCCL INFO Channel 07/0 : 1[19000] -> 9[19000] [send] via NET/IB/1(0)/GDRDMA
x08l11244:35122:35205 [6] NCCL INFO Channel 01 : 14[ad000] -> 8[13000] via P2P/IPC/read
x08l11244:35122:35205 [6] NCCL INFO Channel 02 : 14[ad000] -> 8[13000] via P2P/IPC/read
x08l11245:30791:30864 [7] NCCL INFO Channel 03/0 : 7[b3000] -> 15[b3000] [send] via NET/IB/4(6)/GDRDMA
x08l11245:30791:30864 [7] NCCL INFO Channel 04/0 : 7[b3000] -> 15[b3000] [send] via NET/IB/4(6)/GDRDMA
x08l11245:30791:30864 [7] NCCL INFO Channel 05/0 : 7[b3000] -> 15[b3000] [send] via NET/IB/4(6)/GDRDMA
x08l11245:30791:30864 [7] NCCL INFO Channel 06/0 : 7[b3000] -> 15[b3000] [send] via NET/IB/4(6)/GDRDMA
x08l11244:35122:35205 [6] NCCL INFO Channel 03 : 14[ad000] -> 8[13000] via P2P/IPC/read
x08l11245:30791:30864 [7] NCCL INFO Channel 07/0 : 7[b3000] -> 15[b3000] [send] via NET/IB/4(6)/GDRDMA
x08l11244:35122:35205 [6] NCCL INFO Channel 04 : 14[ad000] -> 8[13000] via P2P/IPC/read
x08l11245:30784:30878 [3] NCCL INFO NCCL_IB_TC set by environment to 16.
x08l11245:30784:30878 [3] NCCL INFO NCCL_IB_SL set by environment to 5.
x08l11245:30784:30878 [3] NCCL INFO NCCL_IB_TIMEOUT set by environment to 22.
x08l11244:35122:35205 [6] NCCL INFO Channel 05 : 14[ad000] -> 8[13000] via P2P/IPC/read
x08l11244:35122:35205 [6] NCCL INFO Channel 06 : 14[ad000] -> 8[13000] via P2P/IPC/read
x08l11244:35122:35205 [6] NCCL INFO Channel 07 : 14[ad000] -> 8[13000] via P2P/IPC/read
x08l11245:30786:30882 [5] NCCL INFO NCCL_IB_TC set by environment to 16.
x08l11245:30786:30882 [5] NCCL INFO NCCL_IB_SL set by environment to 5.
x08l11245:30786:30882 [5] NCCL INFO NCCL_IB_TIMEOUT set by environment to 22.
x08l11244:35121:35214 [5] NCCL INFO NCCL_IB_TC set by environment to 16.
x08l11244:35121:35214 [5] NCCL INFO NCCL_IB_SL set by environment to 5.
x08l11244:35121:35214 [5] NCCL INFO NCCL_IB_TIMEOUT set by environment to 22.
x08l11244:35125:35219 [7] NCCL INFO NCCL_IB_TC set by environment to 16.
x08l11244:35125:35219 [7] NCCL INFO NCCL_IB_SL set by environment to 5.
x08l11244:35125:35219 [7] NCCL INFO NCCL_IB_TIMEOUT set by environment to 22.
x08l11244:35117:35216 [1] NCCL INFO NCCL_IB_TC set by environment to 16.
x08l11244:35117:35216 [1] NCCL INFO NCCL_IB_SL set by environment to 5.
x08l11244:35117:35216 [1] NCCL INFO NCCL_IB_TIMEOUT set by environment to 22.
x08l11245:30791:30879 [7] NCCL INFO NCCL_IB_TC set by environment to 16.
x08l11245:30791:30879 [7] NCCL INFO NCCL_IB_SL set by environment to 5.
x08l11245:30791:30879 [7] NCCL INFO NCCL_IB_TIMEOUT set by environment to 22.
x08l11245:30782:30880 [1] NCCL INFO NCCL_IB_TC set by environment to 16.
x08l11245:30782:30880 [1] NCCL INFO NCCL_IB_SL set by environment to 5.
x08l11245:30782:30880 [1] NCCL INFO NCCL_IB_TIMEOUT set by environment to 22.
x08l11245:30786:30869 [5] NCCL INFO Channel 00 : 5[8e000] -> 0[13000] via P2P/IPC/read
x08l11245:30786:30869 [5] NCCL INFO Channel 01 : 5[8e000] -> 0[13000] via P2P/IPC/read
x08l11245:30786:30869 [5] NCCL INFO Channel 02 : 5[8e000] -> 0[13000] via P2P/IPC/read
x08l11245:30786:30869 [5] NCCL INFO Channel 03 : 5[8e000] -> 0[13000] via P2P/IPC/read
x08l11245:30786:30869 [5] NCCL INFO Channel 04 : 5[8e000] -> 0[13000] via P2P/IPC/read
x08l11245:30786:30869 [5] NCCL INFO Channel 05 : 5[8e000] -> 0[13000] via P2P/IPC/read
x08l11245:30786:30869 [5] NCCL INFO Channel 06 : 5[8e000] -> 0[13000] via P2P/IPC/read
x08l11245:30786:30869 [5] NCCL INFO Channel 07 : 5[8e000] -> 0[13000] via P2P/IPC/read
x08l11244:35121:35194 [5] NCCL INFO Channel 00 : 13[8e000] -> 8[13000] via P2P/IPC/read
x08l11244:35125:35185 [7] NCCL INFO Channel 00 : 15[b3000] -> 8[13000] via P2P/IPC/read
x08l11244:35121:35194 [5] NCCL INFO Channel 01 : 13[8e000] -> 8[13000] via P2P/IPC/read
x08l11244:35125:35185 [7] NCCL INFO Channel 04 : 15[b3000] -> 8[13000] via P2P/IPC/read
x08l11244:35121:35194 [5] NCCL INFO Channel 02 : 13[8e000] -> 8[13000] via P2P/IPC/read
x08l11244:35121:35194 [5] NCCL INFO Channel 03 : 13[8e000] -> 8[13000] via P2P/IPC/read
x08l11244:35121:35194 [5] NCCL INFO Channel 04 : 13[8e000] -> 8[13000] via P2P/IPC/read
x08l11244:35125:35185 [7] NCCL INFO Channel 00 : 15[b3000] -> 9[19000] via P2P/IPC/read
x08l11244:35121:35194 [5] NCCL INFO Channel 05 : 13[8e000] -> 8[13000] via P2P/IPC/read
x08l11244:35125:35185 [7] NCCL INFO Channel 01 : 15[b3000] -> 9[19000] via P2P/IPC/read
x08l11244:35121:35194 [5] NCCL INFO Channel 06 : 13[8e000] -> 8[13000] via P2P/IPC/read
x08l11244:35125:35185 [7] NCCL INFO Channel 02 : 15[b3000] -> 9[19000] via P2P/IPC/read
x08l11244:35121:35194 [5] NCCL INFO Channel 07 : 13[8e000] -> 8[13000] via P2P/IPC/read
x08l11244:35125:35185 [7] NCCL INFO Channel 03 : 15[b3000] -> 9[19000] via P2P/IPC/read
x08l11244:35125:35185 [7] NCCL INFO Channel 04 : 15[b3000] -> 9[19000] via P2P/IPC/read
x08l11244:35125:35185 [7] NCCL INFO Channel 05 : 15[b3000] -> 9[19000] via P2P/IPC/read
x08l11244:35125:35185 [7] NCCL INFO Channel 06 : 15[b3000] -> 9[19000] via P2P/IPC/read
x08l11244:35125:35185 [7] NCCL INFO Channel 07 : 15[b3000] -> 9[19000] via P2P/IPC/read
x08l11244:35122:35205 [6] NCCL INFO Channel 00 : 14[ad000] -> 9[19000] via P2P/IPC/read
x08l11244:35122:35205 [6] NCCL INFO Channel 01 : 14[ad000] -> 9[19000] via P2P/IPC/read
x08l11244:35122:35205 [6] NCCL INFO Channel 02 : 14[ad000] -> 9[19000] via P2P/IPC/read
x08l11244:35122:35205 [6] NCCL INFO Channel 03 : 14[ad000] -> 9[19000] via P2P/IPC/read
x08l11244:35122:35205 [6] NCCL INFO Channel 04 : 14[ad000] -> 9[19000] via P2P/IPC/read
x08l11244:35122:35205 [6] NCCL INFO Channel 05 : 14[ad000] -> 9[19000] via P2P/IPC/read
x08l11244:35122:35205 [6] NCCL INFO Channel 06 : 14[ad000] -> 9[19000] via P2P/IPC/read
x08l11244:35122:35205 [6] NCCL INFO Channel 07 : 14[ad000] -> 9[19000] via P2P/IPC/read
x08l11244:35121:35194 [5] NCCL INFO Channel 00 : 13[8e000] -> 9[19000] via P2P/IPC/read
x08l11244:35121:35194 [5] NCCL INFO Channel 01 : 13[8e000] -> 9[19000] via P2P/IPC/read
x08l11244:35121:35194 [5] NCCL INFO Channel 02 : 13[8e000] -> 9[19000] via P2P/IPC/read
x08l11244:35121:35194 [5] NCCL INFO Channel 03 : 13[8e000] -> 9[19000] via P2P/IPC/read
x08l11244:35121:35194 [5] NCCL INFO Channel 04 : 13[8e000] -> 9[19000] via P2P/IPC/read
x08l11244:35121:35194 [5] NCCL INFO Channel 05 : 13[8e000] -> 9[19000] via P2P/IPC/read
x08l11244:35121:35194 [5] NCCL INFO Channel 06 : 13[8e000] -> 9[19000] via P2P/IPC/read
x08l11244:35121:35194 [5] NCCL INFO Channel 07 : 13[8e000] -> 9[19000] via P2P/IPC/read
x08l11245:30791:30864 [7] NCCL INFO Channel 00 : 7[b3000] -> 0[13000] via P2P/IPC/read
x08l11245:30791:30864 [7] NCCL INFO Channel 04 : 7[b3000] -> 0[13000] via P2P/IPC/read
x08l11245:30791:30864 [7] NCCL INFO Channel 00 : 7[b3000] -> 1[19000] via P2P/IPC/read
x08l11245:30791:30864 [7] NCCL INFO Channel 01 : 7[b3000] -> 1[19000] via P2P/IPC/read
x08l11245:30791:30864 [7] NCCL INFO Channel 02 : 7[b3000] -> 1[19000] via P2P/IPC/read
x08l11245:30791:30864 [7] NCCL INFO Channel 03 : 7[b3000] -> 1[19000] via P2P/IPC/read
x08l11245:30791:30864 [7] NCCL INFO Channel 04 : 7[b3000] -> 1[19000] via P2P/IPC/read
x08l11245:30791:30864 [7] NCCL INFO Channel 05 : 7[b3000] -> 1[19000] via P2P/IPC/read
x08l11245:30791:30864 [7] NCCL INFO Channel 06 : 7[b3000] -> 1[19000] via P2P/IPC/read
x08l11245:30791:30864 [7] NCCL INFO Channel 07 : 7[b3000] -> 1[19000] via P2P/IPC/read
x08l11244:35125:35185 [7] NCCL INFO Channel 00 : 15[b3000] -> 10[48000] via P2P/IPC/read
x08l11244:35125:35185 [7] NCCL INFO Channel 01 : 15[b3000] -> 10[48000] via P2P/IPC/read
x08l11244:35125:35185 [7] NCCL INFO Channel 02 : 15[b3000] -> 10[48000] via P2P/IPC/read
x08l11245:30791:30864 [7] NCCL INFO Channel 00 : 7[b3000] -> 2[48000] via P2P/IPC/read
x08l11244:35125:35185 [7] NCCL INFO Channel 03 : 15[b3000] -> 10[48000] via P2P/IPC/read
x08l11245:30791:30864 [7] NCCL INFO Channel 01 : 7[b3000] -> 2[48000] via P2P/IPC/read
x08l11244:35125:35185 [7] NCCL INFO Channel 04 : 15[b3000] -> 10[48000] via P2P/IPC/read
x08l11244:35120:35203 [4] NCCL INFO Channel 00 : 12[89000] -> 9[19000] via P2P/IPC/read
x08l11244:35125:35185 [7] NCCL INFO Channel 05 : 15[b3000] -> 10[48000] via P2P/IPC/read
x08l11245:30791:30864 [7] NCCL INFO Channel 02 : 7[b3000] -> 2[48000] via P2P/IPC/read
x08l11244:35120:35203 [4] NCCL INFO Channel 02 : 12[89000] -> 9[19000] via P2P/IPC/read
x08l11244:35125:35185 [7] NCCL INFO Channel 06 : 15[b3000] -> 10[48000] via P2P/IPC/read
x08l11245:30791:30864 [7] NCCL INFO Channel 03 : 7[b3000] -> 2[48000] via P2P/IPC/read
x08l11244:35120:35203 [4] NCCL INFO Channel 03 : 12[89000] -> 9[19000] via P2P/IPC/read
x08l11244:35125:35185 [7] NCCL INFO Channel 07 : 15[b3000] -> 10[48000] via P2P/IPC/read
x08l11244:35120:35203 [4] NCCL INFO Channel 04 : 12[89000] -> 9[19000] via P2P/IPC/read
x08l11245:30791:30864 [7] NCCL INFO Channel 04 : 7[b3000] -> 2[48000] via P2P/IPC/read
x08l11244:35120:35203 [4] NCCL INFO Channel 06 : 12[89000] -> 9[19000] via P2P/IPC/read
x08l11245:30787:30868 [6] NCCL INFO Channel 00 : 6[ad000] -> 1[19000] via P2P/IPC/read
x08l11245:30791:30864 [7] NCCL INFO Channel 05 : 7[b3000] -> 2[48000] via P2P/IPC/read
x08l11245:30791:30864 [7] NCCL INFO Channel 06 : 7[b3000] -> 2[48000] via P2P/IPC/read
x08l11245:30787:30868 [6] NCCL INFO Channel 01 : 6[ad000] -> 1[19000] via P2P/IPC/read
x08l11245:30791:30864 [7] NCCL INFO Channel 07 : 7[b3000] -> 2[48000] via P2P/IPC/read
x08l11245:30787:30868 [6] NCCL INFO Channel 02 : 6[ad000] -> 1[19000] via P2P/IPC/read
x08l11244:35120:35203 [4] NCCL INFO Channel 07 : 12[89000] -> 9[19000] via P2P/IPC/read
x08l11245:30787:30868 [6] NCCL INFO Channel 03 : 6[ad000] -> 1[19000] via P2P/IPC/read
x08l11245:30787:30868 [6] NCCL INFO Channel 04 : 6[ad000] -> 1[19000] via P2P/IPC/read
x08l11245:30787:30868 [6] NCCL INFO Channel 05 : 6[ad000] -> 1[19000] via P2P/IPC/read
x08l11244:35125:35185 [7] NCCL INFO Channel 00 : 15[b3000] -> 11[4d000] via P2P/IPC/read
x08l11244:35122:35205 [6] NCCL INFO Channel 00 : 14[ad000] -> 10[48000] via P2P/IPC/read
x08l11245:30791:30864 [7] NCCL INFO Channel 00 : 7[b3000] -> 3[4d000] via P2P/IPC/read
x08l11245:30787:30868 [6] NCCL INFO Channel 06 : 6[ad000] -> 1[19000] via P2P/IPC/read
x08l11244:35125:35185 [7] NCCL INFO Channel 01 : 15[b3000] -> 11[4d000] via P2P/IPC/read
x08l11244:35122:35205 [6] NCCL INFO Channel 01 : 14[ad000] -> 10[48000] via P2P/IPC/read
x08l11245:30791:30864 [7] NCCL INFO Channel 01 : 7[b3000] -> 3[4d000] via P2P/IPC/read
x08l11245:30787:30868 [6] NCCL INFO Channel 07 : 6[ad000] -> 1[19000] via P2P/IPC/read
x08l11244:35125:35185 [7] NCCL INFO Channel 02 : 15[b3000] -> 11[4d000] via P2P/IPC/read
x08l11244:35122:35205 [6] NCCL INFO Channel 02 : 14[ad000] -> 10[48000] via P2P/IPC/read
x08l11245:30791:30864 [7] NCCL INFO Channel 02 : 7[b3000] -> 3[4d000] via P2P/IPC/read
x08l11244:35125:35185 [7] NCCL INFO Channel 03 : 15[b3000] -> 11[4d000] via P2P/IPC/read
x08l11244:35122:35205 [6] NCCL INFO Channel 03 : 14[ad000] -> 10[48000] via P2P/IPC/read
x08l11244:35125:35185 [7] NCCL INFO Channel 04 : 15[b3000] -> 11[4d000] via P2P/IPC/read
x08l11245:30791:30864 [7] NCCL INFO Channel 03 : 7[b3000] -> 3[4d000] via P2P/IPC/read
x08l11244:35122:35205 [6] NCCL INFO Channel 04 : 14[ad000] -> 10[48000] via P2P/IPC/read
x08l11244:35125:35185 [7] NCCL INFO Channel 05 : 15[b3000] -> 11[4d000] via P2P/IPC/read
x08l11244:35125:35185 [7] NCCL INFO Channel 06 : 15[b3000] -> 11[4d000] via P2P/IPC/read
x08l11244:35122:35205 [6] NCCL INFO Channel 05 : 14[ad000] -> 10[48000] via P2P/IPC/read
x08l11244:35125:35185 [7] NCCL INFO Channel 07 : 15[b3000] -> 11[4d000] via P2P/IPC/read
x08l11245:30791:30864 [7] NCCL INFO Channel 04 : 7[b3000] -> 3[4d000] via P2P/IPC/read
x08l11244:35122:35205 [6] NCCL INFO Channel 06 : 14[ad000] -> 10[48000] via P2P/IPC/read
x08l11244:35122:35205 [6] NCCL INFO Channel 07 : 14[ad000] -> 10[48000] via P2P/IPC/read
x08l11245:30791:30864 [7] NCCL INFO Channel 05 : 7[b3000] -> 3[4d000] via P2P/IPC/read
x08l11245:30791:30864 [7] NCCL INFO Channel 06 : 7[b3000] -> 3[4d000] via P2P/IPC/read
x08l11245:30791:30864 [7] NCCL INFO Channel 07 : 7[b3000] -> 3[4d000] via P2P/IPC/read
x08l11245:30786:30869 [5] NCCL INFO Channel 00 : 5[8e000] -> 1[19000] via P2P/IPC/read
x08l11245:30787:30868 [6] NCCL INFO Channel 00 : 6[ad000] -> 2[48000] via P2P/IPC/read
x08l11245:30786:30869 [5] NCCL INFO Channel 01 : 5[8e000] -> 1[19000] via P2P/IPC/read
x08l11245:30787:30868 [6] NCCL INFO Channel 01 : 6[ad000] -> 2[48000] via P2P/IPC/read
x08l11244:35121:35194 [5] NCCL INFO Channel 00 : 13[8e000] -> 10[48000] via P2P/IPC/read
x08l11245:30787:30868 [6] NCCL INFO Channel 02 : 6[ad000] -> 2[48000] via P2P/IPC/read
x08l11245:30786:30869 [5] NCCL INFO Channel 02 : 5[8e000] -> 1[19000] via P2P/IPC/read
x08l11244:35121:35194 [5] NCCL INFO Channel 01 : 13[8e000] -> 10[48000] via P2P/IPC/read
x08l11244:35125:35185 [7] NCCL INFO Channel 00 : 15[b3000] -> 12[89000] via P2P/IPC/read
x08l11244:35122:35205 [6] NCCL INFO Channel 00 : 14[ad000] -> 11[4d000] via P2P/IPC/read
x08l11245:30787:30868 [6] NCCL INFO Channel 03 : 6[ad000] -> 2[48000] via P2P/IPC/read
x08l11245:30787:30868 [6] NCCL INFO Channel 04 : 6[ad000] -> 2[48000] via P2P/IPC/read
x08l11245:30787:30868 [6] NCCL INFO Channel 05 : 6[ad000] -> 2[48000] via P2P/IPC/read
x08l11244:35121:35194 [5] NCCL INFO Channel 02 : 13[8e000] -> 10[48000] via P2P/IPC/read
x08l11244:35125:35185 [7] NCCL INFO Channel 01 : 15[b3000] -> 12[89000] via P2P/IPC/read
x08l11245:30787:30868 [6] NCCL INFO Channel 06 : 6[ad000] -> 2[48000] via P2P/IPC/read
x08l11244:35122:35205 [6] NCCL INFO Channel 01 : 14[ad000] -> 11[4d000] via P2P/IPC/read
x08l11245:30787:30868 [6] NCCL INFO Channel 07 : 6[ad000] -> 2[48000] via P2P/IPC/read
x08l11244:35121:35194 [5] NCCL INFO Channel 03 : 13[8e000] -> 10[48000] via P2P/IPC/read
x08l11244:35125:35185 [7] NCCL INFO Channel 02 : 15[b3000] -> 12[89000] via P2P/IPC/read
x08l11245:30786:30869 [5] NCCL INFO Channel 03 : 5[8e000] -> 1[19000] via P2P/IPC/read
x08l11244:35122:35205 [6] NCCL INFO Channel 02 : 14[ad000] -> 11[4d000] via P2P/IPC/read
x08l11244:35121:35194 [5] NCCL INFO Channel 04 : 13[8e000] -> 10[48000] via P2P/IPC/read
x08l11244:35125:35185 [7] NCCL INFO Channel 03 : 15[b3000] -> 12[89000] via P2P/IPC/read
x08l11244:35122:35205 [6] NCCL INFO Channel 04 : 14[ad000] -> 11[4d000] via P2P/IPC/read
x08l11245:30786:30869 [5] NCCL INFO Channel 04 : 5[8e000] -> 1[19000] via P2P/IPC/read
x08l11244:35121:35194 [5] NCCL INFO Channel 05 : 13[8e000] -> 10[48000] via P2P/IPC/read
x08l11244:35125:35185 [7] NCCL INFO Channel 04 : 15[b3000] -> 12[89000] via P2P/IPC/read
x08l11244:35122:35205 [6] NCCL INFO Channel 05 : 14[ad000] -> 11[4d000] via P2P/IPC/read
x08l11244:35121:35194 [5] NCCL INFO Channel 06 : 13[8e000] -> 10[48000] via P2P/IPC/read
x08l11245:30786:30869 [5] NCCL INFO Channel 05 : 5[8e000] -> 1[19000] via P2P/IPC/read
x08l11245:30791:30864 [7] NCCL INFO Channel 00 : 7[b3000] -> 4[89000] via P2P/IPC/read
x08l11244:35125:35185 [7] NCCL INFO Channel 05 : 15[b3000] -> 12[89000] via P2P/IPC/read
x08l11244:35122:35205 [6] NCCL INFO Channel 06 : 14[ad000] -> 11[4d000] via P2P/IPC/read
x08l11244:35119:35184 [3] NCCL INFO Channel 00 : 11[4d000] -> 8[13000] via P2P/IPC/read
x08l11244:35121:35194 [5] NCCL INFO Channel 07 : 13[8e000] -> 10[48000] via P2P/IPC/read
x08l11244:35125:35185 [7] NCCL INFO Channel 06 : 15[b3000] -> 12[89000] via P2P/IPC/read
x08l11245:30786:30869 [5] NCCL INFO Channel 06 : 5[8e000] -> 1[19000] via P2P/IPC/read
x08l11245:30791:30864 [7] NCCL INFO Channel 01 : 7[b3000] -> 4[89000] via P2P/IPC/read
x08l11244:35119:35184 [3] NCCL INFO Channel 01 : 11[4d000] -> 8[13000] via P2P/IPC/read
x08l11244:35125:35185 [7] NCCL INFO Channel 07 : 15[b3000] -> 12[89000] via P2P/IPC/read
x08l11244:35119:35184 [3] NCCL INFO Channel 02 : 11[4d000] -> 8[13000] via P2P/IPC/read
x08l11245:30786:30869 [5] NCCL INFO Channel 07 : 5[8e000] -> 1[19000] via P2P/IPC/read
x08l11244:35119:35184 [3] NCCL INFO Channel 03 : 11[4d000] -> 8[13000] via P2P/IPC/read
x08l11245:30791:30864 [7] NCCL INFO Channel 02 : 7[b3000] -> 4[89000] via P2P/IPC/read
x08l11245:30787:30868 [6] NCCL INFO Channel 00 : 6[ad000] -> 3[4d000] via P2P/IPC/read
x08l11245:30791:30864 [7] NCCL INFO Channel 03 : 7[b3000] -> 4[89000] via P2P/IPC/read
x08l11244:35119:35184 [3] NCCL INFO Channel 04 : 11[4d000] -> 8[13000] via P2P/IPC/read
x08l11244:35119:35184 [3] NCCL INFO Channel 05 : 11[4d000] -> 8[13000] via P2P/IPC/read
x08l11245:30791:30864 [7] NCCL INFO Channel 04 : 7[b3000] -> 4[89000] via P2P/IPC/read
x08l11245:30787:30868 [6] NCCL INFO Channel 01 : 6[ad000] -> 3[4d000] via P2P/IPC/read
x08l11244:35119:35184 [3] NCCL INFO Channel 06 : 11[4d000] -> 8[13000] via P2P/IPC/read
x08l11244:35119:35184 [3] NCCL INFO Channel 07 : 11[4d000] -> 8[13000] via P2P/IPC/read
x08l11245:30791:30864 [7] NCCL INFO Channel 05 : 7[b3000] -> 4[89000] via P2P/IPC/read
x08l11245:30791:30864 [7] NCCL INFO Channel 06 : 7[b3000] -> 4[89000] via P2P/IPC/read
x08l11245:30784:30865 [3] NCCL INFO Channel 00 : 3[4d000] -> 0[13000] via P2P/IPC/read
x08l11244:35125:35185 [7] NCCL INFO Channel 00 : 15[b3000] -> 13[8e000] via P2P/IPC/read
x08l11245:30791:30864 [7] NCCL INFO Channel 07 : 7[b3000] -> 4[89000] via P2P/IPC/read
x08l11244:35125:35185 [7] NCCL INFO Channel 01 : 15[b3000] -> 13[8e000] via P2P/IPC/read
x08l11245:30784:30865 [3] NCCL INFO Channel 01 : 3[4d000] -> 0[13000] via P2P/IPC/read
x08l11245:30786:30869 [5] NCCL INFO Channel 00 : 5[8e000] -> 2[48000] via P2P/IPC/read
x08l11245:30784:30865 [3] NCCL INFO Channel 02 : 3[4d000] -> 0[13000] via P2P/IPC/read
x08l11244:35125:35185 [7] NCCL INFO Channel 02 : 15[b3000] -> 13[8e000] via P2P/IPC/read
x08l11245:30786:30869 [5] NCCL INFO Channel 01 : 5[8e000] -> 2[48000] via P2P/IPC/read
x08l11244:35122:35205 [6] NCCL INFO Channel 00 : 14[ad000] -> 12[89000] via P2P/IPC/read
x08l11245:30784:30865 [3] NCCL INFO Channel 03 : 3[4d000] -> 0[13000] via P2P/IPC/read
x08l11245:30786:30869 [5] NCCL INFO Channel 02 : 5[8e000] -> 2[48000] via P2P/IPC/read
x08l11244:35125:35185 [7] NCCL INFO Channel 03 : 15[b3000] -> 13[8e000] via P2P/IPC/read
x08l11245:30784:30865 [3] NCCL INFO Channel 04 : 3[4d000] -> 0[13000] via P2P/IPC/read
x08l11244:35122:35205 [6] NCCL INFO Channel 01 : 14[ad000] -> 12[89000] via P2P/IPC/read
x08l11245:30786:30869 [5] NCCL INFO Channel 03 : 5[8e000] -> 2[48000] via P2P/IPC/read
x08l11244:35125:35185 [7] NCCL INFO Channel 04 : 15[b3000] -> 13[8e000] via P2P/IPC/read
x08l11245:30784:30865 [3] NCCL INFO Channel 05 : 3[4d000] -> 0[13000] via P2P/IPC/read
x08l11245:30786:30869 [5] NCCL INFO Channel 04 : 5[8e000] -> 2[48000] via P2P/IPC/read
x08l11244:35122:35205 [6] NCCL INFO Channel 02 : 14[ad000] -> 12[89000] via P2P/IPC/read
x08l11245:30784:30865 [3] NCCL INFO Channel 06 : 3[4d000] -> 0[13000] via P2P/IPC/read
x08l11245:30786:30869 [5] NCCL INFO Channel 05 : 5[8e000] -> 2[48000] via P2P/IPC/read
x08l11244:35125:35185 [7] NCCL INFO Channel 05 : 15[b3000] -> 13[8e000] via P2P/IPC/read
x08l11245:30787:30868 [6] NCCL INFO Channel 02 : 6[ad000] -> 3[4d000] via P2P/IPC/read
x08l11245:30784:30865 [3] NCCL INFO Channel 07 : 3[4d000] -> 0[13000] via P2P/IPC/read
x08l11244:35122:35205 [6] NCCL INFO Channel 03 : 14[ad000] -> 12[89000] via P2P/IPC/read
x08l11245:30786:30869 [5] NCCL INFO Channel 06 : 5[8e000] -> 2[48000] via P2P/IPC/read
x08l11245:30787:30868 [6] NCCL INFO Channel 04 : 6[ad000] -> 3[4d000] via P2P/IPC/read
x08l11244:35125:35185 [7] NCCL INFO Channel 06 : 15[b3000] -> 13[8e000] via P2P/IPC/read
x08l11245:30786:30869 [5] NCCL INFO Channel 07 : 5[8e000] -> 2[48000] via P2P/IPC/read
x08l11245:30785:30877 [4] NCCL INFO Channel 00 : 4[89000] -> 1[19000] via P2P/IPC/read
x08l11245:30787:30868 [6] NCCL INFO Channel 05 : 6[ad000] -> 3[4d000] via P2P/IPC/read
x08l11244:35125:35185 [7] NCCL INFO Channel 07 : 15[b3000] -> 13[8e000] via P2P/IPC/read
x08l11244:35122:35205 [6] NCCL INFO Channel 04 : 14[ad000] -> 12[89000] via P2P/IPC/read
x08l11245:30785:30877 [4] NCCL INFO Channel 02 : 4[89000] -> 1[19000] via P2P/IPC/read
x08l11245:30787:30868 [6] NCCL INFO Channel 06 : 6[ad000] -> 3[4d000] via P2P/IPC/read
x08l11244:35122:35205 [6] NCCL INFO Channel 05 : 14[ad000] -> 12[89000] via P2P/IPC/read
x08l11245:30785:30877 [4] NCCL INFO Channel 03 : 4[89000] -> 1[19000] via P2P/IPC/read
x08l11244:35121:35194 [5] NCCL INFO Channel 00 : 13[8e000] -> 11[4d000] via P2P/IPC/read
x08l11244:35118:35211 [2] NCCL INFO Channel 00 : 10[48000] -> 8[13000] via P2P/IPC/read
x08l11244:35122:35205 [6] NCCL INFO Channel 06 : 14[ad000] -> 12[89000] via P2P/IPC/read
x08l11245:30785:30877 [4] NCCL INFO Channel 04 : 4[89000] -> 1[19000] via P2P/IPC/read
x08l11244:35121:35194 [5] NCCL INFO Channel 01 : 13[8e000] -> 11[4d000] via P2P/IPC/read
x08l11244:35118:35211 [2] NCCL INFO Channel 01 : 10[48000] -> 8[13000] via P2P/IPC/read
x08l11244:35122:35205 [6] NCCL INFO Channel 07 : 14[ad000] -> 12[89000] via P2P/IPC/read
x08l11244:35121:35194 [5] NCCL INFO Channel 02 : 13[8e000] -> 11[4d000] via P2P/IPC/read
x08l11244:35118:35211 [2] NCCL INFO Channel 02 : 10[48000] -> 8[13000] via P2P/IPC/read
x08l11245:30785:30877 [4] NCCL INFO Channel 06 : 4[89000] -> 1[19000] via P2P/IPC/read
x08l11244:35121:35194 [5] NCCL INFO Channel 03 : 13[8e000] -> 11[4d000] via P2P/IPC/read
x08l11244:35118:35211 [2] NCCL INFO Channel 03 : 10[48000] -> 8[13000] via P2P/IPC/read
x08l11244:35120:35203 [4] NCCL INFO Channel 00 : 12[89000] -> 10[48000] via P2P/IPC/read
x08l11244:35121:35194 [5] NCCL INFO Channel 04 : 13[8e000] -> 11[4d000] via P2P/IPC/read
x08l11245:30785:30877 [4] NCCL INFO Channel 07 : 4[89000] -> 1[19000] via P2P/IPC/read
x08l11244:35118:35211 [2] NCCL INFO Channel 04 : 10[48000] -> 8[13000] via P2P/IPC/read
x08l11244:35120:35203 [4] NCCL INFO Channel 01 : 12[89000] -> 10[48000] via P2P/IPC/read
x08l11245:30787:30868 [6] NCCL INFO Channel 00 : 6[ad000] -> 4[89000] via P2P/IPC/read
x08l11244:35121:35194 [5] NCCL INFO Channel 05 : 13[8e000] -> 11[4d000] via P2P/IPC/read
x08l11244:35118:35211 [2] NCCL INFO Channel 05 : 10[48000] -> 8[13000] via P2P/IPC/read
x08l11244:35120:35203 [4] NCCL INFO Channel 02 : 12[89000] -> 10[48000] via P2P/IPC/read
x08l11244:35121:35194 [5] NCCL INFO Channel 06 : 13[8e000] -> 11[4d000] via P2P/IPC/read
x08l11244:35118:35211 [2] NCCL INFO Channel 06 : 10[48000] -> 8[13000] via P2P/IPC/read
x08l11245:30787:30868 [6] NCCL INFO Channel 01 : 6[ad000] -> 4[89000] via P2P/IPC/read
x08l11244:35119:35184 [3] NCCL INFO Channel 00 : 11[4d000] -> 9[19000] via P2P/IPC/read
x08l11244:35120:35203 [4] NCCL INFO Channel 03 : 12[89000] -> 10[48000] via P2P/IPC/read
x08l11244:35121:35194 [5] NCCL INFO Channel 07 : 13[8e000] -> 11[4d000] via P2P/IPC/read
x08l11244:35118:35211 [2] NCCL INFO Channel 07 : 10[48000] -> 8[13000] via P2P/IPC/read
x08l11244:35119:35184 [3] NCCL INFO Channel 01 : 11[4d000] -> 9[19000] via P2P/IPC/read
x08l11244:35120:35203 [4] NCCL INFO Channel 04 : 12[89000] -> 10[48000] via P2P/IPC/read
x08l11244:35119:35184 [3] NCCL INFO Channel 02 : 11[4d000] -> 9[19000] via P2P/IPC/read
x08l11244:35120:35203 [4] NCCL INFO Channel 05 : 12[89000] -> 10[48000] via P2P/IPC/read
x08l11245:30787:30868 [6] NCCL INFO Channel 02 : 6[ad000] -> 4[89000] via P2P/IPC/read
x08l11244:35119:35184 [3] NCCL INFO Channel 03 : 11[4d000] -> 9[19000] via P2P/IPC/read
x08l11244:35120:35203 [4] NCCL INFO Channel 06 : 12[89000] -> 10[48000] via P2P/IPC/read
x08l11244:35119:35184 [3] NCCL INFO Channel 04 : 11[4d000] -> 9[19000] via P2P/IPC/read
x08l11244:35120:35203 [4] NCCL INFO Channel 07 : 12[89000] -> 10[48000] via P2P/IPC/read
x08l11245:30787:30868 [6] NCCL INFO Channel 03 : 6[ad000] -> 4[89000] via P2P/IPC/read
x08l11244:35119:35184 [3] NCCL INFO Channel 05 : 11[4d000] -> 9[19000] via P2P/IPC/read
x08l11245:30787:30868 [6] NCCL INFO Channel 04 : 6[ad000] -> 4[89000] via P2P/IPC/read
x08l11244:35119:35184 [3] NCCL INFO Channel 06 : 11[4d000] -> 9[19000] via P2P/IPC/read
x08l11244:35125:35185 [7] NCCL INFO Connected 1 MSCCL algorithms
x08l11244:35125:35185 [7] NCCL INFO threadThresholds 8/8/64 | 128/8/64 | 8/8/64 | 8/8/512
x08l11244:35116:35186 [0] NCCL INFO Connected 1 MSCCL algorithms
x08l11244:35125:35185 [7] NCCL INFO 8 coll channels, 8 p2p channels, 2 p2p channels per peer
x08l11244:35116:35186 [0] NCCL INFO threadThresholds 8/8/64 | 128/8/64 | 8/8/64 | 8/8/512
x08l11244:35116:35186 [0] NCCL INFO 8 coll channels, 8 p2p channels, 2 p2p channels per peer
x08l11244:35119:35184 [3] NCCL INFO Channel 07 : 11[4d000] -> 9[19000] via P2P/IPC/read
x08l11245:30787:30868 [6] NCCL INFO Channel 05 : 6[ad000] -> 4[89000] via P2P/IPC/read
x08l11245:30791:30864 [7] NCCL INFO Channel 00 : 7[b3000] -> 5[8e000] via P2P/IPC/read
x08l11245:30787:30868 [6] NCCL INFO Channel 06 : 6[ad000] -> 4[89000] via P2P/IPC/read
x08l11245:30791:30864 [7] NCCL INFO Channel 01 : 7[b3000] -> 5[8e000] via P2P/IPC/read
x08l11245:30787:30868 [6] NCCL INFO Channel 07 : 6[ad000] -> 4[89000] via P2P/IPC/read
x08l11245:30786:30869 [5] NCCL INFO Channel 00 : 5[8e000] -> 3[4d000] via P2P/IPC/read
x08l11245:30791:30864 [7] NCCL INFO Channel 02 : 7[b3000] -> 5[8e000] via P2P/IPC/read
x08l11244:35122:35205 [6] NCCL INFO Channel 03 : 14[ad000] -> 13[8e000] via P2P/IPC/read
x08l11245:30786:30869 [5] NCCL INFO Channel 01 : 5[8e000] -> 3[4d000] via P2P/IPC/read
x08l11245:30791:30864 [7] NCCL INFO Channel 03 : 7[b3000] -> 5[8e000] via P2P/IPC/read
x08l11244:35122:35205 [6] NCCL INFO Channel 07 : 14[ad000] -> 13[8e000] via P2P/IPC/read
x08l11245:30786:30869 [5] NCCL INFO Channel 02 : 5[8e000] -> 3[4d000] via P2P/IPC/read
x08l11245:30791:30864 [7] NCCL INFO Channel 04 : 7[b3000] -> 5[8e000] via P2P/IPC/read
x08l11245:30786:30869 [5] NCCL INFO Channel 03 : 5[8e000] -> 3[4d000] via P2P/IPC/read
x08l11245:30791:30864 [7] NCCL INFO Channel 05 : 7[b3000] -> 5[8e000] via P2P/IPC/read
x08l11245:30786:30869 [5] NCCL INFO Channel 04 : 5[8e000] -> 3[4d000] via P2P/IPC/read
x08l11245:30791:30864 [7] NCCL INFO Channel 06 : 7[b3000] -> 5[8e000] via P2P/IPC/read
x08l11245:30784:30865 [3] NCCL INFO Channel 00 : 3[4d000] -> 1[19000] via P2P/IPC/read
x08l11245:30786:30869 [5] NCCL INFO Channel 05 : 5[8e000] -> 3[4d000] via P2P/IPC/read
x08l11245:30791:30864 [7] NCCL INFO Channel 07 : 7[b3000] -> 5[8e000] via P2P/IPC/read
x08l11245:30784:30865 [3] NCCL INFO Channel 01 : 3[4d000] -> 1[19000] via P2P/IPC/read
x08l11245:30786:30869 [5] NCCL INFO Channel 06 : 5[8e000] -> 3[4d000] via P2P/IPC/read
x08l11244:35118:35211 [2] NCCL INFO Channel 01 : 10[48000] -> 9[19000] via P2P/IPC/read
x08l11245:30784:30865 [3] NCCL INFO Channel 02 : 3[4d000] -> 1[19000] via P2P/IPC/read
x08l11244:35120:35203 [4] NCCL INFO Connected 1 MSCCL algorithms
x08l11244:35120:35203 [4] NCCL INFO threadThresholds 8/8/64 | 128/8/64 | 8/8/64 | 8/8/512
x08l11244:35120:35203 [4] NCCL INFO 8 coll channels, 8 p2p channels, 2 p2p channels per peer
x08l11245:30786:30869 [5] NCCL INFO Channel 07 : 5[8e000] -> 3[4d000] via P2P/IPC/read
x08l11244:35118:35211 [2] NCCL INFO Channel 05 : 10[48000] -> 9[19000] via P2P/IPC/read
x08l11245:30784:30865 [3] NCCL INFO Channel 03 : 3[4d000] -> 1[19000] via P2P/IPC/read
x08l11245:30784:30865 [3] NCCL INFO Channel 04 : 3[4d000] -> 1[19000] via P2P/IPC/read
x08l11245:30783:30872 [2] NCCL INFO Channel 00 : 2[48000] -> 0[13000] via P2P/IPC/read
x08l11244:35119:35184 [3] NCCL INFO Connected 1 MSCCL algorithms
x08l11245:30784:30865 [3] NCCL INFO Channel 05 : 3[4d000] -> 1[19000] via P2P/IPC/read
x08l11244:35119:35184 [3] NCCL INFO threadThresholds 8/8/64 | 128/8/64 | 8/8/64 | 8/8/512
x08l11244:35119:35184 [3] NCCL INFO 8 coll channels, 8 p2p channels, 2 p2p channels per peer
x08l11244:35117:35191 [1] NCCL INFO Connected 1 MSCCL algorithms
x08l11244:35117:35191 [1] NCCL INFO threadThresholds 8/8/64 | 128/8/64 | 8/8/64 | 8/8/512
x08l11244:35118:35211 [2] NCCL INFO Connected 1 MSCCL algorithms
x08l11244:35117:35191 [1] NCCL INFO 8 coll channels, 8 p2p channels, 2 p2p channels per peer
x08l11244:35118:35211 [2] NCCL INFO threadThresholds 8/8/64 | 128/8/64 | 8/8/64 | 8/8/512
x08l11245:30783:30872 [2] NCCL INFO Channel 01 : 2[48000] -> 0[13000] via P2P/IPC/read
x08l11244:35118:35211 [2] NCCL INFO 8 coll channels, 8 p2p channels, 2 p2p channels per peer
x08l11245:30784:30865 [3] NCCL INFO Channel 06 : 3[4d000] -> 1[19000] via P2P/IPC/read
x08l11245:30783:30872 [2] NCCL INFO Channel 02 : 2[48000] -> 0[13000] via P2P/IPC/read
x08l11245:30784:30865 [3] NCCL INFO Channel 07 : 3[4d000] -> 1[19000] via P2P/IPC/read
x08l11244:35121:35194 [5] NCCL INFO Connected 1 MSCCL algorithms
x08l11244:35121:35194 [5] NCCL INFO threadThresholds 8/8/64 | 128/8/64 | 8/8/64 | 8/8/512
x08l11245:30785:30877 [4] NCCL INFO Channel 00 : 4[89000] -> 2[48000] via P2P/IPC/read
x08l11244:35121:35194 [5] NCCL INFO 8 coll channels, 8 p2p channels, 2 p2p channels per peer
x08l11244:35122:35205 [6] NCCL INFO Connected 1 MSCCL algorithms
x08l11244:35122:35205 [6] NCCL INFO threadThresholds 8/8/64 | 128/8/64 | 8/8/64 | 8/8/512
x08l11244:35122:35205 [6] NCCL INFO 8 coll channels, 8 p2p channels, 2 p2p channels per peer
x08l11245:30783:30872 [2] NCCL INFO Channel 03 : 2[48000] -> 0[13000] via P2P/IPC/read
x08l11245:30791:30864 [7] NCCL INFO Connected 1 MSCCL algorithms
x08l11245:30791:30864 [7] NCCL INFO threadThresholds 8/8/64 | 128/8/64 | 8/8/64 | 8/8/512
x08l11245:30785:30877 [4] NCCL INFO Channel 01 : 4[89000] -> 2[48000] via P2P/IPC/read
x08l11245:30791:30864 [7] NCCL INFO 8 coll channels, 8 p2p channels, 2 p2p channels per peer
x08l11245:30783:30872 [2] NCCL INFO Channel 04 : 2[48000] -> 0[13000] via P2P/IPC/read
x08l11245:30785:30877 [4] NCCL INFO Channel 02 : 4[89000] -> 2[48000] via P2P/IPC/read
x08l11245:30783:30872 [2] NCCL INFO Channel 05 : 2[48000] -> 0[13000] via P2P/IPC/read
x08l11245:30785:30877 [4] NCCL INFO Channel 03 : 4[89000] -> 2[48000] via P2P/IPC/read
x08l11245:30783:30872 [2] NCCL INFO Channel 06 : 2[48000] -> 0[13000] via P2P/IPC/read
x08l11245:30785:30877 [4] NCCL INFO Channel 04 : 4[89000] -> 2[48000] via P2P/IPC/read
x08l11245:30783:30872 [2] NCCL INFO Channel 07 : 2[48000] -> 0[13000] via P2P/IPC/read
x08l11245:30785:30877 [4] NCCL INFO Channel 05 : 4[89000] -> 2[48000] via P2P/IPC/read
x08l11245:30785:30877 [4] NCCL INFO Channel 06 : 4[89000] -> 2[48000] via P2P/IPC/read
x08l11245:30785:30877 [4] NCCL INFO Channel 07 : 4[89000] -> 2[48000] via P2P/IPC/read
x08l11245:30784:30865 [3] NCCL INFO Connected 1 MSCCL algorithms
x08l11245:30784:30865 [3] NCCL INFO threadThresholds 8/8/64 | 128/8/64 | 8/8/64 | 8/8/512
x08l11245:30784:30865 [3] NCCL INFO 8 coll channels, 8 p2p channels, 2 p2p channels per peer
x08l11245:30781:30835 [0] NCCL INFO Connected 1 MSCCL algorithms
x08l11245:30781:30835 [0] NCCL INFO threadThresholds 8/8/64 | 128/8/64 | 8/8/64 | 8/8/512
x08l11245:30781:30835 [0] NCCL INFO 8 coll channels, 8 p2p channels, 2 p2p channels per peer
x08l11245:30787:30868 [6] NCCL INFO Channel 03 : 6[ad000] -> 5[8e000] via P2P/IPC/read
x08l11245:30787:30868 [6] NCCL INFO Channel 07 : 6[ad000] -> 5[8e000] via P2P/IPC/read
x08l11245:30783:30872 [2] NCCL INFO Channel 01 : 2[48000] -> 1[19000] via P2P/IPC/read
x08l11245:30785:30877 [4] NCCL INFO Connected 1 MSCCL algorithms
x08l11245:30785:30877 [4] NCCL INFO threadThresholds 8/8/64 | 128/8/64 | 8/8/64 | 8/8/512
x08l11245:30785:30877 [4] NCCL INFO 8 coll channels, 8 p2p channels, 2 p2p channels per peer
x08l11245:30783:30872 [2] NCCL INFO Channel 05 : 2[48000] -> 1[19000] via P2P/IPC/read
x08l11245:30786:30869 [5] NCCL INFO Connected 1 MSCCL algorithms
x08l11245:30787:30868 [6] NCCL INFO Connected 1 MSCCL algorithms
x08l11245:30786:30869 [5] NCCL INFO threadThresholds 8/8/64 | 128/8/64 | 8/8/64 | 8/8/512
x08l11245:30787:30868 [6] NCCL INFO threadThresholds 8/8/64 | 128/8/64 | 8/8/64 | 8/8/512
x08l11245:30786:30869 [5] NCCL INFO 8 coll channels, 8 p2p channels, 2 p2p channels per peer
x08l11245:30787:30868 [6] NCCL INFO 8 coll channels, 8 p2p channels, 2 p2p channels per peer
x08l11245:30783:30872 [2] NCCL INFO Connected 1 MSCCL algorithms
x08l11245:30783:30872 [2] NCCL INFO threadThresholds 8/8/64 | 128/8/64 | 8/8/64 | 8/8/512
x08l11245:30783:30872 [2] NCCL INFO 8 coll channels, 8 p2p channels, 2 p2p channels per peer
x08l11245:30782:30870 [1] NCCL INFO Connected 1 MSCCL algorithms
x08l11245:30782:30870 [1] NCCL INFO threadThresholds 8/8/64 | 128/8/64 | 8/8/64 | 8/8/512
x08l11245:30782:30870 [1] NCCL INFO 8 coll channels, 8 p2p channels, 2 p2p channels per peer
x08l11244:35119:35184 [3] NCCL INFO comm 0x7f336045a010 rank 11 nranks 16 cudaDev 3 busId 4d000 - Init COMPLETE
x08l11244:35121:35194 [5] NCCL INFO comm 0x7f93d2456010 rank 13 nranks 16 cudaDev 5 busId 8e000 - Init COMPLETE
x08l11244:35117:35191 [1] NCCL INFO comm 0x7f798045a010 rank 9 nranks 16 cudaDev 1 busId 19000 - Init COMPLETE
x08l11244:35120:35203 [4] NCCL INFO comm 0x7fb34445a010 rank 12 nranks 16 cudaDev 4 busId 89000 - Init COMPLETE
x08l11244:35125:35185 [7] NCCL INFO comm 0x7fd520456010 rank 15 nranks 16 cudaDev 7 busId b3000 - Init COMPLETE
x08l11244:35118:35211 [2] NCCL INFO comm 0x7fbc61458010 rank 10 nranks 16 cudaDev 2 busId 48000 - Init COMPLETE
x08l11244:35122:35205 [6] NCCL INFO comm 0x7fa575458010 rank 14 nranks 16 cudaDev 6 busId ad000 - Init COMPLETE
x08l11245:30782:30870 [1] NCCL INFO comm 0x7efc1645a010 rank 1 nranks 16 cudaDev 1 busId 19000 - Init COMPLETE
x08l11245:30781:30835 [0] NCCL INFO comm 0x7fb828659010 rank 0 nranks 16 cudaDev 0 busId 13000 - Init COMPLETE
x08l11245:30784:30865 [3] NCCL INFO comm 0x7f036245a010 rank 3 nranks 16 cudaDev 3 busId 4d000 - Init COMPLETE
#
#                                                              out-of-place                       in-place          
#       size         count      type   redop    root     time   algbw   busbw #wrong     time   algbw   busbw #wrong
#        (B)    (elements)                               (us)  (GB/s)  (GB/s)            (us)  (GB/s)  (GB/s)       
x08l11244:35116:35186 [0] NCCL INFO comm 0x7fc981458010 rank 8 nranks 16 cudaDev 0 busId 13000 - Init COMPLETE
x08l11245:30791:30864 [7] NCCL INFO comm 0x7f5d8a45a010 rank 7 nranks 16 cudaDev 7 busId b3000 - Init COMPLETE
x08l11245:30787:30868 [6] NCCL INFO comm 0x7fecdc45a010 rank 6 nranks 16 cudaDev 6 busId ad000 - Init COMPLETE
x08l11245:30785:30877 [4] NCCL INFO comm 0x7f2c1a45a010 rank 4 nranks 16 cudaDev 4 busId 89000 - Init COMPLETE
x08l11245:30786:30869 [5] NCCL INFO comm 0x7fd7ee45a010 rank 5 nranks 16 cudaDev 5 busId 8e000 - Init COMPLETE
x08l11245:30783:30872 [2] NCCL INFO comm 0x7f2ac1458010 rank 2 nranks 16 cudaDev 2 busId 48000 - Init COMPLETE
x08l11245:30781:30781 [0] NCCL INFO Launch mode Parallel
        1024           256     float     sum      -1    189.1    0.01    0.01      0    194.2    0.01    0.01      0
        2048           512     float     sum      -1    211.2    0.01    0.02      0    207.7    0.01    0.02      0
        4096          1024     float     sum      -1    229.0    0.02    0.03      0    234.1    0.02    0.03      0
        8192          2048     float     sum      -1    234.4    0.03    0.07      0    234.1    0.03    0.07      0
       16384          4096     float     sum      -1    237.2    0.07    0.13      0    238.5    0.07    0.13      0
       32768          8192     float     sum      -1    248.1    0.13    0.25      0    249.7    0.13    0.25      0
       65536         16384     float     sum      -1    291.8    0.22    0.42      0    294.0    0.22    0.42      0
      131072         32768     float     sum      -1    305.2    0.43    0.81      0    303.8    0.43    0.81      0
      262144         65536     float     sum      -1    329.1    0.80    1.49      0    330.2    0.79    1.49      0
      524288        131072     float     sum      -1    341.7    1.53    2.88      0    340.3    1.54    2.89      0
     1048576        262144     float     sum      -1    349.3    3.00    5.63      0    343.8    3.05    5.72      0
     2097152        524288     float     sum      -1    377.8    5.55   10.41      0    374.8    5.60   10.49      0
     4194304       1048576     float     sum      -1    421.8    9.94   18.64      0    421.4    9.95   18.66      0
     8388608       2097152     float     sum      -1    481.0   17.44   32.70      0    481.2   17.43   32.68      0
    16777216       4194304     float     sum      -1    600.2   27.95   52.41      0    594.6   28.21   52.90      0
    33554432       8388608     float     sum      -1    886.9   37.83   70.94      0    886.0   37.87   71.01      0
    67108864      16777216     float     sum      -1   1575.4   42.60   79.87      0   1604.4   41.83   78.43      0
   134217728      33554432     float     sum      -1   3233.1   41.51   77.84      0   3233.9   41.50   77.82      0
   268435456      67108864     float     sum      -1   6643.5   40.41   75.76      0   6459.7   41.56   77.92      0
   536870912     134217728     float     sum      -1    13434   39.96   74.93      0    13415   40.02   75.04      0
  1073741824     268435456     float     sum      -1    26798   40.07   75.13      0    26969   39.81   74.65      0
  2147483648     536870912     float     sum      -1    54761   39.22   73.53      0    54476   39.42   73.91      0
  4294967296    1073741824     float     sum      -1   108583   39.55   74.17      0   110323   38.93   73.00      0
x08l11244:35121:35121 [5] NCCL INFO comm 0x7f93d2456010 rank 13 nranks 16 cudaDev 5 busId 8e000 - Destroy COMPLETE
x08l11244:35117:35117 [1] NCCL INFO comm 0x7f798045a010 rank 9 nranks 16 cudaDev 1 busId 19000 - Destroy COMPLETE
x08l11244:35125:35125 [7] NCCL INFO comm 0x7fd520456010 rank 15 nranks 16 cudaDev 7 busId b3000 - Destroy COMPLETE
x08l11244:35119:35119 [3] NCCL INFO comm 0x7f336045a010 rank 11 nranks 16 cudaDev 3 busId 4d000 - Destroy COMPLETE
x08l11244:35120:35120 [4] NCCL INFO comm 0x7fb34445a010 rank 12 nranks 16 cudaDev 4 busId 89000 - Destroy COMPLETE
x08l11244:35116:35116 [0] NCCL INFO comm 0x7fc981458010 rank 8 nranks 16 cudaDev 0 busId 13000 - Destroy COMPLETE
x08l11244:35118:35118 [2] NCCL INFO comm 0x7fbc61458010 rank 10 nranks 16 cudaDev 2 busId 48000 - Destroy COMPLETE
x08l11244:35122:35122 [6] NCCL INFO comm 0x7fa575458010 rank 14 nranks 16 cudaDev 6 busId ad000 - Destroy COMPLETE
x08l11245:30782:30782 [1] NCCL INFO comm 0x7efc1645a010 rank 1 nranks 16 cudaDev 1 busId 19000 - Destroy COMPLETE
x08l11245:30791:30791 [7] NCCL INFO comm 0x7f5d8a45a010 rank 7 nranks 16 cudaDev 7 busId b3000 - Destroy COMPLETE
x08l11245:30786:30786 [5] NCCL INFO comm 0x7fd7ee45a010 rank 5 nranks 16 cudaDev 5 busId 8e000 - Destroy COMPLETE
x08l11245:30784:30784 [3] NCCL INFO comm 0x7f036245a010 rank 3 nranks 16 cudaDev 3 busId 4d000 - Destroy COMPLETE
x08l11245:30781:30781 [0] NCCL INFO comm 0x7fb828659010 rank 0 nranks 16 cudaDev 0 busId 13000 - Destroy COMPLETE
# Out of bounds values : 0 OK
# Avg bus bandwidth    : 31.6607 
#
x08l11245:30787:30787 [6] NCCL INFO comm 0x7fecdc45a010 rank 6 nranks 16 cudaDev 6 busId ad000 - Destroy COMPLETE
x08l11245:30783:30783 [2] NCCL INFO comm 0x7f2ac1458010 rank 2 nranks 16 cudaDev 2 busId 48000 - Destroy COMPLETE
x08l11245:30785:30785 [4] NCCL INFO comm 0x7f2c1a45a010 rank 4 nranks 16 cudaDev 4 busId 89000 - Destroy COMPLETE

