x08l11244:34992:35076 [2] NCCL INFO Parsed MSCCL Algorithm /mnt/agtest/runxml/xml/lq/exccl_test_v4/exccl-ag-n16-Simple-i4.xml successfully.
x08l11244:34994:35085 [4] NCCL INFO Connected all trees
x08l11244:34994:35085 [4] NCCL INFO MSCCL: Parsing algorithm /mnt/agtest/runxml/xml/lq/exccl_test_v4/exccl-ag-n16-Simple-i4.xml
x08l11244:34993:35077 [3] NCCL INFO Connected all trees
x08l11244:34993:35077 [3] NCCL INFO MSCCL: Parsing algorithm /mnt/agtest/runxml/xml/lq/exccl_test_v4/exccl-ag-n16-Simple-i4.xml
x08l11244:34998:35073 [7] NCCL INFO Channel 03 : 15[b3000] -> 14[ad000] via P2P/IPC/read
x08l11244:34990:35083 [0] NCCL INFO Connected all trees
x08l11244:34990:35083 [0] NCCL INFO MSCCL: Parsing algorithm /mnt/agtest/runxml/xml/lq/exccl_test_v4/exccl-ag-n16-Simple-i4.xml
x08l11244:34998:35073 [7] NCCL INFO Channel 07 : 15[b3000] -> 14[ad000] via P2P/IPC/read
x08l11244:34991:35080 [1] NCCL INFO Connected all trees
x08l11244:34991:35080 [1] NCCL INFO MSCCL: Parsing algorithm /mnt/agtest/runxml/xml/lq/exccl_test_v4/exccl-ag-n16-Simple-i4.xml
x08l11245:30663:30754 [2] NCCL INFO Connected all trees
x08l11245:30663:30754 [2] NCCL INFO MSCCL: Parsing algorithm /mnt/agtest/runxml/xml/lq/exccl_test_v4/exccl-ag-n16-Simple-i4.xml
x08l11244:34998:35073 [7] NCCL INFO Connected all trees
x08l11244:34998:35073 [7] NCCL INFO MSCCL: Parsing algorithm /mnt/agtest/runxml/xml/lq/exccl_test_v4/exccl-ag-n16-Simple-i4.xml
x08l11244:34996:35081 [6] NCCL INFO Connected all trees
x08l11244:34996:35081 [6] NCCL INFO MSCCL: Parsing algorithm /mnt/agtest/runxml/xml/lq/exccl_test_v4/exccl-ag-n16-Simple-i4.xml
x08l11244:34994:35085 [4] NCCL INFO Parsed MSCCL Algorithm /mnt/agtest/runxml/xml/lq/exccl_test_v4/exccl-ag-n16-Simple-i4.xml successfully.
x08l11244:34993:35077 [3] NCCL INFO Parsed MSCCL Algorithm /mnt/agtest/runxml/xml/lq/exccl_test_v4/exccl-ag-n16-Simple-i4.xml successfully.
x08l11244:34993:35077 [3] NCCL INFO Channel 02 : 11[4d000] -> 12[89000] via P2P/IPC/read
x08l11244:34995:35074 [5] NCCL INFO Parsed MSCCL Algorithm /mnt/agtest/runxml/xml/lq/exccl_test_v4/exccl-ag-n16-Simple-i4.xml successfully.
x08l11244:34995:35074 [5] NCCL INFO Channel 03 : 13[8e000] -> 14[ad000] via P2P/IPC/read
x08l11245:30665:30755 [4] NCCL INFO Channel 01 : 4[89000] -> 3[4d000] via P2P/IPC/read
x08l11244:34994:35085 [4] NCCL INFO Channel 00 : 12[89000] -> 14[ad000] via P2P/IPC/read
x08l11244:34993:35077 [3] NCCL INFO Channel 00 : 11[4d000] -> 13[8e000] via P2P/IPC/read
x08l11244:34994:35085 [4] NCCL INFO Channel 01 : 12[89000] -> 14[ad000] via P2P/IPC/read
x08l11244:34993:35077 [3] NCCL INFO Channel 01 : 11[4d000] -> 13[8e000] via P2P/IPC/read
x08l11244:34990:35083 [0] NCCL INFO Parsed MSCCL Algorithm /mnt/agtest/runxml/xml/lq/exccl_test_v4/exccl-ag-n16-Simple-i4.xml successfully.
x08l11244:34990:35083 [0] NCCL INFO Channel 00 : 8[13000] -> 10[48000] via P2P/IPC/read
x08l11245:30665:30755 [4] NCCL INFO Channel 03 : 4[89000] -> 3[4d000] via P2P/IPC/read
x08l11244:34994:35085 [4] NCCL INFO Channel 02 : 12[89000] -> 14[ad000] via P2P/IPC/read
x08l11244:34993:35077 [3] NCCL INFO Channel 02 : 11[4d000] -> 13[8e000] via P2P/IPC/read
x08l11244:34990:35083 [0] NCCL INFO Channel 01 : 8[13000] -> 10[48000] via P2P/IPC/read
x08l11244:34994:35085 [4] NCCL INFO Channel 03 : 12[89000] -> 14[ad000] via P2P/IPC/read
x08l11244:34993:35077 [3] NCCL INFO Channel 03 : 11[4d000] -> 13[8e000] via P2P/IPC/read
x08l11244:34990:35083 [0] NCCL INFO Channel 02 : 8[13000] -> 10[48000] via P2P/IPC/read
x08l11244:34990:35083 [0] NCCL INFO Channel 03 : 8[13000] -> 10[48000] via P2P/IPC/read
x08l11244:34991:35080 [1] NCCL INFO Parsed MSCCL Algorithm /mnt/agtest/runxml/xml/lq/exccl_test_v4/exccl-ag-n16-Simple-i4.xml successfully.
x08l11244:34991:35080 [1] NCCL INFO Channel 01 : 9[19000] -> 10[48000] via P2P/IPC/read
x08l11245:30665:30755 [4] NCCL INFO Channel 05 : 4[89000] -> 3[4d000] via P2P/IPC/read
x08l11245:30663:30754 [2] NCCL INFO Parsed MSCCL Algorithm /mnt/agtest/runxml/xml/lq/exccl_test_v4/exccl-ag-n16-Simple-i4.xml successfully.
x08l11244:34998:35073 [7] NCCL INFO Parsed MSCCL Algorithm /mnt/agtest/runxml/xml/lq/exccl_test_v4/exccl-ag-n16-Simple-i4.xml successfully.
x08l11244:34996:35081 [6] NCCL INFO Parsed MSCCL Algorithm /mnt/agtest/runxml/xml/lq/exccl_test_v4/exccl-ag-n16-Simple-i4.xml successfully.
x08l11244:34991:35080 [1] NCCL INFO Channel 00 : 9[19000] -> 11[4d000] via P2P/IPC/read
x08l11244:34991:35080 [1] NCCL INFO Channel 01 : 9[19000] -> 11[4d000] via P2P/IPC/read
x08l11245:30665:30755 [4] NCCL INFO Channel 07 : 4[89000] -> 3[4d000] via P2P/IPC/read
x08l11244:34991:35080 [1] NCCL INFO Channel 02 : 9[19000] -> 11[4d000] via P2P/IPC/read
x08l11244:34992:35076 [2] NCCL INFO Channel 00 : 10[48000] -> 12[89000] via P2P/IPC/read
x08l11244:34991:35080 [1] NCCL INFO Channel 03 : 9[19000] -> 11[4d000] via P2P/IPC/read
x08l11244:34992:35076 [2] NCCL INFO Channel 01 : 10[48000] -> 12[89000] via P2P/IPC/read
x08l11245:30665:30755 [4] NCCL INFO Connected all trees
x08l11245:30665:30755 [4] NCCL INFO MSCCL: Parsing algorithm /mnt/agtest/runxml/xml/lq/exccl_test_v4/exccl-ag-n16-Simple-i4.xml
x08l11244:34992:35076 [2] NCCL INFO Channel 02 : 10[48000] -> 12[89000] via P2P/IPC/read
x08l11244:34995:35074 [5] NCCL INFO Channel 00 : 13[8e000] -> 15[b3000] via P2P/IPC/read
x08l11245:30666:30747 [5] NCCL INFO Connected all trees
x08l11245:30666:30747 [5] NCCL INFO MSCCL: Parsing algorithm /mnt/agtest/runxml/xml/lq/exccl_test_v4/exccl-ag-n16-Simple-i4.xml
x08l11244:34995:35074 [5] NCCL INFO Channel 01 : 13[8e000] -> 15[b3000] via P2P/IPC/read
x08l11245:30669:30757 [7] NCCL INFO Channel 03 : 7[b3000] -> 6[ad000] via P2P/IPC/read
x08l11244:34991:35080 [1] NCCL INFO Channel 00 : 9[19000] -> 12[89000] via P2P/IPC/read
x08l11245:30664:30748 [3] NCCL INFO Connected all trees
x08l11245:30664:30748 [3] NCCL INFO MSCCL: Parsing algorithm /mnt/agtest/runxml/xml/lq/exccl_test_v4/exccl-ag-n16-Simple-i4.xml
x08l11244:34995:35074 [5] NCCL INFO Channel 02 : 13[8e000] -> 15[b3000] via P2P/IPC/read
x08l11245:30661:30715 [0] NCCL INFO Connected all trees
x08l11245:30661:30715 [0] NCCL INFO MSCCL: Parsing algorithm /mnt/agtest/runxml/xml/lq/exccl_test_v4/exccl-ag-n16-Simple-i4.xml
x08l11244:34991:35080 [1] NCCL INFO Channel 01 : 9[19000] -> 12[89000] via P2P/IPC/read
x08l11245:30662:30749 [1] NCCL INFO Connected all trees
x08l11245:30662:30749 [1] NCCL INFO MSCCL: Parsing algorithm /mnt/agtest/runxml/xml/lq/exccl_test_v4/exccl-ag-n16-Simple-i4.xml
x08l11244:34995:35074 [5] NCCL INFO Channel 03 : 13[8e000] -> 15[b3000] via P2P/IPC/read
x08l11244:34991:35080 [1] NCCL INFO Channel 02 : 9[19000] -> 12[89000] via P2P/IPC/read
x08l11245:30669:30757 [7] NCCL INFO Channel 07 : 7[b3000] -> 6[ad000] via P2P/IPC/read
x08l11244:34991:35080 [1] NCCL INFO Channel 03 : 9[19000] -> 12[89000] via P2P/IPC/read
x08l11244:34992:35076 [2] NCCL INFO Channel 03 : 10[48000] -> 12[89000] via P2P/IPC/read
x08l11245:30667:30756 [6] NCCL INFO Connected all trees
x08l11245:30667:30756 [6] NCCL INFO MSCCL: Parsing algorithm /mnt/agtest/runxml/xml/lq/exccl_test_v4/exccl-ag-n16-Simple-i4.xml
x08l11245:30669:30757 [7] NCCL INFO Connected all trees
x08l11245:30669:30757 [7] NCCL INFO MSCCL: Parsing algorithm /mnt/agtest/runxml/xml/lq/exccl_test_v4/exccl-ag-n16-Simple-i4.xml
x08l11244:34992:35076 [2] NCCL INFO Channel 00 : 10[48000] -> 13[8e000] via P2P/IPC/read
x08l11244:34992:35076 [2] NCCL INFO Channel 01 : 10[48000] -> 13[8e000] via P2P/IPC/read
x08l11244:34992:35076 [2] NCCL INFO Channel 02 : 10[48000] -> 13[8e000] via P2P/IPC/read
x08l11244:34990:35083 [0] NCCL INFO Channel 00 : 8[13000] -> 11[4d000] via P2P/IPC/read
x08l11244:34992:35076 [2] NCCL INFO Channel 03 : 10[48000] -> 13[8e000] via P2P/IPC/read
x08l11244:34990:35083 [0] NCCL INFO Channel 02 : 8[13000] -> 11[4d000] via P2P/IPC/read
x08l11245:30665:30755 [4] NCCL INFO Parsed MSCCL Algorithm /mnt/agtest/runxml/xml/lq/exccl_test_v4/exccl-ag-n16-Simple-i4.xml successfully.
x08l11244:34990:35083 [0] NCCL INFO Channel 03 : 8[13000] -> 11[4d000] via P2P/IPC/read
x08l11244:34994:35085 [4] NCCL INFO Channel 00 : 12[89000] -> 15[b3000] via P2P/IPC/read
x08l11244:34993:35077 [3] NCCL INFO Channel 00 : 11[4d000] -> 14[ad000] via P2P/IPC/read
x08l11244:34994:35085 [4] NCCL INFO Channel 01 : 12[89000] -> 15[b3000] via P2P/IPC/read
x08l11244:34992:35076 [2] NCCL INFO Channel 00 : 10[48000] -> 14[ad000] via P2P/IPC/read
x08l11244:34993:35077 [3] NCCL INFO Channel 01 : 11[4d000] -> 14[ad000] via P2P/IPC/read
x08l11245:30661:30715 [0] NCCL INFO Parsed MSCCL Algorithm /mnt/agtest/runxml/xml/lq/exccl_test_v4/exccl-ag-n16-Simple-i4.xml successfully.
x08l11245:30661:30715 [0] NCCL INFO Channel 00 : 0[13000] -> 2[48000] via P2P/IPC/read
x08l11244:34994:35085 [4] NCCL INFO Channel 02 : 12[89000] -> 15[b3000] via P2P/IPC/read
x08l11244:34993:35077 [3] NCCL INFO Channel 02 : 11[4d000] -> 14[ad000] via P2P/IPC/read
x08l11244:34992:35076 [2] NCCL INFO Channel 01 : 10[48000] -> 14[ad000] via P2P/IPC/read
x08l11244:34993:35077 [3] NCCL INFO Channel 03 : 11[4d000] -> 14[ad000] via P2P/IPC/read
x08l11244:34992:35076 [2] NCCL INFO Channel 02 : 10[48000] -> 14[ad000] via P2P/IPC/read
x08l11245:30666:30747 [5] NCCL INFO Parsed MSCCL Algorithm /mnt/agtest/runxml/xml/lq/exccl_test_v4/exccl-ag-n16-Simple-i4.xml successfully.
x08l11245:30666:30747 [5] NCCL INFO Channel 03 : 5[8e000] -> 6[ad000] via P2P/IPC/read
x08l11244:34992:35076 [2] NCCL INFO Channel 03 : 10[48000] -> 14[ad000] via P2P/IPC/read
x08l11245:30664:30748 [3] NCCL INFO Parsed MSCCL Algorithm /mnt/agtest/runxml/xml/lq/exccl_test_v4/exccl-ag-n16-Simple-i4.xml successfully.
x08l11245:30664:30748 [3] NCCL INFO Channel 02 : 3[4d000] -> 4[89000] via P2P/IPC/read
x08l11244:34991:35080 [1] NCCL INFO Channel 00 : 9[19000] -> 13[8e000] via P2P/IPC/read
x08l11245:30662:30749 [1] NCCL INFO Parsed MSCCL Algorithm /mnt/agtest/runxml/xml/lq/exccl_test_v4/exccl-ag-n16-Simple-i4.xml successfully.
x08l11245:30662:30749 [1] NCCL INFO Channel 01 : 1[19000] -> 2[48000] via P2P/IPC/read
x08l11244:34991:35080 [1] NCCL INFO Channel 01 : 9[19000] -> 13[8e000] via P2P/IPC/read
x08l11244:34991:35080 [1] NCCL INFO Channel 02 : 9[19000] -> 13[8e000] via P2P/IPC/read
x08l11245:30667:30756 [6] NCCL INFO Parsed MSCCL Algorithm /mnt/agtest/runxml/xml/lq/exccl_test_v4/exccl-ag-n16-Simple-i4.xml successfully.
x08l11244:34993:35077 [3] NCCL INFO Channel 00 : 11[4d000] -> 15[b3000] via P2P/IPC/read
x08l11244:34991:35080 [1] NCCL INFO Channel 03 : 9[19000] -> 13[8e000] via P2P/IPC/read
x08l11244:34993:35077 [3] NCCL INFO Channel 01 : 11[4d000] -> 15[b3000] via P2P/IPC/read
x08l11244:34993:35077 [3] NCCL INFO Channel 02 : 11[4d000] -> 15[b3000] via P2P/IPC/read
x08l11245:30669:30757 [7] NCCL INFO Parsed MSCCL Algorithm /mnt/agtest/runxml/xml/lq/exccl_test_v4/exccl-ag-n16-Simple-i4.xml successfully.
x08l11244:34993:35077 [3] NCCL INFO Channel 03 : 11[4d000] -> 15[b3000] via P2P/IPC/read
x08l11244:34990:35083 [0] NCCL INFO Channel 00 : 8[13000] -> 12[89000] via P2P/IPC/read
x08l11244:34990:35083 [0] NCCL INFO Channel 01 : 8[13000] -> 12[89000] via P2P/IPC/read
x08l11244:34990:35083 [0] NCCL INFO Channel 02 : 8[13000] -> 12[89000] via P2P/IPC/read
x08l11244:34992:35076 [2] NCCL INFO Channel 00 : 10[48000] -> 15[b3000] via P2P/IPC/read
x08l11244:34991:35080 [1] NCCL INFO Channel 00 : 9[19000] -> 14[ad000] via P2P/IPC/read
x08l11244:34990:35083 [0] NCCL INFO Channel 03 : 8[13000] -> 12[89000] via P2P/IPC/read
x08l11244:34992:35076 [2] NCCL INFO Channel 02 : 10[48000] -> 15[b3000] via P2P/IPC/read
x08l11244:34992:35076 [2] NCCL INFO Channel 03 : 10[48000] -> 15[b3000] via P2P/IPC/read
x08l11244:34991:35080 [1] NCCL INFO Channel 01 : 9[19000] -> 14[ad000] via P2P/IPC/read
x08l11244:34991:35080 [1] NCCL INFO Channel 02 : 9[19000] -> 14[ad000] via P2P/IPC/read
x08l11244:34991:35080 [1] NCCL INFO Channel 03 : 9[19000] -> 14[ad000] via P2P/IPC/read
x08l11245:30661:30715 [0] NCCL INFO Channel 01 : 0[13000] -> 2[48000] via P2P/IPC/read
x08l11245:30661:30715 [0] NCCL INFO Channel 02 : 0[13000] -> 2[48000] via P2P/IPC/read
x08l11245:30662:30749 [1] NCCL INFO Channel 00 : 1[19000] -> 3[4d000] via P2P/IPC/read
x08l11245:30661:30715 [0] NCCL INFO Channel 03 : 0[13000] -> 2[48000] via P2P/IPC/read
x08l11245:30662:30749 [1] NCCL INFO Channel 01 : 1[19000] -> 3[4d000] via P2P/IPC/read
x08l11245:30662:30749 [1] NCCL INFO Channel 02 : 1[19000] -> 3[4d000] via P2P/IPC/read
x08l11244:34990:35083 [0] NCCL INFO Channel 00 : 8[13000] -> 13[8e000] via P2P/IPC/read
x08l11244:34991:35080 [1] NCCL INFO Channel 00 : 9[19000] -> 15[b3000] via P2P/IPC/read
x08l11245:30664:30748 [3] NCCL INFO Channel 00 : 3[4d000] -> 5[8e000] via P2P/IPC/read
x08l11245:30662:30749 [1] NCCL INFO Channel 03 : 1[19000] -> 3[4d000] via P2P/IPC/read
x08l11245:30665:30755 [4] NCCL INFO Channel 00 : 4[89000] -> 6[ad000] via P2P/IPC/read
x08l11244:34990:35083 [0] NCCL INFO Channel 01 : 8[13000] -> 13[8e000] via P2P/IPC/read
x08l11244:34991:35080 [1] NCCL INFO Channel 01 : 9[19000] -> 15[b3000] via P2P/IPC/read
x08l11244:34990:35083 [0] NCCL INFO Channel 02 : 8[13000] -> 13[8e000] via P2P/IPC/read
x08l11244:34991:35080 [1] NCCL INFO Channel 02 : 9[19000] -> 15[b3000] via P2P/IPC/read
x08l11245:30664:30748 [3] NCCL INFO Channel 01 : 3[4d000] -> 5[8e000] via P2P/IPC/read
x08l11245:30663:30754 [2] NCCL INFO Channel 00 : 2[48000] -> 4[89000] via P2P/IPC/read
x08l11245:30665:30755 [4] NCCL INFO Channel 01 : 4[89000] -> 6[ad000] via P2P/IPC/read
x08l11245:30666:30747 [5] NCCL INFO Channel 00 : 5[8e000] -> 7[b3000] via P2P/IPC/read
x08l11244:34991:35080 [1] NCCL INFO Channel 03 : 9[19000] -> 15[b3000] via P2P/IPC/read
x08l11245:30665:30755 [4] NCCL INFO Channel 02 : 4[89000] -> 6[ad000] via P2P/IPC/read
x08l11245:30663:30754 [2] NCCL INFO Channel 01 : 2[48000] -> 4[89000] via P2P/IPC/read
x08l11245:30664:30748 [3] NCCL INFO Channel 02 : 3[4d000] -> 5[8e000] via P2P/IPC/read
x08l11245:30666:30747 [5] NCCL INFO Channel 01 : 5[8e000] -> 7[b3000] via P2P/IPC/read
x08l11245:30665:30755 [4] NCCL INFO Channel 03 : 4[89000] -> 6[ad000] via P2P/IPC/read
x08l11245:30663:30754 [2] NCCL INFO Channel 02 : 2[48000] -> 4[89000] via P2P/IPC/read
x08l11245:30664:30748 [3] NCCL INFO Channel 03 : 3[4d000] -> 5[8e000] via P2P/IPC/read
x08l11245:30666:30747 [5] NCCL INFO Channel 02 : 5[8e000] -> 7[b3000] via P2P/IPC/read
x08l11245:30663:30754 [2] NCCL INFO Channel 03 : 2[48000] -> 4[89000] via P2P/IPC/read
x08l11244:34990:35083 [0] NCCL INFO Channel 00 : 8[13000] -> 14[ad000] via P2P/IPC/read
x08l11244:34990:35083 [0] NCCL INFO Channel 01 : 8[13000] -> 14[ad000] via P2P/IPC/read
x08l11244:34990:35083 [0] NCCL INFO Channel 02 : 8[13000] -> 14[ad000] via P2P/IPC/read
x08l11244:34990:35083 [0] NCCL INFO Channel 03 : 8[13000] -> 14[ad000] via P2P/IPC/read
x08l11245:30666:30747 [5] NCCL INFO Channel 03 : 5[8e000] -> 7[b3000] via P2P/IPC/read
x08l11245:30662:30749 [1] NCCL INFO Channel 00 : 1[19000] -> 4[89000] via P2P/IPC/read
x08l11245:30661:30715 [0] NCCL INFO Channel 00 : 0[13000] -> 3[4d000] via P2P/IPC/read
x08l11245:30662:30749 [1] NCCL INFO Channel 01 : 1[19000] -> 4[89000] via P2P/IPC/read
x08l11245:30661:30715 [0] NCCL INFO Channel 02 : 0[13000] -> 3[4d000] via P2P/IPC/read
x08l11245:30662:30749 [1] NCCL INFO Channel 02 : 1[19000] -> 4[89000] via P2P/IPC/read
x08l11245:30661:30715 [0] NCCL INFO Channel 03 : 0[13000] -> 3[4d000] via P2P/IPC/read
x08l11245:30662:30749 [1] NCCL INFO Channel 03 : 1[19000] -> 4[89000] via P2P/IPC/read
x08l11245:30663:30754 [2] NCCL INFO Channel 00 : 2[48000] -> 5[8e000] via P2P/IPC/read
x08l11245:30663:30754 [2] NCCL INFO Channel 01 : 2[48000] -> 5[8e000] via P2P/IPC/read
x08l11245:30663:30754 [2] NCCL INFO Channel 02 : 2[48000] -> 5[8e000] via P2P/IPC/read
x08l11245:30663:30754 [2] NCCL INFO Channel 03 : 2[48000] -> 5[8e000] via P2P/IPC/read
x08l11245:30664:30748 [3] NCCL INFO Channel 00 : 3[4d000] -> 6[ad000] via P2P/IPC/read
x08l11245:30665:30755 [4] NCCL INFO Channel 00 : 4[89000] -> 7[b3000] via P2P/IPC/read
x08l11245:30664:30748 [3] NCCL INFO Channel 01 : 3[4d000] -> 6[ad000] via P2P/IPC/read
x08l11245:30665:30755 [4] NCCL INFO Channel 01 : 4[89000] -> 7[b3000] via P2P/IPC/read
x08l11245:30664:30748 [3] NCCL INFO Channel 02 : 3[4d000] -> 6[ad000] via P2P/IPC/read
x08l11245:30665:30755 [4] NCCL INFO Channel 02 : 4[89000] -> 7[b3000] via P2P/IPC/read
x08l11245:30664:30748 [3] NCCL INFO Channel 03 : 3[4d000] -> 6[ad000] via P2P/IPC/read
x08l11245:30663:30754 [2] NCCL INFO Channel 00 : 2[48000] -> 6[ad000] via P2P/IPC/read
x08l11245:30663:30754 [2] NCCL INFO Channel 01 : 2[48000] -> 6[ad000] via P2P/IPC/read
x08l11245:30662:30749 [1] NCCL INFO Channel 00 : 1[19000] -> 5[8e000] via P2P/IPC/read
x08l11245:30661:30715 [0] NCCL INFO Channel 00 : 0[13000] -> 4[89000] via P2P/IPC/read
x08l11245:30663:30754 [2] NCCL INFO Channel 02 : 2[48000] -> 6[ad000] via P2P/IPC/read
x08l11245:30662:30749 [1] NCCL INFO Channel 01 : 1[19000] -> 5[8e000] via P2P/IPC/read
x08l11245:30661:30715 [0] NCCL INFO Channel 01 : 0[13000] -> 4[89000] via P2P/IPC/read
x08l11245:30663:30754 [2] NCCL INFO Channel 03 : 2[48000] -> 6[ad000] via P2P/IPC/read
x08l11245:30662:30749 [1] NCCL INFO Channel 02 : 1[19000] -> 5[8e000] via P2P/IPC/read
x08l11245:30661:30715 [0] NCCL INFO Channel 02 : 0[13000] -> 4[89000] via P2P/IPC/read
x08l11245:30664:30748 [3] NCCL INFO Channel 00 : 3[4d000] -> 7[b3000] via P2P/IPC/read
x08l11245:30662:30749 [1] NCCL INFO Channel 03 : 1[19000] -> 5[8e000] via P2P/IPC/read
x08l11245:30661:30715 [0] NCCL INFO Channel 03 : 0[13000] -> 4[89000] via P2P/IPC/read
x08l11245:30664:30748 [3] NCCL INFO Channel 01 : 3[4d000] -> 7[b3000] via P2P/IPC/read
x08l11245:30664:30748 [3] NCCL INFO Channel 02 : 3[4d000] -> 7[b3000] via P2P/IPC/read
x08l11245:30664:30748 [3] NCCL INFO Channel 03 : 3[4d000] -> 7[b3000] via P2P/IPC/read
x08l11245:30662:30749 [1] NCCL INFO Channel 00 : 1[19000] -> 6[ad000] via P2P/IPC/read
x08l11245:30663:30754 [2] NCCL INFO Channel 00 : 2[48000] -> 7[b3000] via P2P/IPC/read
x08l11245:30662:30749 [1] NCCL INFO Channel 01 : 1[19000] -> 6[ad000] via P2P/IPC/read
x08l11245:30661:30715 [0] NCCL INFO Channel 00 : 0[13000] -> 5[8e000] via P2P/IPC/read
x08l11245:30663:30754 [2] NCCL INFO Channel 02 : 2[48000] -> 7[b3000] via P2P/IPC/read
x08l11244:34993:35077 [3] NCCL INFO Channel 00/0 : 3[4d000] -> 11[4d000] [receive] via NET/IB/2/GDRDMA
x08l11244:34993:35077 [3] NCCL INFO Channel 01/0 : 3[4d000] -> 11[4d000] [receive] via NET/IB/2/GDRDMA
x08l11245:30662:30749 [1] NCCL INFO Channel 02 : 1[19000] -> 6[ad000] via P2P/IPC/read
x08l11244:34993:35077 [3] NCCL INFO Channel 02/0 : 3[4d000] -> 11[4d000] [receive] via NET/IB/2/GDRDMA
x08l11244:34993:35077 [3] NCCL INFO Channel 03/0 : 3[4d000] -> 11[4d000] [receive] via NET/IB/2/GDRDMA
x08l11244:34993:35077 [3] NCCL INFO Channel 00/0 : 11[4d000] -> 3[4d000] [send] via NET/IB/2(10)/GDRDMA
x08l11244:34993:35077 [3] NCCL INFO Channel 01/0 : 11[4d000] -> 3[4d000] [send] via NET/IB/2(10)/GDRDMA
x08l11244:34993:35077 [3] NCCL INFO Channel 02/0 : 11[4d000] -> 3[4d000] [send] via NET/IB/2(10)/GDRDMA
x08l11244:34993:35077 [3] NCCL INFO Channel 03/0 : 11[4d000] -> 3[4d000] [send] via NET/IB/2(10)/GDRDMA
x08l11245:30661:30715 [0] NCCL INFO Channel 01 : 0[13000] -> 5[8e000] via P2P/IPC/read
x08l11245:30663:30754 [2] NCCL INFO Channel 03 : 2[48000] -> 7[b3000] via P2P/IPC/read
x08l11245:30661:30715 [0] NCCL INFO Channel 02 : 0[13000] -> 5[8e000] via P2P/IPC/read
x08l11245:30662:30749 [1] NCCL INFO Channel 03 : 1[19000] -> 6[ad000] via P2P/IPC/read
x08l11244:34992:35076 [2] NCCL INFO Channel 00/0 : 2[48000] -> 10[48000] [receive] via NET/IB/2/GDRDMA
x08l11244:34992:35076 [2] NCCL INFO Channel 02/0 : 2[48000] -> 10[48000] [receive] via NET/IB/2/GDRDMA
x08l11244:34992:35076 [2] NCCL INFO Channel 03/0 : 2[48000] -> 10[48000] [receive] via NET/IB/2/GDRDMA
x08l11244:34992:35076 [2] NCCL INFO Channel 00/0 : 10[48000] -> 2[48000] [send] via NET/IB/2/GDRDMA
x08l11244:34992:35076 [2] NCCL INFO Channel 02/0 : 10[48000] -> 2[48000] [send] via NET/IB/2/GDRDMA
x08l11244:34992:35076 [2] NCCL INFO Channel 03/0 : 10[48000] -> 2[48000] [send] via NET/IB/2/GDRDMA
x08l11244:34994:35085 [4] NCCL INFO Channel 00/0 : 4[89000] -> 12[89000] [receive] via NET/IB/3/GDRDMA
x08l11244:34994:35085 [4] NCCL INFO Channel 01/0 : 4[89000] -> 12[89000] [receive] via NET/IB/3/GDRDMA
x08l11244:34994:35085 [4] NCCL INFO Channel 03/0 : 4[89000] -> 12[89000] [receive] via NET/IB/3/GDRDMA
x08l11244:34994:35085 [4] NCCL INFO Channel 00/0 : 12[89000] -> 4[89000] [send] via NET/IB/3/GDRDMA
x08l11244:34994:35085 [4] NCCL INFO Channel 01/0 : 12[89000] -> 4[89000] [send] via NET/IB/3/GDRDMA
x08l11244:34994:35085 [4] NCCL INFO Channel 03/0 : 12[89000] -> 4[89000] [send] via NET/IB/3/GDRDMA
x08l11245:30661:30715 [0] NCCL INFO Channel 00 : 0[13000] -> 6[ad000] via P2P/IPC/read
x08l11245:30661:30715 [0] NCCL INFO Channel 01 : 0[13000] -> 6[ad000] via P2P/IPC/read
x08l11245:30661:30715 [0] NCCL INFO Channel 02 : 0[13000] -> 6[ad000] via P2P/IPC/read
x08l11245:30662:30749 [1] NCCL INFO Channel 00 : 1[19000] -> 7[b3000] via P2P/IPC/read
x08l11245:30661:30715 [0] NCCL INFO Channel 03 : 0[13000] -> 6[ad000] via P2P/IPC/read
x08l11244:34991:35080 [1] NCCL INFO Channel 00/0 : 1[19000] -> 9[19000] [receive] via NET/IB/1/GDRDMA
x08l11245:30662:30749 [1] NCCL INFO Channel 01 : 1[19000] -> 7[b3000] via P2P/IPC/read
x08l11244:34995:35074 [5] NCCL INFO Channel 00/0 : 5[8e000] -> 13[8e000] [receive] via NET/IB/3/GDRDMA
x08l11244:34998:35073 [7] NCCL INFO Channel 00/0 : 7[b3000] -> 15[b3000] [receive] via NET/IB/4/GDRDMA
x08l11244:34991:35080 [1] NCCL INFO Channel 01/0 : 1[19000] -> 9[19000] [receive] via NET/IB/1/GDRDMA
x08l11244:34998:35073 [7] NCCL INFO Channel 01/0 : 7[b3000] -> 15[b3000] [receive] via NET/IB/4/GDRDMA
x08l11244:34995:35074 [5] NCCL INFO Channel 01/0 : 5[8e000] -> 13[8e000] [receive] via NET/IB/3/GDRDMA
x08l11244:34991:35080 [1] NCCL INFO Channel 02/0 : 1[19000] -> 9[19000] [receive] via NET/IB/1/GDRDMA
x08l11244:34995:35074 [5] NCCL INFO Channel 02/0 : 5[8e000] -> 13[8e000] [receive] via NET/IB/3/GDRDMA
x08l11244:34998:35073 [7] NCCL INFO Channel 02/0 : 7[b3000] -> 15[b3000] [receive] via NET/IB/4/GDRDMA
x08l11244:34991:35080 [1] NCCL INFO Channel 03/0 : 1[19000] -> 9[19000] [receive] via NET/IB/1/GDRDMA
x08l11244:34998:35073 [7] NCCL INFO Channel 03/0 : 7[b3000] -> 15[b3000] [receive] via NET/IB/4/GDRDMA
x08l11244:34995:35074 [5] NCCL INFO Channel 03/0 : 5[8e000] -> 13[8e000] [receive] via NET/IB/3/GDRDMA
x08l11244:34991:35080 [1] NCCL INFO Channel 00/0 : 9[19000] -> 1[19000] [send] via NET/IB/1(8)/GDRDMA
x08l11244:34998:35073 [7] NCCL INFO Channel 00/0 : 15[b3000] -> 7[b3000] [send] via NET/IB/4(14)/GDRDMA
x08l11244:34995:35074 [5] NCCL INFO Channel 00/0 : 13[8e000] -> 5[8e000] [send] via NET/IB/3(12)/GDRDMA
x08l11245:30662:30749 [1] NCCL INFO Channel 02 : 1[19000] -> 7[b3000] via P2P/IPC/read
x08l11244:34991:35080 [1] NCCL INFO Channel 01/0 : 9[19000] -> 1[19000] [send] via NET/IB/1(8)/GDRDMA
x08l11244:34998:35073 [7] NCCL INFO Channel 01/0 : 15[b3000] -> 7[b3000] [send] via NET/IB/4(14)/GDRDMA
x08l11244:34995:35074 [5] NCCL INFO Channel 01/0 : 13[8e000] -> 5[8e000] [send] via NET/IB/3(12)/GDRDMA
x08l11244:34991:35080 [1] NCCL INFO Channel 02/0 : 9[19000] -> 1[19000] [send] via NET/IB/1(8)/GDRDMA
x08l11244:34998:35073 [7] NCCL INFO Channel 02/0 : 15[b3000] -> 7[b3000] [send] via NET/IB/4(14)/GDRDMA
x08l11244:34995:35074 [5] NCCL INFO Channel 02/0 : 13[8e000] -> 5[8e000] [send] via NET/IB/3(12)/GDRDMA
x08l11244:34991:35080 [1] NCCL INFO Channel 03/0 : 9[19000] -> 1[19000] [send] via NET/IB/1(8)/GDRDMA
x08l11244:34998:35073 [7] NCCL INFO Channel 03/0 : 15[b3000] -> 7[b3000] [send] via NET/IB/4(14)/GDRDMA
x08l11244:34995:35074 [5] NCCL INFO Channel 03/0 : 13[8e000] -> 5[8e000] [send] via NET/IB/3(12)/GDRDMA
x08l11244:34990:35083 [0] NCCL INFO Channel 01/0 : 0[13000] -> 8[13000] [receive] via NET/IB/1/GDRDMA
x08l11244:34996:35081 [6] NCCL INFO Channel 00/0 : 6[ad000] -> 14[ad000] [receive] via NET/IB/4/GDRDMA
x08l11244:34990:35083 [0] NCCL INFO Channel 02/0 : 0[13000] -> 8[13000] [receive] via NET/IB/1/GDRDMA
x08l11244:34996:35081 [6] NCCL INFO Channel 01/0 : 6[ad000] -> 14[ad000] [receive] via NET/IB/4/GDRDMA
x08l11244:34990:35083 [0] NCCL INFO Channel 03/0 : 0[13000] -> 8[13000] [receive] via NET/IB/1/GDRDMA
x08l11244:34996:35081 [6] NCCL INFO Channel 02/0 : 6[ad000] -> 14[ad000] [receive] via NET/IB/4/GDRDMA
x08l11244:34990:35083 [0] NCCL INFO Channel 01/0 : 8[13000] -> 0[13000] [send] via NET/IB/1/GDRDMA
x08l11244:34996:35081 [6] NCCL INFO Channel 00/0 : 14[ad000] -> 6[ad000] [send] via NET/IB/4/GDRDMA
x08l11244:34990:35083 [0] NCCL INFO Channel 02/0 : 8[13000] -> 0[13000] [send] via NET/IB/1/GDRDMA
x08l11244:34996:35081 [6] NCCL INFO Channel 01/0 : 14[ad000] -> 6[ad000] [send] via NET/IB/4/GDRDMA
x08l11244:34990:35083 [0] NCCL INFO Channel 03/0 : 8[13000] -> 0[13000] [send] via NET/IB/1/GDRDMA
x08l11244:34996:35081 [6] NCCL INFO Channel 02/0 : 14[ad000] -> 6[ad000] [send] via NET/IB/4/GDRDMA
x08l11245:30662:30749 [1] NCCL INFO Channel 03 : 1[19000] -> 7[b3000] via P2P/IPC/read
x08l11245:30665:30755 [4] NCCL INFO Channel 00/0 : 12[89000] -> 4[89000] [receive] via NET/IB/3/GDRDMA
x08l11245:30665:30755 [4] NCCL INFO Channel 01/0 : 12[89000] -> 4[89000] [receive] via NET/IB/3/GDRDMA
x08l11245:30665:30755 [4] NCCL INFO Channel 03/0 : 12[89000] -> 4[89000] [receive] via NET/IB/3/GDRDMA
x08l11245:30665:30755 [4] NCCL INFO Channel 00/0 : 4[89000] -> 12[89000] [send] via NET/IB/3/GDRDMA
x08l11245:30665:30755 [4] NCCL INFO Channel 01/0 : 4[89000] -> 12[89000] [send] via NET/IB/3/GDRDMA
x08l11245:30665:30755 [4] NCCL INFO Channel 03/0 : 4[89000] -> 12[89000] [send] via NET/IB/3/GDRDMA
x08l11245:30664:30748 [3] NCCL INFO Channel 00/0 : 11[4d000] -> 3[4d000] [receive] via NET/IB/2/GDRDMA
x08l11245:30664:30748 [3] NCCL INFO Channel 01/0 : 11[4d000] -> 3[4d000] [receive] via NET/IB/2/GDRDMA
x08l11245:30664:30748 [3] NCCL INFO Channel 02/0 : 11[4d000] -> 3[4d000] [receive] via NET/IB/2/GDRDMA
x08l11245:30664:30748 [3] NCCL INFO Channel 03/0 : 11[4d000] -> 3[4d000] [receive] via NET/IB/2/GDRDMA
x08l11245:30664:30748 [3] NCCL INFO Channel 00/0 : 3[4d000] -> 11[4d000] [send] via NET/IB/2(2)/GDRDMA
x08l11245:30664:30748 [3] NCCL INFO Channel 01/0 : 3[4d000] -> 11[4d000] [send] via NET/IB/2(2)/GDRDMA
x08l11245:30664:30748 [3] NCCL INFO Channel 02/0 : 3[4d000] -> 11[4d000] [send] via NET/IB/2(2)/GDRDMA
x08l11245:30664:30748 [3] NCCL INFO Channel 03/0 : 3[4d000] -> 11[4d000] [send] via NET/IB/2(2)/GDRDMA
x08l11245:30666:30747 [5] NCCL INFO Channel 00/0 : 13[8e000] -> 5[8e000] [receive] via NET/IB/3/GDRDMA
x08l11245:30666:30747 [5] NCCL INFO Channel 01/0 : 13[8e000] -> 5[8e000] [receive] via NET/IB/3/GDRDMA
x08l11245:30666:30747 [5] NCCL INFO Channel 02/0 : 13[8e000] -> 5[8e000] [receive] via NET/IB/3/GDRDMA
x08l11245:30666:30747 [5] NCCL INFO Channel 03/0 : 13[8e000] -> 5[8e000] [receive] via NET/IB/3/GDRDMA
x08l11245:30666:30747 [5] NCCL INFO Channel 00/0 : 5[8e000] -> 13[8e000] [send] via NET/IB/3(4)/GDRDMA
x08l11245:30663:30754 [2] NCCL INFO Channel 00/0 : 10[48000] -> 2[48000] [receive] via NET/IB/2/GDRDMA
x08l11245:30663:30754 [2] NCCL INFO Channel 02/0 : 10[48000] -> 2[48000] [receive] via NET/IB/2/GDRDMA
x08l11245:30663:30754 [2] NCCL INFO Channel 03/0 : 10[48000] -> 2[48000] [receive] via NET/IB/2/GDRDMA
x08l11245:30663:30754 [2] NCCL INFO Channel 00/0 : 2[48000] -> 10[48000] [send] via NET/IB/2/GDRDMA
x08l11245:30663:30754 [2] NCCL INFO Channel 02/0 : 2[48000] -> 10[48000] [send] via NET/IB/2/GDRDMA
x08l11245:30663:30754 [2] NCCL INFO Channel 03/0 : 2[48000] -> 10[48000] [send] via NET/IB/2/GDRDMA
x08l11245:30666:30747 [5] NCCL INFO Channel 01/0 : 5[8e000] -> 13[8e000] [send] via NET/IB/3(4)/GDRDMA
x08l11245:30661:30715 [0] NCCL INFO Channel 01/0 : 8[13000] -> 0[13000] [receive] via NET/IB/1/GDRDMA
x08l11245:30669:30757 [7] NCCL INFO Channel 00/0 : 15[b3000] -> 7[b3000] [receive] via NET/IB/4/GDRDMA
x08l11245:30667:30756 [6] NCCL INFO Channel 00/0 : 14[ad000] -> 6[ad000] [receive] via NET/IB/4/GDRDMA
x08l11245:30661:30715 [0] NCCL INFO Channel 02/0 : 8[13000] -> 0[13000] [receive] via NET/IB/1/GDRDMA
x08l11245:30669:30757 [7] NCCL INFO Channel 01/0 : 15[b3000] -> 7[b3000] [receive] via NET/IB/4/GDRDMA
x08l11245:30667:30756 [6] NCCL INFO Channel 01/0 : 14[ad000] -> 6[ad000] [receive] via NET/IB/4/GDRDMA
x08l11245:30669:30757 [7] NCCL INFO Channel 02/0 : 15[b3000] -> 7[b3000] [receive] via NET/IB/4/GDRDMA
x08l11245:30661:30715 [0] NCCL INFO Channel 03/0 : 8[13000] -> 0[13000] [receive] via NET/IB/1/GDRDMA
x08l11245:30667:30756 [6] NCCL INFO Channel 02/0 : 14[ad000] -> 6[ad000] [receive] via NET/IB/4/GDRDMA
x08l11245:30661:30715 [0] NCCL INFO Channel 01/0 : 0[13000] -> 8[13000] [send] via NET/IB/1/GDRDMA
x08l11245:30667:30756 [6] NCCL INFO Channel 00/0 : 6[ad000] -> 14[ad000] [send] via NET/IB/4/GDRDMA
x08l11245:30669:30757 [7] NCCL INFO Channel 03/0 : 15[b3000] -> 7[b3000] [receive] via NET/IB/4/GDRDMA
x08l11245:30661:30715 [0] NCCL INFO Channel 02/0 : 0[13000] -> 8[13000] [send] via NET/IB/1/GDRDMA
x08l11245:30667:30756 [6] NCCL INFO Channel 01/0 : 6[ad000] -> 14[ad000] [send] via NET/IB/4/GDRDMA
x08l11245:30661:30715 [0] NCCL INFO Channel 03/0 : 0[13000] -> 8[13000] [send] via NET/IB/1/GDRDMA
x08l11245:30667:30756 [6] NCCL INFO Channel 02/0 : 6[ad000] -> 14[ad000] [send] via NET/IB/4/GDRDMA
x08l11245:30669:30757 [7] NCCL INFO Channel 00/0 : 7[b3000] -> 15[b3000] [send] via NET/IB/4(6)/GDRDMA
x08l11245:30669:30757 [7] NCCL INFO Channel 01/0 : 7[b3000] -> 15[b3000] [send] via NET/IB/4(6)/GDRDMA
x08l11245:30669:30757 [7] NCCL INFO Channel 02/0 : 7[b3000] -> 15[b3000] [send] via NET/IB/4(6)/GDRDMA
x08l11245:30662:30749 [1] NCCL INFO Channel 00/0 : 9[19000] -> 1[19000] [receive] via NET/IB/1/GDRDMA
x08l11245:30662:30749 [1] NCCL INFO Channel 01/0 : 9[19000] -> 1[19000] [receive] via NET/IB/1/GDRDMA
x08l11245:30662:30749 [1] NCCL INFO Channel 02/0 : 9[19000] -> 1[19000] [receive] via NET/IB/1/GDRDMA
x08l11245:30662:30749 [1] NCCL INFO Channel 03/0 : 9[19000] -> 1[19000] [receive] via NET/IB/1/GDRDMA
x08l11245:30666:30747 [5] NCCL INFO Channel 02/0 : 5[8e000] -> 13[8e000] [send] via NET/IB/3(4)/GDRDMA
x08l11245:30662:30749 [1] NCCL INFO Channel 00/0 : 1[19000] -> 9[19000] [send] via NET/IB/1(0)/GDRDMA
x08l11245:30666:30747 [5] NCCL INFO Channel 03/0 : 5[8e000] -> 13[8e000] [send] via NET/IB/3(4)/GDRDMA
x08l11245:30664:30759 [3] NCCL INFO NCCL_IB_TC set by environment to 16.
x08l11245:30664:30759 [3] NCCL INFO NCCL_IB_SL set by environment to 5.
x08l11245:30664:30759 [3] NCCL INFO NCCL_IB_TIMEOUT set by environment to 22.
x08l11245:30669:30757 [7] NCCL INFO Channel 03/0 : 7[b3000] -> 15[b3000] [send] via NET/IB/4(6)/GDRDMA
x08l11245:30662:30749 [1] NCCL INFO Channel 01/0 : 1[19000] -> 9[19000] [send] via NET/IB/1(0)/GDRDMA
x08l11244:34993:35091 [3] NCCL INFO NCCL_IB_TC set by environment to 16.
x08l11244:34993:35091 [3] NCCL INFO NCCL_IB_SL set by environment to 5.
x08l11245:30665:30755 [4] NCCL INFO Channel 00 : 4[89000] -> 0[13000] via P2P/IPC/read
x08l11244:34993:35091 [3] NCCL INFO NCCL_IB_TIMEOUT set by environment to 22.
x08l11245:30662:30749 [1] NCCL INFO Channel 02/0 : 1[19000] -> 9[19000] [send] via NET/IB/1(0)/GDRDMA
x08l11244:34994:35085 [4] NCCL INFO Channel 00 : 12[89000] -> 8[13000] via P2P/IPC/read
x08l11245:30665:30755 [4] NCCL INFO Channel 01 : 4[89000] -> 0[13000] via P2P/IPC/read
x08l11245:30665:30755 [4] NCCL INFO Channel 02 : 4[89000] -> 0[13000] via P2P/IPC/read
x08l11244:34994:35085 [4] NCCL INFO Channel 01 : 12[89000] -> 8[13000] via P2P/IPC/read
x08l11244:34994:35085 [4] NCCL INFO Channel 02 : 12[89000] -> 8[13000] via P2P/IPC/read
x08l11245:30665:30755 [4] NCCL INFO Channel 03 : 4[89000] -> 0[13000] via P2P/IPC/read
x08l11244:34994:35085 [4] NCCL INFO Channel 03 : 12[89000] -> 8[13000] via P2P/IPC/read
x08l11244:34995:35093 [5] NCCL INFO NCCL_IB_TC set by environment to 16.
x08l11244:34995:35093 [5] NCCL INFO NCCL_IB_SL set by environment to 5.
x08l11244:34995:35093 [5] NCCL INFO NCCL_IB_TIMEOUT set by environment to 22.
x08l11245:30666:30760 [5] NCCL INFO NCCL_IB_TC set by environment to 16.
x08l11245:30666:30760 [5] NCCL INFO NCCL_IB_SL set by environment to 5.
x08l11245:30666:30760 [5] NCCL INFO NCCL_IB_TIMEOUT set by environment to 22.
x08l11244:34998:35088 [7] NCCL INFO NCCL_IB_TC set by environment to 16.
x08l11244:34998:35088 [7] NCCL INFO NCCL_IB_SL set by environment to 5.
x08l11244:34998:35088 [7] NCCL INFO NCCL_IB_TIMEOUT set by environment to 22.
x08l11245:30667:30756 [6] NCCL INFO Channel 00 : 6[ad000] -> 0[13000] via P2P/IPC/read
x08l11244:34996:35081 [6] NCCL INFO Channel 00 : 14[ad000] -> 8[13000] via P2P/IPC/read
x08l11245:30667:30756 [6] NCCL INFO Channel 01 : 6[ad000] -> 0[13000] via P2P/IPC/read
x08l11245:30667:30756 [6] NCCL INFO Channel 02 : 6[ad000] -> 0[13000] via P2P/IPC/read
x08l11244:34996:35081 [6] NCCL INFO Channel 01 : 14[ad000] -> 8[13000] via P2P/IPC/read
x08l11245:30667:30756 [6] NCCL INFO Channel 03 : 6[ad000] -> 0[13000] via P2P/IPC/read
x08l11244:34996:35081 [6] NCCL INFO Channel 02 : 14[ad000] -> 8[13000] via P2P/IPC/read
x08l11245:30669:30765 [7] NCCL INFO NCCL_IB_TC set by environment to 16.
x08l11245:30669:30765 [7] NCCL INFO NCCL_IB_SL set by environment to 5.
x08l11245:30669:30765 [7] NCCL INFO NCCL_IB_TIMEOUT set by environment to 22.
x08l11244:34996:35081 [6] NCCL INFO Channel 03 : 14[ad000] -> 8[13000] via P2P/IPC/read
x08l11245:30666:30747 [5] NCCL INFO Channel 00 : 5[8e000] -> 0[13000] via P2P/IPC/read
x08l11245:30666:30747 [5] NCCL INFO Channel 01 : 5[8e000] -> 0[13000] via P2P/IPC/read
x08l11245:30666:30747 [5] NCCL INFO Channel 02 : 5[8e000] -> 0[13000] via P2P/IPC/read
x08l11245:30666:30747 [5] NCCL INFO Channel 03 : 5[8e000] -> 0[13000] via P2P/IPC/read
x08l11244:34995:35074 [5] NCCL INFO Channel 00 : 13[8e000] -> 8[13000] via P2P/IPC/read
x08l11244:34995:35074 [5] NCCL INFO Channel 01 : 13[8e000] -> 8[13000] via P2P/IPC/read
x08l11244:34995:35074 [5] NCCL INFO Channel 02 : 13[8e000] -> 8[13000] via P2P/IPC/read
x08l11244:34995:35074 [5] NCCL INFO Channel 03 : 13[8e000] -> 8[13000] via P2P/IPC/read
x08l11244:34998:35073 [7] NCCL INFO Channel 00 : 15[b3000] -> 8[13000] via P2P/IPC/read
x08l11244:34998:35073 [7] NCCL INFO Channel 00 : 15[b3000] -> 9[19000] via P2P/IPC/read
x08l11244:34998:35073 [7] NCCL INFO Channel 01 : 15[b3000] -> 9[19000] via P2P/IPC/read
x08l11244:34998:35073 [7] NCCL INFO Channel 02 : 15[b3000] -> 9[19000] via P2P/IPC/read
x08l11245:30669:30757 [7] NCCL INFO Channel 00 : 7[b3000] -> 0[13000] via P2P/IPC/read
x08l11244:34998:35073 [7] NCCL INFO Channel 03 : 15[b3000] -> 9[19000] via P2P/IPC/read
x08l11245:30669:30757 [7] NCCL INFO Channel 00 : 7[b3000] -> 1[19000] via P2P/IPC/read
x08l11245:30669:30757 [7] NCCL INFO Channel 01 : 7[b3000] -> 1[19000] via P2P/IPC/read
x08l11245:30669:30757 [7] NCCL INFO Channel 02 : 7[b3000] -> 1[19000] via P2P/IPC/read
x08l11245:30669:30757 [7] NCCL INFO Channel 03 : 7[b3000] -> 1[19000] via P2P/IPC/read
x08l11244:34996:35081 [6] NCCL INFO Channel 00 : 14[ad000] -> 9[19000] via P2P/IPC/read
x08l11245:30667:30756 [6] NCCL INFO Channel 00 : 6[ad000] -> 1[19000] via P2P/IPC/read
x08l11245:30667:30756 [6] NCCL INFO Channel 01 : 6[ad000] -> 1[19000] via P2P/IPC/read
x08l11244:34995:35074 [5] NCCL INFO Channel 00 : 13[8e000] -> 9[19000] via P2P/IPC/read
x08l11244:34996:35081 [6] NCCL INFO Channel 01 : 14[ad000] -> 9[19000] via P2P/IPC/read
x08l11245:30667:30756 [6] NCCL INFO Channel 02 : 6[ad000] -> 1[19000] via P2P/IPC/read
x08l11244:34995:35074 [5] NCCL INFO Channel 01 : 13[8e000] -> 9[19000] via P2P/IPC/read
x08l11245:30662:30749 [1] NCCL INFO Channel 03/0 : 1[19000] -> 9[19000] [send] via NET/IB/1(0)/GDRDMA
x08l11245:30667:30756 [6] NCCL INFO Channel 03 : 6[ad000] -> 1[19000] via P2P/IPC/read
x08l11244:34996:35081 [6] NCCL INFO Channel 02 : 14[ad000] -> 9[19000] via P2P/IPC/read
x08l11244:34995:35074 [5] NCCL INFO Channel 02 : 13[8e000] -> 9[19000] via P2P/IPC/read
x08l11244:34996:35081 [6] NCCL INFO Channel 03 : 14[ad000] -> 9[19000] via P2P/IPC/read
x08l11244:34995:35074 [5] NCCL INFO Channel 03 : 13[8e000] -> 9[19000] via P2P/IPC/read
x08l11245:30666:30747 [5] NCCL INFO Channel 00 : 5[8e000] -> 1[19000] via P2P/IPC/read
x08l11245:30666:30747 [5] NCCL INFO Channel 01 : 5[8e000] -> 1[19000] via P2P/IPC/read
x08l11245:30666:30747 [5] NCCL INFO Channel 02 : 5[8e000] -> 1[19000] via P2P/IPC/read
x08l11245:30666:30747 [5] NCCL INFO Channel 03 : 5[8e000] -> 1[19000] via P2P/IPC/read
x08l11244:34994:35085 [4] NCCL INFO Channel 00 : 12[89000] -> 9[19000] via P2P/IPC/read
x08l11244:34994:35085 [4] NCCL INFO Channel 02 : 12[89000] -> 9[19000] via P2P/IPC/read
x08l11244:34994:35085 [4] NCCL INFO Channel 03 : 12[89000] -> 9[19000] via P2P/IPC/read
x08l11245:30665:30755 [4] NCCL INFO Channel 00 : 4[89000] -> 1[19000] via P2P/IPC/read
x08l11245:30665:30755 [4] NCCL INFO Channel 02 : 4[89000] -> 1[19000] via P2P/IPC/read
x08l11245:30665:30755 [4] NCCL INFO Channel 03 : 4[89000] -> 1[19000] via P2P/IPC/read
x08l11245:30662:30758 [1] NCCL INFO NCCL_IB_TC set by environment to 16.
x08l11245:30662:30758 [1] NCCL INFO NCCL_IB_SL set by environment to 5.
x08l11245:30662:30758 [1] NCCL INFO NCCL_IB_TIMEOUT set by environment to 22.
x08l11244:34991:35092 [1] NCCL INFO NCCL_IB_TC set by environment to 16.
x08l11244:34991:35092 [1] NCCL INFO NCCL_IB_SL set by environment to 5.
x08l11244:34991:35092 [1] NCCL INFO NCCL_IB_TIMEOUT set by environment to 22.
x08l11244:34998:35073 [7] NCCL INFO Channel 00 : 15[b3000] -> 10[48000] via P2P/IPC/read
x08l11244:34998:35073 [7] NCCL INFO Channel 01 : 15[b3000] -> 10[48000] via P2P/IPC/read
x08l11244:34998:35073 [7] NCCL INFO Channel 02 : 15[b3000] -> 10[48000] via P2P/IPC/read
x08l11244:34996:35081 [6] NCCL INFO Channel 00 : 14[ad000] -> 10[48000] via P2P/IPC/read
x08l11244:34998:35073 [7] NCCL INFO Channel 03 : 15[b3000] -> 10[48000] via P2P/IPC/read
x08l11244:34996:35081 [6] NCCL INFO Channel 01 : 14[ad000] -> 10[48000] via P2P/IPC/read
x08l11245:30669:30757 [7] NCCL INFO Channel 00 : 7[b3000] -> 2[48000] via P2P/IPC/read
x08l11244:34996:35081 [6] NCCL INFO Channel 02 : 14[ad000] -> 10[48000] via P2P/IPC/read
x08l11245:30669:30757 [7] NCCL INFO Channel 01 : 7[b3000] -> 2[48000] via P2P/IPC/read
x08l11245:30669:30757 [7] NCCL INFO Channel 02 : 7[b3000] -> 2[48000] via P2P/IPC/read
x08l11244:34996:35081 [6] NCCL INFO Channel 03 : 14[ad000] -> 10[48000] via P2P/IPC/read
x08l11244:34998:35073 [7] NCCL INFO Channel 00 : 15[b3000] -> 11[4d000] via P2P/IPC/read
x08l11245:30669:30757 [7] NCCL INFO Channel 03 : 7[b3000] -> 2[48000] via P2P/IPC/read
x08l11244:34998:35073 [7] NCCL INFO Channel 01 : 15[b3000] -> 11[4d000] via P2P/IPC/read
x08l11245:30667:30756 [6] NCCL INFO Channel 00 : 6[ad000] -> 2[48000] via P2P/IPC/read
x08l11245:30667:30756 [6] NCCL INFO Channel 01 : 6[ad000] -> 2[48000] via P2P/IPC/read
x08l11244:34998:35073 [7] NCCL INFO Channel 02 : 15[b3000] -> 11[4d000] via P2P/IPC/read
x08l11244:34995:35074 [5] NCCL INFO Channel 00 : 13[8e000] -> 10[48000] via P2P/IPC/read
x08l11244:34998:35073 [7] NCCL INFO Channel 03 : 15[b3000] -> 11[4d000] via P2P/IPC/read
x08l11245:30667:30756 [6] NCCL INFO Channel 02 : 6[ad000] -> 2[48000] via P2P/IPC/read
x08l11244:34995:35074 [5] NCCL INFO Channel 01 : 13[8e000] -> 10[48000] via P2P/IPC/read
x08l11244:34995:35074 [5] NCCL INFO Channel 02 : 13[8e000] -> 10[48000] via P2P/IPC/read
x08l11245:30669:30757 [7] NCCL INFO Channel 00 : 7[b3000] -> 3[4d000] via P2P/IPC/read
x08l11245:30669:30757 [7] NCCL INFO Channel 01 : 7[b3000] -> 3[4d000] via P2P/IPC/read
x08l11244:34995:35074 [5] NCCL INFO Channel 03 : 13[8e000] -> 10[48000] via P2P/IPC/read
x08l11245:30667:30756 [6] NCCL INFO Channel 03 : 6[ad000] -> 2[48000] via P2P/IPC/read
x08l11245:30669:30757 [7] NCCL INFO Channel 02 : 7[b3000] -> 3[4d000] via P2P/IPC/read
x08l11245:30669:30757 [7] NCCL INFO Channel 03 : 7[b3000] -> 3[4d000] via P2P/IPC/read
x08l11245:30666:30747 [5] NCCL INFO Channel 00 : 5[8e000] -> 2[48000] via P2P/IPC/read
x08l11244:34998:35073 [7] NCCL INFO Channel 00 : 15[b3000] -> 12[89000] via P2P/IPC/read
x08l11245:30666:30747 [5] NCCL INFO Channel 01 : 5[8e000] -> 2[48000] via P2P/IPC/read
x08l11244:34996:35081 [6] NCCL INFO Channel 00 : 14[ad000] -> 11[4d000] via P2P/IPC/read
x08l11244:34998:35073 [7] NCCL INFO Channel 01 : 15[b3000] -> 12[89000] via P2P/IPC/read
x08l11244:34996:35081 [6] NCCL INFO Channel 01 : 14[ad000] -> 11[4d000] via P2P/IPC/read
x08l11244:34998:35073 [7] NCCL INFO Channel 02 : 15[b3000] -> 12[89000] via P2P/IPC/read
x08l11244:34996:35081 [6] NCCL INFO Channel 02 : 14[ad000] -> 11[4d000] via P2P/IPC/read
x08l11244:34993:35077 [3] NCCL INFO Channel 00 : 11[4d000] -> 8[13000] via P2P/IPC/read
x08l11244:34998:35073 [7] NCCL INFO Channel 03 : 15[b3000] -> 12[89000] via P2P/IPC/read
x08l11245:30666:30747 [5] NCCL INFO Channel 02 : 5[8e000] -> 2[48000] via P2P/IPC/read
x08l11245:30669:30757 [7] NCCL INFO Channel 00 : 7[b3000] -> 4[89000] via P2P/IPC/read
x08l11245:30667:30756 [6] NCCL INFO Channel 00 : 6[ad000] -> 3[4d000] via P2P/IPC/read
x08l11244:34993:35077 [3] NCCL INFO Channel 01 : 11[4d000] -> 8[13000] via P2P/IPC/read
x08l11245:30666:30747 [5] NCCL INFO Channel 03 : 5[8e000] -> 2[48000] via P2P/IPC/read
x08l11245:30669:30757 [7] NCCL INFO Channel 01 : 7[b3000] -> 4[89000] via P2P/IPC/read
x08l11245:30667:30756 [6] NCCL INFO Channel 01 : 6[ad000] -> 3[4d000] via P2P/IPC/read
x08l11245:30669:30757 [7] NCCL INFO Channel 02 : 7[b3000] -> 4[89000] via P2P/IPC/read
x08l11245:30667:30756 [6] NCCL INFO Channel 02 : 6[ad000] -> 3[4d000] via P2P/IPC/read
x08l11244:34993:35077 [3] NCCL INFO Channel 02 : 11[4d000] -> 8[13000] via P2P/IPC/read
x08l11245:30669:30757 [7] NCCL INFO Channel 03 : 7[b3000] -> 4[89000] via P2P/IPC/read
x08l11244:34998:35073 [7] NCCL INFO Channel 00 : 15[b3000] -> 13[8e000] via P2P/IPC/read
x08l11245:30664:30748 [3] NCCL INFO Channel 00 : 3[4d000] -> 0[13000] via P2P/IPC/read
x08l11244:34993:35077 [3] NCCL INFO Channel 03 : 11[4d000] -> 8[13000] via P2P/IPC/read
x08l11245:30664:30748 [3] NCCL INFO Channel 01 : 3[4d000] -> 0[13000] via P2P/IPC/read
x08l11245:30669:30757 [7] NCCL INFO Channel 00 : 7[b3000] -> 5[8e000] via P2P/IPC/read
x08l11244:34998:35073 [7] NCCL INFO Channel 01 : 15[b3000] -> 13[8e000] via P2P/IPC/read
x08l11245:30664:30748 [3] NCCL INFO Channel 02 : 3[4d000] -> 0[13000] via P2P/IPC/read
x08l11244:34998:35073 [7] NCCL INFO Channel 02 : 15[b3000] -> 13[8e000] via P2P/IPC/read
x08l11244:34995:35074 [5] NCCL INFO Channel 00 : 13[8e000] -> 11[4d000] via P2P/IPC/read
x08l11244:34998:35073 [7] NCCL INFO Channel 03 : 15[b3000] -> 13[8e000] via P2P/IPC/read
x08l11244:34995:35074 [5] NCCL INFO Channel 01 : 13[8e000] -> 11[4d000] via P2P/IPC/read
x08l11245:30669:30757 [7] NCCL INFO Channel 01 : 7[b3000] -> 5[8e000] via P2P/IPC/read
x08l11245:30664:30748 [3] NCCL INFO Channel 03 : 3[4d000] -> 0[13000] via P2P/IPC/read
x08l11244:34995:35074 [5] NCCL INFO Channel 02 : 13[8e000] -> 11[4d000] via P2P/IPC/read
x08l11244:34992:35076 [2] NCCL INFO Channel 00 : 10[48000] -> 8[13000] via P2P/IPC/read
x08l11245:30669:30757 [7] NCCL INFO Channel 02 : 7[b3000] -> 5[8e000] via P2P/IPC/read
x08l11244:34996:35081 [6] NCCL INFO Channel 00 : 14[ad000] -> 12[89000] via P2P/IPC/read
x08l11244:34995:35074 [5] NCCL INFO Channel 03 : 13[8e000] -> 11[4d000] via P2P/IPC/read
x08l11245:30669:30757 [7] NCCL INFO Channel 03 : 7[b3000] -> 5[8e000] via P2P/IPC/read
x08l11244:34992:35076 [2] NCCL INFO Channel 01 : 10[48000] -> 8[13000] via P2P/IPC/read
x08l11244:34994:35085 [4] NCCL INFO Channel 00 : 12[89000] -> 10[48000] via P2P/IPC/read
x08l11244:34996:35081 [6] NCCL INFO Channel 01 : 14[ad000] -> 12[89000] via P2P/IPC/read
x08l11244:34992:35076 [2] NCCL INFO Channel 02 : 10[48000] -> 8[13000] via P2P/IPC/read
x08l11244:34994:35085 [4] NCCL INFO Channel 01 : 12[89000] -> 10[48000] via P2P/IPC/read
x08l11244:34996:35081 [6] NCCL INFO Channel 02 : 14[ad000] -> 12[89000] via P2P/IPC/read
x08l11244:34992:35076 [2] NCCL INFO Channel 03 : 10[48000] -> 8[13000] via P2P/IPC/read
x08l11244:34994:35085 [4] NCCL INFO Channel 02 : 12[89000] -> 10[48000] via P2P/IPC/read
x08l11245:30666:30747 [5] NCCL INFO Channel 00 : 5[8e000] -> 3[4d000] via P2P/IPC/read
x08l11244:34996:35081 [6] NCCL INFO Channel 03 : 14[ad000] -> 12[89000] via P2P/IPC/read
x08l11244:34998:35073 [7] NCCL INFO Connected 1 MSCCL algorithms
x08l11244:34998:35073 [7] NCCL INFO threadThresholds 8/8/64 | 128/8/64 | 8/8/64 | 8/8/512
x08l11244:34998:35073 [7] NCCL INFO 8 coll channels, 8 p2p channels, 2 p2p channels per peer
x08l11245:30667:30756 [6] NCCL INFO Channel 00 : 6[ad000] -> 4[89000] via P2P/IPC/read
x08l11244:34994:35085 [4] NCCL INFO Channel 03 : 12[89000] -> 10[48000] via P2P/IPC/read
x08l11245:30667:30756 [6] NCCL INFO Channel 01 : 6[ad000] -> 4[89000] via P2P/IPC/read
x08l11245:30667:30756 [6] NCCL INFO Channel 02 : 6[ad000] -> 4[89000] via P2P/IPC/read
x08l11245:30667:30756 [6] NCCL INFO Channel 03 : 6[ad000] -> 4[89000] via P2P/IPC/read
x08l11245:30666:30747 [5] NCCL INFO Channel 01 : 5[8e000] -> 3[4d000] via P2P/IPC/read
x08l11244:34993:35077 [3] NCCL INFO Channel 00 : 11[4d000] -> 9[19000] via P2P/IPC/read
x08l11245:30663:30754 [2] NCCL INFO Channel 00 : 2[48000] -> 0[13000] via P2P/IPC/read
x08l11245:30666:30747 [5] NCCL INFO Channel 02 : 5[8e000] -> 3[4d000] via P2P/IPC/read
x08l11244:34993:35077 [3] NCCL INFO Channel 01 : 11[4d000] -> 9[19000] via P2P/IPC/read
x08l11245:30663:30754 [2] NCCL INFO Channel 01 : 2[48000] -> 0[13000] via P2P/IPC/read
x08l11244:34996:35081 [6] NCCL INFO Channel 03 : 14[ad000] -> 13[8e000] via P2P/IPC/read
x08l11244:34990:35083 [0] NCCL INFO Connected 1 MSCCL algorithms
x08l11244:34990:35083 [0] NCCL INFO threadThresholds 8/8/64 | 128/8/64 | 8/8/64 | 8/8/512
x08l11245:30666:30747 [5] NCCL INFO Channel 03 : 5[8e000] -> 3[4d000] via P2P/IPC/read
x08l11244:34990:35083 [0] NCCL INFO 8 coll channels, 8 p2p channels, 2 p2p channels per peer
x08l11245:30663:30754 [2] NCCL INFO Channel 02 : 2[48000] -> 0[13000] via P2P/IPC/read
x08l11244:34993:35077 [3] NCCL INFO Channel 02 : 11[4d000] -> 9[19000] via P2P/IPC/read
x08l11244:34993:35077 [3] NCCL INFO Channel 03 : 11[4d000] -> 9[19000] via P2P/IPC/read
x08l11245:30665:30755 [4] NCCL INFO Channel 00 : 4[89000] -> 2[48000] via P2P/IPC/read
x08l11245:30663:30754 [2] NCCL INFO Channel 03 : 2[48000] -> 0[13000] via P2P/IPC/read
x08l11244:34994:35085 [4] NCCL INFO Connected 1 MSCCL algorithms
x08l11244:34994:35085 [4] NCCL INFO threadThresholds 8/8/64 | 128/8/64 | 8/8/64 | 8/8/512
x08l11245:30665:30755 [4] NCCL INFO Channel 01 : 4[89000] -> 2[48000] via P2P/IPC/read
x08l11244:34994:35085 [4] NCCL INFO 8 coll channels, 8 p2p channels, 2 p2p channels per peer
x08l11244:34992:35076 [2] NCCL INFO Channel 01 : 10[48000] -> 9[19000] via P2P/IPC/read
x08l11245:30664:30748 [3] NCCL INFO Channel 00 : 3[4d000] -> 1[19000] via P2P/IPC/read
x08l11245:30669:30757 [7] NCCL INFO Connected 1 MSCCL algorithms
x08l11245:30669:30757 [7] NCCL INFO threadThresholds 8/8/64 | 128/8/64 | 8/8/64 | 8/8/512
x08l11245:30669:30757 [7] NCCL INFO 8 coll channels, 8 p2p channels, 2 p2p channels per peer
x08l11245:30664:30748 [3] NCCL INFO Channel 01 : 3[4d000] -> 1[19000] via P2P/IPC/read
x08l11245:30661:30715 [0] NCCL INFO Connected 1 MSCCL algorithms
x08l11245:30661:30715 [0] NCCL INFO threadThresholds 8/8/64 | 128/8/64 | 8/8/64 | 8/8/512
x08l11245:30665:30755 [4] NCCL INFO Channel 02 : 4[89000] -> 2[48000] via P2P/IPC/read
x08l11245:30661:30715 [0] NCCL INFO 8 coll channels, 8 p2p channels, 2 p2p channels per peer
x08l11245:30664:30748 [3] NCCL INFO Channel 02 : 3[4d000] -> 1[19000] via P2P/IPC/read
x08l11245:30665:30755 [4] NCCL INFO Channel 03 : 4[89000] -> 2[48000] via P2P/IPC/read
x08l11245:30664:30748 [3] NCCL INFO Channel 03 : 3[4d000] -> 1[19000] via P2P/IPC/read
x08l11244:34993:35077 [3] NCCL INFO Connected 1 MSCCL algorithms
x08l11244:34993:35077 [3] NCCL INFO threadThresholds 8/8/64 | 128/8/64 | 8/8/64 | 8/8/512
x08l11244:34993:35077 [3] NCCL INFO 8 coll channels, 8 p2p channels, 2 p2p channels per peer
x08l11244:34992:35076 [2] NCCL INFO Connected 1 MSCCL algorithms
x08l11244:34992:35076 [2] NCCL INFO threadThresholds 8/8/64 | 128/8/64 | 8/8/64 | 8/8/512
x08l11244:34992:35076 [2] NCCL INFO 8 coll channels, 8 p2p channels, 2 p2p channels per peer
x08l11244:34991:35080 [1] NCCL INFO Connected 1 MSCCL algorithms
x08l11244:34991:35080 [1] NCCL INFO threadThresholds 8/8/64 | 128/8/64 | 8/8/64 | 8/8/512
x08l11244:34991:35080 [1] NCCL INFO 8 coll channels, 8 p2p channels, 2 p2p channels per peer
x08l11244:34995:35074 [5] NCCL INFO Connected 1 MSCCL algorithms
x08l11244:34995:35074 [5] NCCL INFO threadThresholds 8/8/64 | 128/8/64 | 8/8/64 | 8/8/512
x08l11244:34995:35074 [5] NCCL INFO 8 coll channels, 8 p2p channels, 2 p2p channels per peer
x08l11244:34996:35081 [6] NCCL INFO Connected 1 MSCCL algorithms
x08l11244:34996:35081 [6] NCCL INFO threadThresholds 8/8/64 | 128/8/64 | 8/8/64 | 8/8/512
x08l11244:34996:35081 [6] NCCL INFO 8 coll channels, 8 p2p channels, 2 p2p channels per peer
x08l11245:30667:30756 [6] NCCL INFO Channel 03 : 6[ad000] -> 5[8e000] via P2P/IPC/read
x08l11245:30663:30754 [2] NCCL INFO Channel 01 : 2[48000] -> 1[19000] via P2P/IPC/read
x08l11245:30665:30755 [4] NCCL INFO Connected 1 MSCCL algorithms
x08l11245:30665:30755 [4] NCCL INFO threadThresholds 8/8/64 | 128/8/64 | 8/8/64 | 8/8/512
x08l11245:30665:30755 [4] NCCL INFO 8 coll channels, 8 p2p channels, 2 p2p channels per peer
x08l11245:30664:30748 [3] NCCL INFO Connected 1 MSCCL algorithms
x08l11245:30664:30748 [3] NCCL INFO threadThresholds 8/8/64 | 128/8/64 | 8/8/64 | 8/8/512
x08l11245:30664:30748 [3] NCCL INFO 8 coll channels, 8 p2p channels, 2 p2p channels per peer
x08l11245:30662:30749 [1] NCCL INFO Connected 1 MSCCL algorithms
x08l11245:30662:30749 [1] NCCL INFO threadThresholds 8/8/64 | 128/8/64 | 8/8/64 | 8/8/512
