x08l11244:29073:29148 [4] NCCL INFO Connected all trees
x08l11244:29073:29148 [4] NCCL INFO MSCCL: Parsing algorithm /mnt/agtest/runxml/xml/lq/ag_small/s_ag_i1_v1.xml
x08l11244:29071:29155 [2] NCCL INFO Parsed MSCCL Algorithm /mnt/agtest/runxml/xml/lq/ag_small/s_ag_i1_v1.xml successfully.
x08l11244:29071:29155 [2] NCCL INFO Channel 00 : 10[48000] -> 12[89000] via P2P/IPC/read
x08l11244:29072:29150 [3] NCCL INFO Connected all trees
x08l11244:29072:29150 [3] NCCL INFO MSCCL: Parsing algorithm /mnt/agtest/runxml/xml/lq/ag_small/s_ag_i1_v1.xml
x08l11244:29078:29157 [7] NCCL INFO Channel 03 : 15[b3000] -> 14[ad000] via P2P/IPC/read
x08l11244:29078:29157 [7] NCCL INFO Channel 07 : 15[b3000] -> 14[ad000] via P2P/IPC/read
x08l11245:24882:24973 [4] NCCL INFO Channel 01 : 4[89000] -> 3[4d000] via P2P/IPC/read
x08l11245:24882:24973 [4] NCCL INFO Channel 03 : 4[89000] -> 3[4d000] via P2P/IPC/read
x08l11245:24887:24958 [7] NCCL INFO Channel 03 : 7[b3000] -> 6[ad000] via P2P/IPC/read
x08l11244:29069:29147 [0] NCCL INFO Connected all trees
x08l11244:29069:29147 [0] NCCL INFO MSCCL: Parsing algorithm /mnt/agtest/runxml/xml/lq/ag_small/s_ag_i1_v1.xml
x08l11244:29070:29158 [1] NCCL INFO Connected all trees
x08l11244:29070:29158 [1] NCCL INFO MSCCL: Parsing algorithm /mnt/agtest/runxml/xml/lq/ag_small/s_ag_i1_v1.xml
x08l11245:24882:24973 [4] NCCL INFO Channel 05 : 4[89000] -> 3[4d000] via P2P/IPC/read
x08l11244:29078:29157 [7] NCCL INFO Connected all trees
x08l11244:29078:29157 [7] NCCL INFO MSCCL: Parsing algorithm /mnt/agtest/runxml/xml/lq/ag_small/s_ag_i1_v1.xml
x08l11244:29075:29164 [6] NCCL INFO Connected all trees
x08l11244:29075:29164 [6] NCCL INFO MSCCL: Parsing algorithm /mnt/agtest/runxml/xml/lq/ag_small/s_ag_i1_v1.xml
x08l11245:24887:24958 [7] NCCL INFO Channel 07 : 7[b3000] -> 6[ad000] via P2P/IPC/read
x08l11245:24882:24973 [4] NCCL INFO Channel 07 : 4[89000] -> 3[4d000] via P2P/IPC/read
x08l11245:24878:24932 [0] NCCL INFO Connected all trees
x08l11245:24878:24932 [0] NCCL INFO MSCCL: Parsing algorithm /mnt/agtest/runxml/xml/lq/ag_small/s_ag_i1_v1.xml
x08l11245:24880:24961 [2] NCCL INFO Parsed MSCCL Algorithm /mnt/agtest/runxml/xml/lq/ag_small/s_ag_i1_v1.xml successfully.
x08l11245:24887:24958 [7] NCCL INFO Connected all trees
x08l11245:24887:24958 [7] NCCL INFO MSCCL: Parsing algorithm /mnt/agtest/runxml/xml/lq/ag_small/s_ag_i1_v1.xml
x08l11245:24884:24974 [6] NCCL INFO Connected all trees
x08l11245:24884:24974 [6] NCCL INFO MSCCL: Parsing algorithm /mnt/agtest/runxml/xml/lq/ag_small/s_ag_i1_v1.xml
x08l11245:24879:24959 [1] NCCL INFO Connected all trees
x08l11245:24879:24959 [1] NCCL INFO MSCCL: Parsing algorithm /mnt/agtest/runxml/xml/lq/ag_small/s_ag_i1_v1.xml
x08l11245:24880:24961 [2] NCCL INFO Channel 00 : 2[48000] -> 4[89000] via P2P/IPC/read
x08l11245:24883:24960 [5] NCCL INFO Connected all trees
x08l11245:24883:24960 [5] NCCL INFO MSCCL: Parsing algorithm /mnt/agtest/runxml/xml/lq/ag_small/s_ag_i1_v1.xml
x08l11244:29073:29148 [4] NCCL INFO Parsed MSCCL Algorithm /mnt/agtest/runxml/xml/lq/ag_small/s_ag_i1_v1.xml successfully.
x08l11244:29074:29156 [5] NCCL INFO Parsed MSCCL Algorithm /mnt/agtest/runxml/xml/lq/ag_small/s_ag_i1_v1.xml successfully.
x08l11245:24882:24973 [4] NCCL INFO Connected all trees
x08l11245:24882:24973 [4] NCCL INFO MSCCL: Parsing algorithm /mnt/agtest/runxml/xml/lq/ag_small/s_ag_i1_v1.xml
x08l11245:24881:24962 [3] NCCL INFO Connected all trees
x08l11245:24881:24962 [3] NCCL INFO MSCCL: Parsing algorithm /mnt/agtest/runxml/xml/lq/ag_small/s_ag_i1_v1.xml
x08l11244:29073:29148 [4] NCCL INFO Channel 00 : 12[89000] -> 14[ad000] via P2P/IPC/read
x08l11244:29074:29156 [5] NCCL INFO Channel 00 : 13[8e000] -> 15[b3000] via P2P/IPC/read
x08l11244:29072:29150 [3] NCCL INFO Parsed MSCCL Algorithm /mnt/agtest/runxml/xml/lq/ag_small/s_ag_i1_v1.xml successfully.
x08l11244:29072:29150 [3] NCCL INFO Channel 00 : 11[4d000] -> 13[8e000] via P2P/IPC/read
x08l11244:29069:29147 [0] NCCL INFO Parsed MSCCL Algorithm /mnt/agtest/runxml/xml/lq/ag_small/s_ag_i1_v1.xml successfully.
x08l11244:29069:29147 [0] NCCL INFO Channel 00 : 8[13000] -> 10[48000] via P2P/IPC/read
x08l11244:29075:29164 [6] NCCL INFO Parsed MSCCL Algorithm /mnt/agtest/runxml/xml/lq/ag_small/s_ag_i1_v1.xml successfully.
x08l11244:29070:29158 [1] NCCL INFO Parsed MSCCL Algorithm /mnt/agtest/runxml/xml/lq/ag_small/s_ag_i1_v1.xml successfully.
x08l11244:29070:29158 [1] NCCL INFO Channel 00 : 9[19000] -> 11[4d000] via P2P/IPC/read
x08l11245:24878:24932 [0] NCCL INFO Parsed MSCCL Algorithm /mnt/agtest/runxml/xml/lq/ag_small/s_ag_i1_v1.xml successfully.
x08l11245:24878:24932 [0] NCCL INFO Channel 00 : 0[13000] -> 2[48000] via P2P/IPC/read
x08l11244:29078:29157 [7] NCCL INFO Parsed MSCCL Algorithm /mnt/agtest/runxml/xml/lq/ag_small/s_ag_i1_v1.xml successfully.
x08l11244:29069:29147 [0] NCCL INFO Channel 00 : 8[13000] -> 11[4d000] via P2P/IPC/read
x08l11245:24884:24974 [6] NCCL INFO Parsed MSCCL Algorithm /mnt/agtest/runxml/xml/lq/ag_small/s_ag_i1_v1.xml successfully.
x08l11245:24879:24959 [1] NCCL INFO Parsed MSCCL Algorithm /mnt/agtest/runxml/xml/lq/ag_small/s_ag_i1_v1.xml successfully.
x08l11245:24879:24959 [1] NCCL INFO Channel 00 : 1[19000] -> 3[4d000] via P2P/IPC/read
x08l11245:24887:24958 [7] NCCL INFO Parsed MSCCL Algorithm /mnt/agtest/runxml/xml/lq/ag_small/s_ag_i1_v1.xml successfully.
x08l11245:24882:24973 [4] NCCL INFO Parsed MSCCL Algorithm /mnt/agtest/runxml/xml/lq/ag_small/s_ag_i1_v1.xml successfully.
x08l11245:24883:24960 [5] NCCL INFO Parsed MSCCL Algorithm /mnt/agtest/runxml/xml/lq/ag_small/s_ag_i1_v1.xml successfully.
x08l11245:24878:24932 [0] NCCL INFO Channel 00 : 0[13000] -> 3[4d000] via P2P/IPC/read
x08l11245:24882:24973 [4] NCCL INFO Channel 00 : 4[89000] -> 6[ad000] via P2P/IPC/read
x08l11245:24883:24960 [5] NCCL INFO Channel 00 : 5[8e000] -> 7[b3000] via P2P/IPC/read
x08l11245:24881:24962 [3] NCCL INFO Parsed MSCCL Algorithm /mnt/agtest/runxml/xml/lq/ag_small/s_ag_i1_v1.xml successfully.
x08l11244:29071:29155 [2] NCCL INFO Channel 00 : 10[48000] -> 13[8e000] via P2P/IPC/read
x08l11244:29070:29158 [1] NCCL INFO Channel 00 : 9[19000] -> 12[89000] via P2P/IPC/read
x08l11245:24881:24962 [3] NCCL INFO Channel 00 : 3[4d000] -> 5[8e000] via P2P/IPC/read
x08l11245:24880:24961 [2] NCCL INFO Channel 00 : 2[48000] -> 5[8e000] via P2P/IPC/read
x08l11245:24882:24973 [4] NCCL INFO Channel 00 : 4[89000] -> 7[b3000] via P2P/IPC/read
x08l11244:29073:29148 [4] NCCL INFO Channel 00 : 12[89000] -> 15[b3000] via P2P/IPC/read
x08l11244:29072:29150 [3] NCCL INFO Channel 00 : 11[4d000] -> 14[ad000] via P2P/IPC/read
x08l11244:29071:29155 [2] NCCL INFO Channel 00 : 10[48000] -> 14[ad000] via P2P/IPC/read
x08l11244:29070:29158 [1] NCCL INFO Channel 00 : 9[19000] -> 13[8e000] via P2P/IPC/read
x08l11244:29069:29147 [0] NCCL INFO Channel 00 : 8[13000] -> 12[89000] via P2P/IPC/read
x08l11245:24879:24959 [1] NCCL INFO Channel 00 : 1[19000] -> 4[89000] via P2P/IPC/read
x08l11244:29072:29150 [3] NCCL INFO Channel 00 : 11[4d000] -> 15[b3000] via P2P/IPC/read
x08l11245:24881:24962 [3] NCCL INFO Channel 00 : 3[4d000] -> 6[ad000] via P2P/IPC/read
x08l11245:24879:24959 [1] NCCL INFO Channel 00 : 1[19000] -> 5[8e000] via P2P/IPC/read
x08l11245:24880:24961 [2] NCCL INFO Channel 00 : 2[48000] -> 6[ad000] via P2P/IPC/read
x08l11245:24878:24932 [0] NCCL INFO Channel 00 : 0[13000] -> 4[89000] via P2P/IPC/read
x08l11245:24881:24962 [3] NCCL INFO Channel 00 : 3[4d000] -> 7[b3000] via P2P/IPC/read
x08l11245:24879:24959 [1] NCCL INFO Channel 00 : 1[19000] -> 6[ad000] via P2P/IPC/read
x08l11244:29070:29158 [1] NCCL INFO Channel 00 : 9[19000] -> 14[ad000] via P2P/IPC/read
x08l11244:29071:29155 [2] NCCL INFO Channel 00 : 10[48000] -> 15[b3000] via P2P/IPC/read
x08l11244:29069:29147 [0] NCCL INFO Channel 00 : 8[13000] -> 13[8e000] via P2P/IPC/read
x08l11244:29069:29147 [0] NCCL INFO Channel 00 : 8[13000] -> 14[ad000] via P2P/IPC/read
x08l11244:29070:29158 [1] NCCL INFO Channel 00 : 9[19000] -> 15[b3000] via P2P/IPC/read
x08l11245:24880:24961 [2] NCCL INFO Channel 00 : 2[48000] -> 7[b3000] via P2P/IPC/read
x08l11245:24878:24932 [0] NCCL INFO Channel 00 : 0[13000] -> 5[8e000] via P2P/IPC/read
x08l11245:24878:24932 [0] NCCL INFO Channel 00 : 0[13000] -> 6[ad000] via P2P/IPC/read
x08l11245:24879:24959 [1] NCCL INFO Channel 00 : 1[19000] -> 7[b3000] via P2P/IPC/read
x08l11244:29072:29150 [3] NCCL INFO Channel 00/0 : 3[4d000] -> 11[4d000] [receive] via NET/IB/2/GDRDMA
x08l11244:29072:29150 [3] NCCL INFO Channel 00/0 : 11[4d000] -> 3[4d000] [send] via NET/IB/2(10)/GDRDMA
x08l11244:29073:29148 [4] NCCL INFO Channel 00/0 : 4[89000] -> 12[89000] [receive] via NET/IB/3/GDRDMA
x08l11244:29073:29148 [4] NCCL INFO Channel 00/0 : 12[89000] -> 4[89000] [send] via NET/IB/3/GDRDMA
x08l11244:29074:29156 [5] NCCL INFO Channel 00/0 : 5[8e000] -> 13[8e000] [receive] via NET/IB/3/GDRDMA
x08l11244:29074:29156 [5] NCCL INFO Channel 00/0 : 13[8e000] -> 5[8e000] [send] via NET/IB/3(12)/GDRDMA
x08l11244:29071:29155 [2] NCCL INFO Channel 00/0 : 2[48000] -> 10[48000] [receive] via NET/IB/2/GDRDMA
x08l11244:29071:29155 [2] NCCL INFO Channel 00/0 : 10[48000] -> 2[48000] [send] via NET/IB/2/GDRDMA
x08l11244:29075:29164 [6] NCCL INFO Channel 00/0 : 6[ad000] -> 14[ad000] [receive] via NET/IB/4/GDRDMA
x08l11244:29075:29164 [6] NCCL INFO Channel 00/0 : 14[ad000] -> 6[ad000] [send] via NET/IB/4/GDRDMA
x08l11245:24881:24962 [3] NCCL INFO Channel 00/0 : 11[4d000] -> 3[4d000] [receive] via NET/IB/2/GDRDMA
x08l11245:24881:24962 [3] NCCL INFO Channel 00/0 : 3[4d000] -> 11[4d000] [send] via NET/IB/2(2)/GDRDMA
x08l11245:24882:24973 [4] NCCL INFO Channel 00/0 : 12[89000] -> 4[89000] [receive] via NET/IB/3/GDRDMA
x08l11245:24882:24973 [4] NCCL INFO Channel 00/0 : 4[89000] -> 12[89000] [send] via NET/IB/3/GDRDMA
x08l11244:29078:29157 [7] NCCL INFO Channel 00/0 : 7[b3000] -> 15[b3000] [receive] via NET/IB/4/GDRDMA
x08l11244:29078:29157 [7] NCCL INFO Channel 00/0 : 15[b3000] -> 7[b3000] [send] via NET/IB/4(14)/GDRDMA
x08l11244:29070:29158 [1] NCCL INFO Channel 00/0 : 1[19000] -> 9[19000] [receive] via NET/IB/1/GDRDMA
x08l11244:29070:29158 [1] NCCL INFO Channel 00/0 : 9[19000] -> 1[19000] [send] via NET/IB/1(8)/GDRDMA
x08l11245:24883:24960 [5] NCCL INFO Channel 00/0 : 13[8e000] -> 5[8e000] [receive] via NET/IB/3/GDRDMA
x08l11245:24887:24958 [7] NCCL INFO Channel 00/0 : 15[b3000] -> 7[b3000] [receive] via NET/IB/4/GDRDMA
x08l11245:24884:24974 [6] NCCL INFO Channel 00/0 : 14[ad000] -> 6[ad000] [receive] via NET/IB/4/GDRDMA
x08l11245:24879:24959 [1] NCCL INFO Channel 00/0 : 9[19000] -> 1[19000] [receive] via NET/IB/1/GDRDMA
x08l11245:24884:24974 [6] NCCL INFO Channel 00/0 : 6[ad000] -> 14[ad000] [send] via NET/IB/4/GDRDMA
x08l11245:24887:24958 [7] NCCL INFO Channel 00/0 : 7[b3000] -> 15[b3000] [send] via NET/IB/4(6)/GDRDMA
x08l11245:24879:24959 [1] NCCL INFO Channel 00/0 : 1[19000] -> 9[19000] [send] via NET/IB/1(0)/GDRDMA
x08l11245:24880:24961 [2] NCCL INFO Channel 00/0 : 10[48000] -> 2[48000] [receive] via NET/IB/2/GDRDMA
x08l11245:24880:24961 [2] NCCL INFO Channel 00/0 : 2[48000] -> 10[48000] [send] via NET/IB/2/GDRDMA
x08l11244:29072:29166 [3] NCCL INFO NCCL_IB_TC set by environment to 16.
x08l11244:29072:29166 [3] NCCL INFO NCCL_IB_SL set by environment to 5.
x08l11245:24881:24981 [3] NCCL INFO NCCL_IB_TC set by environment to 16.
x08l11245:24881:24981 [3] NCCL INFO NCCL_IB_SL set by environment to 5.
x08l11244:29072:29166 [3] NCCL INFO NCCL_IB_TIMEOUT set by environment to 22.
x08l11245:24883:24960 [5] NCCL INFO Channel 00/0 : 5[8e000] -> 13[8e000] [send] via NET/IB/3(4)/GDRDMA
x08l11245:24881:24981 [3] NCCL INFO NCCL_IB_TIMEOUT set by environment to 22.
x08l11244:29073:29148 [4] NCCL INFO Channel 00 : 12[89000] -> 8[13000] via P2P/IPC/read
x08l11244:29070:29165 [1] NCCL INFO NCCL_IB_TC set by environment to 16.
x08l11244:29070:29165 [1] NCCL INFO NCCL_IB_SL set by environment to 5.
x08l11244:29070:29165 [1] NCCL INFO NCCL_IB_TIMEOUT set by environment to 22.
x08l11245:24879:24975 [1] NCCL INFO NCCL_IB_TC set by environment to 16.
x08l11245:24879:24975 [1] NCCL INFO NCCL_IB_SL set by environment to 5.
x08l11245:24882:24973 [4] NCCL INFO Channel 00 : 4[89000] -> 0[13000] via P2P/IPC/read
x08l11245:24879:24975 [1] NCCL INFO NCCL_IB_TIMEOUT set by environment to 22.
x08l11244:29078:29169 [7] NCCL INFO NCCL_IB_TC set by environment to 16.
x08l11244:29078:29169 [7] NCCL INFO NCCL_IB_SL set by environment to 5.
x08l11244:29078:29169 [7] NCCL INFO NCCL_IB_TIMEOUT set by environment to 22.
x08l11244:29074:29168 [5] NCCL INFO NCCL_IB_TC set by environment to 16.
x08l11244:29074:29168 [5] NCCL INFO NCCL_IB_SL set by environment to 5.
x08l11244:29074:29168 [5] NCCL INFO NCCL_IB_TIMEOUT set by environment to 22.
x08l11245:24887:24976 [7] NCCL INFO NCCL_IB_TC set by environment to 16.
x08l11245:24887:24976 [7] NCCL INFO NCCL_IB_SL set by environment to 5.
x08l11245:24887:24976 [7] NCCL INFO NCCL_IB_TIMEOUT set by environment to 22.
x08l11245:24883:24977 [5] NCCL INFO NCCL_IB_TC set by environment to 16.
x08l11245:24883:24977 [5] NCCL INFO NCCL_IB_SL set by environment to 5.
x08l11244:29078:29157 [7] NCCL INFO Channel 00 : 15[b3000] -> 8[13000] via P2P/IPC/read
x08l11245:24883:24977 [5] NCCL INFO NCCL_IB_TIMEOUT set by environment to 22.
x08l11244:29075:29164 [6] NCCL INFO Channel 00 : 14[ad000] -> 8[13000] via P2P/IPC/read
x08l11244:29074:29156 [5] NCCL INFO Channel 00 : 13[8e000] -> 8[13000] via P2P/IPC/read
x08l11244:29078:29157 [7] NCCL INFO Channel 00 : 15[b3000] -> 9[19000] via P2P/IPC/read
x08l11244:29078:29157 [7] NCCL INFO Channel 00 : 15[b3000] -> 10[48000] via P2P/IPC/read
x08l11244:29078:29157 [7] NCCL INFO Channel 00 : 15[b3000] -> 11[4d000] via P2P/IPC/read
x08l11244:29075:29164 [6] NCCL INFO Channel 00 : 14[ad000] -> 9[19000] via P2P/IPC/read
x08l11245:24884:24974 [6] NCCL INFO Channel 00 : 6[ad000] -> 0[13000] via P2P/IPC/read
x08l11244:29078:29157 [7] NCCL INFO Channel 00 : 15[b3000] -> 12[89000] via P2P/IPC/read
x08l11244:29072:29150 [3] NCCL INFO Channel 00 : 11[4d000] -> 8[13000] via P2P/IPC/read
x08l11244:29075:29164 [6] NCCL INFO Channel 00 : 14[ad000] -> 10[48000] via P2P/IPC/read
x08l11245:24887:24958 [7] NCCL INFO Channel 00 : 7[b3000] -> 0[13000] via P2P/IPC/read
x08l11244:29074:29156 [5] NCCL INFO Channel 00 : 13[8e000] -> 9[19000] via P2P/IPC/read
x08l11244:29075:29164 [6] NCCL INFO Channel 00 : 14[ad000] -> 11[4d000] via P2P/IPC/read
x08l11245:24887:24958 [7] NCCL INFO Channel 00 : 7[b3000] -> 1[19000] via P2P/IPC/read
x08l11244:29074:29156 [5] NCCL INFO Channel 00 : 13[8e000] -> 10[48000] via P2P/IPC/read
x08l11245:24883:24960 [5] NCCL INFO Channel 00 : 5[8e000] -> 0[13000] via P2P/IPC/read
x08l11244:29075:29164 [6] NCCL INFO Channel 00 : 14[ad000] -> 12[89000] via P2P/IPC/read
x08l11245:24887:24958 [7] NCCL INFO Channel 00 : 7[b3000] -> 2[48000] via P2P/IPC/read
x08l11245:24884:24974 [6] NCCL INFO Channel 00 : 6[ad000] -> 1[19000] via P2P/IPC/read
x08l11244:29073:29148 [4] NCCL INFO Channel 00 : 12[89000] -> 9[19000] via P2P/IPC/read
x08l11245:24887:24958 [7] NCCL INFO Channel 00 : 7[b3000] -> 3[4d000] via P2P/IPC/read
x08l11245:24883:24960 [5] NCCL INFO Channel 00 : 5[8e000] -> 1[19000] via P2P/IPC/read
x08l11245:24884:24974 [6] NCCL INFO Channel 00 : 6[ad000] -> 2[48000] via P2P/IPC/read
x08l11244:29072:29150 [3] NCCL INFO Channel 00 : 11[4d000] -> 9[19000] via P2P/IPC/read
x08l11244:29071:29155 [2] NCCL INFO Channel 00 : 10[48000] -> 8[13000] via P2P/IPC/read
x08l11244:29078:29157 [7] NCCL INFO Channel 00 : 15[b3000] -> 13[8e000] via P2P/IPC/read
x08l11245:24887:24958 [7] NCCL INFO Channel 00 : 7[b3000] -> 4[89000] via P2P/IPC/read
x08l11244:29074:29156 [5] NCCL INFO Channel 00 : 13[8e000] -> 11[4d000] via P2P/IPC/read
x08l11245:24883:24960 [5] NCCL INFO Channel 00 : 5[8e000] -> 2[48000] via P2P/IPC/read
x08l11245:24884:24974 [6] NCCL INFO Channel 00 : 6[ad000] -> 3[4d000] via P2P/IPC/read
x08l11244:29073:29148 [4] NCCL INFO Channel 00 : 12[89000] -> 10[48000] via P2P/IPC/read
x08l11244:29069:29147 [0] NCCL INFO Connected 1 MSCCL algorithms
x08l11244:29069:29147 [0] NCCL INFO threadThresholds 8/8/64 | 128/8/64 | 8/8/64 | 8/8/512
x08l11244:29069:29147 [0] NCCL INFO 8 coll channels, 8 p2p channels, 2 p2p channels per peer
x08l11244:29078:29157 [7] NCCL INFO Connected 1 MSCCL algorithms
x08l11244:29070:29158 [1] NCCL INFO Connected 1 MSCCL algorithms
x08l11244:29078:29157 [7] NCCL INFO threadThresholds 8/8/64 | 128/8/64 | 8/8/64 | 8/8/512
x08l11244:29078:29157 [7] NCCL INFO 8 coll channels, 8 p2p channels, 2 p2p channels per peer
x08l11244:29070:29158 [1] NCCL INFO threadThresholds 8/8/64 | 128/8/64 | 8/8/64 | 8/8/512
x08l11244:29070:29158 [1] NCCL INFO 8 coll channels, 8 p2p channels, 2 p2p channels per peer
x08l11245:24881:24962 [3] NCCL INFO Channel 00 : 3[4d000] -> 0[13000] via P2P/IPC/read
x08l11245:24882:24973 [4] NCCL INFO Channel 00 : 4[89000] -> 1[19000] via P2P/IPC/read
x08l11244:29072:29150 [3] NCCL INFO Connected 1 MSCCL algorithms
x08l11244:29072:29150 [3] NCCL INFO threadThresholds 8/8/64 | 128/8/64 | 8/8/64 | 8/8/512
x08l11244:29072:29150 [3] NCCL INFO 8 coll channels, 8 p2p channels, 2 p2p channels per peer
x08l11244:29074:29156 [5] NCCL INFO Connected 1 MSCCL algorithms
x08l11244:29074:29156 [5] NCCL INFO threadThresholds 8/8/64 | 128/8/64 | 8/8/64 | 8/8/512
x08l11244:29074:29156 [5] NCCL INFO 8 coll channels, 8 p2p channels, 2 p2p channels per peer
x08l11245:24887:24958 [7] NCCL INFO Channel 00 : 7[b3000] -> 5[8e000] via P2P/IPC/read
x08l11245:24884:24974 [6] NCCL INFO Channel 00 : 6[ad000] -> 4[89000] via P2P/IPC/read
x08l11244:29075:29164 [6] NCCL INFO Connected 1 MSCCL algorithms
x08l11244:29075:29164 [6] NCCL INFO threadThresholds 8/8/64 | 128/8/64 | 8/8/64 | 8/8/512
x08l11244:29075:29164 [6] NCCL INFO 8 coll channels, 8 p2p channels, 2 p2p channels per peer
x08l11245:24883:24960 [5] NCCL INFO Channel 00 : 5[8e000] -> 3[4d000] via P2P/IPC/read
x08l11245:24880:24961 [2] NCCL INFO Channel 00 : 2[48000] -> 0[13000] via P2P/IPC/read
x08l11244:29073:29148 [4] NCCL INFO Connected 1 MSCCL algorithms
x08l11244:29073:29148 [4] NCCL INFO threadThresholds 8/8/64 | 128/8/64 | 8/8/64 | 8/8/512
x08l11244:29073:29148 [4] NCCL INFO 8 coll channels, 8 p2p channels, 2 p2p channels per peer
x08l11244:29071:29155 [2] NCCL INFO Connected 1 MSCCL algorithms
x08l11244:29071:29155 [2] NCCL INFO threadThresholds 8/8/64 | 128/8/64 | 8/8/64 | 8/8/512
x08l11244:29071:29155 [2] NCCL INFO 8 coll channels, 8 p2p channels, 2 p2p channels per peer
x08l11245:24881:24962 [3] NCCL INFO Channel 00 : 3[4d000] -> 1[19000] via P2P/IPC/read
x08l11245:24882:24973 [4] NCCL INFO Channel 00 : 4[89000] -> 2[48000] via P2P/IPC/read
x08l11245:24887:24958 [7] NCCL INFO Connected 1 MSCCL algorithms
x08l11245:24887:24958 [7] NCCL INFO threadThresholds 8/8/64 | 128/8/64 | 8/8/64 | 8/8/512
x08l11245:24887:24958 [7] NCCL INFO 8 coll channels, 8 p2p channels, 2 p2p channels per peer
x08l11245:24878:24932 [0] NCCL INFO Connected 1 MSCCL algorithms
x08l11245:24878:24932 [0] NCCL INFO threadThresholds 8/8/64 | 128/8/64 | 8/8/64 | 8/8/512
x08l11245:24878:24932 [0] NCCL INFO 8 coll channels, 8 p2p channels, 2 p2p channels per peer
x08l11245:24879:24959 [1] NCCL INFO Connected 1 MSCCL algorithms
x08l11245:24879:24959 [1] NCCL INFO threadThresholds 8/8/64 | 128/8/64 | 8/8/64 | 8/8/512
x08l11245:24879:24959 [1] NCCL INFO 8 coll channels, 8 p2p channels, 2 p2p channels per peer
x08l11245:24884:24974 [6] NCCL INFO Connected 1 MSCCL algorithms
x08l11245:24884:24974 [6] NCCL INFO threadThresholds 8/8/64 | 128/8/64 | 8/8/64 | 8/8/512
x08l11245:24884:24974 [6] NCCL INFO 8 coll channels, 8 p2p channels, 2 p2p channels per peer
x08l11245:24883:24960 [5] NCCL INFO Connected 1 MSCCL algorithms
x08l11245:24883:24960 [5] NCCL INFO threadThresholds 8/8/64 | 128/8/64 | 8/8/64 | 8/8/512
x08l11245:24883:24960 [5] NCCL INFO 8 coll channels, 8 p2p channels, 2 p2p channels per peer
x08l11245:24881:24962 [3] NCCL INFO Connected 1 MSCCL algorithms
x08l11245:24881:24962 [3] NCCL INFO threadThresholds 8/8/64 | 128/8/64 | 8/8/64 | 8/8/512
x08l11245:24880:24961 [2] NCCL INFO Connected 1 MSCCL algorithms
x08l11245:24881:24962 [3] NCCL INFO 8 coll channels, 8 p2p channels, 2 p2p channels per peer
x08l11245:24880:24961 [2] NCCL INFO threadThresholds 8/8/64 | 128/8/64 | 8/8/64 | 8/8/512
x08l11245:24882:24973 [4] NCCL INFO Connected 1 MSCCL algorithms
x08l11245:24880:24961 [2] NCCL INFO 8 coll channels, 8 p2p channels, 2 p2p channels per peer
x08l11245:24882:24973 [4] NCCL INFO threadThresholds 8/8/64 | 128/8/64 | 8/8/64 | 8/8/512
x08l11245:24882:24973 [4] NCCL INFO 8 coll channels, 8 p2p channels, 2 p2p channels per peer
x08l11244:29072:29150 [3] NCCL INFO comm 0x7f773c45a010 rank 11 nranks 16 cudaDev 3 busId 4d000 - Init COMPLETE
x08l11244:29073:29148 [4] NCCL INFO comm 0x7f960245a010 rank 12 nranks 16 cudaDev 4 busId 89000 - Init COMPLETE
x08l11244:29075:29164 [6] NCCL INFO comm 0x7f870045a010 rank 14 nranks 16 cudaDev 6 busId ad000 - Init COMPLETE
x08l11244:29074:29156 [5] NCCL INFO comm 0x7f21b045a010 rank 13 nranks 16 cudaDev 5 busId 8e000 - Init COMPLETE
x08l11244:29078:29157 [7] NCCL INFO comm 0x7f8f23c59010 rank 15 nranks 16 cudaDev 7 busId b3000 - Init COMPLETE
x08l11244:29071:29155 [2] NCCL INFO comm 0x7f928e45a010 rank 10 nranks 16 cudaDev 2 busId 48000 - Init COMPLETE
x08l11244:29070:29158 [1] NCCL INFO comm 0x7f218045a010 rank 9 nranks 16 cudaDev 1 busId 19000 - Init COMPLETE
x08l11244:29069:29147 [0] NCCL INFO comm 0x7f7c7645a010 rank 8 nranks 16 cudaDev 0 busId 13000 - Init COMPLETE
x08l11245:24883:24960 [5] NCCL INFO comm 0x7f0ec1c59010 rank 5 nranks 16 cudaDev 5 busId 8e000 - Init COMPLETE
x08l11245:24878:24932 [0] NCCL INFO comm 0x7f875445a010 rank 0 nranks 16 cudaDev 0 busId 13000 - Init COMPLETE
x08l11245:24881:24962 [3] NCCL INFO comm 0x7f4de0456010 rank 3 nranks 16 cudaDev 3 busId 4d000 - Init COMPLETE
x08l11245:24887:24958 [7] NCCL INFO comm 0x7fcd5045a010 rank 7 nranks 16 cudaDev 7 busId b3000 - Init COMPLETE
x08l11245:24880:24961 [2] NCCL INFO comm 0x7f6059c59010 rank 2 nranks 16 cudaDev 2 busId 48000 - Init COMPLETE
x08l11245:24882:24973 [4] NCCL INFO comm 0x7fdd2cc57010 rank 4 nranks 16 cudaDev 4 busId 89000 - Init COMPLETE
x08l11245:24879:24959 [1] NCCL INFO comm 0x7f80ce45a010 rank 1 nranks 16 cudaDev 1 busId 19000 - Init COMPLETE
#
#                                                              out-of-place                       in-place          
#       size         count      type   redop    root     time   algbw   busbw #wrong     time   algbw   busbw #wrong
#        (B)    (elements)                               (us)  (GB/s)  (GB/s)            (us)  (GB/s)  (GB/s)       
x08l11245:24884:24974 [6] NCCL INFO comm 0x7f570c45a010 rank 6 nranks 16 cudaDev 6 busId ad000 - Init COMPLETE
x08l11245:24878:24878 [0] NCCL INFO Launch mode Parallel
        1024            16     float    none      -1    151.4    0.01    0.01      0    142.9    0.01    0.01      0
        2048            32     float    none      -1    147.6    0.01    0.01      0    138.7    0.01    0.01      0
        4096            64     float    none      -1    147.8    0.03    0.03      0    133.3    0.03    0.03      0
        8192           128     float    none      -1    152.0    0.05    0.05      0    136.7    0.06    0.06      0
       16384           256     float    none      -1    151.6    0.11    0.10      0    132.6    0.12    0.12      0
       32768           512     float    none      -1    156.2    0.21    0.20      0    134.7    0.24    0.23      0
       65536          1024     float    none      -1    158.3    0.41    0.39      0    130.8    0.50    0.47      0
      131072          2048     float    none      -1    165.8    0.79    0.74      0    131.4    1.00    0.94      0
      262144          4096     float    none      -1    184.3    1.42    1.33      0    136.6    1.92    1.80      0
      524288          8192     float    none      -1    188.5    2.78    2.61      0    146.2    3.59    3.36      0
     1048576         16384     float    none      -1    194.7    5.39    5.05      0    178.7    5.87    5.50      0
     2097152         32768     float    none      -1    209.2   10.02    9.40      0    207.6   10.10    9.47      0
     4194304         65536     float    none      -1    236.4   17.74   16.63      0    278.9   15.04   14.10      0
     8388608        131072     float    none      -1    260.5   32.20   30.19      0    434.0   19.33   18.12      0
    16777216        262144     float    none      -1    324.2   51.74   48.51      0    670.4   25.02   23.46      0
    33554432        524288     float    none      -1    485.3   69.14   64.82      0   1188.0   28.25   26.48      0
    67108864       1048576     float    none      -1    843.7   79.54   74.57      0   2420.7   27.72   25.99      0
   134217728       2097152     float    none      -1   1623.2   82.69   77.52      0   4915.0   27.31   25.60      0
   268435456       4194304     float    none      -1   3302.5   81.28   76.20      0   9971.2   26.92   25.24      0
   536870912       8388608     float    none      -1   6686.2   80.30   75.28      0    20113   26.69   25.03      0
  1073741824      16777216     float    none      -1    13429   79.96   74.96      0    40055   26.81   25.13      0
  2147483648      33554432     float    none      -1    27038   79.43   74.46      0    80578   26.65   24.99      0
  4294967296      67108864     float    none      -1    54597   78.67   73.75      0    54453   78.87   73.94      0
x08l11244:29074:29074 [5] NCCL INFO comm 0x7f21b045a010 rank 13 nranks 16 cudaDev 5 busId 8e000 - Destroy COMPLETE
x08l11244:29070:29070 [1] NCCL INFO comm 0x7f218045a010 rank 9 nranks 16 cudaDev 1 busId 19000 - Destroy COMPLETE
x08l11245:24887:24887 [7] NCCL INFO comm 0x7fcd5045a010 rank 7 nranks 16 cudaDev 7 busId b3000 - Destroy COMPLETE
x08l11245:24879:24879 [1] NCCL INFO comm 0x7f80ce45a010 rank 1 nranks 16 cudaDev 1 busId 19000 - Destroy COMPLETE
x08l11244:29072:29072 [3] NCCL INFO comm 0x7f773c45a010 rank 11 nranks 16 cudaDev 3 busId 4d000 - Destroy COMPLETE
x08l11244:29078:29078 [7] NCCL INFO comm 0x7f8f23c59010 rank 15 nranks 16 cudaDev 7 busId b3000 - Destroy COMPLETE
x08l11245:24881:24881 [3] NCCL INFO comm 0x7f4de0456010 rank 3 nranks 16 cudaDev 3 busId 4d000 - Destroy COMPLETE
x08l11245:24883:24883 [5] NCCL INFO comm 0x7f0ec1c59010 rank 5 nranks 16 cudaDev 5 busId 8e000 - Destroy COMPLETE
x08l11244:29069:29069 [0] NCCL INFO comm 0x7f7c7645a010 rank 8 nranks 16 cudaDev 0 busId 13000 - Destroy COMPLETE
x08l11244:29075:29075 [6] NCCL INFO comm 0x7f870045a010 rank 14 nranks 16 cudaDev 6 busId ad000 - Destroy COMPLETE
x08l11244:29071:29071 [2] NCCL INFO comm 0x7f928e45a010 rank 10 nranks 16 cudaDev 2 busId 48000 - Destroy COMPLETE
x08l11244:29073:29073 [4] NCCL INFO comm 0x7f960245a010 rank 12 nranks 16 cudaDev 4 busId 89000 - Destroy COMPLETE
x08l11245:24884:24884 [6] NCCL INFO comm 0x7f570c45a010 rank 6 nranks 16 cudaDev 6 busId ad000 - Destroy COMPLETE
x08l11245:24882:24882 [4] NCCL INFO comm 0x7fdd2cc57010 rank 4 nranks 16 cudaDev 4 busId 89000 - Destroy COMPLETE
x08l11245:24880:24880 [2] NCCL INFO comm 0x7f6059c59010 rank 2 nranks 16 cudaDev 2 busId 48000 - Destroy COMPLETE
x08l11245:24878:24878 [0] NCCL INFO comm 0x7f875445a010 rank 0 nranks 16 cudaDev 0 busId 13000 - Destroy COMPLETE
# Out of bounds values : 0 OK
# Avg bus bandwidth    : 22.5407 
#

