x08l11245:25362:25443 [4] NCCL INFO Channel 03 : 4[89000] -> 3[4d000] via P2P/IPC/read
x08l11245:25362:25443 [4] NCCL INFO Channel 05 : 4[89000] -> 3[4d000] via P2P/IPC/read
x08l11244:29581:29654 [7] NCCL INFO Channel 03 : 15[b3000] -> 14[ad000] via P2P/IPC/read
x08l11245:25362:25443 [4] NCCL INFO Channel 07 : 4[89000] -> 3[4d000] via P2P/IPC/read
x08l11244:29576:29664 [3] NCCL INFO Connected all trees
x08l11244:29576:29664 [3] NCCL INFO MSCCL: Parsing algorithm /mnt/agtest/runxml/xml/lq/ag_small/s_ag_i2_v2.xml
x08l11244:29577:29663 [4] NCCL INFO Connected all trees
x08l11244:29577:29663 [4] NCCL INFO MSCCL: Parsing algorithm /mnt/agtest/runxml/xml/lq/ag_small/s_ag_i2_v2.xml
x08l11244:29578:29653 [5] NCCL INFO Connected all trees
x08l11244:29578:29653 [5] NCCL INFO MSCCL: Parsing algorithm /mnt/agtest/runxml/xml/lq/ag_small/s_ag_i2_v2.xml
x08l11244:29581:29654 [7] NCCL INFO Channel 07 : 15[b3000] -> 14[ad000] via P2P/IPC/read
x08l11244:29573:29659 [0] NCCL INFO Connected all trees
x08l11244:29573:29659 [0] NCCL INFO MSCCL: Parsing algorithm /mnt/agtest/runxml/xml/lq/ag_small/s_ag_i2_v2.xml
x08l11245:25362:25443 [4] NCCL INFO Connected all trees
x08l11245:25362:25443 [4] NCCL INFO MSCCL: Parsing algorithm /mnt/agtest/runxml/xml/lq/ag_small/s_ag_i2_v2.xml
x08l11244:29575:29662 [2] NCCL INFO Parsed MSCCL Algorithm /mnt/agtest/runxml/xml/lq/ag_small/s_ag_i2_v2.xml successfully.
x08l11244:29574:29668 [1] NCCL INFO Connected all trees
x08l11244:29574:29668 [1] NCCL INFO MSCCL: Parsing algorithm /mnt/agtest/runxml/xml/lq/ag_small/s_ag_i2_v2.xml
x08l11244:29581:29654 [7] NCCL INFO Connected all trees
x08l11244:29581:29654 [7] NCCL INFO MSCCL: Parsing algorithm /mnt/agtest/runxml/xml/lq/ag_small/s_ag_i2_v2.xml
x08l11244:29579:29661 [6] NCCL INFO Connected all trees
x08l11244:29575:29662 [2] NCCL INFO Channel 00 : 10[48000] -> 12[89000] via P2P/IPC/read
x08l11244:29579:29661 [6] NCCL INFO MSCCL: Parsing algorithm /mnt/agtest/runxml/xml/lq/ag_small/s_ag_i2_v2.xml
x08l11245:25364:25425 [5] NCCL INFO Connected all trees
x08l11245:25364:25425 [5] NCCL INFO MSCCL: Parsing algorithm /mnt/agtest/runxml/xml/lq/ag_small/s_ag_i2_v2.xml
x08l11245:25370:25441 [7] NCCL INFO Channel 03 : 7[b3000] -> 6[ad000] via P2P/IPC/read
x08l11245:25361:25442 [3] NCCL INFO Connected all trees
x08l11245:25361:25442 [3] NCCL INFO MSCCL: Parsing algorithm /mnt/agtest/runxml/xml/lq/ag_small/s_ag_i2_v2.xml
x08l11245:25358:25412 [0] NCCL INFO Connected all trees
x08l11245:25358:25412 [0] NCCL INFO MSCCL: Parsing algorithm /mnt/agtest/runxml/xml/lq/ag_small/s_ag_i2_v2.xml
x08l11245:25359:25454 [1] NCCL INFO Connected all trees
x08l11245:25359:25454 [1] NCCL INFO MSCCL: Parsing algorithm /mnt/agtest/runxml/xml/lq/ag_small/s_ag_i2_v2.xml
x08l11245:25370:25441 [7] NCCL INFO Channel 07 : 7[b3000] -> 6[ad000] via P2P/IPC/read
x08l11245:25370:25441 [7] NCCL INFO Connected all trees
x08l11245:25370:25441 [7] NCCL INFO MSCCL: Parsing algorithm /mnt/agtest/runxml/xml/lq/ag_small/s_ag_i2_v2.xml
x08l11245:25366:25447 [6] NCCL INFO Connected all trees
x08l11245:25366:25447 [6] NCCL INFO MSCCL: Parsing algorithm /mnt/agtest/runxml/xml/lq/ag_small/s_ag_i2_v2.xml
x08l11245:25360:25452 [2] NCCL INFO Parsed MSCCL Algorithm /mnt/agtest/runxml/xml/lq/ag_small/s_ag_i2_v2.xml successfully.
x08l11245:25360:25452 [2] NCCL INFO Channel 00 : 2[48000] -> 4[89000] via P2P/IPC/read
x08l11244:29577:29663 [4] NCCL INFO Parsed MSCCL Algorithm /mnt/agtest/runxml/xml/lq/ag_small/s_ag_i2_v2.xml successfully.
x08l11244:29577:29663 [4] NCCL INFO Channel 00 : 12[89000] -> 14[ad000] via P2P/IPC/read
x08l11244:29573:29659 [0] NCCL INFO Parsed MSCCL Algorithm /mnt/agtest/runxml/xml/lq/ag_small/s_ag_i2_v2.xml successfully.
x08l11244:29576:29664 [3] NCCL INFO Parsed MSCCL Algorithm /mnt/agtest/runxml/xml/lq/ag_small/s_ag_i2_v2.xml successfully.
x08l11245:25362:25443 [4] NCCL INFO Parsed MSCCL Algorithm /mnt/agtest/runxml/xml/lq/ag_small/s_ag_i2_v2.xml successfully.
x08l11244:29576:29664 [3] NCCL INFO Channel 00 : 11[4d000] -> 13[8e000] via P2P/IPC/read
x08l11244:29578:29653 [5] NCCL INFO Parsed MSCCL Algorithm /mnt/agtest/runxml/xml/lq/ag_small/s_ag_i2_v2.xml successfully.
x08l11245:25362:25443 [4] NCCL INFO Channel 00 : 4[89000] -> 6[ad000] via P2P/IPC/read
x08l11244:29579:29661 [6] NCCL INFO Parsed MSCCL Algorithm /mnt/agtest/runxml/xml/lq/ag_small/s_ag_i2_v2.xml successfully.
x08l11244:29578:29653 [5] NCCL INFO Channel 00 : 13[8e000] -> 15[b3000] via P2P/IPC/read
x08l11244:29579:29661 [6] NCCL INFO Channel 00/0 : 14[ad000] -> 0[13000] [send] via NET/IB/1(8)/GDRDMA
x08l11244:29581:29654 [7] NCCL INFO Parsed MSCCL Algorithm /mnt/agtest/runxml/xml/lq/ag_small/s_ag_i2_v2.xml successfully.
x08l11244:29581:29654 [7] NCCL INFO Channel 00/0 : 15[b3000] -> 0[13000] [send] via NET/IB/1(8)/GDRDMA
x08l11245:25364:25425 [5] NCCL INFO Parsed MSCCL Algorithm /mnt/agtest/runxml/xml/lq/ag_small/s_ag_i2_v2.xml successfully.
x08l11245:25364:25425 [5] NCCL INFO Channel 00 : 5[8e000] -> 7[b3000] via P2P/IPC/read
x08l11244:29574:29668 [1] NCCL INFO Parsed MSCCL Algorithm /mnt/agtest/runxml/xml/lq/ag_small/s_ag_i2_v2.xml successfully.
x08l11244:29574:29668 [1] NCCL INFO Channel 00/0 : 7[b3000] -> 9[19000] [receive] via NET/IB/1/GDRDMA
x08l11244:29574:29668 [1] NCCL INFO Channel 00 : 9[19000] -> 11[4d000] via P2P/IPC/read
x08l11245:25361:25442 [3] NCCL INFO Parsed MSCCL Algorithm /mnt/agtest/runxml/xml/lq/ag_small/s_ag_i2_v2.xml successfully.
x08l11245:25358:25412 [0] NCCL INFO Parsed MSCCL Algorithm /mnt/agtest/runxml/xml/lq/ag_small/s_ag_i2_v2.xml successfully.
x08l11245:25361:25442 [3] NCCL INFO Channel 00 : 3[4d000] -> 5[8e000] via P2P/IPC/read
x08l11244:29577:29663 [4] NCCL INFO Channel 00 : 12[89000] -> 15[b3000] via P2P/IPC/read
x08l11245:25359:25454 [1] NCCL INFO Parsed MSCCL Algorithm /mnt/agtest/runxml/xml/lq/ag_small/s_ag_i2_v2.xml successfully.
x08l11245:25359:25454 [1] NCCL INFO Channel 00/0 : 15[b3000] -> 1[19000] [receive] via NET/IB/1/GDRDMA
x08l11245:25359:25454 [1] NCCL INFO Channel 00 : 1[19000] -> 3[4d000] via P2P/IPC/read
x08l11245:25366:25447 [6] NCCL INFO Parsed MSCCL Algorithm /mnt/agtest/runxml/xml/lq/ag_small/s_ag_i2_v2.xml successfully.
x08l11245:25366:25447 [6] NCCL INFO Channel 00/0 : 6[ad000] -> 8[13000] [send] via NET/IB/1(0)/GDRDMA
x08l11245:25370:25441 [7] NCCL INFO Parsed MSCCL Algorithm /mnt/agtest/runxml/xml/lq/ag_small/s_ag_i2_v2.xml successfully.
x08l11245:25370:25441 [7] NCCL INFO Channel 00/0 : 7[b3000] -> 8[13000] [send] via NET/IB/1(0)/GDRDMA
x08l11244:29576:29664 [3] NCCL INFO Channel 00 : 11[4d000] -> 14[ad000] via P2P/IPC/read
x08l11245:25361:25442 [3] NCCL INFO Channel 00 : 3[4d000] -> 6[ad000] via P2P/IPC/read
x08l11245:25362:25443 [4] NCCL INFO Channel 00 : 4[89000] -> 7[b3000] via P2P/IPC/read
x08l11244:29573:29659 [0] NCCL INFO Channel 00/0 : 7[b3000] -> 8[13000] [receive] via NET/IB/1/GDRDMA
x08l11245:25358:25412 [0] NCCL INFO Channel 00/0 : 15[b3000] -> 0[13000] [receive] via NET/IB/1/GDRDMA
x08l11245:25370:25441 [7] NCCL INFO Channel 00/0 : 7[b3000] -> 9[19000] [send] via NET/IB/1(0)/GDRDMA
x08l11244:29574:29673 [1] NCCL INFO NCCL_IB_TC set by environment to 16.
x08l11244:29574:29673 [1] NCCL INFO NCCL_IB_SL set by environment to 5.
x08l11244:29574:29673 [1] NCCL INFO NCCL_IB_TIMEOUT set by environment to 22.
x08l11245:25364:25425 [5] NCCL INFO Channel 00/0 : 5[8e000] -> 8[13000] [send] via NET/IB/1(0)/GDRDMA
x08l11245:25370:25441 [7] NCCL INFO Channel 00/0 : 7[b3000] -> 10[48000] [send] via NET/IB/2(2)/GDRDMA
x08l11244:29574:29668 [1] NCCL INFO Channel 00/0 : 6[ad000] -> 9[19000] [receive] via NET/IB/1/GDRDMA
x08l11244:29574:29668 [1] NCCL INFO Channel 00 : 9[19000] -> 12[89000] via P2P/IPC/read
x08l11244:29573:29659 [0] NCCL INFO Channel 00/0 : 6[ad000] -> 8[13000] [receive] via NET/IB/1/GDRDMA
x08l11244:29573:29659 [0] NCCL INFO Channel 00 : 8[13000] -> 10[48000] via P2P/IPC/read
x08l11244:29581:29654 [7] NCCL INFO Channel 00/0 : 15[b3000] -> 1[19000] [send] via NET/IB/1(8)/GDRDMA
x08l11244:29575:29662 [2] NCCL INFO Channel 00/0 : 7[b3000] -> 10[48000] [receive] via NET/IB/2/GDRDMA
x08l11244:29575:29662 [2] NCCL INFO Channel 00 : 10[48000] -> 13[8e000] via P2P/IPC/read
x08l11245:25359:25458 [1] NCCL INFO NCCL_IB_TC set by environment to 16.
x08l11245:25359:25458 [1] NCCL INFO NCCL_IB_SL set by environment to 5.
x08l11245:25366:25447 [6] NCCL INFO Channel 00/0 : 6[ad000] -> 9[19000] [send] via NET/IB/1(0)/GDRDMA
x08l11245:25359:25458 [1] NCCL INFO NCCL_IB_TIMEOUT set by environment to 22.
x08l11244:29578:29653 [5] NCCL INFO Channel 00/0 : 13[8e000] -> 0[13000] [send] via NET/IB/1(8)/GDRDMA
x08l11245:25370:25441 [7] NCCL INFO Channel 00/0 : 7[b3000] -> 11[4d000] [send] via NET/IB/2(2)/GDRDMA
x08l11245:25359:25454 [1] NCCL INFO Channel 00/0 : 14[ad000] -> 1[19000] [receive] via NET/IB/1/GDRDMA
x08l11245:25359:25454 [1] NCCL INFO Channel 00 : 1[19000] -> 4[89000] via P2P/IPC/read
x08l11245:25366:25447 [6] NCCL INFO Channel 00/0 : 6[ad000] -> 10[48000] [send] via NET/IB/2(2)/GDRDMA
x08l11244:29574:29668 [1] NCCL INFO Channel 00/0 : 5[8e000] -> 9[19000] [receive] via NET/IB/1/GDRDMA
x08l11244:29574:29668 [1] NCCL INFO Channel 00 : 9[19000] -> 13[8e000] via P2P/IPC/read
x08l11245:25362:25443 [4] NCCL INFO Channel 00/0 : 4[89000] -> 8[13000] [send] via NET/IB/1(0)/GDRDMA
x08l11244:29581:29654 [7] NCCL INFO Channel 00/0 : 15[b3000] -> 2[48000] [send] via NET/IB/2(10)/GDRDMA
x08l11244:29575:29662 [2] NCCL INFO Channel 00/0 : 6[ad000] -> 10[48000] [receive] via NET/IB/2/GDRDMA
x08l11244:29575:29662 [2] NCCL INFO Channel 00 : 10[48000] -> 14[ad000] via P2P/IPC/read
x08l11244:29577:29663 [4] NCCL INFO Channel 00/0 : 12[89000] -> 0[13000] [send] via NET/IB/1(8)/GDRDMA
x08l11245:25358:25412 [0] NCCL INFO Channel 00/0 : 14[ad000] -> 0[13000] [receive] via NET/IB/1/GDRDMA
x08l11245:25358:25412 [0] NCCL INFO Channel 00 : 0[13000] -> 2[48000] via P2P/IPC/read
x08l11245:25360:25452 [2] NCCL INFO Channel 00/0 : 15[b3000] -> 2[48000] [receive] via NET/IB/2/GDRDMA
x08l11245:25360:25452 [2] NCCL INFO Channel 00 : 2[48000] -> 5[8e000] via P2P/IPC/read
x08l11244:29573:29659 [0] NCCL INFO Channel 00/0 : 5[8e000] -> 8[13000] [receive] via NET/IB/1/GDRDMA
x08l11244:29573:29659 [0] NCCL INFO Channel 00 : 8[13000] -> 11[4d000] via P2P/IPC/read
x08l11244:29579:29661 [6] NCCL INFO Channel 00/0 : 14[ad000] -> 1[19000] [send] via NET/IB/1(8)/GDRDMA
x08l11244:29576:29664 [3] NCCL INFO Channel 00/0 : 7[b3000] -> 11[4d000] [receive] via NET/IB/2/GDRDMA
x08l11244:29576:29664 [3] NCCL INFO Channel 00 : 11[4d000] -> 15[b3000] via P2P/IPC/read
x08l11244:29581:29654 [7] NCCL INFO Channel 00/0 : 15[b3000] -> 3[4d000] [send] via NET/IB/2(10)/GDRDMA
x08l11245:25360:25452 [2] NCCL INFO Channel 00/0 : 14[ad000] -> 2[48000] [receive] via NET/IB/2/GDRDMA
x08l11245:25360:25452 [2] NCCL INFO Channel 00 : 2[48000] -> 6[ad000] via P2P/IPC/read
x08l11244:29579:29661 [6] NCCL INFO Channel 00/0 : 14[ad000] -> 2[48000] [send] via NET/IB/2(10)/GDRDMA
x08l11245:25358:25412 [0] NCCL INFO Channel 00/0 : 13[8e000] -> 0[13000] [receive] via NET/IB/1/GDRDMA
x08l11245:25358:25412 [0] NCCL INFO Channel 00 : 0[13000] -> 3[4d000] via P2P/IPC/read
x08l11245:25359:25454 [1] NCCL INFO Channel 00/0 : 13[8e000] -> 1[19000] [receive] via NET/IB/1/GDRDMA
x08l11245:25359:25454 [1] NCCL INFO Channel 00 : 1[19000] -> 5[8e000] via P2P/IPC/read
x08l11245:25361:25442 [3] NCCL INFO Channel 00/0 : 15[b3000] -> 3[4d000] [receive] via NET/IB/2/GDRDMA
x08l11245:25361:25442 [3] NCCL INFO Channel 00 : 3[4d000] -> 7[b3000] via P2P/IPC/read
x08l11244:29573:29659 [0] NCCL INFO Channel 00/0 : 4[89000] -> 8[13000] [receive] via NET/IB/1/GDRDMA
x08l11244:29573:29659 [0] NCCL INFO Channel 00 : 8[13000] -> 12[89000] via P2P/IPC/read
x08l11244:29578:29653 [5] NCCL INFO Channel 00/0 : 13[8e000] -> 1[19000] [send] via NET/IB/1(8)/GDRDMA
x08l11244:29579:29661 [6] NCCL INFO Channel 00/0 : 14[ad000] -> 3[4d000] [send] via NET/IB/2(10)/GDRDMA
x08l11245:25361:25462 [3] NCCL INFO NCCL_IB_TC set by environment to 16.
x08l11245:25361:25462 [3] NCCL INFO NCCL_IB_SL set by environment to 5.
x08l11245:25361:25462 [3] NCCL INFO NCCL_IB_TIMEOUT set by environment to 22.
x08l11244:29581:29654 [7] NCCL INFO Channel 00/0 : 15[b3000] -> 4[89000] [send] via NET/IB/3(12)/GDRDMA
x08l11244:29578:29653 [5] NCCL INFO Channel 00/0 : 13[8e000] -> 2[48000] [send] via NET/IB/2(10)/GDRDMA
x08l11245:25364:25425 [5] NCCL INFO Channel 00/0 : 5[8e000] -> 9[19000] [send] via NET/IB/1(0)/GDRDMA
x08l11244:29576:29671 [3] NCCL INFO NCCL_IB_TC set by environment to 16.
x08l11244:29576:29671 [3] NCCL INFO NCCL_IB_SL set by environment to 5.
x08l11244:29576:29671 [3] NCCL INFO NCCL_IB_TIMEOUT set by environment to 22.
x08l11245:25361:25442 [3] NCCL INFO Channel 00/0 : 14[ad000] -> 3[4d000] [receive] via NET/IB/2/GDRDMA
x08l11245:25366:25447 [6] NCCL INFO Channel 00/0 : 6[ad000] -> 11[4d000] [send] via NET/IB/2(2)/GDRDMA
x08l11245:25361:25442 [3] NCCL INFO Channel 00/0 : 3[4d000] -> 8[13000] [send] via NET/IB/1(0)/GDRDMA
x08l11245:25370:25441 [7] NCCL INFO Channel 00/0 : 7[b3000] -> 12[89000] [send] via NET/IB/3(4)/GDRDMA
x08l11245:25364:25425 [5] NCCL INFO Channel 00/0 : 5[8e000] -> 10[48000] [send] via NET/IB/2(2)/GDRDMA
x08l11244:29575:29662 [2] NCCL INFO Channel 00/0 : 5[8e000] -> 10[48000] [receive] via NET/IB/2/GDRDMA
x08l11244:29575:29662 [2] NCCL INFO Channel 00 : 10[48000] -> 15[b3000] via P2P/IPC/read
x08l11245:25358:25412 [0] NCCL INFO Channel 00/0 : 12[89000] -> 0[13000] [receive] via NET/IB/1/GDRDMA
x08l11245:25358:25412 [0] NCCL INFO Channel 00 : 0[13000] -> 4[89000] via P2P/IPC/read
x08l11245:25360:25452 [2] NCCL INFO Channel 00/0 : 13[8e000] -> 2[48000] [receive] via NET/IB/2/GDRDMA
x08l11245:25360:25452 [2] NCCL INFO Channel 00 : 2[48000] -> 7[b3000] via P2P/IPC/read
x08l11244:29576:29664 [3] NCCL INFO Channel 00/0 : 6[ad000] -> 11[4d000] [receive] via NET/IB/2/GDRDMA
x08l11244:29574:29668 [1] NCCL INFO Channel 00/0 : 4[89000] -> 9[19000] [receive] via NET/IB/1/GDRDMA
x08l11244:29574:29668 [1] NCCL INFO Channel 00 : 9[19000] -> 14[ad000] via P2P/IPC/read
x08l11245:25362:25443 [4] NCCL INFO Channel 00/0 : 15[b3000] -> 4[89000] [receive] via NET/IB/3/GDRDMA
x08l11244:29577:29663 [4] NCCL INFO Channel 00/0 : 7[b3000] -> 12[89000] [receive] via NET/IB/3/GDRDMA
x08l11245:25359:25454 [1] NCCL INFO Channel 00/0 : 12[89000] -> 1[19000] [receive] via NET/IB/1/GDRDMA
x08l11245:25359:25454 [1] NCCL INFO Channel 00 : 1[19000] -> 6[ad000] via P2P/IPC/read
x08l11245:25358:25412 [0] NCCL INFO Channel 00/0 : 11[4d000] -> 0[13000] [receive] via NET/IB/1/GDRDMA
x08l11245:25358:25412 [0] NCCL INFO Channel 00 : 0[13000] -> 5[8e000] via P2P/IPC/read
x08l11245:25362:25443 [4] NCCL INFO Channel 00/0 : 4[89000] -> 9[19000] [send] via NET/IB/1(0)/GDRDMA
x08l11244:29577:29663 [4] NCCL INFO Channel 00/0 : 12[89000] -> 1[19000] [send] via NET/IB/1(8)/GDRDMA
x08l11244:29576:29664 [3] NCCL INFO Channel 00/0 : 11[4d000] -> 0[13000] [send] via NET/IB/1(8)/GDRDMA
x08l11244:29574:29668 [1] NCCL INFO Channel 00/0 : 3[4d000] -> 9[19000] [receive] via NET/IB/1/GDRDMA
x08l11244:29574:29668 [1] NCCL INFO Channel 00 : 9[19000] -> 15[b3000] via P2P/IPC/read
x08l11245:25359:25454 [1] NCCL INFO Channel 00/0 : 11[4d000] -> 1[19000] [receive] via NET/IB/1/GDRDMA
x08l11245:25359:25454 [1] NCCL INFO Channel 00 : 1[19000] -> 7[b3000] via P2P/IPC/read
x08l11244:29575:29662 [2] NCCL INFO Channel 00/0 : 4[89000] -> 10[48000] [receive] via NET/IB/2/GDRDMA
x08l11244:29575:29662 [2] NCCL INFO Channel 00/0 : 10[48000] -> 0[13000] [send] via NET/IB/1(8)/GDRDMA
x08l11245:25364:25425 [5] NCCL INFO Channel 00/0 : 15[b3000] -> 5[8e000] [receive] via NET/IB/3/GDRDMA
x08l11245:25364:25425 [5] NCCL INFO Channel 00/0 : 5[8e000] -> 11[4d000] [send] via NET/IB/2(2)/GDRDMA
x08l11244:29576:29664 [3] NCCL INFO Channel 00/0 : 5[8e000] -> 11[4d000] [receive] via NET/IB/2/GDRDMA
x08l11244:29576:29664 [3] NCCL INFO Channel 00/0 : 11[4d000] -> 1[19000] [send] via NET/IB/1(8)/GDRDMA
x08l11244:29581:29654 [7] NCCL INFO Channel 00/0 : 15[b3000] -> 5[8e000] [send] via NET/IB/3(12)/GDRDMA
x08l11244:29579:29661 [6] NCCL INFO Channel 00/0 : 14[ad000] -> 4[89000] [send] via NET/IB/3(12)/GDRDMA
x08l11244:29577:29663 [4] NCCL INFO Channel 00/0 : 6[ad000] -> 12[89000] [receive] via NET/IB/3/GDRDMA
x08l11244:29577:29663 [4] NCCL INFO Channel 00/0 : 12[89000] -> 2[48000] [send] via NET/IB/2(10)/GDRDMA
x08l11245:25370:25441 [7] NCCL INFO Channel 00/0 : 7[b3000] -> 13[8e000] [send] via NET/IB/3(4)/GDRDMA
x08l11245:25366:25447 [6] NCCL INFO Channel 00/0 : 6[ad000] -> 12[89000] [send] via NET/IB/3(4)/GDRDMA
x08l11245:25362:25443 [4] NCCL INFO Channel 00/0 : 14[ad000] -> 4[89000] [receive] via NET/IB/3/GDRDMA
x08l11245:25362:25443 [4] NCCL INFO Channel 00/0 : 4[89000] -> 10[48000] [send] via NET/IB/2(2)/GDRDMA
x08l11244:29581:29654 [7] NCCL INFO Channel 00/0 : 15[b3000] -> 6[ad000] [send] via NET/IB/4(14)/GDRDMA
x08l11245:25364:25455 [5] NCCL INFO NCCL_IB_TC set by environment to 16.
x08l11245:25364:25455 [5] NCCL INFO NCCL_IB_SL set by environment to 5.
x08l11245:25364:25455 [5] NCCL INFO NCCL_IB_TIMEOUT set by environment to 22.
x08l11245:25364:25425 [5] NCCL INFO Channel 00/0 : 14[ad000] -> 5[8e000] [receive] via NET/IB/3/GDRDMA
x08l11245:25364:25425 [5] NCCL INFO Channel 00/0 : 5[8e000] -> 12[89000] [send] via NET/IB/3(4)/GDRDMA
x08l11244:29573:29659 [0] NCCL INFO Channel 00/0 : 3[4d000] -> 8[13000] [receive] via NET/IB/1/GDRDMA
x08l11244:29573:29659 [0] NCCL INFO Channel 00 : 8[13000] -> 13[8e000] via P2P/IPC/read
x08l11244:29578:29653 [5] NCCL INFO Channel 00/0 : 7[b3000] -> 13[8e000] [receive] via NET/IB/3/GDRDMA
x08l11244:29578:29653 [5] NCCL INFO Channel 00/0 : 13[8e000] -> 3[4d000] [send] via NET/IB/2(10)/GDRDMA
x08l11244:29573:29659 [0] NCCL INFO Channel 00/0 : 2[48000] -> 8[13000] [receive] via NET/IB/1/GDRDMA
x08l11244:29573:29659 [0] NCCL INFO Channel 00 : 8[13000] -> 14[ad000] via P2P/IPC/read
x08l11245:25360:25452 [2] NCCL INFO Channel 00/0 : 12[89000] -> 2[48000] [receive] via NET/IB/2/GDRDMA
x08l11245:25360:25452 [2] NCCL INFO Channel 00/0 : 2[48000] -> 8[13000] [send] via NET/IB/1(0)/GDRDMA
x08l11245:25370:25441 [7] NCCL INFO Channel 00/0 : 7[b3000] -> 14[ad000] [send] via NET/IB/4(6)/GDRDMA
x08l11244:29576:29664 [3] NCCL INFO Channel 00/0 : 4[89000] -> 11[4d000] [receive] via NET/IB/2/GDRDMA
x08l11244:29576:29664 [3] NCCL INFO Channel 00/0 : 11[4d000] -> 2[48000] [send] via NET/IB/2(10)/GDRDMA
x08l11244:29579:29661 [6] NCCL INFO Channel 00/0 : 7[b3000] -> 14[ad000] [receive] via NET/IB/4/GDRDMA
x08l11244:29579:29661 [6] NCCL INFO Channel 00/0 : 14[ad000] -> 5[8e000] [send] via NET/IB/3(12)/GDRDMA
x08l11245:25359:25454 [1] NCCL INFO Channel 00/0 : 10[48000] -> 1[19000] [receive] via NET/IB/1/GDRDMA
x08l11245:25358:25412 [0] NCCL INFO Channel 00/0 : 10[48000] -> 0[13000] [receive] via NET/IB/1/GDRDMA
x08l11245:25358:25412 [0] NCCL INFO Channel 00 : 0[13000] -> 6[ad000] via P2P/IPC/read
x08l11245:25362:25443 [4] NCCL INFO Channel 00/0 : 13[8e000] -> 4[89000] [receive] via NET/IB/3/GDRDMA
x08l11245:25362:25443 [4] NCCL INFO Channel 00/0 : 4[89000] -> 11[4d000] [send] via NET/IB/2(2)/GDRDMA
x08l11245:25370:25441 [7] NCCL INFO Channel 00/0 : 15[b3000] -> 7[b3000] [receive] via NET/IB/4/GDRDMA
x08l11245:25370:25441 [7] NCCL INFO Channel 00/0 : 7[b3000] -> 15[b3000] [send] via NET/IB/4(6)/GDRDMA
x08l11245:25366:25447 [6] NCCL INFO Channel 00/0 : 15[b3000] -> 6[ad000] [receive] via NET/IB/4/GDRDMA
x08l11245:25366:25447 [6] NCCL INFO Channel 00/0 : 6[ad000] -> 13[8e000] [send] via NET/IB/3(4)/GDRDMA
x08l11244:29577:29663 [4] NCCL INFO Channel 00/0 : 5[8e000] -> 12[89000] [receive] via NET/IB/3/GDRDMA
x08l11244:29577:29663 [4] NCCL INFO Channel 00/0 : 12[89000] -> 3[4d000] [send] via NET/IB/2(10)/GDRDMA
x08l11244:29579:29661 [6] NCCL INFO Channel 00/0 : 6[ad000] -> 14[ad000] [receive] via NET/IB/4/GDRDMA
x08l11244:29579:29661 [6] NCCL INFO Channel 00/0 : 14[ad000] -> 6[ad000] [send] via NET/IB/4/GDRDMA
x08l11244:29581:29654 [7] NCCL INFO Channel 00/0 : 7[b3000] -> 15[b3000] [receive] via NET/IB/4/GDRDMA
x08l11244:29581:29654 [7] NCCL INFO Channel 00/0 : 15[b3000] -> 7[b3000] [send] via NET/IB/4(14)/GDRDMA
x08l11244:29581:29676 [7] NCCL INFO NCCL_IB_TC set by environment to 16.
x08l11244:29581:29676 [7] NCCL INFO NCCL_IB_SL set by environment to 5.
x08l11244:29581:29676 [7] NCCL INFO NCCL_IB_TIMEOUT set by environment to 22.
x08l11245:25370:25457 [7] NCCL INFO NCCL_IB_TC set by environment to 16.
x08l11245:25370:25457 [7] NCCL INFO NCCL_IB_SL set by environment to 5.
x08l11245:25370:25457 [7] NCCL INFO NCCL_IB_TIMEOUT set by environment to 22.
x08l11245:25364:25425 [5] NCCL INFO Channel 00/0 : 13[8e000] -> 5[8e000] [receive] via NET/IB/3/GDRDMA
x08l11245:25364:25425 [5] NCCL INFO Channel 00/0 : 5[8e000] -> 13[8e000] [send] via NET/IB/3(4)/GDRDMA
x08l11245:25370:25441 [7] NCCL INFO Channel 00/0 : 14[ad000] -> 7[b3000] [receive] via NET/IB/4/GDRDMA
x08l11245:25370:25441 [7] NCCL INFO Channel 00 : 7[b3000] -> 0[13000] via P2P/IPC/read
x08l11245:25361:25442 [3] NCCL INFO Channel 00/0 : 13[8e000] -> 3[4d000] [receive] via NET/IB/2/GDRDMA
x08l11245:25361:25442 [3] NCCL INFO Channel 00/0 : 3[4d000] -> 9[19000] [send] via NET/IB/1(0)/GDRDMA
x08l11244:29578:29672 [5] NCCL INFO NCCL_IB_TC set by environment to 16.
x08l11244:29578:29672 [5] NCCL INFO NCCL_IB_SL set by environment to 5.
x08l11244:29578:29672 [5] NCCL INFO NCCL_IB_TIMEOUT set by environment to 22.
x08l11245:25361:25442 [3] NCCL INFO Channel 00/0 : 12[89000] -> 3[4d000] [receive] via NET/IB/2/GDRDMA
x08l11245:25361:25442 [3] NCCL INFO Channel 00/0 : 3[4d000] -> 10[48000] [send] via NET/IB/2(2)/GDRDMA
x08l11244:29578:29653 [5] NCCL INFO Channel 00/0 : 6[ad000] -> 13[8e000] [receive] via NET/IB/3/GDRDMA
x08l11244:29578:29653 [5] NCCL INFO Channel 00/0 : 13[8e000] -> 4[89000] [send] via NET/IB/3(12)/GDRDMA
x08l11245:25366:25447 [6] NCCL INFO Channel 00/0 : 14[ad000] -> 6[ad000] [receive] via NET/IB/4/GDRDMA
x08l11245:25366:25447 [6] NCCL INFO Channel 00/0 : 6[ad000] -> 14[ad000] [send] via NET/IB/4/GDRDMA
x08l11244:29573:29659 [0] NCCL INFO Channel 00/0 : 8[13000] -> 1[19000] [send] via NET/IB/1/GDRDMA
x08l11245:25360:25452 [2] NCCL INFO Channel 00/0 : 11[4d000] -> 2[48000] [receive] via NET/IB/2/GDRDMA
x08l11245:25360:25452 [2] NCCL INFO Channel 00/0 : 2[48000] -> 9[19000] [send] via NET/IB/1(0)/GDRDMA
x08l11245:25358:25412 [0] NCCL INFO Channel 00/0 : 0[13000] -> 9[19000] [send] via NET/IB/1/GDRDMA
x08l11244:29575:29662 [2] NCCL INFO Channel 00/0 : 3[4d000] -> 10[48000] [receive] via NET/IB/2/GDRDMA
x08l11244:29575:29662 [2] NCCL INFO Channel 00/0 : 10[48000] -> 1[19000] [send] via NET/IB/1(8)/GDRDMA
x08l11244:29576:29664 [3] NCCL INFO Channel 00/0 : 3[4d000] -> 11[4d000] [receive] via NET/IB/2/GDRDMA
x08l11244:29576:29664 [3] NCCL INFO Channel 00/0 : 11[4d000] -> 3[4d000] [send] via NET/IB/2(10)/GDRDMA
x08l11244:29581:29654 [7] NCCL INFO Channel 00/0 : 6[ad000] -> 15[b3000] [receive] via NET/IB/4/GDRDMA
x08l11244:29581:29654 [7] NCCL INFO Channel 00 : 15[b3000] -> 8[13000] via P2P/IPC/read
x08l11245:25359:25454 [1] NCCL INFO Channel 00/0 : 9[19000] -> 1[19000] [receive] via NET/IB/1/GDRDMA
x08l11245:25359:25454 [1] NCCL INFO Channel 00/0 : 1[19000] -> 9[19000] [send] via NET/IB/1(0)/GDRDMA
x08l11244:29575:29662 [2] NCCL INFO Channel 00/0 : 2[48000] -> 10[48000] [receive] via NET/IB/2/GDRDMA
x08l11244:29575:29662 [2] NCCL INFO Channel 00/0 : 10[48000] -> 2[48000] [send] via NET/IB/2/GDRDMA
x08l11244:29574:29668 [1] NCCL INFO Channel 00/0 : 2[48000] -> 9[19000] [receive] via NET/IB/1/GDRDMA
x08l11244:29574:29668 [1] NCCL INFO Channel 00/0 : 1[19000] -> 9[19000] [receive] via NET/IB/1/GDRDMA
x08l11244:29574:29668 [1] NCCL INFO Channel 00/0 : 9[19000] -> 1[19000] [send] via NET/IB/1(8)/GDRDMA
x08l11245:25360:25452 [2] NCCL INFO Channel 00/0 : 10[48000] -> 2[48000] [receive] via NET/IB/2/GDRDMA
x08l11245:25360:25452 [2] NCCL INFO Channel 00/0 : 2[48000] -> 10[48000] [send] via NET/IB/2/GDRDMA
x08l11244:29578:29653 [5] NCCL INFO Channel 00/0 : 5[8e000] -> 13[8e000] [receive] via NET/IB/3/GDRDMA
x08l11244:29577:29663 [4] NCCL INFO Channel 00/0 : 4[89000] -> 12[89000] [receive] via NET/IB/3/GDRDMA
x08l11244:29577:29663 [4] NCCL INFO Channel 00/0 : 12[89000] -> 4[89000] [send] via NET/IB/3/GDRDMA
x08l11244:29578:29653 [5] NCCL INFO Channel 00/0 : 13[8e000] -> 5[8e000] [send] via NET/IB/3(12)/GDRDMA
x08l11245:25362:25443 [4] NCCL INFO Channel 00/0 : 12[89000] -> 4[89000] [receive] via NET/IB/3/GDRDMA
x08l11245:25362:25443 [4] NCCL INFO Channel 00/0 : 4[89000] -> 12[89000] [send] via NET/IB/3/GDRDMA
x08l11244:29578:29653 [5] NCCL INFO Channel 00/0 : 4[89000] -> 13[8e000] [receive] via NET/IB/3/GDRDMA
x08l11244:29578:29653 [5] NCCL INFO Channel 00/0 : 13[8e000] -> 6[ad000] [send] via NET/IB/4(14)/GDRDMA
x08l11245:25366:25447 [6] NCCL INFO Channel 00/0 : 13[8e000] -> 6[ad000] [receive] via NET/IB/4/GDRDMA
x08l11245:25366:25447 [6] NCCL INFO Channel 00/0 : 6[ad000] -> 15[b3000] [send] via NET/IB/4/GDRDMA
x08l11244:29579:29661 [6] NCCL INFO Channel 00/0 : 5[8e000] -> 14[ad000] [receive] via NET/IB/4/GDRDMA
x08l11244:29579:29661 [6] NCCL INFO Channel 00/0 : 14[ad000] -> 7[b3000] [send] via NET/IB/4/GDRDMA
x08l11244:29581:29654 [7] NCCL INFO Channel 00/0 : 5[8e000] -> 15[b3000] [receive] via NET/IB/4/GDRDMA
x08l11244:29581:29654 [7] NCCL INFO Channel 00 : 15[b3000] -> 9[19000] via P2P/IPC/read
x08l11245:25361:25442 [3] NCCL INFO Channel 00/0 : 11[4d000] -> 3[4d000] [receive] via NET/IB/2/GDRDMA
x08l11245:25361:25442 [3] NCCL INFO Channel 00/0 : 3[4d000] -> 11[4d000] [send] via NET/IB/2(2)/GDRDMA
x08l11245:25361:25442 [3] NCCL INFO Channel 00/0 : 10[48000] -> 3[4d000] [receive] via NET/IB/2/GDRDMA
x08l11245:25361:25442 [3] NCCL INFO Channel 00/0 : 3[4d000] -> 12[89000] [send] via NET/IB/3(4)/GDRDMA
x08l11244:29574:29668 [1] NCCL INFO Channel 00/0 : 0[13000] -> 9[19000] [receive] via NET/IB/1/GDRDMA
x08l11244:29574:29668 [1] NCCL INFO Channel 00/0 : 9[19000] -> 2[48000] [send] via NET/IB/2(10)/GDRDMA
x08l11245:25359:25454 [1] NCCL INFO Channel 00/0 : 8[13000] -> 1[19000] [receive] via NET/IB/1/GDRDMA
x08l11245:25359:25454 [1] NCCL INFO Channel 00/0 : 1[19000] -> 10[48000] [send] via NET/IB/2(2)/GDRDMA
x08l11245:25360:25452 [2] NCCL INFO Channel 00/0 : 9[19000] -> 2[48000] [receive] via NET/IB/2/GDRDMA
x08l11245:25360:25452 [2] NCCL INFO Channel 00/0 : 2[48000] -> 11[4d000] [send] via NET/IB/2/GDRDMA
x08l11245:25364:25425 [5] NCCL INFO Channel 00/0 : 12[89000] -> 5[8e000] [receive] via NET/IB/3/GDRDMA
x08l11245:25364:25425 [5] NCCL INFO Channel 00/0 : 5[8e000] -> 14[ad000] [send] via NET/IB/4(6)/GDRDMA
x08l11244:29577:29663 [4] NCCL INFO Channel 00/0 : 3[4d000] -> 12[89000] [receive] via NET/IB/3/GDRDMA
x08l11244:29577:29663 [4] NCCL INFO Channel 00/0 : 12[89000] -> 5[8e000] [send] via NET/IB/3/GDRDMA
x08l11245:25358:25412 [0] NCCL INFO Channel 00/0 : 0[13000] -> 10[48000] [send] via NET/IB/2(2)/GDRDMA
x08l11245:25362:25443 [4] NCCL INFO Channel 00/0 : 11[4d000] -> 4[89000] [receive] via NET/IB/3/GDRDMA
x08l11245:25362:25443 [4] NCCL INFO Channel 00/0 : 4[89000] -> 13[8e000] [send] via NET/IB/3/GDRDMA
x08l11244:29573:29659 [0] NCCL INFO Channel 00/0 : 8[13000] -> 2[48000] [send] via NET/IB/2(10)/GDRDMA
x08l11244:29575:29662 [2] NCCL INFO Channel 00/0 : 1[19000] -> 10[48000] [receive] via NET/IB/2/GDRDMA
x08l11244:29575:29662 [2] NCCL INFO Channel 00/0 : 10[48000] -> 3[4d000] [send] via NET/IB/2/GDRDMA
x08l11244:29574:29668 [1] NCCL INFO Channel 00/0 : 9[19000] -> 3[4d000] [send] via NET/IB/2(10)/GDRDMA
x08l11245:25370:25441 [7] NCCL INFO Channel 00/0 : 13[8e000] -> 7[b3000] [receive] via NET/IB/4/GDRDMA
x08l11245:25370:25441 [7] NCCL INFO Channel 00 : 7[b3000] -> 1[19000] via P2P/IPC/read
x08l11245:25364:25425 [5] NCCL INFO Channel 00/0 : 11[4d000] -> 5[8e000] [receive] via NET/IB/3/GDRDMA
x08l11245:25364:25425 [5] NCCL INFO Channel 00/0 : 5[8e000] -> 15[b3000] [send] via NET/IB/4(6)/GDRDMA
x08l11245:25359:25454 [1] NCCL INFO Channel 00/0 : 1[19000] -> 11[4d000] [send] via NET/IB/2(2)/GDRDMA
x08l11244:29576:29664 [3] NCCL INFO Channel 00/0 : 2[48000] -> 11[4d000] [receive] via NET/IB/2/GDRDMA
x08l11244:29576:29664 [3] NCCL INFO Channel 00/0 : 11[4d000] -> 4[89000] [send] via NET/IB/3(12)/GDRDMA
x08l11244:29576:29664 [3] NCCL INFO Channel 00/0 : 1[19000] -> 11[4d000] [receive] via NET/IB/2/GDRDMA
x08l11244:29576:29664 [3] NCCL INFO Channel 00/0 : 11[4d000] -> 5[8e000] [send] via NET/IB/3(12)/GDRDMA
x08l11245:25359:25454 [1] NCCL INFO Channel 00/0 : 1[19000] -> 12[89000] [send] via NET/IB/3(4)/GDRDMA
x08l11244:29579:29661 [6] NCCL INFO Channel 00/0 : 4[89000] -> 14[ad000] [receive] via NET/IB/4/GDRDMA
x08l11244:29579:29661 [6] NCCL INFO Channel 00 : 14[ad000] -> 8[13000] via P2P/IPC/read
x08l11244:29577:29663 [4] NCCL INFO Channel 00/0 : 2[48000] -> 12[89000] [receive] via NET/IB/3/GDRDMA
x08l11245:25366:25447 [6] NCCL INFO Channel 00/0 : 12[89000] -> 6[ad000] [receive] via NET/IB/4/GDRDMA
x08l11245:25366:25447 [6] NCCL INFO Channel 00 : 6[ad000] -> 0[13000] via P2P/IPC/read
x08l11244:29575:29662 [2] NCCL INFO Channel 00/0 : 0[13000] -> 10[48000] [receive] via NET/IB/2/GDRDMA
x08l11245:25361:25442 [3] NCCL INFO Channel 00/0 : 9[19000] -> 3[4d000] [receive] via NET/IB/2/GDRDMA
x08l11245:25361:25442 [3] NCCL INFO Channel 00/0 : 3[4d000] -> 13[8e000] [send] via NET/IB/3(4)/GDRDMA
x08l11244:29575:29662 [2] NCCL INFO Channel 00/0 : 10[48000] -> 4[89000] [send] via NET/IB/3(12)/GDRDMA
x08l11244:29577:29663 [4] NCCL INFO Channel 00/0 : 12[89000] -> 6[ad000] [send] via NET/IB/4(14)/GDRDMA
x08l11244:29574:29668 [1] NCCL INFO Channel 00/0 : 9[19000] -> 4[89000] [send] via NET/IB/3(12)/GDRDMA
x08l11245:25358:25412 [0] NCCL INFO Channel 00/0 : 0[13000] -> 11[4d000] [send] via NET/IB/2(2)/GDRDMA
x08l11244:29578:29653 [5] NCCL INFO Channel 00/0 : 3[4d000] -> 13[8e000] [receive] via NET/IB/3/GDRDMA
x08l11244:29578:29653 [5] NCCL INFO Channel 00/0 : 13[8e000] -> 7[b3000] [send] via NET/IB/4(14)/GDRDMA
x08l11245:25362:25443 [4] NCCL INFO Channel 00/0 : 10[48000] -> 4[89000] [receive] via NET/IB/3/GDRDMA
x08l11245:25362:25443 [4] NCCL INFO Channel 00/0 : 4[89000] -> 14[ad000] [send] via NET/IB/4(6)/GDRDMA
x08l11245:25360:25452 [2] NCCL INFO Channel 00/0 : 8[13000] -> 2[48000] [receive] via NET/IB/2/GDRDMA
x08l11245:25360:25452 [2] NCCL INFO Channel 00/0 : 2[48000] -> 12[89000] [send] via NET/IB/3(4)/GDRDMA
x08l11244:29576:29664 [3] NCCL INFO Channel 00/0 : 0[13000] -> 11[4d000] [receive] via NET/IB/2/GDRDMA
x08l11245:25364:25425 [5] NCCL INFO Channel 00/0 : 10[48000] -> 5[8e000] [receive] via NET/IB/3/GDRDMA
x08l11245:25364:25425 [5] NCCL INFO Channel 00 : 5[8e000] -> 0[13000] via P2P/IPC/read
x08l11244:29581:29654 [7] NCCL INFO Channel 00/0 : 4[89000] -> 15[b3000] [receive] via NET/IB/4/GDRDMA
x08l11244:29581:29654 [7] NCCL INFO Channel 00 : 15[b3000] -> 10[48000] via P2P/IPC/read
x08l11244:29578:29653 [5] NCCL INFO Channel 00/0 : 2[48000] -> 13[8e000] [receive] via NET/IB/3/GDRDMA
x08l11244:29578:29653 [5] NCCL INFO Channel 00 : 13[8e000] -> 8[13000] via P2P/IPC/read
x08l11245:25361:25442 [3] NCCL INFO Channel 00/0 : 8[13000] -> 3[4d000] [receive] via NET/IB/2/GDRDMA
x08l11245:25361:25442 [3] NCCL INFO Channel 00/0 : 3[4d000] -> 14[ad000] [send] via NET/IB/4(6)/GDRDMA
x08l11244:29573:29659 [0] NCCL INFO Channel 00/0 : 8[13000] -> 3[4d000] [send] via NET/IB/2(10)/GDRDMA
x08l11244:29576:29664 [3] NCCL INFO Channel 00/0 : 11[4d000] -> 6[ad000] [send] via NET/IB/4(14)/GDRDMA
x08l11244:29579:29661 [6] NCCL INFO Channel 00/0 : 3[4d000] -> 14[ad000] [receive] via NET/IB/4/GDRDMA
x08l11244:29579:29661 [6] NCCL INFO Channel 00 : 14[ad000] -> 9[19000] via P2P/IPC/read
x08l11244:29575:29662 [2] NCCL INFO Channel 00/0 : 10[48000] -> 5[8e000] [send] via NET/IB/3(12)/GDRDMA
x08l11244:29573:29659 [0] NCCL INFO Channel 00/0 : 8[13000] -> 4[89000] [send] via NET/IB/3(12)/GDRDMA
x08l11244:29577:29663 [4] NCCL INFO Channel 00/0 : 1[19000] -> 12[89000] [receive] via NET/IB/3/GDRDMA
x08l11245:25360:25452 [2] NCCL INFO Channel 00/0 : 2[48000] -> 13[8e000] [send] via NET/IB/3(4)/GDRDMA
x08l11245:25358:25412 [0] NCCL INFO Channel 00/0 : 0[13000] -> 12[89000] [send] via NET/IB/3(4)/GDRDMA
x08l11244:29577:29663 [4] NCCL INFO Channel 00/0 : 12[89000] -> 7[b3000] [send] via NET/IB/4(14)/GDRDMA
x08l11244:29575:29662 [2] NCCL INFO Channel 00/0 : 10[48000] -> 6[ad000] [send] via NET/IB/4(14)/GDRDMA
x08l11245:25364:25425 [5] NCCL INFO Channel 00/0 : 9[19000] -> 5[8e000] [receive] via NET/IB/3/GDRDMA
x08l11245:25364:25425 [5] NCCL INFO Channel 00 : 5[8e000] -> 1[19000] via P2P/IPC/read
x08l11245:25366:25447 [6] NCCL INFO Channel 00/0 : 11[4d000] -> 6[ad000] [receive] via NET/IB/4/GDRDMA
x08l11245:25366:25447 [6] NCCL INFO Channel 00 : 6[ad000] -> 1[19000] via P2P/IPC/read
x08l11245:25359:25454 [1] NCCL INFO Channel 00/0 : 1[19000] -> 13[8e000] [send] via NET/IB/3(4)/GDRDMA
x08l11245:25361:25442 [3] NCCL INFO Channel 00/0 : 3[4d000] -> 15[b3000] [send] via NET/IB/4(6)/GDRDMA
x08l11244:29576:29664 [3] NCCL INFO Channel 00/0 : 11[4d000] -> 7[b3000] [send] via NET/IB/4(14)/GDRDMA
x08l11245:25370:25441 [7] NCCL INFO Channel 00/0 : 12[89000] -> 7[b3000] [receive] via NET/IB/4/GDRDMA
x08l11245:25370:25441 [7] NCCL INFO Channel 00 : 7[b3000] -> 2[48000] via P2P/IPC/read
x08l11245:25360:25452 [2] NCCL INFO Channel 00/0 : 2[48000] -> 14[ad000] [send] via NET/IB/4(6)/GDRDMA
x08l11245:25362:25443 [4] NCCL INFO Channel 00/0 : 9[19000] -> 4[89000] [receive] via NET/IB/3/GDRDMA
x08l11245:25362:25443 [4] NCCL INFO Channel 00/0 : 4[89000] -> 15[b3000] [send] via NET/IB/4(6)/GDRDMA
x08l11245:25370:25441 [7] NCCL INFO Channel 00/0 : 11[4d000] -> 7[b3000] [receive] via NET/IB/4/GDRDMA
x08l11245:25370:25441 [7] NCCL INFO Channel 00 : 7[b3000] -> 3[4d000] via P2P/IPC/read
x08l11244:29574:29668 [1] NCCL INFO Channel 00/0 : 9[19000] -> 5[8e000] [send] via NET/IB/3(12)/GDRDMA
x08l11244:29581:29654 [7] NCCL INFO Channel 00/0 : 3[4d000] -> 15[b3000] [receive] via NET/IB/4/GDRDMA
x08l11244:29581:29654 [7] NCCL INFO Channel 00 : 15[b3000] -> 11[4d000] via P2P/IPC/read
x08l11245:25362:25443 [4] NCCL INFO Channel 00/0 : 8[13000] -> 4[89000] [receive] via NET/IB/3/GDRDMA
x08l11245:25362:25443 [4] NCCL INFO Channel 00 : 4[89000] -> 0[13000] via P2P/IPC/read
x08l11244:29579:29661 [6] NCCL INFO Channel 00/0 : 2[48000] -> 14[ad000] [receive] via NET/IB/4/GDRDMA
x08l11244:29579:29661 [6] NCCL INFO Channel 00 : 14[ad000] -> 10[48000] via P2P/IPC/read
x08l11245:25361:25442 [3] NCCL INFO Channel 00 : 3[4d000] -> 0[13000] via P2P/IPC/read
x08l11244:29576:29664 [3] NCCL INFO Channel 00 : 11[4d000] -> 8[13000] via P2P/IPC/read
x08l11245:25366:25447 [6] NCCL INFO Channel 00/0 : 10[48000] -> 6[ad000] [receive] via NET/IB/4/GDRDMA
x08l11245:25366:25447 [6] NCCL INFO Channel 00 : 6[ad000] -> 2[48000] via P2P/IPC/read
x08l11244:29575:29662 [2] NCCL INFO Channel 00/0 : 10[48000] -> 7[b3000] [send] via NET/IB/4(14)/GDRDMA
x08l11245:25360:25452 [2] NCCL INFO Channel 00/0 : 2[48000] -> 15[b3000] [send] via NET/IB/4(6)/GDRDMA
x08l11245:25366:25447 [6] NCCL INFO Channel 00/0 : 9[19000] -> 6[ad000] [receive] via NET/IB/4/GDRDMA
x08l11245:25366:25447 [6] NCCL INFO Channel 00 : 6[ad000] -> 3[4d000] via P2P/IPC/read
x08l11244:29578:29653 [5] NCCL INFO Channel 00/0 : 1[19000] -> 13[8e000] [receive] via NET/IB/3/GDRDMA
x08l11244:29578:29653 [5] NCCL INFO Channel 00 : 13[8e000] -> 9[19000] via P2P/IPC/read
x08l11244:29574:29668 [1] NCCL INFO Channel 00/0 : 9[19000] -> 6[ad000] [send] via NET/IB/4(14)/GDRDMA
x08l11244:29578:29653 [5] NCCL INFO Channel 00/0 : 0[13000] -> 13[8e000] [receive] via NET/IB/3/GDRDMA
x08l11244:29578:29653 [5] NCCL INFO Channel 00 : 13[8e000] -> 10[48000] via P2P/IPC/read
x08l11245:25359:25454 [1] NCCL INFO Channel 00/0 : 1[19000] -> 14[ad000] [send] via NET/IB/4(6)/GDRDMA
x08l11244:29581:29654 [7] NCCL INFO Channel 00/0 : 2[48000] -> 15[b3000] [receive] via NET/IB/4/GDRDMA
x08l11244:29581:29654 [7] NCCL INFO Channel 00 : 15[b3000] -> 12[89000] via P2P/IPC/read
x08l11244:29577:29663 [4] NCCL INFO Channel 00/0 : 0[13000] -> 12[89000] [receive] via NET/IB/3/GDRDMA
x08l11244:29577:29663 [4] NCCL INFO Channel 00 : 12[89000] -> 8[13000] via P2P/IPC/read
x08l11245:25370:25441 [7] NCCL INFO Channel 00/0 : 10[48000] -> 7[b3000] [receive] via NET/IB/4/GDRDMA
x08l11245:25370:25441 [7] NCCL INFO Channel 00 : 7[b3000] -> 4[89000] via P2P/IPC/read
x08l11245:25358:25412 [0] NCCL INFO Channel 00/0 : 0[13000] -> 13[8e000] [send] via NET/IB/3(4)/GDRDMA
x08l11245:25362:25443 [4] NCCL INFO Channel 00 : 4[89000] -> 1[19000] via P2P/IPC/read
x08l11245:25361:25442 [3] NCCL INFO Channel 00 : 3[4d000] -> 1[19000] via P2P/IPC/read
x08l11244:29579:29661 [6] NCCL INFO Channel 00/0 : 1[19000] -> 14[ad000] [receive] via NET/IB/4/GDRDMA
x08l11244:29579:29661 [6] NCCL INFO Channel 00 : 14[ad000] -> 11[4d000] via P2P/IPC/read
x08l11245:25358:25412 [0] NCCL INFO Channel 00/0 : 0[13000] -> 14[ad000] [send] via NET/IB/4(6)/GDRDMA
x08l11245:25362:25443 [4] NCCL INFO Channel 00 : 4[89000] -> 2[48000] via P2P/IPC/read
x08l11244:29575:29662 [2] NCCL INFO Channel 00 : 10[48000] -> 8[13000] via P2P/IPC/read
x08l11244:29573:29659 [0] NCCL INFO Channel 00/0 : 8[13000] -> 5[8e000] [send] via NET/IB/3(12)/GDRDMA
x08l11244:29578:29653 [5] NCCL INFO Channel 00 : 13[8e000] -> 11[4d000] via P2P/IPC/read
x08l11244:29577:29663 [4] NCCL INFO Channel 00 : 12[89000] -> 9[19000] via P2P/IPC/read
x08l11244:29576:29664 [3] NCCL INFO Channel 00 : 11[4d000] -> 9[19000] via P2P/IPC/read
x08l11245:25370:25441 [7] NCCL INFO Channel 00/0 : 9[19000] -> 7[b3000] [receive] via NET/IB/4/GDRDMA
x08l11245:25370:25441 [7] NCCL INFO Channel 00 : 7[b3000] -> 5[8e000] via P2P/IPC/read
x08l11244:29577:29663 [4] NCCL INFO Channel 00 : 12[89000] -> 10[48000] via P2P/IPC/read
x08l11245:25359:25454 [1] NCCL INFO Channel 00/0 : 1[19000] -> 15[b3000] [send] via NET/IB/4(6)/GDRDMA
x08l11244:29574:29668 [1] NCCL INFO Channel 00/0 : 9[19000] -> 7[b3000] [send] via NET/IB/4(14)/GDRDMA
x08l11244:29576:29664 [3] NCCL INFO Connected 1 MSCCL algorithms
x08l11244:29576:29664 [3] NCCL INFO threadThresholds 8/8/64 | 128/8/64 | 8/8/64 | 8/8/512
x08l11244:29576:29664 [3] NCCL INFO 8 coll channels, 8 p2p channels, 2 p2p channels per peer
x08l11244:29574:29668 [1] NCCL INFO Connected 1 MSCCL algorithms
x08l11244:29574:29668 [1] NCCL INFO threadThresholds 8/8/64 | 128/8/64 | 8/8/64 | 8/8/512
x08l11244:29574:29668 [1] NCCL INFO 8 coll channels, 8 p2p channels, 2 p2p channels per peer
x08l11245:25364:25425 [5] NCCL INFO Channel 00/0 : 8[13000] -> 5[8e000] [receive] via NET/IB/3/GDRDMA
x08l11245:25364:25425 [5] NCCL INFO Channel 00 : 5[8e000] -> 2[48000] via P2P/IPC/read
x08l11245:25360:25452 [2] NCCL INFO Channel 00 : 2[48000] -> 0[13000] via P2P/IPC/read
x08l11244:29573:29659 [0] NCCL INFO Channel 00/0 : 8[13000] -> 6[ad000] [send] via NET/IB/4(14)/GDRDMA
x08l11245:25360:25452 [2] NCCL INFO Connected 1 MSCCL algorithms
x08l11245:25360:25452 [2] NCCL INFO threadThresholds 8/8/64 | 128/8/64 | 8/8/64 | 8/8/512
x08l11245:25360:25452 [2] NCCL INFO 8 coll channels, 8 p2p channels, 2 p2p channels per peer
x08l11244:29575:29662 [2] NCCL INFO Connected 1 MSCCL algorithms
x08l11244:29575:29662 [2] NCCL INFO threadThresholds 8/8/64 | 128/8/64 | 8/8/64 | 8/8/512
x08l11244:29575:29662 [2] NCCL INFO 8 coll channels, 8 p2p channels, 2 p2p channels per peer
x08l11245:25364:25425 [5] NCCL INFO Channel 00 : 5[8e000] -> 3[4d000] via P2P/IPC/read
x08l11245:25364:25425 [5] NCCL INFO Connected 1 MSCCL algorithms
x08l11245:25364:25425 [5] NCCL INFO threadThresholds 8/8/64 | 128/8/64 | 8/8/64 | 8/8/512
x08l11245:25364:25425 [5] NCCL INFO 8 coll channels, 8 p2p channels, 2 p2p channels per peer
x08l11244:29581:29654 [7] NCCL INFO Channel 00/0 : 1[19000] -> 15[b3000] [receive] via NET/IB/4/GDRDMA
x08l11244:29581:29654 [7] NCCL INFO Channel 00 : 15[b3000] -> 13[8e000] via P2P/IPC/read
x08l11245:25361:25442 [3] NCCL INFO Connected 1 MSCCL algorithms
x08l11245:25361:25442 [3] NCCL INFO threadThresholds 8/8/64 | 128/8/64 | 8/8/64 | 8/8/512
x08l11245:25361:25442 [3] NCCL INFO 8 coll channels, 8 p2p channels, 2 p2p channels per peer
x08l11244:29578:29653 [5] NCCL INFO Connected 1 MSCCL algorithms
x08l11244:29578:29653 [5] NCCL INFO threadThresholds 8/8/64 | 128/8/64 | 8/8/64 | 8/8/512
x08l11244:29578:29653 [5] NCCL INFO 8 coll channels, 8 p2p channels, 2 p2p channels per peer
x08l11245:25359:25454 [1] NCCL INFO Connected 1 MSCCL algorithms
x08l11245:25359:25454 [1] NCCL INFO threadThresholds 8/8/64 | 128/8/64 | 8/8/64 | 8/8/512
x08l11245:25359:25454 [1] NCCL INFO 8 coll channels, 8 p2p channels, 2 p2p channels per peer
x08l11244:29579:29661 [6] NCCL INFO Channel 00/0 : 0[13000] -> 14[ad000] [receive] via NET/IB/4/GDRDMA
x08l11244:29579:29661 [6] NCCL INFO Channel 00 : 14[ad000] -> 12[89000] via P2P/IPC/read
x08l11244:29577:29663 [4] NCCL INFO Connected 1 MSCCL algorithms
x08l11244:29577:29663 [4] NCCL INFO threadThresholds 8/8/64 | 128/8/64 | 8/8/64 | 8/8/512
x08l11244:29577:29663 [4] NCCL INFO 8 coll channels, 8 p2p channels, 2 p2p channels per peer
x08l11245:25366:25447 [6] NCCL INFO Channel 00/0 : 8[13000] -> 6[ad000] [receive] via NET/IB/4/GDRDMA
x08l11245:25366:25447 [6] NCCL INFO Channel 00 : 6[ad000] -> 4[89000] via P2P/IPC/read
x08l11245:25358:25412 [0] NCCL INFO Channel 00/0 : 0[13000] -> 15[b3000] [send] via NET/IB/4(6)/GDRDMA
x08l11245:25362:25443 [4] NCCL INFO Connected 1 MSCCL algorithms
x08l11245:25362:25443 [4] NCCL INFO threadThresholds 8/8/64 | 128/8/64 | 8/8/64 | 8/8/512
x08l11245:25362:25443 [4] NCCL INFO 8 coll channels, 8 p2p channels, 2 p2p channels per peer
x08l11244:29579:29661 [6] NCCL INFO Connected 1 MSCCL algorithms
x08l11244:29579:29661 [6] NCCL INFO threadThresholds 8/8/64 | 128/8/64 | 8/8/64 | 8/8/512
x08l11244:29579:29661 [6] NCCL INFO 8 coll channels, 8 p2p channels, 2 p2p channels per peer
x08l11244:29573:29659 [0] NCCL INFO Channel 00/0 : 8[13000] -> 7[b3000] [send] via NET/IB/4(14)/GDRDMA
x08l11245:25366:25447 [6] NCCL INFO Connected 1 MSCCL algorithms
x08l11245:25366:25447 [6] NCCL INFO threadThresholds 8/8/64 | 128/8/64 | 8/8/64 | 8/8/512
x08l11245:25366:25447 [6] NCCL INFO 8 coll channels, 8 p2p channels, 2 p2p channels per peer
x08l11245:25370:25441 [7] NCCL INFO Channel 00/0 : 8[13000] -> 7[b3000] [receive] via NET/IB/4/GDRDMA
x08l11244:29581:29654 [7] NCCL INFO Channel 00/0 : 0[13000] -> 15[b3000] [receive] via NET/IB/4/GDRDMA
x08l11244:29573:29659 [0] NCCL INFO Connected 1 MSCCL algorithms
x08l11244:29573:29659 [0] NCCL INFO threadThresholds 8/8/64 | 128/8/64 | 8/8/64 | 8/8/512
x08l11244:29573:29659 [0] NCCL INFO 8 coll channels, 8 p2p channels, 2 p2p channels per peer
x08l11245:25358:25412 [0] NCCL INFO Connected 1 MSCCL algorithms
x08l11245:25358:25412 [0] NCCL INFO threadThresholds 8/8/64 | 128/8/64 | 8/8/64 | 8/8/512
x08l11245:25358:25412 [0] NCCL INFO 8 coll channels, 8 p2p channels, 2 p2p channels per peer
x08l11244:29581:29654 [7] NCCL INFO Connected 1 MSCCL algorithms
x08l11244:29581:29654 [7] NCCL INFO threadThresholds 8/8/64 | 128/8/64 | 8/8/64 | 8/8/512
x08l11244:29581:29654 [7] NCCL INFO 8 coll channels, 8 p2p channels, 2 p2p channels per peer
x08l11245:25370:25441 [7] NCCL INFO Connected 1 MSCCL algorithms
x08l11245:25370:25441 [7] NCCL INFO threadThresholds 8/8/64 | 128/8/64 | 8/8/64 | 8/8/512
x08l11245:25370:25441 [7] NCCL INFO 8 coll channels, 8 p2p channels, 2 p2p channels per peer
x08l11244:29581:29654 [7] NCCL INFO comm 0x7fdd2045a010 rank 15 nranks 16 cudaDev 7 busId b3000 - Init COMPLETE
x08l11244:29576:29664 [3] NCCL INFO comm 0x7fcde3c59010 rank 11 nranks 16 cudaDev 3 busId 4d000 - Init COMPLETE
x08l11244:29577:29663 [4] NCCL INFO comm 0x7f41c845a010 rank 12 nranks 16 cudaDev 4 busId 89000 - Init COMPLETE
x08l11244:29573:29659 [0] NCCL INFO comm 0x7f48ec45a010 rank 8 nranks 16 cudaDev 0 busId 13000 - Init COMPLETE
x08l11244:29579:29661 [6] NCCL INFO comm 0x7f830c45a010 rank 14 nranks 16 cudaDev 6 busId ad000 - Init COMPLETE
x08l11244:29578:29653 [5] NCCL INFO comm 0x7fee8245a010 rank 13 nranks 16 cudaDev 5 busId 8e000 - Init COMPLETE
x08l11244:29575:29662 [2] NCCL INFO comm 0x7f633445a010 rank 10 nranks 16 cudaDev 2 busId 48000 - Init COMPLETE
x08l11244:29574:29668 [1] NCCL INFO comm 0x7fe1e245a010 rank 9 nranks 16 cudaDev 1 busId 19000 - Init COMPLETE
x08l11245:25366:25447 [6] NCCL INFO comm 0x7f0a9045a010 rank 6 nranks 16 cudaDev 6 busId ad000 - Init COMPLETE
x08l11245:25362:25443 [4] NCCL INFO comm 0x7f83f845a010 rank 4 nranks 16 cudaDev 4 busId 89000 - Init COMPLETE
x08l11245:25370:25441 [7] NCCL INFO comm 0x7fb9e445a010 rank 7 nranks 16 cudaDev 7 busId b3000 - Init COMPLETE
x08l11245:25360:25452 [2] NCCL INFO comm 0x7fe8a3458010 rank 2 nranks 16 cudaDev 2 busId 48000 - Init COMPLETE
x08l11245:25361:25442 [3] NCCL INFO comm 0x7f953645a010 rank 3 nranks 16 cudaDev 3 busId 4d000 - Init COMPLETE
x08l11245:25358:25412 [0] NCCL INFO comm 0x7f2879e5a010 rank 0 nranks 16 cudaDev 0 busId 13000 - Init COMPLETE
x08l11245:25359:25454 [1] NCCL INFO comm 0x7f95e445a010 rank 1 nranks 16 cudaDev 1 busId 19000 - Init COMPLETE
#
#                                                              out-of-place                       in-place          
#       size         count      type   redop    root     time   algbw   busbw #wrong     time   algbw   busbw #wrong
#        (B)    (elements)                               (us)  (GB/s)  (GB/s)            (us)  (GB/s)  (GB/s)       
x08l11245:25364:25425 [5] NCCL INFO comm 0x7f140045a010 rank 5 nranks 16 cudaDev 5 busId 8e000 - Init COMPLETE
x08l11245:25358:25358 [0] NCCL INFO Launch mode Parallel
        1024            16     float    none      -1    153.4    0.01    0.01      0    112.6    0.01    0.01      0
        2048            32     float    none      -1    147.5    0.01    0.01      0    96.80    0.02    0.02      0
        4096            64     float    none      -1    148.6    0.03    0.03      0    91.99    0.04    0.04      0
        8192           128     float    none      -1    151.5    0.05    0.05      0    87.32    0.09    0.09      0
       16384           256     float    none      -1    150.1    0.11    0.10      0    86.90    0.19    0.18      0
       32768           512     float    none      -1    152.7    0.21    0.20      0    93.54    0.35    0.33      0
       65536          1024     float    none      -1    155.4    0.42    0.40      0    91.90    0.71    0.67      0
      131072          2048     float    none      -1    170.2    0.77    0.72      0    93.50    1.40    1.31      0
      262144          4096     float    none      -1    186.0    1.41    1.32      0    87.48    3.00    2.81      0
      524288          8192     float    none      -1    189.4    2.77    2.60      0    92.81    5.65    5.30      0
     1048576         16384     float    none      -1    194.5    5.39    5.05      0    112.9    9.29    8.71      0
     2097152         32768     float    none      -1    209.6   10.01    9.38      0    159.3   13.16   12.34      0
     4194304         65536     float    none      -1    235.3   17.82   16.71      0    256.6   16.35   15.33      0
     8388608        131072     float    none      -1    264.0   31.78   29.79      0    456.7   18.37   17.22      0
    16777216        262144     float    none      -1    321.9   52.13   48.87      0    861.4   19.48   18.26      0
    33554432        524288     float    none      -1    483.1   69.46   65.11      0   1676.9   20.01   18.76      0
    67108864       1048576     float    none      -1    829.8   80.88   75.82      0   3244.5   20.68   19.39      0
   134217728       2097152     float    none      -1   1602.9   83.74   78.50      0   6403.4   20.96   19.65      0
   268435456       4194304     float    none      -1   3294.5   81.48   76.39      0    12701   21.13   19.81      0
   536870912       8388608     float    none      -1   6612.6   81.19   76.11      0    25199   21.31   19.97      0
  1073741824      16777216     float    none      -1    13396   80.15   75.14      0    50238   21.37   20.04      0
  2147483648      33554432     float    none      -1    27151   79.09   74.15      0   100448   21.38   20.04      0
  4294967296      67108864     float    none      -1    54214   79.22   74.27      0    54425   78.92   73.98      0
x08l11244:29574:29574 [1] NCCL INFO comm 0x7fe1e245a010 rank 9 nranks 16 cudaDev 1 busId 19000 - Destroy COMPLETE
x08l11245:25359:25359 [1] NCCL INFO comm 0x7f95e445a010 rank 1 nranks 16 cudaDev 1 busId 19000 - Destroy COMPLETE
x08l11245:25370:25370 [7] NCCL INFO comm 0x7fb9e445a010 rank 7 nranks 16 cudaDev 7 busId b3000 - Destroy COMPLETE
x08l11245:25361:25361 [3] NCCL INFO comm 0x7f953645a010 rank 3 nranks 16 cudaDev 3 busId 4d000 - Destroy COMPLETE
x08l11245:25364:25364 [5] NCCL INFO comm 0x7f140045a010 rank 5 nranks 16 cudaDev 5 busId 8e000 - Destroy COMPLETE
x08l11244:29578:29578 [5] NCCL INFO comm 0x7fee8245a010 rank 13 nranks 16 cudaDev 5 busId 8e000 - Destroy COMPLETE
x08l11244:29581:29581 [7] NCCL INFO comm 0x7fdd2045a010 rank 15 nranks 16 cudaDev 7 busId b3000 - Destroy COMPLETE
x08l11244:29576:29576 [3] NCCL INFO comm 0x7fcde3c59010 rank 11 nranks 16 cudaDev 3 busId 4d000 - Destroy COMPLETE
x08l11245:25360:25360 [2] NCCL INFO comm 0x7fe8a3458010 rank 2 nranks 16 cudaDev 2 busId 48000 - Destroy COMPLETE
x08l11244:29573:29573 [0] NCCL INFO comm 0x7f48ec45a010 rank 8 nranks 16 cudaDev 0 busId 13000 - Destroy COMPLETE
x08l11245:25358:25358 [0] NCCL INFO comm 0x7f2879e5a010 rank 0 nranks 16 cudaDev 0 busId 13000 - Destroy COMPLETE
x08l11245:25366:25366 [6] NCCL INFO comm 0x7f0a9045a010 rank 6 nranks 16 cudaDev 6 busId ad000 - Destroy COMPLETE
# Out of bounds values : 0 OK
# Avg bus bandwidth    : 21.8478 
#
x08l11244:29579:29579 [6] NCCL INFO comm 0x7f830c45a010 rank 14 nranks 16 cudaDev 6 busId ad000 - Destroy COMPLETE
x08l11244:29575:29575 [2] NCCL INFO comm 0x7f633445a010 rank 10 nranks 16 cudaDev 2 busId 48000 - Destroy COMPLETE
