# nThread 1 nGpus 1 minBytes 1024 maxBytes 4294967296 step: 2(factor) warmup iters: 1 iters: 1 agg iters: 1 validation: 1 graph: 0
#
# Using devices
#  Rank  0 Group  0 Pid  24998 on  x08l11245 device  0 [0000:13:00] NVIDIA A100-SXM4-80GB
#  Rank  1 Group  0 Pid  24999 on  x08l11245 device  1 [0000:19:00] NVIDIA A100-SXM4-80GB
#  Rank  2 Group  0 Pid  25000 on  x08l11245 device  2 [0000:48:00] NVIDIA A100-SXM4-80GB
#  Rank  3 Group  0 Pid  25001 on  x08l11245 device  3 [0000:4d:00] NVIDIA A100-SXM4-80GB
#  Rank  4 Group  0 Pid  25002 on  x08l11245 device  4 [0000:89:00] NVIDIA A100-SXM4-80GB
#  Rank  5 Group  0 Pid  25003 on  x08l11245 device  5 [0000:8e:00] NVIDIA A100-SXM4-80GB
#  Rank  6 Group  0 Pid  25004 on  x08l11245 device  6 [0000:ad:00] NVIDIA A100-SXM4-80GB
#  Rank  7 Group  0 Pid  25007 on  x08l11245 device  7 [0000:b3:00] NVIDIA A100-SXM4-80GB
#  Rank  8 Group  0 Pid  29195 on  x08l11244 device  0 [0000:13:00] NVIDIA A100-SXM4-80GB
#  Rank  9 Group  0 Pid  29196 on  x08l11244 device  1 [0000:19:00] NVIDIA A100-SXM4-80GB
#  Rank 10 Group  0 Pid  29197 on  x08l11244 device  2 [0000:48:00] NVIDIA A100-SXM4-80GB
#  Rank 11 Group  0 Pid  29198 on  x08l11244 device  3 [0000:4d:00] NVIDIA A100-SXM4-80GB
#  Rank 12 Group  0 Pid  29199 on  x08l11244 device  4 [0000:89:00] NVIDIA A100-SXM4-80GB
#  Rank 13 Group  0 Pid  29200 on  x08l11244 device  5 [0000:8e:00] NVIDIA A100-SXM4-80GB
#  Rank 14 Group  0 Pid  29201 on  x08l11244 device  6 [0000:ad:00] NVIDIA A100-SXM4-80GB
#  Rank 15 Group  0 Pid  29203 on  x08l11244 device  7 [0000:b3:00] NVIDIA A100-SXM4-80GB
x08l11245:24998:24998 [0] NCCL INFO Bootstrap : Using bond0:33.255.169.92<0>
x08l11245:24998:24998 [0] NCCL INFO NET/Plugin : No plugin found (libnccl-net.so), using internal implementation
x08l11245:24998:24998 [0] NCCL INFO NET/IB : Using [0]mlx5_bond_0:1/RoCE [1]mlx5_bond_1:1/RoCE [2]mlx5_bond_2:1/RoCE [3]mlx5_bond_3:1/RoCE [4]mlx5_bond_4:1/RoCE [RO]; OOB bond0:33.255.169.92<0>
x08l11245:24998:24998 [0] NCCL INFO Using network IB
NCCL version 2.12.12.MSCCL.0.7.4+cuda12.4
x08l11244:29203:29203 [7] NCCL INFO Bootstrap : Using bond0:33.255.169.88<0>
x08l11244:29203:29203 [7] NCCL INFO NET/Plugin : No plugin found (libnccl-net.so), using internal implementation
x08l11244:29196:29196 [1] NCCL INFO Bootstrap : Using bond0:33.255.169.88<0>
x08l11244:29196:29196 [1] NCCL INFO NET/Plugin : No plugin found (libnccl-net.so), using internal implementation
x08l11244:29200:29200 [5] NCCL INFO Bootstrap : Using bond0:33.255.169.88<0>
x08l11244:29200:29200 [5] NCCL INFO NET/Plugin : No plugin found (libnccl-net.so), using internal implementation
x08l11244:29195:29195 [0] NCCL INFO Bootstrap : Using bond0:33.255.169.88<0>
x08l11244:29195:29195 [0] NCCL INFO NET/Plugin : No plugin found (libnccl-net.so), using internal implementation
x08l11244:29197:29197 [2] NCCL INFO Bootstrap : Using bond0:33.255.169.88<0>
x08l11244:29201:29201 [6] NCCL INFO Bootstrap : Using bond0:33.255.169.88<0>
x08l11244:29197:29197 [2] NCCL INFO NET/Plugin : No plugin found (libnccl-net.so), using internal implementation
x08l11244:29201:29201 [6] NCCL INFO NET/Plugin : No plugin found (libnccl-net.so), using internal implementation
x08l11244:29198:29198 [3] NCCL INFO Bootstrap : Using bond0:33.255.169.88<0>
x08l11244:29198:29198 [3] NCCL INFO NET/Plugin : No plugin found (libnccl-net.so), using internal implementation
x08l11244:29199:29199 [4] NCCL INFO Bootstrap : Using bond0:33.255.169.88<0>
x08l11244:29199:29199 [4] NCCL INFO NET/Plugin : No plugin found (libnccl-net.so), using internal implementation
x08l11244:29203:29203 [7] NCCL INFO NET/IB : Using [0]mlx5_bond_0:1/RoCE [1]mlx5_bond_1:1/RoCE [2]mlx5_bond_2:1/RoCE [3]mlx5_bond_3:1/RoCE [4]mlx5_bond_4:1/RoCE [RO]; OOB bond0:33.255.169.88<0>
x08l11244:29203:29203 [7] NCCL INFO Using network IB
x08l11244:29198:29198 [3] NCCL INFO NET/IB : Using [0]mlx5_bond_0:1/RoCE [1]mlx5_bond_1:1/RoCE [2]mlx5_bond_2:1/RoCE [3]mlx5_bond_3:1/RoCE [4]mlx5_bond_4:1/RoCE [RO]; OOB bond0:33.255.169.88<0>
x08l11244:29198:29198 [3] NCCL INFO Using network IB
x08l11244:29196:29196 [1] NCCL INFO NET/IB : Using [0]mlx5_bond_0:1/RoCE [1]mlx5_bond_1:1/RoCE [2]mlx5_bond_2:1/RoCE [3]mlx5_bond_3:1/RoCE [4]mlx5_bond_4:1/RoCE [RO]; OOB bond0:33.255.169.88<0>
x08l11244:29196:29196 [1] NCCL INFO Using network IB
x08l11244:29199:29199 [4] NCCL INFO NET/IB : Using [0]mlx5_bond_0:1/RoCE [1]mlx5_bond_1:1/RoCE [2]mlx5_bond_2:1/RoCE [3]mlx5_bond_3:1/RoCE [4]mlx5_bond_4:1/RoCE [RO]; OOB bond0:33.255.169.88<0>
x08l11244:29199:29199 [4] NCCL INFO Using network IB
x08l11244:29197:29197 [2] NCCL INFO NET/IB : Using [0]mlx5_bond_0:1/RoCE [1]mlx5_bond_1:1/RoCE [2]mlx5_bond_2:1/RoCE [3]mlx5_bond_3:1/RoCE [4]mlx5_bond_4:1/RoCE [RO]; OOB bond0:33.255.169.88<0>
x08l11244:29197:29197 [2] NCCL INFO Using network IB
x08l11244:29200:29200 [5] NCCL INFO NET/IB : Using [0]mlx5_bond_0:1/RoCE [1]mlx5_bond_1:1/RoCE [2]mlx5_bond_2:1/RoCE [3]mlx5_bond_3:1/RoCE [4]mlx5_bond_4:1/RoCE [RO]; OOB bond0:33.255.169.88<0>
x08l11244:29200:29200 [5] NCCL INFO Using network IB
x08l11244:29195:29195 [0] NCCL INFO NET/IB : Using [0]mlx5_bond_0:1/RoCE [1]mlx5_bond_1:1/RoCE [2]mlx5_bond_2:1/RoCE [3]mlx5_bond_3:1/RoCE [4]mlx5_bond_4:1/RoCE [RO]; OOB bond0:33.255.169.88<0>
x08l11244:29201:29201 [6] NCCL INFO NET/IB : Using [0]mlx5_bond_0:1/RoCE [1]mlx5_bond_1:1/RoCE [2]mlx5_bond_2:1/RoCE [3]mlx5_bond_3:1/RoCE [4]mlx5_bond_4:1/RoCE [RO]; OOB bond0:33.255.169.88<0>
x08l11244:29201:29201 [6] NCCL INFO Using network IB
x08l11244:29195:29195 [0] NCCL INFO Using network IB
x08l11245:25003:25003 [5] NCCL INFO Bootstrap : Using bond0:33.255.169.92<0>
x08l11245:25003:25003 [5] NCCL INFO NET/Plugin : No plugin found (libnccl-net.so), using internal implementation
x08l11245:24999:24999 [1] NCCL INFO Bootstrap : Using bond0:33.255.169.92<0>
x08l11245:24999:24999 [1] NCCL INFO NET/Plugin : No plugin found (libnccl-net.so), using internal implementation
x08l11245:25000:25000 [2] NCCL INFO Bootstrap : Using bond0:33.255.169.92<0>
x08l11245:25000:25000 [2] NCCL INFO NET/Plugin : No plugin found (libnccl-net.so), using internal implementation
x08l11245:25002:25002 [4] NCCL INFO Bootstrap : Using bond0:33.255.169.92<0>
x08l11245:25002:25002 [4] NCCL INFO NET/Plugin : No plugin found (libnccl-net.so), using internal implementation
x08l11245:25007:25007 [7] NCCL INFO Bootstrap : Using bond0:33.255.169.92<0>
x08l11245:25007:25007 [7] NCCL INFO NET/Plugin : No plugin found (libnccl-net.so), using internal implementation
x08l11245:25001:25001 [3] NCCL INFO Bootstrap : Using bond0:33.255.169.92<0>
x08l11245:25001:25001 [3] NCCL INFO NET/Plugin : No plugin found (libnccl-net.so), using internal implementation
x08l11245:25004:25004 [6] NCCL INFO Bootstrap : Using bond0:33.255.169.92<0>
x08l11245:25004:25004 [6] NCCL INFO NET/Plugin : No plugin found (libnccl-net.so), using internal implementation
x08l11245:24999:24999 [1] NCCL INFO NET/IB : Using [0]mlx5_bond_0:1/RoCE [1]mlx5_bond_1:1/RoCE [2]mlx5_bond_2:1/RoCE [3]mlx5_bond_3:1/RoCE [4]mlx5_bond_4:1/RoCE [RO]; OOB bond0:33.255.169.92<0>
x08l11245:24999:24999 [1] NCCL INFO Using network IB
x08l11245:25002:25002 [4] NCCL INFO NET/IB : Using [0]mlx5_bond_0:1/RoCE [1]mlx5_bond_1:1/RoCE [2]mlx5_bond_2:1/RoCE [3]mlx5_bond_3:1/RoCE [4]mlx5_bond_4:1/RoCE [RO]; OOB bond0:33.255.169.92<0>
x08l11245:25002:25002 [4] NCCL INFO Using network IB
x08l11245:25007:25007 [7] NCCL INFO NET/IB : Using [0]mlx5_bond_0:1/RoCE [1]mlx5_bond_1:1/RoCE [2]mlx5_bond_2:1/RoCE [3]mlx5_bond_3:1/RoCE [4]mlx5_bond_4:1/RoCE [RO]; OOB bond0:33.255.169.92<0>
x08l11245:25007:25007 [7] NCCL INFO Using network IB
x08l11245:25003:25003 [5] NCCL INFO NET/IB : Using [0]mlx5_bond_0:1/RoCE [1]mlx5_bond_1:1/RoCE [2]mlx5_bond_2:1/RoCE [3]mlx5_bond_3:1/RoCE [4]mlx5_bond_4:1/RoCE [RO]; OOB bond0:33.255.169.92<0>
x08l11245:25003:25003 [5] NCCL INFO Using network IB
x08l11245:25004:25004 [6] NCCL INFO NET/IB : Using [0]mlx5_bond_0:1/RoCE [1]mlx5_bond_1:1/RoCE [2]mlx5_bond_2:1/RoCE [3]mlx5_bond_3:1/RoCE [4]mlx5_bond_4:1/RoCE [RO]; OOB bond0:33.255.169.92<0>
x08l11245:25004:25004 [6] NCCL INFO Using network IB
x08l11245:25001:25001 [3] NCCL INFO NET/IB : Using [0]mlx5_bond_0:1/RoCE [1]mlx5_bond_1:1/RoCE [2]mlx5_bond_2:1/RoCE [3]mlx5_bond_3:1/RoCE [4]mlx5_bond_4:1/RoCE [RO]; OOB bond0:33.255.169.92<0>
x08l11245:25001:25001 [3] NCCL INFO Using network IB
x08l11245:25000:25000 [2] NCCL INFO NET/IB : Using [0]mlx5_bond_0:1/RoCE [1]mlx5_bond_1:1/RoCE [2]mlx5_bond_2:1/RoCE [3]mlx5_bond_3:1/RoCE [4]mlx5_bond_4:1/RoCE [RO]; OOB bond0:33.255.169.92<0>
x08l11245:25000:25000 [2] NCCL INFO Using network IB
x08l11244:29200:29288 [5] NCCL INFO NCCL_PXN_DISABLE set by environment to 0.
x08l11244:29200:29288 [5] NCCL INFO NCCL_NET_GDR_LEVEL set by environment to PXB
x08l11244:29200:29288 [5] NCCL INFO Setting affinity for GPU 5 to ffffffff,00000000,ffffffff,00000000
x08l11244:29203:29281 [7] NCCL INFO NCCL_PXN_DISABLE set by environment to 0.
x08l11244:29203:29281 [7] NCCL INFO NCCL_NET_GDR_LEVEL set by environment to PXB
x08l11244:29203:29281 [7] NCCL INFO Setting affinity for GPU 7 to ffffffff,00000000,ffffffff,00000000
x08l11244:29201:29290 [6] NCCL INFO NCCL_PXN_DISABLE set by environment to 0.
x08l11244:29201:29290 [6] NCCL INFO NCCL_NET_GDR_LEVEL set by environment to PXB
x08l11244:29197:29286 [2] NCCL INFO NCCL_PXN_DISABLE set by environment to 0.
x08l11244:29197:29286 [2] NCCL INFO NCCL_NET_GDR_LEVEL set by environment to PXB
x08l11244:29197:29286 [2] NCCL INFO Setting affinity for GPU 2 to ffffffff,00000000,ffffffff
x08l11244:29196:29280 [1] NCCL INFO NCCL_PXN_DISABLE set by environment to 0.
x08l11244:29196:29280 [1] NCCL INFO NCCL_NET_GDR_LEVEL set by environment to PXB
x08l11244:29198:29282 [3] NCCL INFO NCCL_PXN_DISABLE set by environment to 0.
x08l11244:29198:29282 [3] NCCL INFO NCCL_NET_GDR_LEVEL set by environment to PXB
x08l11244:29195:29289 [0] NCCL INFO NCCL_PXN_DISABLE set by environment to 0.
x08l11244:29195:29289 [0] NCCL INFO NCCL_NET_GDR_LEVEL set by environment to PXB
x08l11244:29199:29284 [4] NCCL INFO NCCL_PXN_DISABLE set by environment to 0.
x08l11244:29199:29284 [4] NCCL INFO NCCL_NET_GDR_LEVEL set by environment to PXB
x08l11244:29195:29289 [0] NCCL INFO Setting affinity for GPU 0 to ffffffff,00000000,ffffffff
x08l11245:24999:25084 [1] NCCL INFO NCCL_PXN_DISABLE set by environment to 0.
x08l11245:24999:25084 [1] NCCL INFO NCCL_NET_GDR_LEVEL set by environment to PXB
x08l11245:25007:25086 [7] NCCL INFO NCCL_PXN_DISABLE set by environment to 0.
x08l11245:25007:25086 [7] NCCL INFO NCCL_NET_GDR_LEVEL set by environment to PXB
x08l11245:25001:25093 [3] NCCL INFO NCCL_PXN_DISABLE set by environment to 0.
x08l11245:25001:25093 [3] NCCL INFO NCCL_NET_GDR_LEVEL set by environment to PXB
x08l11245:25003:25091 [5] NCCL INFO NCCL_PXN_DISABLE set by environment to 0.
x08l11245:25003:25091 [5] NCCL INFO NCCL_NET_GDR_LEVEL set by environment to PXB
x08l11245:25007:25086 [7] NCCL INFO Setting affinity for GPU 7 to ffffffff,00000000,ffffffff,00000000
x08l11245:25003:25091 [5] NCCL INFO Setting affinity for GPU 5 to ffffffff,00000000,ffffffff,00000000
x08l11245:25002:25085 [4] NCCL INFO NCCL_PXN_DISABLE set by environment to 0.
x08l11245:25002:25085 [4] NCCL INFO NCCL_NET_GDR_LEVEL set by environment to PXB
x08l11245:24998:25052 [0] NCCL INFO NCCL_PXN_DISABLE set by environment to 0.
x08l11245:24998:25052 [0] NCCL INFO NCCL_NET_GDR_LEVEL set by environment to PXB
x08l11245:24998:25052 [0] NCCL INFO Setting affinity for GPU 0 to ffffffff,00000000,ffffffff
x08l11245:25004:25092 [6] NCCL INFO NCCL_PXN_DISABLE set by environment to 0.
x08l11245:25004:25092 [6] NCCL INFO NCCL_NET_GDR_LEVEL set by environment to PXB
x08l11245:25000:25094 [2] NCCL INFO NCCL_PXN_DISABLE set by environment to 0.
x08l11245:25000:25094 [2] NCCL INFO NCCL_NET_GDR_LEVEL set by environment to PXB
x08l11245:25000:25094 [2] NCCL INFO Setting affinity for GPU 2 to ffffffff,00000000,ffffffff
x08l11245:25000:25094 [2] NCCL INFO Trees [0] 3/-1/-1->2->1 [1] 3/10/-1->2->-1 [2] 3/-1/-1->2->1 [3] 3/-1/-1->2->1 [4] 3/-1/-1->2->1 [5] 3/-1/-1->2->10 [6] 3/-1/-1->2->1 [7] 3/-1/-1->2->1
x08l11245:25000:25094 [2] NCCL INFO NCCL_BUFFSIZE set by environment to 4194304.
x08l11245:24999:25084 [1] NCCL INFO Trees [0] 2/-1/-1->1->0 [1] -1/-1/-1->1->0 [2] 2/-1/-1->1->0 [3] 2/-1/-1->1->0 [4] 2/-1/-1->1->0 [5] -1/-1/-1->1->0 [6] 2/-1/-1->1->0 [7] 2/-1/-1->1->0
x08l11245:24999:25084 [1] NCCL INFO NCCL_BUFFSIZE set by environment to 4194304.
x08l11245:25001:25093 [3] NCCL INFO Trees [0] 4/-1/-1->3->2 [1] 4/-1/-1->3->2 [2] -1/-1/-1->3->2 [3] 4/-1/-1->3->2 [4] 4/-1/-1->3->2 [5] 4/-1/-1->3->2 [6] -1/-1/-1->3->2 [7] 4/-1/-1->3->2
x08l11245:25001:25093 [3] NCCL INFO NCCL_BUFFSIZE set by environment to 4194304.
x08l11245:25007:25086 [7] NCCL INFO Trees [0] -1/-1/-1->7->6 [1] 0/-1/-1->7->6 [2] 0/-1/-1->7->6 [3] 0/-1/-1->7->6 [4] -1/-1/-1->7->6 [5] 0/-1/-1->7->6 [6] 0/-1/-1->7->6 [7] 0/-1/-1->7->6
x08l11245:25007:25086 [7] NCCL INFO NCCL_BUFFSIZE set by environment to 4194304.
x08l11245:25002:25085 [4] NCCL INFO Trees [0] 5/-1/-1->4->3 [1] 5/-1/-1->4->3 [2] 5/12/-1->4->-1 [3] 5/-1/-1->4->3 [4] 5/-1/-1->4->3 [5] 5/-1/-1->4->3 [6] 5/-1/-1->4->12 [7] 5/-1/-1->4->3
x08l11245:25002:25085 [4] NCCL INFO NCCL_BUFFSIZE set by environment to 4194304.
x08l11245:24998:25052 [0] NCCL INFO Channel 00/08 :    0   7   6   5   4   3   2   1   8  15  14  13  12  11  10   9
x08l11245:24998:25052 [0] NCCL INFO Channel 01/08 :    0   3  10  15  14  13  12   9   8  11   2   7   6   5   4   1
x08l11245:24998:25052 [0] NCCL INFO Channel 02/08 :    0   7   6   5  12  11  10   9   8  15  14  13   4   3   2   1
x08l11245:24998:25052 [0] NCCL INFO Channel 03/08 :    0   5   4   7  14  11  10   9   8  13  12  15   6   3   2   1
x08l11245:24998:25052 [0] NCCL INFO Channel 04/08 :    0   7   6   5   4   3   2   1   8  15  14  13  12  11  10   9
x08l11245:24998:25052 [0] NCCL INFO Channel 05/08 :    0   3  10  15  14  13  12   9   8  11   2   7   6   5   4   1
x08l11245:25004:25092 [6] NCCL INFO Trees [0] 7/-1/-1->6->5 [1] 7/-1/-1->6->5 [2] 7/-1/-1->6->5 [3] 7/14/-1->6->-1 [4] 7/-1/-1->6->5 [5] 7/-1/-1->6->5 [6] 7/-1/-1->6->5 [7] 7/-1/-1->6->14
x08l11245:25004:25092 [6] NCCL INFO NCCL_BUFFSIZE set by environment to 4194304.
x08l11245:25003:25091 [5] NCCL INFO Trees [0] 6/-1/-1->5->4 [1] 6/-1/-1->5->4 [2] 6/-1/-1->5->4 [3] -1/-1/-1->5->4 [4] 6/-1/-1->5->4 [5] 6/-1/-1->5->4 [6] 6/-1/-1->5->4 [7] -1/-1/-1->5->4
x08l11245:25003:25091 [5] NCCL INFO NCCL_BUFFSIZE set by environment to 4194304.
x08l11245:24998:25052 [0] NCCL INFO Channel 06/08 :    0   7   6   5  12  11  10   9   8  15  14  13   4   3   2   1
x08l11245:24998:25052 [0] NCCL INFO Channel 07/08 :    0   5   4   7  14  11  10   9   8  13  12  15   6   3   2   1
x08l11245:24998:25052 [0] NCCL INFO Trees [0] 1/8/-1->0->-1 [1] 1/-1/-1->0->7 [2] 1/-1/-1->0->7 [3] 1/-1/-1->0->7 [4] 1/-1/-1->0->8 [5] 1/-1/-1->0->7 [6] 1/-1/-1->0->7 [7] 1/-1/-1->0->7
x08l11245:24998:25052 [0] NCCL INFO NCCL_BUFFSIZE set by environment to 4194304.
x08l11244:29201:29290 [6] NCCL INFO Trees [0] 15/-1/-1->14->13 [1] 15/-1/-1->14->13 [2] 15/-1/-1->14->13 [3] 15/-1/-1->14->6 [4] 15/-1/-1->14->13 [5] 15/-1/-1->14->13 [6] 15/-1/-1->14->13 [7] 15/6/-1->14->-1
x08l11244:29201:29290 [6] NCCL INFO NCCL_BUFFSIZE set by environment to 4194304.
x08l11244:29203:29281 [7] NCCL INFO Trees [0] -1/-1/-1->15->14 [1] 8/-1/-1->15->14 [2] 8/-1/-1->15->14 [3] 8/-1/-1->15->14 [4] -1/-1/-1->15->14 [5] 8/-1/-1->15->14 [6] 8/-1/-1->15->14 [7] 8/-1/-1->15->14
x08l11244:29203:29281 [7] NCCL INFO NCCL_BUFFSIZE set by environment to 4194304.
x08l11244:29199:29284 [4] NCCL INFO Trees [0] 13/-1/-1->12->11 [1] 13/-1/-1->12->11 [2] 13/-1/-1->12->4 [3] 13/-1/-1->12->11 [4] 13/-1/-1->12->11 [5] 13/-1/-1->12->11 [6] 13/4/-1->12->-1 [7] 13/-1/-1->12->11
x08l11244:29199:29284 [4] NCCL INFO NCCL_BUFFSIZE set by environment to 4194304.
x08l11244:29195:29289 [0] NCCL INFO Trees [0] 9/-1/-1->8->0 [1] 9/-1/-1->8->15 [2] 9/-1/-1->8->15 [3] 9/-1/-1->8->15 [4] 9/0/-1->8->-1 [5] 9/-1/-1->8->15 [6] 9/-1/-1->8->15 [7] 9/-1/-1->8->15
x08l11244:29195:29289 [0] NCCL INFO NCCL_BUFFSIZE set by environment to 4194304.
x08l11244:29197:29286 [2] NCCL INFO Trees [0] 11/-1/-1->10->9 [1] 11/-1/-1->10->2 [2] 11/-1/-1->10->9 [3] 11/-1/-1->10->9 [4] 11/-1/-1->10->9 [5] 11/2/-1->10->-1 [6] 11/-1/-1->10->9 [7] 11/-1/-1->10->9
x08l11244:29197:29286 [2] NCCL INFO NCCL_BUFFSIZE set by environment to 4194304.
x08l11244:29198:29282 [3] NCCL INFO Trees [0] 12/-1/-1->11->10 [1] 12/-1/-1->11->10 [2] -1/-1/-1->11->10 [3] 12/-1/-1->11->10 [4] 12/-1/-1->11->10 [5] 12/-1/-1->11->10 [6] -1/-1/-1->11->10 [7] 12/-1/-1->11->10
x08l11244:29198:29282 [3] NCCL INFO NCCL_BUFFSIZE set by environment to 4194304.
x08l11244:29200:29288 [5] NCCL INFO Trees [0] 14/-1/-1->13->12 [1] 14/-1/-1->13->12 [2] 14/-1/-1->13->12 [3] -1/-1/-1->13->12 [4] 14/-1/-1->13->12 [5] 14/-1/-1->13->12 [6] 14/-1/-1->13->12 [7] -1/-1/-1->13->12
x08l11244:29200:29288 [5] NCCL INFO NCCL_BUFFSIZE set by environment to 4194304.
x08l11244:29196:29280 [1] NCCL INFO Trees [0] 10/-1/-1->9->8 [1] -1/-1/-1->9->8 [2] 10/-1/-1->9->8 [3] 10/-1/-1->9->8 [4] 10/-1/-1->9->8 [5] -1/-1/-1->9->8 [6] 10/-1/-1->9->8 [7] 10/-1/-1->9->8
x08l11244:29196:29280 [1] NCCL INFO NCCL_BUFFSIZE set by environment to 4194304.
x08l11245:25000:25094 [2] NCCL INFO Channel 01 : 2[48000] -> 7[b3000] via P2P/IPC/read
x08l11245:25000:25094 [2] NCCL INFO Channel 05 : 2[48000] -> 7[b3000] via P2P/IPC/read
x08l11244:29199:29284 [4] NCCL INFO Channel 03 : 12[89000] -> 15[b3000] via P2P/IPC/read
x08l11245:25002:25085 [4] NCCL INFO Channel 03 : 4[89000] -> 7[b3000] via P2P/IPC/read
x08l11244:29195:29289 [0] NCCL INFO Channel 01 : 8[13000] -> 11[4d000] via P2P/IPC/read
x08l11245:24998:25052 [0] NCCL INFO Channel 01 : 0[13000] -> 3[4d000] via P2P/IPC/read
x08l11244:29197:29286 [2] NCCL INFO Channel 01 : 10[48000] -> 15[b3000] via P2P/IPC/read
x08l11245:25002:25085 [4] NCCL INFO Channel 07 : 4[89000] -> 7[b3000] via P2P/IPC/read
x08l11245:24998:25052 [0] NCCL INFO Channel 05 : 0[13000] -> 3[4d000] via P2P/IPC/read
x08l11244:29197:29286 [2] NCCL INFO Channel 05 : 10[48000] -> 15[b3000] via P2P/IPC/read
x08l11244:29199:29284 [4] NCCL INFO Channel 07 : 12[89000] -> 15[b3000] via P2P/IPC/read
x08l11244:29195:29289 [0] NCCL INFO Channel 05 : 8[13000] -> 11[4d000] via P2P/IPC/read
x08l11245:24999:25084 [1] NCCL INFO Channel 00/0 : 1[19000] -> 8[13000] [send] via NET/IB/1/GDRDMA
x08l11245:24999:25084 [1] NCCL INFO Channel 04/0 : 1[19000] -> 8[13000] [send] via NET/IB/1/GDRDMA
x08l11244:29196:29280 [1] NCCL INFO Channel 00/0 : 9[19000] -> 0[13000] [send] via NET/IB/1/GDRDMA
x08l11244:29196:29280 [1] NCCL INFO Channel 04/0 : 9[19000] -> 0[13000] [send] via NET/IB/1/GDRDMA
x08l11244:29201:29290 [6] NCCL INFO Channel 03/0 : 7[b3000] -> 14[ad000] [receive] via NET/IB/4/GDRDMA
x08l11244:29201:29290 [6] NCCL INFO Channel 07/0 : 7[b3000] -> 14[ad000] [receive] via NET/IB/4/GDRDMA
x08l11245:25004:25092 [6] NCCL INFO Channel 03/0 : 15[b3000] -> 6[ad000] [receive] via NET/IB/4/GDRDMA
x08l11245:25004:25092 [6] NCCL INFO Channel 07/0 : 15[b3000] -> 6[ad000] [receive] via NET/IB/4/GDRDMA
x08l11245:24998:25052 [0] NCCL INFO Channel 03 : 0[13000] -> 5[8e000] via P2P/IPC/read
x08l11245:24998:25052 [0] NCCL INFO Channel 07 : 0[13000] -> 5[8e000] via P2P/IPC/read
x08l11245:25001:25093 [3] NCCL INFO Channel 01/0 : 3[4d000] -> 10[48000] [send] via NET/IB/2/GDRDMA
x08l11245:25001:25093 [3] NCCL INFO Channel 05/0 : 3[4d000] -> 10[48000] [send] via NET/IB/2/GDRDMA
x08l11245:25002:25085 [4] NCCL INFO Channel 02/0 : 13[8e000] -> 4[89000] [receive] via NET/IB/3/GDRDMA
x08l11245:25002:25085 [4] NCCL INFO Channel 06/0 : 13[8e000] -> 4[89000] [receive] via NET/IB/3/GDRDMA
x08l11244:29195:29289 [0] NCCL INFO Channel 03 : 8[13000] -> 13[8e000] via P2P/IPC/read
x08l11244:29195:29289 [0] NCCL INFO Channel 07 : 8[13000] -> 13[8e000] via P2P/IPC/read
x08l11245:25003:25091 [5] NCCL INFO Channel 02/0 : 5[8e000] -> 12[89000] [send] via NET/IB/3/GDRDMA
x08l11245:24998:25052 [0] NCCL INFO Channel 00/0 : 9[19000] -> 0[13000] [receive] via NET/IB/1/GDRDMA
x08l11245:25000:25094 [2] NCCL INFO Channel 01/0 : 11[4d000] -> 2[48000] [receive] via NET/IB/2/GDRDMA
x08l11245:25000:25094 [2] NCCL INFO Channel 05/0 : 11[4d000] -> 2[48000] [receive] via NET/IB/2/GDRDMA
x08l11245:25007:25086 [7] NCCL INFO Channel 03/0 : 7[b3000] -> 14[ad000] [send] via NET/IB/4/GDRDMA
x08l11245:25007:25086 [7] NCCL INFO Channel 07/0 : 7[b3000] -> 14[ad000] [send] via NET/IB/4/GDRDMA
x08l11244:29199:29284 [4] NCCL INFO Channel 02/0 : 5[8e000] -> 12[89000] [receive] via NET/IB/3/GDRDMA
x08l11244:29198:29282 [3] NCCL INFO Channel 01/0 : 11[4d000] -> 2[48000] [send] via NET/IB/2/GDRDMA
x08l11244:29198:29282 [3] NCCL INFO Channel 05/0 : 11[4d000] -> 2[48000] [send] via NET/IB/2/GDRDMA
x08l11244:29199:29284 [4] NCCL INFO Channel 06/0 : 5[8e000] -> 12[89000] [receive] via NET/IB/3/GDRDMA
x08l11244:29200:29288 [5] NCCL INFO Channel 02/0 : 13[8e000] -> 4[89000] [send] via NET/IB/3/GDRDMA
x08l11244:29197:29286 [2] NCCL INFO Channel 01/0 : 3[4d000] -> 10[48000] [receive] via NET/IB/2/GDRDMA
x08l11244:29200:29288 [5] NCCL INFO Channel 06/0 : 13[8e000] -> 4[89000] [send] via NET/IB/3/GDRDMA
x08l11244:29197:29286 [2] NCCL INFO Channel 05/0 : 3[4d000] -> 10[48000] [receive] via NET/IB/2/GDRDMA
x08l11244:29195:29289 [0] NCCL INFO Channel 00/0 : 1[19000] -> 8[13000] [receive] via NET/IB/1/GDRDMA
x08l11244:29198:29296 [3] NCCL INFO NCCL_IB_GID_INDEX set by environment to 3.
x08l11244:29195:29289 [0] NCCL INFO Channel 04/0 : 1[19000] -> 8[13000] [receive] via NET/IB/1/GDRDMA
x08l11244:29195:29289 [0] NCCL INFO Channel 00 : 8[13000] -> 15[b3000] via P2P/IPC/read
x08l11244:29195:29289 [0] NCCL INFO Channel 02 : 8[13000] -> 15[b3000] via P2P/IPC/read
x08l11244:29203:29281 [7] NCCL INFO Channel 03/0 : 15[b3000] -> 6[ad000] [send] via NET/IB/4/GDRDMA
x08l11244:29195:29289 [0] NCCL INFO Channel 04 : 8[13000] -> 15[b3000] via P2P/IPC/read
x08l11244:29203:29281 [7] NCCL INFO Channel 07/0 : 15[b3000] -> 6[ad000] [send] via NET/IB/4/GDRDMA
x08l11244:29195:29289 [0] NCCL INFO Channel 06 : 8[13000] -> 15[b3000] via P2P/IPC/read
x08l11245:25000:25102 [2] NCCL INFO NCCL_IB_GID_INDEX set by environment to 3.
x08l11244:29200:29291 [5] NCCL INFO NCCL_IB_GID_INDEX set by environment to 3.
x08l11245:25000:25102 [2] NCCL INFO NCCL_IB_TC set by environment to 16.
x08l11245:25000:25102 [2] NCCL INFO NCCL_IB_SL set by environment to 5.
x08l11244:29203:29292 [7] NCCL INFO NCCL_IB_GID_INDEX set by environment to 3.
x08l11245:25001:25097 [3] NCCL INFO NCCL_IB_GID_INDEX set by environment to 3.
x08l11244:29197:29294 [2] NCCL INFO NCCL_IB_GID_INDEX set by environment to 3.
x08l11245:25002:25099 [4] NCCL INFO NCCL_IB_GID_INDEX set by environment to 3.
x08l11245:25004:25101 [6] NCCL INFO NCCL_IB_GID_INDEX set by environment to 3.
x08l11244:29197:29294 [2] NCCL INFO NCCL_IB_TC set by environment to 16.
x08l11244:29197:29294 [2] NCCL INFO NCCL_IB_SL set by environment to 5.
x08l11245:24999:25095 [1] NCCL INFO NCCL_IB_GID_INDEX set by environment to 3.
x08l11245:25000:25102 [2] NCCL INFO NCCL_IB_TIMEOUT set by environment to 22.
x08l11244:29195:29297 [0] NCCL INFO NCCL_IB_GID_INDEX set by environment to 3.
x08l11244:29197:29294 [2] NCCL INFO NCCL_IB_TIMEOUT set by environment to 22.
x08l11245:25002:25099 [4] NCCL INFO NCCL_IB_TC set by environment to 16.
x08l11245:25002:25099 [4] NCCL INFO NCCL_IB_SL set by environment to 5.
x08l11245:25004:25101 [6] NCCL INFO NCCL_IB_TC set by environment to 16.
x08l11245:25004:25101 [6] NCCL INFO NCCL_IB_SL set by environment to 5.
x08l11244:29195:29297 [0] NCCL INFO NCCL_IB_TC set by environment to 16.
x08l11244:29195:29297 [0] NCCL INFO NCCL_IB_SL set by environment to 5.
x08l11245:25004:25101 [6] NCCL INFO NCCL_IB_TIMEOUT set by environment to 22.
x08l11245:25002:25099 [4] NCCL INFO NCCL_IB_TIMEOUT set by environment to 22.
x08l11244:29203:29281 [7] NCCL INFO Channel 00 : 15[b3000] -> 14[ad000] via P2P/IPC/read
x08l11244:29203:29281 [7] NCCL INFO Channel 01 : 15[b3000] -> 14[ad000] via P2P/IPC/read
x08l11244:29195:29297 [0] NCCL INFO NCCL_IB_TIMEOUT set by environment to 22.
x08l11244:29203:29281 [7] NCCL INFO Channel 02 : 15[b3000] -> 14[ad000] via P2P/IPC/read
x08l11244:29203:29281 [7] NCCL INFO Channel 04 : 15[b3000] -> 14[ad000] via P2P/IPC/read
x08l11244:29203:29281 [7] NCCL INFO Channel 05 : 15[b3000] -> 14[ad000] via P2P/IPC/read
x08l11244:29203:29281 [7] NCCL INFO Channel 06 : 15[b3000] -> 14[ad000] via P2P/IPC/read
x08l11244:29200:29288 [5] NCCL INFO Channel 00 : 13[8e000] -> 12[89000] via P2P/IPC/read
x08l11244:29200:29288 [5] NCCL INFO Channel 01 : 13[8e000] -> 12[89000] via P2P/IPC/read
x08l11244:29200:29288 [5] NCCL INFO Channel 03 : 13[8e000] -> 12[89000] via P2P/IPC/read
x08l11244:29200:29288 [5] NCCL INFO Channel 04 : 13[8e000] -> 12[89000] via P2P/IPC/read
x08l11244:29200:29288 [5] NCCL INFO Channel 05 : 13[8e000] -> 12[89000] via P2P/IPC/read
x08l11244:29200:29288 [5] NCCL INFO Channel 07 : 13[8e000] -> 12[89000] via P2P/IPC/read
x08l11244:29197:29286 [2] NCCL INFO Channel 00 : 10[48000] -> 9[19000] via P2P/IPC/read
x08l11244:29197:29286 [2] NCCL INFO Channel 02 : 10[48000] -> 9[19000] via P2P/IPC/read
x08l11244:29197:29286 [2] NCCL INFO Channel 03 : 10[48000] -> 9[19000] via P2P/IPC/read
x08l11244:29197:29286 [2] NCCL INFO Channel 04 : 10[48000] -> 9[19000] via P2P/IPC/read
x08l11244:29197:29286 [2] NCCL INFO Channel 06 : 10[48000] -> 9[19000] via P2P/IPC/read
x08l11244:29197:29286 [2] NCCL INFO Channel 07 : 10[48000] -> 9[19000] via P2P/IPC/read
x08l11245:25000:25094 [2] NCCL INFO Channel 00 : 2[48000] -> 1[19000] via P2P/IPC/read
x08l11245:25000:25094 [2] NCCL INFO Channel 02 : 2[48000] -> 1[19000] via P2P/IPC/read
x08l11245:25000:25094 [2] NCCL INFO Channel 03 : 2[48000] -> 1[19000] via P2P/IPC/read
x08l11245:25000:25094 [2] NCCL INFO Channel 04 : 2[48000] -> 1[19000] via P2P/IPC/read
x08l11245:25000:25094 [2] NCCL INFO Channel 06 : 2[48000] -> 1[19000] via P2P/IPC/read
x08l11245:25000:25094 [2] NCCL INFO Channel 07 : 2[48000] -> 1[19000] via P2P/IPC/read
x08l11245:25004:25092 [6] NCCL INFO Channel 03 : 6[ad000] -> 3[4d000] via P2P/IPC/read
x08l11245:25004:25092 [6] NCCL INFO Channel 07 : 6[ad000] -> 3[4d000] via P2P/IPC/read
x08l11245:25002:25085 [4] NCCL INFO Channel 01 : 4[89000] -> 1[19000] via P2P/IPC/read
x08l11245:25002:25085 [4] NCCL INFO Channel 05 : 4[89000] -> 1[19000] via P2P/IPC/read
x08l11245:25001:25093 [3] NCCL INFO Channel 00 : 3[4d000] -> 2[48000] via P2P/IPC/read
x08l11245:25001:25093 [3] NCCL INFO Channel 02 : 3[4d000] -> 2[48000] via P2P/IPC/read
x08l11245:25004:25092 [6] NCCL INFO Channel 00 : 6[ad000] -> 5[8e000] via P2P/IPC/read
x08l11245:25001:25093 [3] NCCL INFO Channel 03 : 3[4d000] -> 2[48000] via P2P/IPC/read
x08l11245:25002:25085 [4] NCCL INFO Channel 00 : 4[89000] -> 3[4d000] via P2P/IPC/read
x08l11245:25004:25092 [6] NCCL INFO Channel 01 : 6[ad000] -> 5[8e000] via P2P/IPC/read
x08l11245:25001:25093 [3] NCCL INFO Channel 04 : 3[4d000] -> 2[48000] via P2P/IPC/read
x08l11245:24999:25084 [1] NCCL INFO Channel 01 : 1[19000] -> 0[13000] via P2P/IPC/read
x08l11245:25002:25085 [4] NCCL INFO Channel 02 : 4[89000] -> 3[4d000] via P2P/IPC/read
x08l11245:25004:25092 [6] NCCL INFO Channel 02 : 6[ad000] -> 5[8e000] via P2P/IPC/read
x08l11245:25001:25093 [3] NCCL INFO Channel 06 : 3[4d000] -> 2[48000] via P2P/IPC/read
x08l11245:24999:25084 [1] NCCL INFO Channel 02 : 1[19000] -> 0[13000] via P2P/IPC/read
x08l11245:25002:25085 [4] NCCL INFO Channel 04 : 4[89000] -> 3[4d000] via P2P/IPC/read
x08l11245:25004:25092 [6] NCCL INFO Channel 04 : 6[ad000] -> 5[8e000] via P2P/IPC/read
x08l11245:25001:25093 [3] NCCL INFO Channel 07 : 3[4d000] -> 2[48000] via P2P/IPC/read
x08l11245:24999:25084 [1] NCCL INFO Channel 03 : 1[19000] -> 0[13000] via P2P/IPC/read
x08l11245:25002:25085 [4] NCCL INFO Channel 06 : 4[89000] -> 3[4d000] via P2P/IPC/read
x08l11245:25004:25092 [6] NCCL INFO Channel 05 : 6[ad000] -> 5[8e000] via P2P/IPC/read
x08l11245:24999:25084 [1] NCCL INFO Channel 05 : 1[19000] -> 0[13000] via P2P/IPC/read
x08l11245:25004:25092 [6] NCCL INFO Channel 06 : 6[ad000] -> 5[8e000] via P2P/IPC/read
x08l11245:24999:25084 [1] NCCL INFO Channel 06 : 1[19000] -> 0[13000] via P2P/IPC/read
x08l11245:24999:25084 [1] NCCL INFO Channel 07 : 1[19000] -> 0[13000] via P2P/IPC/read
x08l11245:25003:25091 [5] NCCL INFO Channel 06/0 : 5[8e000] -> 12[89000] [send] via NET/IB/3/GDRDMA
x08l11245:24998:25052 [0] NCCL INFO Channel 04/0 : 9[19000] -> 0[13000] [receive] via NET/IB/1/GDRDMA
x08l11245:24998:25052 [0] NCCL INFO Channel 00 : 0[13000] -> 7[b3000] via P2P/IPC/read
x08l11245:24998:25052 [0] NCCL INFO Channel 02 : 0[13000] -> 7[b3000] via P2P/IPC/read
x08l11245:25003:25098 [5] NCCL INFO NCCL_IB_GID_INDEX set by environment to 3.
x08l11244:29199:29298 [4] NCCL INFO NCCL_IB_GID_INDEX set by environment to 3.
x08l11244:29199:29298 [4] NCCL INFO NCCL_IB_TC set by environment to 16.
x08l11244:29199:29298 [4] NCCL INFO NCCL_IB_SL set by environment to 5.
x08l11245:24998:25052 [0] NCCL INFO Channel 04 : 0[13000] -> 7[b3000] via P2P/IPC/read
x08l11245:25001:25093 [3] NCCL INFO Connected all rings
x08l11245:24998:25052 [0] NCCL INFO Channel 06 : 0[13000] -> 7[b3000] via P2P/IPC/read
x08l11244:29199:29298 [4] NCCL INFO NCCL_IB_TIMEOUT set by environment to 22.
x08l11245:25007:25096 [7] NCCL INFO NCCL_IB_GID_INDEX set by environment to 3.
x08l11244:29201:29293 [6] NCCL INFO NCCL_IB_GID_INDEX set by environment to 3.
x08l11244:29196:29295 [1] NCCL INFO NCCL_IB_GID_INDEX set by environment to 3.
x08l11244:29201:29293 [6] NCCL INFO NCCL_IB_TC set by environment to 16.
x08l11244:29201:29293 [6] NCCL INFO NCCL_IB_SL set by environment to 5.
x08l11245:24998:25100 [0] NCCL INFO NCCL_IB_GID_INDEX set by environment to 3.
x08l11244:29201:29293 [6] NCCL INFO NCCL_IB_TIMEOUT set by environment to 22.
x08l11245:24998:25100 [0] NCCL INFO NCCL_IB_TC set by environment to 16.
x08l11245:24998:25100 [0] NCCL INFO NCCL_IB_SL set by environment to 5.
x08l11245:25000:25094 [2] NCCL INFO Connected all rings
x08l11245:24998:25100 [0] NCCL INFO NCCL_IB_TIMEOUT set by environment to 22.
x08l11245:25001:25093 [3] NCCL INFO Channel 00 : 3[4d000] -> 4[89000] via P2P/IPC/read
x08l11245:25001:25093 [3] NCCL INFO Channel 01 : 3[4d000] -> 4[89000] via P2P/IPC/read
x08l11245:25001:25093 [3] NCCL INFO Channel 03 : 3[4d000] -> 4[89000] via P2P/IPC/read
x08l11245:25001:25093 [3] NCCL INFO Channel 04 : 3[4d000] -> 4[89000] via P2P/IPC/read
x08l11245:25000:25094 [2] NCCL INFO Channel 00 : 2[48000] -> 3[4d000] via P2P/IPC/read
x08l11245:25001:25093 [3] NCCL INFO Channel 05 : 3[4d000] -> 4[89000] via P2P/IPC/read
x08l11245:25000:25094 [2] NCCL INFO Channel 01 : 2[48000] -> 3[4d000] via P2P/IPC/read
x08l11245:25001:25093 [3] NCCL INFO Channel 07 : 3[4d000] -> 4[89000] via P2P/IPC/read
x08l11244:29199:29284 [4] NCCL INFO Channel 01 : 12[89000] -> 9[19000] via P2P/IPC/read
x08l11244:29199:29284 [4] NCCL INFO Channel 05 : 12[89000] -> 9[19000] via P2P/IPC/read
x08l11245:25000:25094 [2] NCCL INFO Channel 02 : 2[48000] -> 3[4d000] via P2P/IPC/read
x08l11245:25000:25094 [2] NCCL INFO Channel 03 : 2[48000] -> 3[4d000] via P2P/IPC/read
x08l11245:25000:25094 [2] NCCL INFO Channel 04 : 2[48000] -> 3[4d000] via P2P/IPC/read
x08l11245:25007:25086 [7] NCCL INFO Channel 00 : 7[b3000] -> 6[ad000] via P2P/IPC/read
x08l11245:25000:25094 [2] NCCL INFO Channel 05 : 2[48000] -> 3[4d000] via P2P/IPC/read
x08l11245:25000:25094 [2] NCCL INFO Channel 06 : 2[48000] -> 3[4d000] via P2P/IPC/read
x08l11245:25007:25086 [7] NCCL INFO Channel 01 : 7[b3000] -> 6[ad000] via P2P/IPC/read
x08l11245:25003:25091 [5] NCCL INFO Channel 00 : 5[8e000] -> 4[89000] via P2P/IPC/read
x08l11245:25000:25094 [2] NCCL INFO Channel 07 : 2[48000] -> 3[4d000] via P2P/IPC/read
x08l11245:25007:25086 [7] NCCL INFO Channel 02 : 7[b3000] -> 6[ad000] via P2P/IPC/read
x08l11245:25003:25091 [5] NCCL INFO Channel 01 : 5[8e000] -> 4[89000] via P2P/IPC/read
x08l11245:25007:25086 [7] NCCL INFO Channel 04 : 7[b3000] -> 6[ad000] via P2P/IPC/read
x08l11245:25003:25091 [5] NCCL INFO Channel 03 : 5[8e000] -> 4[89000] via P2P/IPC/read
x08l11245:25003:25091 [5] NCCL INFO Channel 04 : 5[8e000] -> 4[89000] via P2P/IPC/read
x08l11245:25007:25086 [7] NCCL INFO Channel 05 : 7[b3000] -> 6[ad000] via P2P/IPC/read
x08l11245:25003:25091 [5] NCCL INFO Channel 05 : 5[8e000] -> 4[89000] via P2P/IPC/read
x08l11245:25007:25086 [7] NCCL INFO Channel 06 : 7[b3000] -> 6[ad000] via P2P/IPC/read
x08l11245:25003:25091 [5] NCCL INFO Channel 07 : 5[8e000] -> 4[89000] via P2P/IPC/read
x08l11244:29201:29290 [6] NCCL INFO Channel 03 : 14[ad000] -> 11[4d000] via P2P/IPC/read
x08l11244:29201:29290 [6] NCCL INFO Channel 07 : 14[ad000] -> 11[4d000] via P2P/IPC/read
x08l11244:29196:29280 [1] NCCL INFO Channel 01 : 9[19000] -> 8[13000] via P2P/IPC/read
x08l11244:29196:29280 [1] NCCL INFO Channel 02 : 9[19000] -> 8[13000] via P2P/IPC/read
x08l11244:29199:29284 [4] NCCL INFO Channel 00 : 12[89000] -> 11[4d000] via P2P/IPC/read
x08l11244:29196:29280 [1] NCCL INFO Channel 03 : 9[19000] -> 8[13000] via P2P/IPC/read
x08l11244:29199:29284 [4] NCCL INFO Channel 02 : 12[89000] -> 11[4d000] via P2P/IPC/read
x08l11244:29196:29280 [1] NCCL INFO Channel 05 : 9[19000] -> 8[13000] via P2P/IPC/read
x08l11244:29199:29284 [4] NCCL INFO Channel 04 : 12[89000] -> 11[4d000] via P2P/IPC/read
x08l11244:29199:29284 [4] NCCL INFO Channel 06 : 12[89000] -> 11[4d000] via P2P/IPC/read
x08l11244:29196:29280 [1] NCCL INFO Channel 06 : 9[19000] -> 8[13000] via P2P/IPC/read
x08l11244:29201:29290 [6] NCCL INFO Channel 00 : 14[ad000] -> 13[8e000] via P2P/IPC/read
x08l11244:29198:29282 [3] NCCL INFO Channel 00 : 11[4d000] -> 10[48000] via P2P/IPC/read
x08l11244:29196:29280 [1] NCCL INFO Channel 07 : 9[19000] -> 8[13000] via P2P/IPC/read
x08l11244:29201:29290 [6] NCCL INFO Channel 01 : 14[ad000] -> 13[8e000] via P2P/IPC/read
x08l11244:29198:29282 [3] NCCL INFO Channel 02 : 11[4d000] -> 10[48000] via P2P/IPC/read
x08l11244:29201:29290 [6] NCCL INFO Channel 02 : 14[ad000] -> 13[8e000] via P2P/IPC/read
x08l11244:29198:29282 [3] NCCL INFO Channel 03 : 11[4d000] -> 10[48000] via P2P/IPC/read
x08l11244:29201:29290 [6] NCCL INFO Channel 04 : 14[ad000] -> 13[8e000] via P2P/IPC/read
x08l11244:29198:29282 [3] NCCL INFO Channel 04 : 11[4d000] -> 10[48000] via P2P/IPC/read
x08l11244:29201:29290 [6] NCCL INFO Channel 05 : 14[ad000] -> 13[8e000] via P2P/IPC/read
x08l11244:29198:29282 [3] NCCL INFO Channel 06 : 11[4d000] -> 10[48000] via P2P/IPC/read
x08l11244:29201:29290 [6] NCCL INFO Channel 06 : 14[ad000] -> 13[8e000] via P2P/IPC/read
x08l11244:29198:29282 [3] NCCL INFO Channel 07 : 11[4d000] -> 10[48000] via P2P/IPC/read
x08l11245:25002:25085 [4] NCCL INFO Connected all rings
x08l11244:29195:29289 [0] NCCL INFO Connected all rings
x08l11244:29195:29289 [0] NCCL INFO Channel 00 : 8[13000] -> 9[19000] via P2P/IPC/read
x08l11245:25003:25091 [5] NCCL INFO Connected all rings
x08l11245:25007:25086 [7] NCCL INFO Connected all rings
x08l11245:25004:25092 [6] NCCL INFO Connected all rings
x08l11245:25002:25085 [4] NCCL INFO Channel 00 : 4[89000] -> 5[8e000] via P2P/IPC/read
x08l11245:25002:25085 [4] NCCL INFO Channel 01 : 4[89000] -> 5[8e000] via P2P/IPC/read
x08l11245:25002:25085 [4] NCCL INFO Channel 02 : 4[89000] -> 5[8e000] via P2P/IPC/read
x08l11245:25002:25085 [4] NCCL INFO Channel 03 : 4[89000] -> 5[8e000] via P2P/IPC/read
x08l11244:29195:29289 [0] NCCL INFO Channel 01 : 8[13000] -> 9[19000] via P2P/IPC/read
x08l11245:24998:25052 [0] NCCL INFO Connected all rings
x08l11245:24998:25052 [0] NCCL INFO Channel 00 : 0[13000] -> 1[19000] via P2P/IPC/read
x08l11244:29196:29280 [1] NCCL INFO Connected all rings
x08l11245:25002:25085 [4] NCCL INFO Channel 04 : 4[89000] -> 5[8e000] via P2P/IPC/read
x08l11245:24998:25052 [0] NCCL INFO Channel 01 : 0[13000] -> 1[19000] via P2P/IPC/read
x08l11245:24998:25052 [0] NCCL INFO Channel 02 : 0[13000] -> 1[19000] via P2P/IPC/read
x08l11245:24998:25052 [0] NCCL INFO Channel 03 : 0[13000] -> 1[19000] via P2P/IPC/read
x08l11245:25002:25085 [4] NCCL INFO Channel 05 : 4[89000] -> 5[8e000] via P2P/IPC/read
x08l11244:29195:29289 [0] NCCL INFO Channel 02 : 8[13000] -> 9[19000] via P2P/IPC/read
x08l11244:29195:29289 [0] NCCL INFO Channel 03 : 8[13000] -> 9[19000] via P2P/IPC/read
x08l11245:24998:25052 [0] NCCL INFO Channel 04 : 0[13000] -> 1[19000] via P2P/IPC/read
x08l11245:25002:25085 [4] NCCL INFO Channel 06 : 4[89000] -> 5[8e000] via P2P/IPC/read
x08l11245:25003:25091 [5] NCCL INFO Channel 00 : 5[8e000] -> 6[ad000] via P2P/IPC/read
x08l11245:24998:25052 [0] NCCL INFO Channel 05 : 0[13000] -> 1[19000] via P2P/IPC/read
x08l11245:25004:25092 [6] NCCL INFO Channel 00 : 6[ad000] -> 7[b3000] via P2P/IPC/read
x08l11245:25002:25085 [4] NCCL INFO Channel 07 : 4[89000] -> 5[8e000] via P2P/IPC/read
x08l11245:25003:25091 [5] NCCL INFO Channel 01 : 5[8e000] -> 6[ad000] via P2P/IPC/read
x08l11245:24998:25052 [0] NCCL INFO Channel 06 : 0[13000] -> 1[19000] via P2P/IPC/read
x08l11244:29203:29281 [7] NCCL INFO Connected all rings
x08l11245:25004:25092 [6] NCCL INFO Channel 01 : 6[ad000] -> 7[b3000] via P2P/IPC/read
x08l11245:25003:25091 [5] NCCL INFO Channel 02 : 5[8e000] -> 6[ad000] via P2P/IPC/read
x08l11245:24998:25052 [0] NCCL INFO Channel 07 : 0[13000] -> 1[19000] via P2P/IPC/read
x08l11245:24999:25084 [1] NCCL INFO Connected all rings
x08l11244:29195:29289 [0] NCCL INFO Channel 04 : 8[13000] -> 9[19000] via P2P/IPC/read
x08l11245:25004:25092 [6] NCCL INFO Channel 02 : 6[ad000] -> 7[b3000] via P2P/IPC/read
x08l11245:25003:25091 [5] NCCL INFO Channel 04 : 5[8e000] -> 6[ad000] via P2P/IPC/read
x08l11245:25004:25092 [6] NCCL INFO Channel 03 : 6[ad000] -> 7[b3000] via P2P/IPC/read
x08l11245:25003:25091 [5] NCCL INFO Channel 05 : 5[8e000] -> 6[ad000] via P2P/IPC/read
x08l11245:25004:25092 [6] NCCL INFO Channel 04 : 6[ad000] -> 7[b3000] via P2P/IPC/read
x08l11245:25003:25091 [5] NCCL INFO Channel 06 : 5[8e000] -> 6[ad000] via P2P/IPC/read
x08l11245:25004:25092 [6] NCCL INFO Channel 05 : 6[ad000] -> 7[b3000] via P2P/IPC/read
x08l11245:25004:25092 [6] NCCL INFO Channel 06 : 6[ad000] -> 7[b3000] via P2P/IPC/read
x08l11245:25004:25092 [6] NCCL INFO Channel 07 : 6[ad000] -> 7[b3000] via P2P/IPC/read
x08l11244:29195:29289 [0] NCCL INFO Channel 05 : 8[13000] -> 9[19000] via P2P/IPC/read
x08l11245:24999:25084 [1] NCCL INFO Channel 00 : 1[19000] -> 2[48000] via P2P/IPC/read
x08l11245:24999:25084 [1] NCCL INFO Channel 02 : 1[19000] -> 2[48000] via P2P/IPC/read
x08l11245:24999:25084 [1] NCCL INFO Channel 03 : 1[19000] -> 2[48000] via P2P/IPC/read
x08l11244:29195:29289 [0] NCCL INFO Channel 06 : 8[13000] -> 9[19000] via P2P/IPC/read
x08l11245:24999:25084 [1] NCCL INFO Channel 04 : 1[19000] -> 2[48000] via P2P/IPC/read
x08l11244:29196:29280 [1] NCCL INFO Channel 00 : 9[19000] -> 10[48000] via P2P/IPC/read
x08l11244:29199:29284 [4] NCCL INFO Connected all rings
x08l11244:29198:29282 [3] NCCL INFO Connected all rings
x08l11244:29195:29289 [0] NCCL INFO Channel 07 : 8[13000] -> 9[19000] via P2P/IPC/read
x08l11245:24999:25084 [1] NCCL INFO Channel 06 : 1[19000] -> 2[48000] via P2P/IPC/read
x08l11244:29196:29280 [1] NCCL INFO Channel 02 : 9[19000] -> 10[48000] via P2P/IPC/read
x08l11244:29201:29290 [6] NCCL INFO Connected all rings
x08l11244:29200:29288 [5] NCCL INFO Connected all rings
x08l11244:29197:29286 [2] NCCL INFO Connected all rings
x08l11245:24999:25084 [1] NCCL INFO Channel 07 : 1[19000] -> 2[48000] via P2P/IPC/read
x08l11244:29196:29280 [1] NCCL INFO Channel 03 : 9[19000] -> 10[48000] via P2P/IPC/read
x08l11244:29196:29280 [1] NCCL INFO Channel 04 : 9[19000] -> 10[48000] via P2P/IPC/read
x08l11244:29196:29280 [1] NCCL INFO Channel 06 : 9[19000] -> 10[48000] via P2P/IPC/read
x08l11245:25001:25093 [3] NCCL INFO Channel 01 : 3[4d000] -> 2[48000] via P2P/IPC/read
x08l11244:29196:29280 [1] NCCL INFO Channel 07 : 9[19000] -> 10[48000] via P2P/IPC/read
x08l11245:25001:25093 [3] NCCL INFO Channel 05 : 3[4d000] -> 2[48000] via P2P/IPC/read
x08l11244:29199:29284 [4] NCCL INFO Channel 00 : 12[89000] -> 13[8e000] via P2P/IPC/read
x08l11244:29199:29284 [4] NCCL INFO Channel 01 : 12[89000] -> 13[8e000] via P2P/IPC/read
x08l11244:29201:29290 [6] NCCL INFO Channel 00 : 14[ad000] -> 15[b3000] via P2P/IPC/read
x08l11244:29197:29286 [2] NCCL INFO Channel 00 : 10[48000] -> 11[4d000] via P2P/IPC/read
x08l11245:25003:25091 [5] NCCL INFO Channel 02 : 5[8e000] -> 4[89000] via P2P/IPC/read
x08l11244:29199:29284 [4] NCCL INFO Channel 02 : 12[89000] -> 13[8e000] via P2P/IPC/read
x08l11244:29201:29290 [6] NCCL INFO Channel 01 : 14[ad000] -> 15[b3000] via P2P/IPC/read
x08l11245:25003:25091 [5] NCCL INFO Channel 06 : 5[8e000] -> 4[89000] via P2P/IPC/read
x08l11244:29198:29282 [3] NCCL INFO Channel 00 : 11[4d000] -> 12[89000] via P2P/IPC/read
x08l11244:29197:29286 [2] NCCL INFO Channel 01 : 10[48000] -> 11[4d000] via P2P/IPC/read
x08l11244:29199:29284 [4] NCCL INFO Channel 03 : 12[89000] -> 13[8e000] via P2P/IPC/read
x08l11244:29201:29290 [6] NCCL INFO Channel 02 : 14[ad000] -> 15[b3000] via P2P/IPC/read
x08l11244:29198:29282 [3] NCCL INFO Channel 01 : 11[4d000] -> 12[89000] via P2P/IPC/read
x08l11244:29200:29288 [5] NCCL INFO Channel 00 : 13[8e000] -> 14[ad000] via P2P/IPC/read
x08l11244:29197:29286 [2] NCCL INFO Channel 02 : 10[48000] -> 11[4d000] via P2P/IPC/read
x08l11245:24998:25052 [0] NCCL INFO Channel 01 : 0[13000] -> 7[b3000] via P2P/IPC/read
x08l11244:29199:29284 [4] NCCL INFO Channel 04 : 12[89000] -> 13[8e000] via P2P/IPC/read
x08l11244:29201:29290 [6] NCCL INFO Channel 03 : 14[ad000] -> 15[b3000] via P2P/IPC/read
x08l11244:29198:29282 [3] NCCL INFO Channel 03 : 11[4d000] -> 12[89000] via P2P/IPC/read
x08l11244:29200:29288 [5] NCCL INFO Channel 01 : 13[8e000] -> 14[ad000] via P2P/IPC/read
x08l11244:29197:29286 [2] NCCL INFO Channel 03 : 10[48000] -> 11[4d000] via P2P/IPC/read
x08l11244:29195:29289 [0] NCCL INFO Channel 01 : 8[13000] -> 15[b3000] via P2P/IPC/read
x08l11245:24998:25052 [0] NCCL INFO Channel 03 : 0[13000] -> 7[b3000] via P2P/IPC/read
x08l11244:29199:29284 [4] NCCL INFO Channel 05 : 12[89000] -> 13[8e000] via P2P/IPC/read
x08l11244:29201:29290 [6] NCCL INFO Channel 04 : 14[ad000] -> 15[b3000] via P2P/IPC/read
x08l11244:29198:29282 [3] NCCL INFO Channel 04 : 11[4d000] -> 12[89000] via P2P/IPC/read
x08l11245:24998:25052 [0] NCCL INFO Channel 05 : 0[13000] -> 7[b3000] via P2P/IPC/read
x08l11244:29200:29288 [5] NCCL INFO Channel 02 : 13[8e000] -> 14[ad000] via P2P/IPC/read
x08l11244:29197:29286 [2] NCCL INFO Channel 04 : 10[48000] -> 11[4d000] via P2P/IPC/read
x08l11244:29195:29289 [0] NCCL INFO Channel 03 : 8[13000] -> 15[b3000] via P2P/IPC/read
x08l11244:29199:29284 [4] NCCL INFO Channel 06 : 12[89000] -> 13[8e000] via P2P/IPC/read
x08l11245:24998:25052 [0] NCCL INFO Channel 07 : 0[13000] -> 7[b3000] via P2P/IPC/read
x08l11245:24999:25084 [1] NCCL INFO Channel 00 : 1[19000] -> 0[13000] via P2P/IPC/read
x08l11244:29201:29290 [6] NCCL INFO Channel 05 : 14[ad000] -> 15[b3000] via P2P/IPC/read
x08l11244:29198:29282 [3] NCCL INFO Channel 05 : 11[4d000] -> 12[89000] via P2P/IPC/read
x08l11244:29200:29288 [5] NCCL INFO Channel 04 : 13[8e000] -> 14[ad000] via P2P/IPC/read
x08l11244:29197:29286 [2] NCCL INFO Channel 05 : 10[48000] -> 11[4d000] via P2P/IPC/read
x08l11244:29195:29289 [0] NCCL INFO Channel 05 : 8[13000] -> 15[b3000] via P2P/IPC/read
x08l11245:24999:25084 [1] NCCL INFO Channel 04 : 1[19000] -> 0[13000] via P2P/IPC/read
x08l11244:29199:29284 [4] NCCL INFO Channel 07 : 12[89000] -> 13[8e000] via P2P/IPC/read
x08l11244:29201:29290 [6] NCCL INFO Channel 06 : 14[ad000] -> 15[b3000] via P2P/IPC/read
x08l11244:29198:29282 [3] NCCL INFO Channel 07 : 11[4d000] -> 12[89000] via P2P/IPC/read
x08l11244:29200:29288 [5] NCCL INFO Channel 05 : 13[8e000] -> 14[ad000] via P2P/IPC/read
x08l11244:29197:29286 [2] NCCL INFO Channel 06 : 10[48000] -> 11[4d000] via P2P/IPC/read
x08l11244:29195:29289 [0] NCCL INFO Channel 07 : 8[13000] -> 15[b3000] via P2P/IPC/read
x08l11244:29201:29290 [6] NCCL INFO Channel 07 : 14[ad000] -> 15[b3000] via P2P/IPC/read
x08l11245:25007:25086 [7] NCCL INFO Channel 01 : 7[b3000] -> 0[13000] via P2P/IPC/read
x08l11244:29200:29288 [5] NCCL INFO Channel 06 : 13[8e000] -> 14[ad000] via P2P/IPC/read
x08l11244:29197:29286 [2] NCCL INFO Channel 07 : 10[48000] -> 11[4d000] via P2P/IPC/read
x08l11245:25007:25086 [7] NCCL INFO Channel 02 : 7[b3000] -> 0[13000] via P2P/IPC/read
x08l11245:25007:25086 [7] NCCL INFO Channel 03 : 7[b3000] -> 0[13000] via P2P/IPC/read
x08l11245:25007:25086 [7] NCCL INFO Channel 05 : 7[b3000] -> 0[13000] via P2P/IPC/read
x08l11245:25007:25086 [7] NCCL INFO Channel 06 : 7[b3000] -> 0[13000] via P2P/IPC/read
x08l11245:25007:25086 [7] NCCL INFO Channel 07 : 7[b3000] -> 0[13000] via P2P/IPC/read
x08l11244:29196:29280 [1] NCCL INFO Channel 00 : 9[19000] -> 8[13000] via P2P/IPC/read
x08l11244:29200:29288 [5] NCCL INFO Channel 02 : 13[8e000] -> 12[89000] via P2P/IPC/read
x08l11244:29200:29288 [5] NCCL INFO Channel 06 : 13[8e000] -> 12[89000] via P2P/IPC/read
x08l11244:29196:29280 [1] NCCL INFO Channel 04 : 9[19000] -> 8[13000] via P2P/IPC/read
x08l11244:29203:29281 [7] NCCL INFO Channel 01 : 15[b3000] -> 8[13000] via P2P/IPC/read
x08l11244:29203:29281 [7] NCCL INFO Channel 02 : 15[b3000] -> 8[13000] via P2P/IPC/read
x08l11244:29198:29282 [3] NCCL INFO Channel 01 : 11[4d000] -> 10[48000] via P2P/IPC/read
x08l11244:29203:29281 [7] NCCL INFO Channel 03 : 15[b3000] -> 8[13000] via P2P/IPC/read
x08l11244:29198:29282 [3] NCCL INFO Channel 05 : 11[4d000] -> 10[48000] via P2P/IPC/read
x08l11244:29203:29281 [7] NCCL INFO Channel 05 : 15[b3000] -> 8[13000] via P2P/IPC/read
x08l11244:29203:29281 [7] NCCL INFO Channel 06 : 15[b3000] -> 8[13000] via P2P/IPC/read
x08l11244:29203:29281 [7] NCCL INFO Channel 07 : 15[b3000] -> 8[13000] via P2P/IPC/read
x08l11245:25002:25085 [4] NCCL INFO Channel 02/0 : 12[89000] -> 4[89000] [receive] via NET/IB/3/GDRDMA
x08l11245:25002:25085 [4] NCCL INFO Channel 06/0 : 12[89000] -> 4[89000] [receive] via NET/IB/3/GDRDMA
x08l11245:25002:25085 [4] NCCL INFO Channel 02/0 : 4[89000] -> 12[89000] [send] via NET/IB/3/GDRDMA
x08l11245:25002:25085 [4] NCCL INFO Channel 06/0 : 4[89000] -> 12[89000] [send] via NET/IB/3/GDRDMA
x08l11245:25004:25092 [6] NCCL INFO Channel 03/0 : 14[ad000] -> 6[ad000] [receive] via NET/IB/4/GDRDMA
x08l11245:25004:25092 [6] NCCL INFO Channel 07/0 : 14[ad000] -> 6[ad000] [receive] via NET/IB/4/GDRDMA
x08l11245:25004:25092 [6] NCCL INFO Channel 03/0 : 6[ad000] -> 14[ad000] [send] via NET/IB/4/GDRDMA
x08l11245:25004:25092 [6] NCCL INFO Channel 07/0 : 6[ad000] -> 14[ad000] [send] via NET/IB/4/GDRDMA
x08l11245:25000:25094 [2] NCCL INFO Channel 01/0 : 10[48000] -> 2[48000] [receive] via NET/IB/2/GDRDMA
x08l11245:25000:25094 [2] NCCL INFO Channel 05/0 : 10[48000] -> 2[48000] [receive] via NET/IB/2/GDRDMA
x08l11245:25000:25094 [2] NCCL INFO Channel 01/0 : 2[48000] -> 10[48000] [send] via NET/IB/2/GDRDMA
x08l11245:25000:25094 [2] NCCL INFO Channel 05/0 : 2[48000] -> 10[48000] [send] via NET/IB/2/GDRDMA
x08l11245:24998:25052 [0] NCCL INFO Channel 00/0 : 8[13000] -> 0[13000] [receive] via NET/IB/1/GDRDMA
x08l11245:24998:25052 [0] NCCL INFO Channel 04/0 : 8[13000] -> 0[13000] [receive] via NET/IB/1/GDRDMA
x08l11245:24998:25052 [0] NCCL INFO Channel 00/0 : 0[13000] -> 8[13000] [send] via NET/IB/1/GDRDMA
x08l11245:24998:25052 [0] NCCL INFO Channel 04/0 : 0[13000] -> 8[13000] [send] via NET/IB/1/GDRDMA
x08l11244:29201:29290 [6] NCCL INFO Channel 03/0 : 6[ad000] -> 14[ad000] [receive] via NET/IB/4/GDRDMA
x08l11244:29201:29290 [6] NCCL INFO Channel 07/0 : 6[ad000] -> 14[ad000] [receive] via NET/IB/4/GDRDMA
x08l11244:29201:29290 [6] NCCL INFO Channel 03/0 : 14[ad000] -> 6[ad000] [send] via NET/IB/4/GDRDMA
x08l11244:29201:29290 [6] NCCL INFO Channel 07/0 : 14[ad000] -> 6[ad000] [send] via NET/IB/4/GDRDMA
x08l11244:29195:29289 [0] NCCL INFO Channel 00/0 : 0[13000] -> 8[13000] [receive] via NET/IB/1/GDRDMA
x08l11244:29197:29286 [2] NCCL INFO Channel 01/0 : 2[48000] -> 10[48000] [receive] via NET/IB/2/GDRDMA
x08l11244:29199:29284 [4] NCCL INFO Channel 02/0 : 4[89000] -> 12[89000] [receive] via NET/IB/3/GDRDMA
x08l11244:29197:29286 [2] NCCL INFO Channel 05/0 : 2[48000] -> 10[48000] [receive] via NET/IB/2/GDRDMA
x08l11244:29199:29284 [4] NCCL INFO Channel 06/0 : 4[89000] -> 12[89000] [receive] via NET/IB/3/GDRDMA
x08l11244:29195:29289 [0] NCCL INFO Channel 04/0 : 0[13000] -> 8[13000] [receive] via NET/IB/1/GDRDMA
x08l11244:29195:29289 [0] NCCL INFO Channel 00/0 : 8[13000] -> 0[13000] [send] via NET/IB/1/GDRDMA
x08l11244:29197:29286 [2] NCCL INFO Channel 01/0 : 10[48000] -> 2[48000] [send] via NET/IB/2/GDRDMA
x08l11244:29199:29284 [4] NCCL INFO Channel 02/0 : 12[89000] -> 4[89000] [send] via NET/IB/3/GDRDMA
x08l11244:29197:29286 [2] NCCL INFO Channel 05/0 : 10[48000] -> 2[48000] [send] via NET/IB/2/GDRDMA
x08l11244:29195:29289 [0] NCCL INFO Channel 04/0 : 8[13000] -> 0[13000] [send] via NET/IB/1/GDRDMA
x08l11244:29199:29284 [4] NCCL INFO Channel 06/0 : 12[89000] -> 4[89000] [send] via NET/IB/3/GDRDMA
x08l11244:29199:29284 [4] NCCL INFO Channel 01 : 12[89000] -> 11[4d000] via P2P/IPC/read
x08l11244:29199:29284 [4] NCCL INFO Channel 03 : 12[89000] -> 11[4d000] via P2P/IPC/read
x08l11244:29199:29284 [4] NCCL INFO Channel 05 : 12[89000] -> 11[4d000] via P2P/IPC/read
x08l11244:29199:29284 [4] NCCL INFO Channel 07 : 12[89000] -> 11[4d000] via P2P/IPC/read
x08l11244:29200:29288 [5] NCCL INFO Connected all trees
x08l11244:29200:29288 [5] NCCL INFO MSCCL: Parsing algorithm /mnt/agtest/runxml/xml/lq/ag_small/s_ag_i1_v2.xml
x08l11244:29199:29284 [4] NCCL INFO Connected all trees
x08l11244:29199:29284 [4] NCCL INFO MSCCL: Parsing algorithm /mnt/agtest/runxml/xml/lq/ag_small/s_ag_i1_v2.xml
x08l11244:29197:29286 [2] NCCL INFO Connected all trees
x08l11244:29197:29286 [2] NCCL INFO MSCCL: Parsing algorithm /mnt/agtest/runxml/xml/lq/ag_small/s_ag_i1_v2.xml
