x08l11244:29198:29282 [3] NCCL INFO Connected all trees
x08l11244:29198:29282 [3] NCCL INFO MSCCL: Parsing algorithm /mnt/agtest/runxml/xml/lq/ag_small/s_ag_i1_v2.xml
x08l11245:25002:25085 [4] NCCL INFO Channel 01 : 4[89000] -> 3[4d000] via P2P/IPC/read
x08l11244:29203:29281 [7] NCCL INFO Channel 03 : 15[b3000] -> 14[ad000] via P2P/IPC/read
x08l11245:25002:25085 [4] NCCL INFO Channel 03 : 4[89000] -> 3[4d000] via P2P/IPC/read
x08l11244:29203:29281 [7] NCCL INFO Channel 07 : 15[b3000] -> 14[ad000] via P2P/IPC/read
x08l11245:25002:25085 [4] NCCL INFO Channel 05 : 4[89000] -> 3[4d000] via P2P/IPC/read
x08l11245:25002:25085 [4] NCCL INFO Channel 07 : 4[89000] -> 3[4d000] via P2P/IPC/read
x08l11244:29195:29289 [0] NCCL INFO Connected all trees
x08l11244:29195:29289 [0] NCCL INFO MSCCL: Parsing algorithm /mnt/agtest/runxml/xml/lq/ag_small/s_ag_i1_v2.xml
x08l11245:25000:25094 [2] NCCL INFO Connected all trees
x08l11245:25000:25094 [2] NCCL INFO MSCCL: Parsing algorithm /mnt/agtest/runxml/xml/lq/ag_small/s_ag_i1_v2.xml
x08l11244:29203:29281 [7] NCCL INFO Connected all trees
x08l11244:29203:29281 [7] NCCL INFO MSCCL: Parsing algorithm /mnt/agtest/runxml/xml/lq/ag_small/s_ag_i1_v2.xml
x08l11244:29201:29290 [6] NCCL INFO Connected all trees
x08l11244:29201:29290 [6] NCCL INFO MSCCL: Parsing algorithm /mnt/agtest/runxml/xml/lq/ag_small/s_ag_i1_v2.xml
x08l11244:29196:29280 [1] NCCL INFO Connected all trees
x08l11244:29196:29280 [1] NCCL INFO MSCCL: Parsing algorithm /mnt/agtest/runxml/xml/lq/ag_small/s_ag_i1_v2.xml
x08l11245:25003:25091 [5] NCCL INFO Connected all trees
x08l11245:25003:25091 [5] NCCL INFO MSCCL: Parsing algorithm /mnt/agtest/runxml/xml/lq/ag_small/s_ag_i1_v2.xml
x08l11245:25002:25085 [4] NCCL INFO Connected all trees
x08l11245:25002:25085 [4] NCCL INFO MSCCL: Parsing algorithm /mnt/agtest/runxml/xml/lq/ag_small/s_ag_i1_v2.xml
x08l11244:29199:29284 [4] NCCL INFO Parsed MSCCL Algorithm /mnt/agtest/runxml/xml/lq/ag_small/s_ag_i1_v2.xml successfully.
x08l11244:29200:29288 [5] NCCL INFO Parsed MSCCL Algorithm /mnt/agtest/runxml/xml/lq/ag_small/s_ag_i1_v2.xml successfully.
x08l11244:29199:29284 [4] NCCL INFO Channel 00 : 12[89000] -> 14[ad000] via P2P/IPC/read
x08l11245:25007:25086 [7] NCCL INFO Channel 03 : 7[b3000] -> 6[ad000] via P2P/IPC/read
x08l11244:29200:29288 [5] NCCL INFO Channel 00 : 13[8e000] -> 15[b3000] via P2P/IPC/read
x08l11245:25001:25093 [3] NCCL INFO Connected all trees
x08l11245:25001:25093 [3] NCCL INFO MSCCL: Parsing algorithm /mnt/agtest/runxml/xml/lq/ag_small/s_ag_i1_v2.xml
x08l11244:29197:29286 [2] NCCL INFO Parsed MSCCL Algorithm /mnt/agtest/runxml/xml/lq/ag_small/s_ag_i1_v2.xml successfully.
x08l11245:25007:25086 [7] NCCL INFO Channel 07 : 7[b3000] -> 6[ad000] via P2P/IPC/read
x08l11244:29197:29286 [2] NCCL INFO Channel 00 : 10[48000] -> 12[89000] via P2P/IPC/read
x08l11245:25007:25086 [7] NCCL INFO Connected all trees
x08l11245:25007:25086 [7] NCCL INFO MSCCL: Parsing algorithm /mnt/agtest/runxml/xml/lq/ag_small/s_ag_i1_v2.xml
x08l11245:25004:25092 [6] NCCL INFO Connected all trees
x08l11245:25004:25092 [6] NCCL INFO MSCCL: Parsing algorithm /mnt/agtest/runxml/xml/lq/ag_small/s_ag_i1_v2.xml
x08l11244:29198:29282 [3] NCCL INFO Parsed MSCCL Algorithm /mnt/agtest/runxml/xml/lq/ag_small/s_ag_i1_v2.xml successfully.
x08l11245:24998:25052 [0] NCCL INFO Connected all trees
x08l11245:24998:25052 [0] NCCL INFO MSCCL: Parsing algorithm /mnt/agtest/runxml/xml/lq/ag_small/s_ag_i1_v2.xml
x08l11245:24999:25084 [1] NCCL INFO Connected all trees
x08l11245:24999:25084 [1] NCCL INFO MSCCL: Parsing algorithm /mnt/agtest/runxml/xml/lq/ag_small/s_ag_i1_v2.xml
x08l11244:29198:29282 [3] NCCL INFO Channel 00 : 11[4d000] -> 13[8e000] via P2P/IPC/read
x08l11244:29195:29289 [0] NCCL INFO Parsed MSCCL Algorithm /mnt/agtest/runxml/xml/lq/ag_small/s_ag_i1_v2.xml successfully.
x08l11245:25000:25094 [2] NCCL INFO Parsed MSCCL Algorithm /mnt/agtest/runxml/xml/lq/ag_small/s_ag_i1_v2.xml successfully.
x08l11244:29201:29290 [6] NCCL INFO Parsed MSCCL Algorithm /mnt/agtest/runxml/xml/lq/ag_small/s_ag_i1_v2.xml successfully.
x08l11245:25000:25094 [2] NCCL INFO Channel 00 : 2[48000] -> 4[89000] via P2P/IPC/read
x08l11244:29201:29290 [6] NCCL INFO Channel 00/0 : 14[ad000] -> 0[13000] [send] via NET/IB/1(8)/GDRDMA
x08l11244:29196:29280 [1] NCCL INFO Parsed MSCCL Algorithm /mnt/agtest/runxml/xml/lq/ag_small/s_ag_i1_v2.xml successfully.
x08l11244:29196:29280 [1] NCCL INFO Channel 00/0 : 7[b3000] -> 9[19000] [receive] via NET/IB/1/GDRDMA
x08l11244:29196:29280 [1] NCCL INFO Channel 00 : 9[19000] -> 11[4d000] via P2P/IPC/read
x08l11244:29203:29281 [7] NCCL INFO Parsed MSCCL Algorithm /mnt/agtest/runxml/xml/lq/ag_small/s_ag_i1_v2.xml successfully.
x08l11244:29203:29281 [7] NCCL INFO Channel 00/0 : 15[b3000] -> 0[13000] [send] via NET/IB/1(8)/GDRDMA
x08l11245:25002:25085 [4] NCCL INFO Parsed MSCCL Algorithm /mnt/agtest/runxml/xml/lq/ag_small/s_ag_i1_v2.xml successfully.
x08l11244:29199:29284 [4] NCCL INFO Channel 00 : 12[89000] -> 15[b3000] via P2P/IPC/read
x08l11245:25002:25085 [4] NCCL INFO Channel 00 : 4[89000] -> 6[ad000] via P2P/IPC/read
x08l11245:25003:25091 [5] NCCL INFO Parsed MSCCL Algorithm /mnt/agtest/runxml/xml/lq/ag_small/s_ag_i1_v2.xml successfully.
x08l11245:25001:25093 [3] NCCL INFO Parsed MSCCL Algorithm /mnt/agtest/runxml/xml/lq/ag_small/s_ag_i1_v2.xml successfully.
x08l11245:25003:25091 [5] NCCL INFO Channel 00 : 5[8e000] -> 7[b3000] via P2P/IPC/read
x08l11245:25001:25093 [3] NCCL INFO Channel 00 : 3[4d000] -> 5[8e000] via P2P/IPC/read
x08l11245:24998:25052 [0] NCCL INFO Parsed MSCCL Algorithm /mnt/agtest/runxml/xml/lq/ag_small/s_ag_i1_v2.xml successfully.
x08l11245:25004:25092 [6] NCCL INFO Parsed MSCCL Algorithm /mnt/agtest/runxml/xml/lq/ag_small/s_ag_i1_v2.xml successfully.
x08l11245:25007:25086 [7] NCCL INFO Parsed MSCCL Algorithm /mnt/agtest/runxml/xml/lq/ag_small/s_ag_i1_v2.xml successfully.
x08l11245:25004:25092 [6] NCCL INFO Channel 00/0 : 6[ad000] -> 8[13000] [send] via NET/IB/1(0)/GDRDMA
x08l11245:25007:25086 [7] NCCL INFO Channel 00/0 : 7[b3000] -> 8[13000] [send] via NET/IB/1(0)/GDRDMA
x08l11245:24999:25084 [1] NCCL INFO Parsed MSCCL Algorithm /mnt/agtest/runxml/xml/lq/ag_small/s_ag_i1_v2.xml successfully.
x08l11245:24999:25084 [1] NCCL INFO Channel 00/0 : 15[b3000] -> 1[19000] [receive] via NET/IB/1/GDRDMA
x08l11245:24999:25084 [1] NCCL INFO Channel 00 : 1[19000] -> 3[4d000] via P2P/IPC/read
x08l11244:29198:29282 [3] NCCL INFO Channel 00 : 11[4d000] -> 14[ad000] via P2P/IPC/read
x08l11245:25002:25085 [4] NCCL INFO Channel 00 : 4[89000] -> 7[b3000] via P2P/IPC/read
x08l11245:25001:25093 [3] NCCL INFO Channel 00 : 3[4d000] -> 6[ad000] via P2P/IPC/read
x08l11244:29195:29289 [0] NCCL INFO Channel 00/0 : 7[b3000] -> 8[13000] [receive] via NET/IB/1/GDRDMA
x08l11245:25007:25086 [7] NCCL INFO Channel 00/0 : 7[b3000] -> 9[19000] [send] via NET/IB/1(0)/GDRDMA
x08l11245:24998:25052 [0] NCCL INFO Channel 00/0 : 15[b3000] -> 0[13000] [receive] via NET/IB/1/GDRDMA
x08l11245:25003:25091 [5] NCCL INFO Channel 00/0 : 5[8e000] -> 8[13000] [send] via NET/IB/1(0)/GDRDMA
x08l11244:29196:29295 [1] NCCL INFO NCCL_IB_TC set by environment to 16.
x08l11244:29196:29295 [1] NCCL INFO NCCL_IB_SL set by environment to 5.
x08l11244:29196:29295 [1] NCCL INFO NCCL_IB_TIMEOUT set by environment to 22.
x08l11245:25007:25086 [7] NCCL INFO Channel 00/0 : 7[b3000] -> 10[48000] [send] via NET/IB/2(2)/GDRDMA
x08l11244:29195:29289 [0] NCCL INFO Channel 00/0 : 6[ad000] -> 8[13000] [receive] via NET/IB/1/GDRDMA
x08l11244:29195:29289 [0] NCCL INFO Channel 00 : 8[13000] -> 10[48000] via P2P/IPC/read
x08l11244:29196:29280 [1] NCCL INFO Channel 00/0 : 6[ad000] -> 9[19000] [receive] via NET/IB/1/GDRDMA
x08l11244:29196:29280 [1] NCCL INFO Channel 00 : 9[19000] -> 12[89000] via P2P/IPC/read
x08l11244:29203:29281 [7] NCCL INFO Channel 00/0 : 15[b3000] -> 1[19000] [send] via NET/IB/1(8)/GDRDMA
x08l11244:29197:29286 [2] NCCL INFO Channel 00/0 : 7[b3000] -> 10[48000] [receive] via NET/IB/2/GDRDMA
x08l11244:29197:29286 [2] NCCL INFO Channel 00 : 10[48000] -> 13[8e000] via P2P/IPC/read
x08l11245:24999:25095 [1] NCCL INFO NCCL_IB_TC set by environment to 16.
x08l11245:24999:25095 [1] NCCL INFO NCCL_IB_SL set by environment to 5.
x08l11245:24999:25095 [1] NCCL INFO NCCL_IB_TIMEOUT set by environment to 22.
x08l11244:29203:29281 [7] NCCL INFO Channel 00/0 : 15[b3000] -> 2[48000] [send] via NET/IB/2(10)/GDRDMA
x08l11244:29200:29288 [5] NCCL INFO Channel 00/0 : 13[8e000] -> 0[13000] [send] via NET/IB/1(8)/GDRDMA
x08l11244:29199:29284 [4] NCCL INFO Channel 00/0 : 12[89000] -> 0[13000] [send] via NET/IB/1(8)/GDRDMA
x08l11245:25004:25092 [6] NCCL INFO Channel 00/0 : 6[ad000] -> 9[19000] [send] via NET/IB/1(0)/GDRDMA
x08l11245:24999:25084 [1] NCCL INFO Channel 00/0 : 14[ad000] -> 1[19000] [receive] via NET/IB/1/GDRDMA
x08l11245:24999:25084 [1] NCCL INFO Channel 00 : 1[19000] -> 4[89000] via P2P/IPC/read
x08l11245:25007:25086 [7] NCCL INFO Channel 00/0 : 7[b3000] -> 11[4d000] [send] via NET/IB/2(2)/GDRDMA
x08l11245:25002:25085 [4] NCCL INFO Channel 00/0 : 4[89000] -> 8[13000] [send] via NET/IB/1(0)/GDRDMA
x08l11245:25004:25092 [6] NCCL INFO Channel 00/0 : 6[ad000] -> 10[48000] [send] via NET/IB/2(2)/GDRDMA
x08l11244:29197:29286 [2] NCCL INFO Channel 00/0 : 6[ad000] -> 10[48000] [receive] via NET/IB/2/GDRDMA
x08l11244:29197:29286 [2] NCCL INFO Channel 00 : 10[48000] -> 14[ad000] via P2P/IPC/read
x08l11245:24998:25052 [0] NCCL INFO Channel 00/0 : 14[ad000] -> 0[13000] [receive] via NET/IB/1/GDRDMA
x08l11245:24998:25052 [0] NCCL INFO Channel 00 : 0[13000] -> 2[48000] via P2P/IPC/read
x08l11245:25000:25094 [2] NCCL INFO Channel 00/0 : 15[b3000] -> 2[48000] [receive] via NET/IB/2/GDRDMA
x08l11245:25000:25094 [2] NCCL INFO Channel 00 : 2[48000] -> 5[8e000] via P2P/IPC/read
x08l11244:29195:29289 [0] NCCL INFO Channel 00/0 : 5[8e000] -> 8[13000] [receive] via NET/IB/1/GDRDMA
x08l11244:29195:29289 [0] NCCL INFO Channel 00 : 8[13000] -> 11[4d000] via P2P/IPC/read
x08l11244:29201:29290 [6] NCCL INFO Channel 00/0 : 14[ad000] -> 1[19000] [send] via NET/IB/1(8)/GDRDMA
x08l11244:29198:29282 [3] NCCL INFO Channel 00/0 : 7[b3000] -> 11[4d000] [receive] via NET/IB/2/GDRDMA
x08l11244:29198:29282 [3] NCCL INFO Channel 00 : 11[4d000] -> 15[b3000] via P2P/IPC/read
x08l11244:29196:29280 [1] NCCL INFO Channel 00/0 : 5[8e000] -> 9[19000] [receive] via NET/IB/1/GDRDMA
x08l11244:29196:29280 [1] NCCL INFO Channel 00 : 9[19000] -> 13[8e000] via P2P/IPC/read
x08l11244:29203:29281 [7] NCCL INFO Channel 00/0 : 15[b3000] -> 3[4d000] [send] via NET/IB/2(10)/GDRDMA
x08l11245:25000:25094 [2] NCCL INFO Channel 00/0 : 14[ad000] -> 2[48000] [receive] via NET/IB/2/GDRDMA
x08l11245:25000:25094 [2] NCCL INFO Channel 00 : 2[48000] -> 6[ad000] via P2P/IPC/read
x08l11244:29201:29290 [6] NCCL INFO Channel 00/0 : 14[ad000] -> 2[48000] [send] via NET/IB/2(10)/GDRDMA
x08l11245:24998:25052 [0] NCCL INFO Channel 00/0 : 13[8e000] -> 0[13000] [receive] via NET/IB/1/GDRDMA
x08l11245:24998:25052 [0] NCCL INFO Channel 00 : 0[13000] -> 3[4d000] via P2P/IPC/read
x08l11245:25001:25093 [3] NCCL INFO Channel 00/0 : 15[b3000] -> 3[4d000] [receive] via NET/IB/2/GDRDMA
x08l11245:25001:25093 [3] NCCL INFO Channel 00 : 3[4d000] -> 7[b3000] via P2P/IPC/read
x08l11245:24999:25084 [1] NCCL INFO Channel 00/0 : 13[8e000] -> 1[19000] [receive] via NET/IB/1/GDRDMA
x08l11245:24999:25084 [1] NCCL INFO Channel 00 : 1[19000] -> 5[8e000] via P2P/IPC/read
x08l11244:29200:29288 [5] NCCL INFO Channel 00/0 : 13[8e000] -> 1[19000] [send] via NET/IB/1(8)/GDRDMA
x08l11245:25003:25091 [5] NCCL INFO Channel 00/0 : 5[8e000] -> 9[19000] [send] via NET/IB/1(0)/GDRDMA
x08l11245:25001:25097 [3] NCCL INFO NCCL_IB_TC set by environment to 16.
x08l11245:25001:25097 [3] NCCL INFO NCCL_IB_SL set by environment to 5.
x08l11245:25001:25097 [3] NCCL INFO NCCL_IB_TIMEOUT set by environment to 22.
x08l11244:29201:29290 [6] NCCL INFO Channel 00/0 : 14[ad000] -> 3[4d000] [send] via NET/IB/2(10)/GDRDMA
x08l11244:29198:29296 [3] NCCL INFO NCCL_IB_TC set by environment to 16.
x08l11244:29198:29296 [3] NCCL INFO NCCL_IB_SL set by environment to 5.
x08l11244:29198:29296 [3] NCCL INFO NCCL_IB_TIMEOUT set by environment to 22.
x08l11244:29203:29281 [7] NCCL INFO Channel 00/0 : 15[b3000] -> 4[89000] [send] via NET/IB/3(12)/GDRDMA
x08l11245:25001:25093 [3] NCCL INFO Channel 00/0 : 14[ad000] -> 3[4d000] [receive] via NET/IB/2/GDRDMA
x08l11245:25001:25093 [3] NCCL INFO Channel 00/0 : 3[4d000] -> 8[13000] [send] via NET/IB/1(0)/GDRDMA
x08l11244:29200:29288 [5] NCCL INFO Channel 00/0 : 13[8e000] -> 2[48000] [send] via NET/IB/2(10)/GDRDMA
x08l11244:29196:29280 [1] NCCL INFO Channel 00/0 : 4[89000] -> 9[19000] [receive] via NET/IB/1/GDRDMA
x08l11244:29196:29280 [1] NCCL INFO Channel 00 : 9[19000] -> 14[ad000] via P2P/IPC/read
x08l11245:25004:25092 [6] NCCL INFO Channel 00/0 : 6[ad000] -> 11[4d000] [send] via NET/IB/2(2)/GDRDMA
x08l11245:25003:25091 [5] NCCL INFO Channel 00/0 : 5[8e000] -> 10[48000] [send] via NET/IB/2(2)/GDRDMA
x08l11245:25007:25086 [7] NCCL INFO Channel 00/0 : 7[b3000] -> 12[89000] [send] via NET/IB/3(4)/GDRDMA
x08l11244:29201:29290 [6] NCCL INFO Channel 00/0 : 14[ad000] -> 4[89000] [send] via NET/IB/3(12)/GDRDMA
x08l11244:29195:29289 [0] NCCL INFO Channel 00/0 : 4[89000] -> 8[13000] [receive] via NET/IB/1/GDRDMA
x08l11244:29195:29289 [0] NCCL INFO Channel 00 : 8[13000] -> 12[89000] via P2P/IPC/read
x08l11245:24998:25052 [0] NCCL INFO Channel 00/0 : 12[89000] -> 0[13000] [receive] via NET/IB/1/GDRDMA
x08l11245:24998:25052 [0] NCCL INFO Channel 00 : 0[13000] -> 4[89000] via P2P/IPC/read
x08l11244:29197:29286 [2] NCCL INFO Channel 00/0 : 5[8e000] -> 10[48000] [receive] via NET/IB/2/GDRDMA
x08l11244:29197:29286 [2] NCCL INFO Channel 00 : 10[48000] -> 15[b3000] via P2P/IPC/read
x08l11245:25002:25085 [4] NCCL INFO Channel 00/0 : 15[b3000] -> 4[89000] [receive] via NET/IB/3/GDRDMA
x08l11244:29199:29284 [4] NCCL INFO Channel 00/0 : 7[b3000] -> 12[89000] [receive] via NET/IB/3/GDRDMA
x08l11245:24999:25084 [1] NCCL INFO Channel 00/0 : 12[89000] -> 1[19000] [receive] via NET/IB/1/GDRDMA
x08l11245:24999:25084 [1] NCCL INFO Channel 00 : 1[19000] -> 6[ad000] via P2P/IPC/read
x08l11244:29199:29284 [4] NCCL INFO Channel 00/0 : 12[89000] -> 1[19000] [send] via NET/IB/1(8)/GDRDMA
x08l11244:29195:29289 [0] NCCL INFO Channel 00/0 : 3[4d000] -> 8[13000] [receive] via NET/IB/1/GDRDMA
x08l11244:29195:29289 [0] NCCL INFO Channel 00 : 8[13000] -> 13[8e000] via P2P/IPC/read
x08l11245:25002:25085 [4] NCCL INFO Channel 00/0 : 4[89000] -> 9[19000] [send] via NET/IB/1(0)/GDRDMA
x08l11245:24998:25052 [0] NCCL INFO Channel 00/0 : 11[4d000] -> 0[13000] [receive] via NET/IB/1/GDRDMA
x08l11245:24998:25052 [0] NCCL INFO Channel 00 : 0[13000] -> 5[8e000] via P2P/IPC/read
x08l11245:25000:25094 [2] NCCL INFO Channel 00/0 : 13[8e000] -> 2[48000] [receive] via NET/IB/2/GDRDMA
x08l11245:25000:25094 [2] NCCL INFO Channel 00 : 2[48000] -> 7[b3000] via P2P/IPC/read
x08l11244:29198:29282 [3] NCCL INFO Channel 00/0 : 6[ad000] -> 11[4d000] [receive] via NET/IB/2/GDRDMA
x08l11244:29198:29282 [3] NCCL INFO Channel 00/0 : 11[4d000] -> 0[13000] [send] via NET/IB/1(8)/GDRDMA
x08l11245:25003:25091 [5] NCCL INFO Channel 00/0 : 15[b3000] -> 5[8e000] [receive] via NET/IB/3/GDRDMA
x08l11245:24999:25084 [1] NCCL INFO Channel 00/0 : 11[4d000] -> 1[19000] [receive] via NET/IB/1/GDRDMA
x08l11245:24999:25084 [1] NCCL INFO Channel 00 : 1[19000] -> 7[b3000] via P2P/IPC/read
x08l11244:29200:29288 [5] NCCL INFO Channel 00/0 : 7[b3000] -> 13[8e000] [receive] via NET/IB/3/GDRDMA
x08l11244:29200:29288 [5] NCCL INFO Channel 00/0 : 13[8e000] -> 3[4d000] [send] via NET/IB/2(10)/GDRDMA
x08l11244:29197:29286 [2] NCCL INFO Channel 00/0 : 4[89000] -> 10[48000] [receive] via NET/IB/2/GDRDMA
x08l11244:29197:29286 [2] NCCL INFO Channel 00/0 : 10[48000] -> 0[13000] [send] via NET/IB/1(8)/GDRDMA
x08l11245:25000:25094 [2] NCCL INFO Channel 00/0 : 12[89000] -> 2[48000] [receive] via NET/IB/2/GDRDMA
x08l11245:25003:25091 [5] NCCL INFO Channel 00/0 : 5[8e000] -> 11[4d000] [send] via NET/IB/2(2)/GDRDMA
x08l11245:25007:25086 [7] NCCL INFO Channel 00/0 : 7[b3000] -> 13[8e000] [send] via NET/IB/3(4)/GDRDMA
x08l11245:25002:25085 [4] NCCL INFO Channel 00/0 : 14[ad000] -> 4[89000] [receive] via NET/IB/3/GDRDMA
x08l11244:29203:29281 [7] NCCL INFO Channel 00/0 : 15[b3000] -> 5[8e000] [send] via NET/IB/3(12)/GDRDMA
x08l11244:29199:29284 [4] NCCL INFO Channel 00/0 : 6[ad000] -> 12[89000] [receive] via NET/IB/3/GDRDMA
x08l11245:25002:25085 [4] NCCL INFO Channel 00/0 : 4[89000] -> 10[48000] [send] via NET/IB/2(2)/GDRDMA
x08l11244:29199:29284 [4] NCCL INFO Channel 00/0 : 12[89000] -> 2[48000] [send] via NET/IB/2(10)/GDRDMA
x08l11244:29198:29282 [3] NCCL INFO Channel 00/0 : 5[8e000] -> 11[4d000] [receive] via NET/IB/2/GDRDMA
x08l11244:29198:29282 [3] NCCL INFO Channel 00/0 : 11[4d000] -> 1[19000] [send] via NET/IB/1(8)/GDRDMA
x08l11245:25004:25092 [6] NCCL INFO Channel 00/0 : 6[ad000] -> 12[89000] [send] via NET/IB/3(4)/GDRDMA
x08l11245:25007:25086 [7] NCCL INFO Channel 00/0 : 7[b3000] -> 14[ad000] [send] via NET/IB/4(6)/GDRDMA
x08l11245:25000:25094 [2] NCCL INFO Channel 00/0 : 2[48000] -> 8[13000] [send] via NET/IB/1(0)/GDRDMA
x08l11245:25001:25093 [3] NCCL INFO Channel 00/0 : 13[8e000] -> 3[4d000] [receive] via NET/IB/2/GDRDMA
x08l11245:25001:25093 [3] NCCL INFO Channel 00/0 : 3[4d000] -> 9[19000] [send] via NET/IB/1(0)/GDRDMA
x08l11244:29200:29291 [5] NCCL INFO NCCL_IB_TC set by environment to 16.
x08l11244:29200:29291 [5] NCCL INFO NCCL_IB_SL set by environment to 5.
x08l11244:29200:29291 [5] NCCL INFO NCCL_IB_TIMEOUT set by environment to 22.
x08l11244:29200:29288 [5] NCCL INFO Channel 00/0 : 6[ad000] -> 13[8e000] [receive] via NET/IB/3/GDRDMA
x08l11244:29200:29288 [5] NCCL INFO Channel 00/0 : 13[8e000] -> 4[89000] [send] via NET/IB/3(12)/GDRDMA
x08l11244:29196:29280 [1] NCCL INFO Channel 00/0 : 3[4d000] -> 9[19000] [receive] via NET/IB/1/GDRDMA
x08l11244:29196:29280 [1] NCCL INFO Channel 00 : 9[19000] -> 15[b3000] via P2P/IPC/read
x08l11244:29195:29289 [0] NCCL INFO Channel 00/0 : 2[48000] -> 8[13000] [receive] via NET/IB/1/GDRDMA
x08l11244:29195:29289 [0] NCCL INFO Channel 00 : 8[13000] -> 14[ad000] via P2P/IPC/read
x08l11245:25003:25098 [5] NCCL INFO NCCL_IB_TC set by environment to 16.
x08l11245:25003:25098 [5] NCCL INFO NCCL_IB_SL set by environment to 5.
x08l11245:25003:25098 [5] NCCL INFO NCCL_IB_TIMEOUT set by environment to 22.
x08l11244:29203:29281 [7] NCCL INFO Channel 00/0 : 15[b3000] -> 6[ad000] [send] via NET/IB/4(14)/GDRDMA
x08l11244:29196:29280 [1] NCCL INFO Channel 00/0 : 2[48000] -> 9[19000] [receive] via NET/IB/1/GDRDMA
x08l11245:25003:25091 [5] NCCL INFO Channel 00/0 : 14[ad000] -> 5[8e000] [receive] via NET/IB/3/GDRDMA
x08l11245:25003:25091 [5] NCCL INFO Channel 00/0 : 5[8e000] -> 12[89000] [send] via NET/IB/3(4)/GDRDMA
x08l11245:24999:25084 [1] NCCL INFO Channel 00/0 : 10[48000] -> 1[19000] [receive] via NET/IB/1/GDRDMA
x08l11244:29198:29282 [3] NCCL INFO Channel 00/0 : 4[89000] -> 11[4d000] [receive] via NET/IB/2/GDRDMA
x08l11244:29198:29282 [3] NCCL INFO Channel 00/0 : 11[4d000] -> 2[48000] [send] via NET/IB/2(10)/GDRDMA
x08l11244:29201:29290 [6] NCCL INFO Channel 00/0 : 7[b3000] -> 14[ad000] [receive] via NET/IB/4/GDRDMA
x08l11244:29201:29290 [6] NCCL INFO Channel 00/0 : 14[ad000] -> 5[8e000] [send] via NET/IB/3(12)/GDRDMA
x08l11245:25002:25085 [4] NCCL INFO Channel 00/0 : 13[8e000] -> 4[89000] [receive] via NET/IB/3/GDRDMA
x08l11244:29195:29289 [0] NCCL INFO Channel 00/0 : 8[13000] -> 1[19000] [send] via NET/IB/1/GDRDMA
x08l11245:25002:25085 [4] NCCL INFO Channel 00/0 : 4[89000] -> 11[4d000] [send] via NET/IB/2(2)/GDRDMA
x08l11245:25000:25094 [2] NCCL INFO Channel 00/0 : 11[4d000] -> 2[48000] [receive] via NET/IB/2/GDRDMA
x08l11245:25000:25094 [2] NCCL INFO Channel 00/0 : 2[48000] -> 9[19000] [send] via NET/IB/1(0)/GDRDMA
x08l11245:24998:25052 [0] NCCL INFO Channel 00/0 : 10[48000] -> 0[13000] [receive] via NET/IB/1/GDRDMA
x08l11245:24998:25052 [0] NCCL INFO Channel 00 : 0[13000] -> 6[ad000] via P2P/IPC/read
x08l11245:25007:25086 [7] NCCL INFO Channel 00/0 : 15[b3000] -> 7[b3000] [receive] via NET/IB/4/GDRDMA
x08l11245:25007:25086 [7] NCCL INFO Channel 00/0 : 7[b3000] -> 15[b3000] [send] via NET/IB/4(6)/GDRDMA
x08l11245:25000:25094 [2] NCCL INFO Channel 00/0 : 10[48000] -> 2[48000] [receive] via NET/IB/2/GDRDMA
x08l11245:25000:25094 [2] NCCL INFO Channel 00/0 : 2[48000] -> 10[48000] [send] via NET/IB/2/GDRDMA
x08l11245:25004:25092 [6] NCCL INFO Channel 00/0 : 15[b3000] -> 6[ad000] [receive] via NET/IB/4/GDRDMA
x08l11245:25004:25092 [6] NCCL INFO Channel 00/0 : 6[ad000] -> 13[8e000] [send] via NET/IB/3(4)/GDRDMA
x08l11244:29198:29282 [3] NCCL INFO Channel 00/0 : 3[4d000] -> 11[4d000] [receive] via NET/IB/2/GDRDMA
x08l11244:29198:29282 [3] NCCL INFO Channel 00/0 : 11[4d000] -> 3[4d000] [send] via NET/IB/2(10)/GDRDMA
x08l11244:29201:29290 [6] NCCL INFO Channel 00/0 : 6[ad000] -> 14[ad000] [receive] via NET/IB/4/GDRDMA
x08l11244:29199:29284 [4] NCCL INFO Channel 00/0 : 5[8e000] -> 12[89000] [receive] via NET/IB/3/GDRDMA
x08l11244:29203:29281 [7] NCCL INFO Channel 00/0 : 7[b3000] -> 15[b3000] [receive] via NET/IB/4/GDRDMA
x08l11244:29199:29284 [4] NCCL INFO Channel 00/0 : 12[89000] -> 3[4d000] [send] via NET/IB/2(10)/GDRDMA
x08l11244:29203:29281 [7] NCCL INFO Channel 00/0 : 15[b3000] -> 7[b3000] [send] via NET/IB/4(14)/GDRDMA
x08l11244:29200:29288 [5] NCCL INFO Channel 00/0 : 5[8e000] -> 13[8e000] [receive] via NET/IB/3/GDRDMA
x08l11244:29200:29288 [5] NCCL INFO Channel 00/0 : 13[8e000] -> 5[8e000] [send] via NET/IB/3(12)/GDRDMA
x08l11244:29203:29292 [7] NCCL INFO NCCL_IB_TC set by environment to 16.
x08l11244:29203:29292 [7] NCCL INFO NCCL_IB_SL set by environment to 5.
x08l11244:29203:29292 [7] NCCL INFO NCCL_IB_TIMEOUT set by environment to 22.
x08l11245:25004:25092 [6] NCCL INFO Channel 00/0 : 14[ad000] -> 6[ad000] [receive] via NET/IB/4/GDRDMA
x08l11245:25004:25092 [6] NCCL INFO Channel 00/0 : 6[ad000] -> 14[ad000] [send] via NET/IB/4/GDRDMA
x08l11245:25007:25096 [7] NCCL INFO NCCL_IB_TC set by environment to 16.
x08l11245:25007:25096 [7] NCCL INFO NCCL_IB_SL set by environment to 5.
x08l11245:25007:25096 [7] NCCL INFO NCCL_IB_TIMEOUT set by environment to 22.
x08l11245:25007:25086 [7] NCCL INFO Channel 00/0 : 14[ad000] -> 7[b3000] [receive] via NET/IB/4/GDRDMA
x08l11245:25007:25086 [7] NCCL INFO Channel 00 : 7[b3000] -> 0[13000] via P2P/IPC/read
x08l11245:25001:25093 [3] NCCL INFO Channel 00/0 : 12[89000] -> 3[4d000] [receive] via NET/IB/2/GDRDMA
x08l11245:25001:25093 [3] NCCL INFO Channel 00/0 : 3[4d000] -> 10[48000] [send] via NET/IB/2(2)/GDRDMA
x08l11244:29196:29280 [1] NCCL INFO Channel 00/0 : 1[19000] -> 9[19000] [receive] via NET/IB/1/GDRDMA
x08l11244:29196:29280 [1] NCCL INFO Channel 00/0 : 9[19000] -> 1[19000] [send] via NET/IB/1(8)/GDRDMA
x08l11245:24998:25052 [0] NCCL INFO Channel 00/0 : 0[13000] -> 9[19000] [send] via NET/IB/1/GDRDMA
x08l11244:29197:29286 [2] NCCL INFO Channel 00/0 : 3[4d000] -> 10[48000] [receive] via NET/IB/2/GDRDMA
x08l11244:29197:29286 [2] NCCL INFO Channel 00/0 : 10[48000] -> 1[19000] [send] via NET/IB/1(8)/GDRDMA
x08l11244:29201:29290 [6] NCCL INFO Channel 00/0 : 14[ad000] -> 6[ad000] [send] via NET/IB/4/GDRDMA
x08l11245:25002:25085 [4] NCCL INFO Channel 00/0 : 12[89000] -> 4[89000] [receive] via NET/IB/3/GDRDMA
x08l11245:25002:25085 [4] NCCL INFO Channel 00/0 : 4[89000] -> 12[89000] [send] via NET/IB/3/GDRDMA
x08l11244:29197:29286 [2] NCCL INFO Channel 00/0 : 2[48000] -> 10[48000] [receive] via NET/IB/2/GDRDMA
x08l11244:29197:29286 [2] NCCL INFO Channel 00/0 : 10[48000] -> 2[48000] [send] via NET/IB/2/GDRDMA
x08l11245:24999:25084 [1] NCCL INFO Channel 00/0 : 9[19000] -> 1[19000] [receive] via NET/IB/1/GDRDMA
x08l11245:24999:25084 [1] NCCL INFO Channel 00/0 : 1[19000] -> 9[19000] [send] via NET/IB/1(0)/GDRDMA
x08l11245:25001:25093 [3] NCCL INFO Channel 00/0 : 11[4d000] -> 3[4d000] [receive] via NET/IB/2/GDRDMA
x08l11245:25001:25093 [3] NCCL INFO Channel 00/0 : 3[4d000] -> 11[4d000] [send] via NET/IB/2(2)/GDRDMA
x08l11244:29203:29281 [7] NCCL INFO Channel 00/0 : 6[ad000] -> 15[b3000] [receive] via NET/IB/4/GDRDMA
x08l11244:29203:29281 [7] NCCL INFO Channel 00 : 15[b3000] -> 8[13000] via P2P/IPC/read
x08l11245:25003:25091 [5] NCCL INFO Channel 00/0 : 13[8e000] -> 5[8e000] [receive] via NET/IB/3/GDRDMA
x08l11245:25003:25091 [5] NCCL INFO Channel 00/0 : 5[8e000] -> 13[8e000] [send] via NET/IB/3(4)/GDRDMA
x08l11244:29196:29280 [1] NCCL INFO Channel 00/0 : 0[13000] -> 9[19000] [receive] via NET/IB/1/GDRDMA
x08l11244:29196:29280 [1] NCCL INFO Channel 00/0 : 9[19000] -> 2[48000] [send] via NET/IB/2(10)/GDRDMA
x08l11245:25003:25091 [5] NCCL INFO Channel 00/0 : 12[89000] -> 5[8e000] [receive] via NET/IB/3/GDRDMA
x08l11245:25003:25091 [5] NCCL INFO Channel 00/0 : 5[8e000] -> 14[ad000] [send] via NET/IB/4(6)/GDRDMA
x08l11244:29199:29284 [4] NCCL INFO Channel 00/0 : 4[89000] -> 12[89000] [receive] via NET/IB/3/GDRDMA
x08l11244:29199:29284 [4] NCCL INFO Channel 00/0 : 12[89000] -> 4[89000] [send] via NET/IB/3/GDRDMA
x08l11245:24998:25052 [0] NCCL INFO Channel 00/0 : 0[13000] -> 10[48000] [send] via NET/IB/2(2)/GDRDMA
x08l11244:29201:29290 [6] NCCL INFO Channel 00/0 : 5[8e000] -> 14[ad000] [receive] via NET/IB/4/GDRDMA
x08l11244:29201:29290 [6] NCCL INFO Channel 00/0 : 14[ad000] -> 7[b3000] [send] via NET/IB/4/GDRDMA
x08l11245:25004:25092 [6] NCCL INFO Channel 00/0 : 13[8e000] -> 6[ad000] [receive] via NET/IB/4/GDRDMA
x08l11245:25004:25092 [6] NCCL INFO Channel 00/0 : 6[ad000] -> 15[b3000] [send] via NET/IB/4/GDRDMA
x08l11244:29200:29288 [5] NCCL INFO Channel 00/0 : 4[89000] -> 13[8e000] [receive] via NET/IB/3/GDRDMA
x08l11244:29200:29288 [5] NCCL INFO Channel 00/0 : 13[8e000] -> 6[ad000] [send] via NET/IB/4(14)/GDRDMA
x08l11245:24999:25084 [1] NCCL INFO Channel 00/0 : 8[13000] -> 1[19000] [receive] via NET/IB/1/GDRDMA
x08l11245:24999:25084 [1] NCCL INFO Channel 00/0 : 1[19000] -> 10[48000] [send] via NET/IB/2(2)/GDRDMA
x08l11244:29198:29282 [3] NCCL INFO Channel 00/0 : 2[48000] -> 11[4d000] [receive] via NET/IB/2/GDRDMA
x08l11244:29198:29282 [3] NCCL INFO Channel 00/0 : 11[4d000] -> 4[89000] [send] via NET/IB/3(12)/GDRDMA
x08l11244:29197:29286 [2] NCCL INFO Channel 00/0 : 1[19000] -> 10[48000] [receive] via NET/IB/2/GDRDMA
x08l11244:29197:29286 [2] NCCL INFO Channel 00/0 : 10[48000] -> 3[4d000] [send] via NET/IB/2/GDRDMA
x08l11244:29203:29281 [7] NCCL INFO Channel 00/0 : 5[8e000] -> 15[b3000] [receive] via NET/IB/4/GDRDMA
x08l11244:29203:29281 [7] NCCL INFO Channel 00 : 15[b3000] -> 9[19000] via P2P/IPC/read
x08l11244:29195:29289 [0] NCCL INFO Channel 00/0 : 8[13000] -> 2[48000] [send] via NET/IB/2(10)/GDRDMA
x08l11245:25001:25093 [3] NCCL INFO Channel 00/0 : 10[48000] -> 3[4d000] [receive] via NET/IB/2/GDRDMA
x08l11245:25001:25093 [3] NCCL INFO Channel 00/0 : 3[4d000] -> 12[89000] [send] via NET/IB/3(4)/GDRDMA
x08l11245:24999:25084 [1] NCCL INFO Channel 00/0 : 1[19000] -> 11[4d000] [send] via NET/IB/2(2)/GDRDMA
x08l11245:25000:25094 [2] NCCL INFO Channel 00/0 : 9[19000] -> 2[48000] [receive] via NET/IB/2/GDRDMA
x08l11245:25000:25094 [2] NCCL INFO Channel 00/0 : 2[48000] -> 11[4d000] [send] via NET/IB/2/GDRDMA
x08l11244:29199:29284 [4] NCCL INFO Channel 00/0 : 3[4d000] -> 12[89000] [receive] via NET/IB/3/GDRDMA
x08l11244:29199:29284 [4] NCCL INFO Channel 00/0 : 12[89000] -> 5[8e000] [send] via NET/IB/3/GDRDMA
x08l11244:29196:29280 [1] NCCL INFO Channel 00/0 : 9[19000] -> 3[4d000] [send] via NET/IB/2(10)/GDRDMA
x08l11245:25002:25085 [4] NCCL INFO Channel 00/0 : 11[4d000] -> 4[89000] [receive] via NET/IB/3/GDRDMA
x08l11245:25002:25085 [4] NCCL INFO Channel 00/0 : 4[89000] -> 13[8e000] [send] via NET/IB/3/GDRDMA
x08l11245:25007:25086 [7] NCCL INFO Channel 00/0 : 13[8e000] -> 7[b3000] [receive] via NET/IB/4/GDRDMA
x08l11245:25007:25086 [7] NCCL INFO Channel 00 : 7[b3000] -> 1[19000] via P2P/IPC/read
x08l11244:29200:29288 [5] NCCL INFO Channel 00/0 : 3[4d000] -> 13[8e000] [receive] via NET/IB/3/GDRDMA
x08l11244:29200:29288 [5] NCCL INFO Channel 00/0 : 13[8e000] -> 7[b3000] [send] via NET/IB/4(14)/GDRDMA
x08l11244:29198:29282 [3] NCCL INFO Channel 00/0 : 1[19000] -> 11[4d000] [receive] via NET/IB/2/GDRDMA
x08l11244:29198:29282 [3] NCCL INFO Channel 00/0 : 11[4d000] -> 5[8e000] [send] via NET/IB/3(12)/GDRDMA
x08l11245:25001:25093 [3] NCCL INFO Channel 00/0 : 9[19000] -> 3[4d000] [receive] via NET/IB/2/GDRDMA
x08l11245:25001:25093 [3] NCCL INFO Channel 00/0 : 3[4d000] -> 13[8e000] [send] via NET/IB/3(4)/GDRDMA
x08l11245:24999:25084 [1] NCCL INFO Channel 00/0 : 1[19000] -> 12[89000] [send] via NET/IB/3(4)/GDRDMA
x08l11244:29196:29280 [1] NCCL INFO Channel 00/0 : 9[19000] -> 4[89000] [send] via NET/IB/3(12)/GDRDMA
x08l11244:29197:29286 [2] NCCL INFO Channel 00/0 : 0[13000] -> 10[48000] [receive] via NET/IB/2/GDRDMA
x08l11244:29197:29286 [2] NCCL INFO Channel 00/0 : 10[48000] -> 4[89000] [send] via NET/IB/3(12)/GDRDMA
x08l11245:25000:25094 [2] NCCL INFO Channel 00/0 : 8[13000] -> 2[48000] [receive] via NET/IB/2/GDRDMA
x08l11245:25000:25094 [2] NCCL INFO Channel 00/0 : 2[48000] -> 12[89000] [send] via NET/IB/3(4)/GDRDMA
x08l11244:29201:29290 [6] NCCL INFO Channel 00/0 : 4[89000] -> 14[ad000] [receive] via NET/IB/4/GDRDMA
x08l11244:29201:29290 [6] NCCL INFO Channel 00 : 14[ad000] -> 8[13000] via P2P/IPC/read
x08l11244:29195:29289 [0] NCCL INFO Channel 00/0 : 8[13000] -> 3[4d000] [send] via NET/IB/2(10)/GDRDMA
x08l11245:25003:25091 [5] NCCL INFO Channel 00/0 : 11[4d000] -> 5[8e000] [receive] via NET/IB/3/GDRDMA
x08l11245:25003:25091 [5] NCCL INFO Channel 00/0 : 5[8e000] -> 15[b3000] [send] via NET/IB/4(6)/GDRDMA
x08l11244:29199:29284 [4] NCCL INFO Channel 00/0 : 2[48000] -> 12[89000] [receive] via NET/IB/3/GDRDMA
x08l11244:29199:29284 [4] NCCL INFO Channel 00/0 : 12[89000] -> 6[ad000] [send] via NET/IB/4(14)/GDRDMA
x08l11245:25004:25092 [6] NCCL INFO Channel 00/0 : 12[89000] -> 6[ad000] [receive] via NET/IB/4/GDRDMA
x08l11245:25004:25092 [6] NCCL INFO Channel 00 : 6[ad000] -> 0[13000] via P2P/IPC/read
x08l11245:25002:25085 [4] NCCL INFO Channel 00/0 : 10[48000] -> 4[89000] [receive] via NET/IB/3/GDRDMA
x08l11245:25003:25091 [5] NCCL INFO Channel 00/0 : 10[48000] -> 5[8e000] [receive] via NET/IB/3/GDRDMA
x08l11245:25003:25091 [5] NCCL INFO Channel 00 : 5[8e000] -> 0[13000] via P2P/IPC/read
x08l11245:25002:25085 [4] NCCL INFO Channel 00/0 : 4[89000] -> 14[ad000] [send] via NET/IB/4(6)/GDRDMA
x08l11245:24998:25052 [0] NCCL INFO Channel 00/0 : 0[13000] -> 11[4d000] [send] via NET/IB/2(2)/GDRDMA
x08l11245:25000:25094 [2] NCCL INFO Channel 00/0 : 2[48000] -> 13[8e000] [send] via NET/IB/3(4)/GDRDMA
x08l11244:29200:29288 [5] NCCL INFO Channel 00/0 : 2[48000] -> 13[8e000] [receive] via NET/IB/3/GDRDMA
x08l11244:29200:29288 [5] NCCL INFO Channel 00 : 13[8e000] -> 8[13000] via P2P/IPC/read
x08l11245:25007:25086 [7] NCCL INFO Channel 00/0 : 12[89000] -> 7[b3000] [receive] via NET/IB/4/GDRDMA
x08l11245:25007:25086 [7] NCCL INFO Channel 00 : 7[b3000] -> 2[48000] via P2P/IPC/read
x08l11245:25001:25093 [3] NCCL INFO Channel 00/0 : 8[13000] -> 3[4d000] [receive] via NET/IB/2/GDRDMA
x08l11245:25001:25093 [3] NCCL INFO Channel 00/0 : 3[4d000] -> 14[ad000] [send] via NET/IB/4(6)/GDRDMA
x08l11244:29201:29290 [6] NCCL INFO Channel 00/0 : 3[4d000] -> 14[ad000] [receive] via NET/IB/4/GDRDMA
x08l11244:29201:29290 [6] NCCL INFO Channel 00 : 14[ad000] -> 9[19000] via P2P/IPC/read
x08l11245:25002:25085 [4] NCCL INFO Channel 00/0 : 9[19000] -> 4[89000] [receive] via NET/IB/3/GDRDMA
x08l11244:29195:29289 [0] NCCL INFO Channel 00/0 : 8[13000] -> 4[89000] [send] via NET/IB/3(12)/GDRDMA
x08l11244:29200:29288 [5] NCCL INFO Channel 00/0 : 1[19000] -> 13[8e000] [receive] via NET/IB/3/GDRDMA
x08l11244:29200:29288 [5] NCCL INFO Channel 00 : 13[8e000] -> 9[19000] via P2P/IPC/read
x08l11244:29197:29286 [2] NCCL INFO Channel 00/0 : 10[48000] -> 5[8e000] [send] via NET/IB/3(12)/GDRDMA
x08l11245:25002:25085 [4] NCCL INFO Channel 00/0 : 4[89000] -> 15[b3000] [send] via NET/IB/4(6)/GDRDMA
x08l11245:25000:25094 [2] NCCL INFO Channel 00/0 : 2[48000] -> 14[ad000] [send] via NET/IB/4(6)/GDRDMA
x08l11244:29196:29280 [1] NCCL INFO Channel 00/0 : 9[19000] -> 5[8e000] [send] via NET/IB/3(12)/GDRDMA
x08l11245:25001:25093 [3] NCCL INFO Channel 00/0 : 3[4d000] -> 15[b3000] [send] via NET/IB/4(6)/GDRDMA
x08l11244:29203:29281 [7] NCCL INFO Channel 00/0 : 4[89000] -> 15[b3000] [receive] via NET/IB/4/GDRDMA
x08l11244:29203:29281 [7] NCCL INFO Channel 00 : 15[b3000] -> 10[48000] via P2P/IPC/read
x08l11245:25004:25092 [6] NCCL INFO Channel 00/0 : 11[4d000] -> 6[ad000] [receive] via NET/IB/4/GDRDMA
x08l11245:25004:25092 [6] NCCL INFO Channel 00 : 6[ad000] -> 1[19000] via P2P/IPC/read
x08l11244:29197:29286 [2] NCCL INFO Channel 00/0 : 10[48000] -> 6[ad000] [send] via NET/IB/4(14)/GDRDMA
x08l11244:29198:29282 [3] NCCL INFO Channel 00/0 : 0[13000] -> 11[4d000] [receive] via NET/IB/2/GDRDMA
x08l11244:29198:29282 [3] NCCL INFO Channel 00/0 : 11[4d000] -> 6[ad000] [send] via NET/IB/4(14)/GDRDMA
x08l11244:29203:29281 [7] NCCL INFO Channel 00/0 : 3[4d000] -> 15[b3000] [receive] via NET/IB/4/GDRDMA
x08l11244:29203:29281 [7] NCCL INFO Channel 00 : 15[b3000] -> 11[4d000] via P2P/IPC/read
x08l11245:24998:25052 [0] NCCL INFO Channel 00/0 : 0[13000] -> 12[89000] [send] via NET/IB/3(4)/GDRDMA
x08l11244:29198:29282 [3] NCCL INFO Channel 00/0 : 11[4d000] -> 7[b3000] [send] via NET/IB/4(14)/GDRDMA
x08l11244:29199:29284 [4] NCCL INFO Channel 00/0 : 1[19000] -> 12[89000] [receive] via NET/IB/3/GDRDMA
x08l11244:29199:29284 [4] NCCL INFO Channel 00/0 : 12[89000] -> 7[b3000] [send] via NET/IB/4(14)/GDRDMA
x08l11245:24999:25084 [1] NCCL INFO Channel 00/0 : 1[19000] -> 13[8e000] [send] via NET/IB/3(4)/GDRDMA
x08l11245:25007:25086 [7] NCCL INFO Channel 00/0 : 11[4d000] -> 7[b3000] [receive] via NET/IB/4/GDRDMA
x08l11245:25007:25086 [7] NCCL INFO Channel 00 : 7[b3000] -> 3[4d000] via P2P/IPC/read
x08l11245:25001:25093 [3] NCCL INFO Channel 00 : 3[4d000] -> 0[13000] via P2P/IPC/read
x08l11244:29201:29290 [6] NCCL INFO Channel 00/0 : 2[48000] -> 14[ad000] [receive] via NET/IB/4/GDRDMA
x08l11244:29201:29290 [6] NCCL INFO Channel 00 : 14[ad000] -> 10[48000] via P2P/IPC/read
x08l11244:29198:29282 [3] NCCL INFO Channel 00 : 11[4d000] -> 8[13000] via P2P/IPC/read
x08l11244:29199:29284 [4] NCCL INFO Channel 00/0 : 0[13000] -> 12[89000] [receive] via NET/IB/3/GDRDMA
x08l11244:29199:29284 [4] NCCL INFO Channel 00 : 12[89000] -> 8[13000] via P2P/IPC/read
x08l11245:25003:25091 [5] NCCL INFO Channel 00/0 : 9[19000] -> 5[8e000] [receive] via NET/IB/3/GDRDMA
x08l11245:25003:25091 [5] NCCL INFO Channel 00 : 5[8e000] -> 1[19000] via P2P/IPC/read
x08l11245:25004:25092 [6] NCCL INFO Channel 00/0 : 10[48000] -> 6[ad000] [receive] via NET/IB/4/GDRDMA
x08l11245:25004:25092 [6] NCCL INFO Channel 00 : 6[ad000] -> 2[48000] via P2P/IPC/read
x08l11245:25002:25085 [4] NCCL INFO Channel 00/0 : 8[13000] -> 4[89000] [receive] via NET/IB/3/GDRDMA
x08l11245:25002:25085 [4] NCCL INFO Channel 00 : 4[89000] -> 0[13000] via P2P/IPC/read
x08l11244:29196:29280 [1] NCCL INFO Channel 00/0 : 9[19000] -> 6[ad000] [send] via NET/IB/4(14)/GDRDMA
x08l11245:25003:25091 [5] NCCL INFO Channel 00/0 : 8[13000] -> 5[8e000] [receive] via NET/IB/3/GDRDMA
x08l11245:25003:25091 [5] NCCL INFO Channel 00 : 5[8e000] -> 2[48000] via P2P/IPC/read
x08l11244:29197:29286 [2] NCCL INFO Channel 00/0 : 10[48000] -> 7[b3000] [send] via NET/IB/4(14)/GDRDMA
x08l11244:29195:29289 [0] NCCL INFO Channel 00/0 : 8[13000] -> 5[8e000] [send] via NET/IB/3(12)/GDRDMA
x08l11244:29199:29284 [4] NCCL INFO Channel 00 : 12[89000] -> 9[19000] via P2P/IPC/read
x08l11245:24998:25052 [0] NCCL INFO Channel 00/0 : 0[13000] -> 13[8e000] [send] via NET/IB/3(4)/GDRDMA
x08l11245:25000:25094 [2] NCCL INFO Channel 00/0 : 2[48000] -> 15[b3000] [send] via NET/IB/4(6)/GDRDMA
x08l11245:25004:25092 [6] NCCL INFO Channel 00/0 : 9[19000] -> 6[ad000] [receive] via NET/IB/4/GDRDMA
x08l11245:24999:25084 [1] NCCL INFO Channel 00/0 : 1[19000] -> 14[ad000] [send] via NET/IB/4(6)/GDRDMA
x08l11245:25002:25085 [4] NCCL INFO Channel 00 : 4[89000] -> 1[19000] via P2P/IPC/read
x08l11245:25004:25092 [6] NCCL INFO Channel 00 : 6[ad000] -> 3[4d000] via P2P/IPC/read
x08l11245:25001:25093 [3] NCCL INFO Channel 00 : 3[4d000] -> 1[19000] via P2P/IPC/read
x08l11245:25003:25091 [5] NCCL INFO Channel 00 : 5[8e000] -> 3[4d000] via P2P/IPC/read
x08l11244:29195:29289 [0] NCCL INFO Channel 00/0 : 8[13000] -> 6[ad000] [send] via NET/IB/4(14)/GDRDMA
x08l11244:29196:29280 [1] NCCL INFO Channel 00/0 : 9[19000] -> 7[b3000] [send] via NET/IB/4(14)/GDRDMA
x08l11244:29203:29281 [7] NCCL INFO Channel 00/0 : 2[48000] -> 15[b3000] [receive] via NET/IB/4/GDRDMA
x08l11244:29203:29281 [7] NCCL INFO Channel 00 : 15[b3000] -> 12[89000] via P2P/IPC/read
x08l11244:29199:29284 [4] NCCL INFO Channel 00 : 12[89000] -> 10[48000] via P2P/IPC/read
x08l11245:25000:25094 [2] NCCL INFO Channel 00 : 2[48000] -> 0[13000] via P2P/IPC/read
x08l11244:29203:29281 [7] NCCL INFO Channel 00/0 : 1[19000] -> 15[b3000] [receive] via NET/IB/4/GDRDMA
x08l11244:29203:29281 [7] NCCL INFO Channel 00 : 15[b3000] -> 13[8e000] via P2P/IPC/read
x08l11245:25007:25086 [7] NCCL INFO Channel 00/0 : 10[48000] -> 7[b3000] [receive] via NET/IB/4/GDRDMA
x08l11245:25007:25086 [7] NCCL INFO Channel 00 : 7[b3000] -> 4[89000] via P2P/IPC/read
x08l11245:25002:25085 [4] NCCL INFO Channel 00 : 4[89000] -> 2[48000] via P2P/IPC/read
x08l11244:29200:29288 [5] NCCL INFO Channel 00/0 : 0[13000] -> 13[8e000] [receive] via NET/IB/3/GDRDMA
x08l11244:29200:29288 [5] NCCL INFO Channel 00 : 13[8e000] -> 10[48000] via P2P/IPC/read
x08l11244:29201:29290 [6] NCCL INFO Channel 00/0 : 1[19000] -> 14[ad000] [receive] via NET/IB/4/GDRDMA
x08l11244:29201:29290 [6] NCCL INFO Channel 00 : 14[ad000] -> 11[4d000] via P2P/IPC/read
x08l11244:29197:29286 [2] NCCL INFO Channel 00 : 10[48000] -> 8[13000] via P2P/IPC/read
x08l11244:29197:29286 [2] NCCL INFO Connected 1 MSCCL algorithms
x08l11244:29197:29286 [2] NCCL INFO threadThresholds 8/8/64 | 128/8/64 | 8/8/64 | 8/8/512
x08l11244:29197:29286 [2] NCCL INFO 8 coll channels, 8 p2p channels, 2 p2p channels per peer
x08l11244:29198:29282 [3] NCCL INFO Channel 00 : 11[4d000] -> 9[19000] via P2P/IPC/read
x08l11244:29200:29288 [5] NCCL INFO Channel 00 : 13[8e000] -> 11[4d000] via P2P/IPC/read
x08l11245:24998:25052 [0] NCCL INFO Channel 00/0 : 0[13000] -> 14[ad000] [send] via NET/IB/4(6)/GDRDMA
x08l11244:29200:29288 [5] NCCL INFO Connected 1 MSCCL algorithms
x08l11244:29198:29282 [3] NCCL INFO Connected 1 MSCCL algorithms
x08l11244:29200:29288 [5] NCCL INFO threadThresholds 8/8/64 | 128/8/64 | 8/8/64 | 8/8/512
x08l11244:29200:29288 [5] NCCL INFO 8 coll channels, 8 p2p channels, 2 p2p channels per peer
x08l11244:29198:29282 [3] NCCL INFO threadThresholds 8/8/64 | 128/8/64 | 8/8/64 | 8/8/512
x08l11244:29198:29282 [3] NCCL INFO 8 coll channels, 8 p2p channels, 2 p2p channels per peer
x08l11245:25007:25086 [7] NCCL INFO Channel 00/0 : 9[19000] -> 7[b3000] [receive] via NET/IB/4/GDRDMA
x08l11245:25000:25094 [2] NCCL INFO Connected 1 MSCCL algorithms
x08l11245:25007:25086 [7] NCCL INFO Channel 00 : 7[b3000] -> 5[8e000] via P2P/IPC/read
x08l11245:25000:25094 [2] NCCL INFO threadThresholds 8/8/64 | 128/8/64 | 8/8/64 | 8/8/512
x08l11245:25000:25094 [2] NCCL INFO 8 coll channels, 8 p2p channels, 2 p2p channels per peer
x08l11245:24999:25084 [1] NCCL INFO Channel 00/0 : 1[19000] -> 15[b3000] [send] via NET/IB/4(6)/GDRDMA
x08l11245:25003:25091 [5] NCCL INFO Connected 1 MSCCL algorithms
x08l11245:25003:25091 [5] NCCL INFO threadThresholds 8/8/64 | 128/8/64 | 8/8/64 | 8/8/512
x08l11245:25003:25091 [5] NCCL INFO 8 coll channels, 8 p2p channels, 2 p2p channels per peer
x08l11245:25001:25093 [3] NCCL INFO Connected 1 MSCCL algorithms
x08l11245:25001:25093 [3] NCCL INFO threadThresholds 8/8/64 | 128/8/64 | 8/8/64 | 8/8/512
x08l11245:25001:25093 [3] NCCL INFO 8 coll channels, 8 p2p channels, 2 p2p channels per peer
x08l11244:29201:29290 [6] NCCL INFO Channel 00/0 : 0[13000] -> 14[ad000] [receive] via NET/IB/4/GDRDMA
x08l11244:29201:29290 [6] NCCL INFO Channel 00 : 14[ad000] -> 12[89000] via P2P/IPC/read
x08l11244:29196:29280 [1] NCCL INFO Connected 1 MSCCL algorithms
x08l11244:29196:29280 [1] NCCL INFO threadThresholds 8/8/64 | 128/8/64 | 8/8/64 | 8/8/512
x08l11244:29196:29280 [1] NCCL INFO 8 coll channels, 8 p2p channels, 2 p2p channels per peer
x08l11245:25004:25092 [6] NCCL INFO Channel 00/0 : 8[13000] -> 6[ad000] [receive] via NET/IB/4/GDRDMA
x08l11245:25004:25092 [6] NCCL INFO Channel 00 : 6[ad000] -> 4[89000] via P2P/IPC/read
x08l11245:24999:25084 [1] NCCL INFO Connected 1 MSCCL algorithms
x08l11245:24999:25084 [1] NCCL INFO threadThresholds 8/8/64 | 128/8/64 | 8/8/64 | 8/8/512
x08l11245:24999:25084 [1] NCCL INFO 8 coll channels, 8 p2p channels, 2 p2p channels per peer
x08l11244:29199:29284 [4] NCCL INFO Connected 1 MSCCL algorithms
x08l11244:29199:29284 [4] NCCL INFO threadThresholds 8/8/64 | 128/8/64 | 8/8/64 | 8/8/512
x08l11244:29199:29284 [4] NCCL INFO 8 coll channels, 8 p2p channels, 2 p2p channels per peer
x08l11245:24998:25052 [0] NCCL INFO Channel 00/0 : 0[13000] -> 15[b3000] [send] via NET/IB/4(6)/GDRDMA
x08l11244:29201:29290 [6] NCCL INFO Connected 1 MSCCL algorithms
x08l11244:29201:29290 [6] NCCL INFO threadThresholds 8/8/64 | 128/8/64 | 8/8/64 | 8/8/512
x08l11244:29201:29290 [6] NCCL INFO 8 coll channels, 8 p2p channels, 2 p2p channels per peer
x08l11245:25002:25085 [4] NCCL INFO Connected 1 MSCCL algorithms
x08l11245:25002:25085 [4] NCCL INFO threadThresholds 8/8/64 | 128/8/64 | 8/8/64 | 8/8/512
x08l11245:25002:25085 [4] NCCL INFO 8 coll channels, 8 p2p channels, 2 p2p channels per peer
x08l11244:29195:29289 [0] NCCL INFO Channel 00/0 : 8[13000] -> 7[b3000] [send] via NET/IB/4(14)/GDRDMA
x08l11245:25004:25092 [6] NCCL INFO Connected 1 MSCCL algorithms
x08l11245:25004:25092 [6] NCCL INFO threadThresholds 8/8/64 | 128/8/64 | 8/8/64 | 8/8/512
x08l11245:25004:25092 [6] NCCL INFO 8 coll channels, 8 p2p channels, 2 p2p channels per peer
x08l11244:29203:29281 [7] NCCL INFO Channel 00/0 : 0[13000] -> 15[b3000] [receive] via NET/IB/4/GDRDMA
x08l11245:25007:25086 [7] NCCL INFO Channel 00/0 : 8[13000] -> 7[b3000] [receive] via NET/IB/4/GDRDMA
x08l11244:29195:29289 [0] NCCL INFO Connected 1 MSCCL algorithms
x08l11244:29195:29289 [0] NCCL INFO threadThresholds 8/8/64 | 128/8/64 | 8/8/64 | 8/8/512
x08l11244:29195:29289 [0] NCCL INFO 8 coll channels, 8 p2p channels, 2 p2p channels per peer
x08l11245:24998:25052 [0] NCCL INFO Connected 1 MSCCL algorithms
x08l11245:24998:25052 [0] NCCL INFO threadThresholds 8/8/64 | 128/8/64 | 8/8/64 | 8/8/512
x08l11245:24998:25052 [0] NCCL INFO 8 coll channels, 8 p2p channels, 2 p2p channels per peer
x08l11244:29203:29281 [7] NCCL INFO Connected 1 MSCCL algorithms
x08l11244:29203:29281 [7] NCCL INFO threadThresholds 8/8/64 | 128/8/64 | 8/8/64 | 8/8/512
x08l11244:29203:29281 [7] NCCL INFO 8 coll channels, 8 p2p channels, 2 p2p channels per peer
x08l11245:25007:25086 [7] NCCL INFO Connected 1 MSCCL algorithms
x08l11245:25007:25086 [7] NCCL INFO threadThresholds 8/8/64 | 128/8/64 | 8/8/64 | 8/8/512
x08l11245:25007:25086 [7] NCCL INFO 8 coll channels, 8 p2p channels, 2 p2p channels per peer
x08l11244:29195:29289 [0] NCCL INFO comm 0x7f55f645a010 rank 8 nranks 16 cudaDev 0 busId 13000 - Init COMPLETE
x08l11245:24998:25052 [0] NCCL INFO comm 0x7f21b1c59010 rank 0 nranks 16 cudaDev 0 busId 13000 - Init COMPLETE
#
#                                                              out-of-place                       in-place          
#       size         count      type   redop    root     time   algbw   busbw #wrong     time   algbw   busbw #wrong
#        (B)    (elements)                               (us)  (GB/s)  (GB/s)            (us)  (GB/s)  (GB/s)       
x08l11245:24999:25084 [1] NCCL INFO comm 0x7f10ac45a010 rank 1 nranks 16 cudaDev 1 busId 19000 - Init COMPLETE
x08l11244:29199:29284 [4] NCCL INFO comm 0x7f3f2045a010 rank 12 nranks 16 cudaDev 4 busId 89000 - Init COMPLETE
x08l11244:29198:29282 [3] NCCL INFO comm 0x7f4cc445a010 rank 11 nranks 16 cudaDev 3 busId 4d000 - Init COMPLETE
x08l11244:29196:29280 [1] NCCL INFO comm 0x7fbb52456010 rank 9 nranks 16 cudaDev 1 busId 19000 - Init COMPLETE
x08l11244:29197:29286 [2] NCCL INFO comm 0x7fc69645a010 rank 10 nranks 16 cudaDev 2 busId 48000 - Init COMPLETE
x08l11245:25002:25085 [4] NCCL INFO comm 0x7f960445a010 rank 4 nranks 16 cudaDev 4 busId 89000 - Init COMPLETE
x08l11245:25004:25092 [6] NCCL INFO comm 0x7fc16045a010 rank 6 nranks 16 cudaDev 6 busId ad000 - Init COMPLETE
x08l11245:25001:25093 [3] NCCL INFO comm 0x7f43ee45a010 rank 3 nranks 16 cudaDev 3 busId 4d000 - Init COMPLETE
x08l11244:29201:29290 [6] NCCL INFO comm 0x7f406245a010 rank 14 nranks 16 cudaDev 6 busId ad000 - Init COMPLETE
x08l11244:29203:29281 [7] NCCL INFO comm 0x7f228245a010 rank 15 nranks 16 cudaDev 7 busId b3000 - Init COMPLETE
x08l11245:25003:25091 [5] NCCL INFO comm 0x7fc90445a010 rank 5 nranks 16 cudaDev 5 busId 8e000 - Init COMPLETE
x08l11244:29200:29288 [5] NCCL INFO comm 0x7fa59845a010 rank 13 nranks 16 cudaDev 5 busId 8e000 - Init COMPLETE
x08l11245:25000:25094 [2] NCCL INFO comm 0x7f2a1c45a010 rank 2 nranks 16 cudaDev 2 busId 48000 - Init COMPLETE
x08l11245:25007:25086 [7] NCCL INFO comm 0x7f4b5045a010 rank 7 nranks 16 cudaDev 7 busId b3000 - Init COMPLETE
x08l11245:24998:24998 [0] NCCL INFO Launch mode Parallel
        1024            16     float    none      -1    146.7    0.01    0.01      0    95.43    0.01    0.01      0
        2048            32     float    none      -1    148.3    0.01    0.01      0    85.49    0.02    0.02      0
        4096            64     float    none      -1    150.6    0.03    0.03      0    85.64    0.05    0.04      0
        8192           128     float    none      -1    149.8    0.05    0.05      0    76.68    0.11    0.10      0
       16384           256     float    none      -1    149.1    0.11    0.10      0    75.10    0.22    0.20      0
       32768           512     float    none      -1    155.4    0.21    0.20      0    76.97    0.43    0.40      0
       65536          1024     float    none      -1    157.7    0.42    0.39      0    74.05    0.88    0.83      0
      131072          2048     float    none      -1    169.0    0.78    0.73      0    81.61    1.61    1.51      0
      262144          4096     float    none      -1    184.9    1.42    1.33      0    81.59    3.21    3.01      0
      524288          8192     float    none      -1    191.7    2.73    2.56      0    94.71    5.54    5.19      0
     1048576         16384     float    none      -1    200.5    5.23    4.90      0    116.5    9.00    8.44      0
     2097152         32768     float    none      -1    209.5   10.01    9.39      0    161.7   12.97   12.16      0
     4194304         65536     float    none      -1    235.4   17.82   16.71      0    259.9   16.14   15.13      0
     8388608        131072     float    none      -1    263.3   31.85   29.86      0    453.6   18.49   17.34      0
    16777216        262144     float    none      -1    325.2   51.59   48.36      0    861.9   19.46   18.25      0
    33554432        524288     float    none      -1    472.4   71.03   66.59      0   1706.2   19.67   18.44      0
    67108864       1048576     float    none      -1    825.0   81.34   76.26      0   3295.5   20.36   19.09      0
   134217728       2097152     float    none      -1   1658.8   80.91   75.86      0   6466.9   20.75   19.46      0
   268435456       4194304     float    none      -1   3271.2   82.06   76.93      0    12680   21.17   19.85      0
   536870912       8388608     float    none      -1   6695.0   80.19   75.18      0    25480   21.07   19.75      0
  1073741824      16777216     float    none      -1    13450   79.83   74.84      0    50418   21.30   19.97      0
  2147483648      33554432     float    none      -1    27022   79.47   74.50      0   100536   21.36   20.03      0
  4294967296      67108864     float    none      -1    54183   79.27   74.31      0    54436   78.90   73.97      0
x08l11244:29200:29200 [5] NCCL INFO comm 0x7fa59845a010 rank 13 nranks 16 cudaDev 5 busId 8e000 - Destroy COMPLETE
x08l11244:29196:29196 [1] NCCL INFO comm 0x7fbb52456010 rank 9 nranks 16 cudaDev 1 busId 19000 - Destroy COMPLETE
x08l11244:29198:29198 [3] NCCL INFO comm 0x7f4cc445a010 rank 11 nranks 16 cudaDev 3 busId 4d000 - Destroy COMPLETE
x08l11245:25007:25007 [7] NCCL INFO comm 0x7f4b5045a010 rank 7 nranks 16 cudaDev 7 busId b3000 - Destroy COMPLETE
x08l11244:29203:29203 [7] NCCL INFO comm 0x7f228245a010 rank 15 nranks 16 cudaDev 7 busId b3000 - Destroy COMPLETE
x08l11245:25003:25003 [5] NCCL INFO comm 0x7fc90445a010 rank 5 nranks 16 cudaDev 5 busId 8e000 - Destroy COMPLETE
x08l11245:24999:24999 [1] NCCL INFO comm 0x7f10ac45a010 rank 1 nranks 16 cudaDev 1 busId 19000 - Destroy COMPLETE
x08l11244:29195:29195 [0] NCCL INFO comm 0x7f55f645a010 rank 8 nranks 16 cudaDev 0 busId 13000 - Destroy COMPLETE
x08l11245:25001:25001 [3] NCCL INFO comm 0x7f43ee45a010 rank 3 nranks 16 cudaDev 3 busId 4d000 - Destroy COMPLETE
x08l11244:29201:29201 [6] NCCL INFO comm 0x7f406245a010 rank 14 nranks 16 cudaDev 6 busId ad000 - Destroy COMPLETE
x08l11244:29197:29197 [2] NCCL INFO comm 0x7fc69645a010 rank 10 nranks 16 cudaDev 2 busId 48000 - Destroy COMPLETE
x08l11245:24998:24998 [0] NCCL INFO comm 0x7f21b1c59010 rank 0 nranks 16 cudaDev 0 busId 13000 - Destroy COMPLETE
x08l11244:29199:29199 [4] NCCL INFO comm 0x7f3f2045a010 rank 12 nranks 16 cudaDev 4 busId 89000 - Destroy COMPLETE
# Out of bounds values : 0 OK
# Avg bus bandwidth    : 21.7887 
#
x08l11245:25004:25004 [6] NCCL INFO comm 0x7fc16045a010 rank 6 nranks 16 cudaDev 6 busId ad000 - Destroy COMPLETE
x08l11245:25000:25000 [2] NCCL INFO comm 0x7f2a1c45a010 rank 2 nranks 16 cudaDev 2 busId 48000 - Destroy COMPLETE
