x08l11245:26695:26760 [3] NCCL INFO Channel 02/0 : 3[4d000] -> 19[4d000] [send] via NET/IB/2(2)/GDRDMA
x08l11245:26693:26770 [1] NCCL INFO Channel 02/0 : 10[48000] -> 1[19000] [receive] via NET/IB/1/GDRDMA
x08l11245:26695:26760 [3] NCCL INFO Channel 03/0 : 3[4d000] -> 19[4d000] [send] via NET/IB/2(2)/GDRDMA
x08l11245:26693:26770 [1] NCCL INFO Channel 03/0 : 10[48000] -> 1[19000] [receive] via NET/IB/1/GDRDMA
x08l11245:26695:26790 [3] NCCL INFO NCCL_IB_TC set by environment to 16.
x08l11245:26695:26790 [3] NCCL INFO NCCL_IB_SL set by environment to 5.
x08l11245:26695:26790 [3] NCCL INFO NCCL_IB_TIMEOUT set by environment to 22.
x08l11245:26699:26777 [6] NCCL INFO Channel 00/0 : 15[b3000] -> 6[ad000] [receive] via NET/IB/4/GDRDMA
x08l11245:26699:26777 [6] NCCL INFO Channel 01/0 : 15[b3000] -> 6[ad000] [receive] via NET/IB/4/GDRDMA
x08l11245:26699:26777 [6] NCCL INFO Channel 02/0 : 15[b3000] -> 6[ad000] [receive] via NET/IB/4/GDRDMA
x08l11245:26699:26777 [6] NCCL INFO Channel 03/0 : 15[b3000] -> 6[ad000] [receive] via NET/IB/4/GDRDMA
x08l11245:26701:26788 [7] NCCL INFO Channel 00/0 : 15[b3000] -> 7[b3000] [receive] via NET/IB/4/GDRDMA
x08l11245:26701:26788 [7] NCCL INFO Channel 01/0 : 15[b3000] -> 7[b3000] [receive] via NET/IB/4/GDRDMA
x08l11245:26701:26788 [7] NCCL INFO Channel 02/0 : 15[b3000] -> 7[b3000] [receive] via NET/IB/4/GDRDMA
x08l11245:26701:26788 [7] NCCL INFO Channel 03/0 : 15[b3000] -> 7[b3000] [receive] via NET/IB/4/GDRDMA
x08l11245:26692:26746 [0] NCCL INFO Channel 00/0 : 9[19000] -> 0[13000] [receive] via NET/IB/1/GDRDMA
x08l11245:26692:26746 [0] NCCL INFO Channel 01/0 : 9[19000] -> 0[13000] [receive] via NET/IB/1/GDRDMA
x08l11245:26692:26746 [0] NCCL INFO Channel 02/0 : 9[19000] -> 0[13000] [receive] via NET/IB/1/GDRDMA
x08l11245:26692:26746 [0] NCCL INFO Channel 03/0 : 9[19000] -> 0[13000] [receive] via NET/IB/1/GDRDMA
x08l11245:26696:26784 [4] NCCL INFO Channel 00/0 : 12[89000] -> 4[89000] [receive] via NET/IB/3/GDRDMA
x08l11245:26696:26784 [4] NCCL INFO Channel 01/0 : 12[89000] -> 4[89000] [receive] via NET/IB/3/GDRDMA
x08l11245:26696:26784 [4] NCCL INFO Channel 02/0 : 12[89000] -> 4[89000] [receive] via NET/IB/3/GDRDMA
x08l11245:26696:26784 [4] NCCL INFO Channel 03/0 : 12[89000] -> 4[89000] [receive] via NET/IB/3/GDRDMA
x08l11245:26697:26786 [5] NCCL INFO Channel 00/0 : 13[8e000] -> 5[8e000] [receive] via NET/IB/3/GDRDMA
x08l11245:26697:26786 [5] NCCL INFO Channel 01/0 : 13[8e000] -> 5[8e000] [receive] via NET/IB/3/GDRDMA
x08l11245:26697:26786 [5] NCCL INFO Channel 02/0 : 13[8e000] -> 5[8e000] [receive] via NET/IB/3/GDRDMA
x08l11245:26697:26786 [5] NCCL INFO Channel 03/0 : 13[8e000] -> 5[8e000] [receive] via NET/IB/3/GDRDMA
x08l11245:26693:26770 [1] NCCL INFO Channel 00/0 : 9[19000] -> 1[19000] [receive] via NET/IB/1/GDRDMA
x08l11245:26693:26770 [1] NCCL INFO Channel 01/0 : 9[19000] -> 1[19000] [receive] via NET/IB/1/GDRDMA
x08l11245:26693:26770 [1] NCCL INFO Channel 02/0 : 9[19000] -> 1[19000] [receive] via NET/IB/1/GDRDMA
x08l11245:26693:26770 [1] NCCL INFO Channel 03/0 : 9[19000] -> 1[19000] [receive] via NET/IB/1/GDRDMA
x08l11245:26695:26760 [3] NCCL INFO Channel 00/0 : 12[89000] -> 3[4d000] [receive] via NET/IB/2/GDRDMA
x08l11245:26695:26760 [3] NCCL INFO Channel 01/0 : 12[89000] -> 3[4d000] [receive] via NET/IB/2/GDRDMA
x08l11245:26695:26760 [3] NCCL INFO Channel 02/0 : 12[89000] -> 3[4d000] [receive] via NET/IB/2/GDRDMA
x08l11245:26695:26760 [3] NCCL INFO Channel 03/0 : 12[89000] -> 3[4d000] [receive] via NET/IB/2/GDRDMA
x08l11245:26697:26786 [5] NCCL INFO Channel 00 : 5[8e000] -> 1[19000] via P2P/IPC/read
x08l11245:26697:26786 [5] NCCL INFO Channel 01 : 5[8e000] -> 1[19000] via P2P/IPC/read
x08l11245:26697:26786 [5] NCCL INFO Channel 02 : 5[8e000] -> 1[19000] via P2P/IPC/read
x08l11245:26697:26786 [5] NCCL INFO Channel 03 : 5[8e000] -> 1[19000] via P2P/IPC/read
x08l11245:26696:26784 [4] NCCL INFO Channel 00 : 4[89000] -> 0[13000] via P2P/IPC/read
x08l11245:26696:26784 [4] NCCL INFO Channel 01 : 4[89000] -> 0[13000] via P2P/IPC/read
x08l11245:26696:26784 [4] NCCL INFO Channel 02 : 4[89000] -> 0[13000] via P2P/IPC/read
x08l11245:26696:26784 [4] NCCL INFO Channel 03 : 4[89000] -> 0[13000] via P2P/IPC/read
x08l11245:26692:26746 [0] NCCL INFO Channel 00/0 : 8[13000] -> 0[13000] [receive] via NET/IB/1/GDRDMA
x08l11245:26692:26746 [0] NCCL INFO Channel 01/0 : 8[13000] -> 0[13000] [receive] via NET/IB/1/GDRDMA
x08l11245:26692:26746 [0] NCCL INFO Channel 02/0 : 8[13000] -> 0[13000] [receive] via NET/IB/1/GDRDMA
x08l11245:26692:26746 [0] NCCL INFO Channel 03/0 : 8[13000] -> 0[13000] [receive] via NET/IB/1/GDRDMA
x08l11245:26694:26754 [2] NCCL INFO Channel 00/0 : 10[48000] -> 2[48000] [receive] via NET/IB/2/GDRDMA
x08l11245:26694:26754 [2] NCCL INFO Channel 01/0 : 10[48000] -> 2[48000] [receive] via NET/IB/2/GDRDMA
x08l11245:26694:26754 [2] NCCL INFO Channel 02/0 : 10[48000] -> 2[48000] [receive] via NET/IB/2/GDRDMA
x08l11245:26694:26754 [2] NCCL INFO Channel 03/0 : 10[48000] -> 2[48000] [receive] via NET/IB/2/GDRDMA
x08l11245:26695:26760 [3] NCCL INFO Channel 00/0 : 11[4d000] -> 3[4d000] [receive] via NET/IB/2/GDRDMA
x08l11245:26695:26760 [3] NCCL INFO Channel 01/0 : 11[4d000] -> 3[4d000] [receive] via NET/IB/2/GDRDMA
x08l11245:26695:26760 [3] NCCL INFO Channel 02/0 : 11[4d000] -> 3[4d000] [receive] via NET/IB/2/GDRDMA
x08l11245:26695:26760 [3] NCCL INFO Channel 03/0 : 11[4d000] -> 3[4d000] [receive] via NET/IB/2/GDRDMA
x08l11245:26699:26777 [6] NCCL INFO Channel 00/0 : 14[ad000] -> 6[ad000] [receive] via NET/IB/4/GDRDMA
x08l11245:26699:26777 [6] NCCL INFO Channel 01/0 : 14[ad000] -> 6[ad000] [receive] via NET/IB/4/GDRDMA
x08l11245:26699:26777 [6] NCCL INFO Channel 02/0 : 14[ad000] -> 6[ad000] [receive] via NET/IB/4/GDRDMA
x08l11245:26699:26777 [6] NCCL INFO Channel 03/0 : 14[ad000] -> 6[ad000] [receive] via NET/IB/4/GDRDMA
x08l11245:26701:26788 [7] NCCL INFO Channel 00 : 7[b3000] -> 0[13000] via P2P/IPC/read
x08l11245:26701:26788 [7] NCCL INFO Channel 00 : 7[b3000] -> 1[19000] via P2P/IPC/read
x08l11245:26701:26788 [7] NCCL INFO Channel 01 : 7[b3000] -> 1[19000] via P2P/IPC/read
x08l11245:26701:26788 [7] NCCL INFO Channel 02 : 7[b3000] -> 1[19000] via P2P/IPC/read
x08l11245:26701:26788 [7] NCCL INFO Channel 03 : 7[b3000] -> 1[19000] via P2P/IPC/read
x08l11245:26701:26788 [7] NCCL INFO Channel 00 : 7[b3000] -> 2[48000] via P2P/IPC/read
x08l11245:26701:26788 [7] NCCL INFO Channel 01 : 7[b3000] -> 2[48000] via P2P/IPC/read
x08l11245:26699:26777 [6] NCCL INFO Channel 00 : 6[ad000] -> 0[13000] via P2P/IPC/read
x08l11245:26701:26788 [7] NCCL INFO Channel 02 : 7[b3000] -> 2[48000] via P2P/IPC/read
x08l11245:26699:26777 [6] NCCL INFO Channel 01 : 6[ad000] -> 0[13000] via P2P/IPC/read
x08l11245:26701:26788 [7] NCCL INFO Channel 03 : 7[b3000] -> 2[48000] via P2P/IPC/read
x08l11245:26699:26777 [6] NCCL INFO Channel 02 : 6[ad000] -> 0[13000] via P2P/IPC/read
x08l11245:26699:26777 [6] NCCL INFO Channel 03 : 6[ad000] -> 0[13000] via P2P/IPC/read
x08l11245:26701:26788 [7] NCCL INFO Channel 00 : 7[b3000] -> 3[4d000] via P2P/IPC/read
x08l11245:26701:26788 [7] NCCL INFO Channel 01 : 7[b3000] -> 3[4d000] via P2P/IPC/read
x08l11245:26699:26777 [6] NCCL INFO Channel 00 : 6[ad000] -> 1[19000] via P2P/IPC/read
x08l11245:26701:26788 [7] NCCL INFO Channel 02 : 7[b3000] -> 3[4d000] via P2P/IPC/read
x08l11245:26699:26777 [6] NCCL INFO Channel 01 : 6[ad000] -> 1[19000] via P2P/IPC/read
x08l11245:26699:26777 [6] NCCL INFO Channel 02 : 6[ad000] -> 1[19000] via P2P/IPC/read
x08l11245:26699:26777 [6] NCCL INFO Channel 03 : 6[ad000] -> 1[19000] via P2P/IPC/read
x08l11245:26701:26788 [7] NCCL INFO Channel 03 : 7[b3000] -> 3[4d000] via P2P/IPC/read
x08l11245:26699:26777 [6] NCCL INFO Channel 00 : 6[ad000] -> 2[48000] via P2P/IPC/read
x08l11245:26699:26777 [6] NCCL INFO Channel 01 : 6[ad000] -> 2[48000] via P2P/IPC/read
x08l11245:26692:26746 [0] NCCL INFO Connected 1 MSCCL algorithms
x08l11245:26692:26746 [0] NCCL INFO threadThresholds 8/8/64 | 256/8/64 | 8/8/64 | 8/8/512
x08l11245:26692:26746 [0] NCCL INFO 8 coll channels, 8 p2p channels, 2 p2p channels per peer
x08l11245:26699:26777 [6] NCCL INFO Channel 02 : 6[ad000] -> 2[48000] via P2P/IPC/read
x08l11245:26701:26788 [7] NCCL INFO Channel 00 : 7[b3000] -> 4[89000] via P2P/IPC/read
x08l11245:26699:26777 [6] NCCL INFO Channel 03 : 6[ad000] -> 2[48000] via P2P/IPC/read
x08l11245:26701:26788 [7] NCCL INFO Channel 01 : 7[b3000] -> 4[89000] via P2P/IPC/read
x08l11245:26701:26788 [7] NCCL INFO Channel 02 : 7[b3000] -> 4[89000] via P2P/IPC/read
x08l11245:26701:26788 [7] NCCL INFO Channel 03 : 7[b3000] -> 4[89000] via P2P/IPC/read
x08l11245:26699:26777 [6] NCCL INFO Channel 00 : 6[ad000] -> 3[4d000] via P2P/IPC/read
x08l11245:26696:26784 [4] NCCL INFO Channel 00 : 4[89000] -> 1[19000] via P2P/IPC/read
x08l11245:26699:26777 [6] NCCL INFO Channel 01 : 6[ad000] -> 3[4d000] via P2P/IPC/read
x08l11245:26696:26784 [4] NCCL INFO Channel 02 : 4[89000] -> 1[19000] via P2P/IPC/read
x08l11245:26699:26777 [6] NCCL INFO Channel 02 : 6[ad000] -> 3[4d000] via P2P/IPC/read
x08l11245:26696:26784 [4] NCCL INFO Channel 03 : 4[89000] -> 1[19000] via P2P/IPC/read
x08l11245:26695:26760 [3] NCCL INFO Connected 1 MSCCL algorithms
x08l11245:26699:26777 [6] NCCL INFO Channel 03 : 6[ad000] -> 5[8e000] via P2P/IPC/read
x08l11245:26695:26760 [3] NCCL INFO threadThresholds 8/8/64 | 256/8/64 | 8/8/64 | 8/8/512
x08l11245:26695:26760 [3] NCCL INFO 8 coll channels, 8 p2p channels, 2 p2p channels per peer
x08l11245:26697:26786 [5] NCCL INFO Connected 1 MSCCL algorithms
x08l11245:26699:26777 [6] NCCL INFO Connected 1 MSCCL algorithms
x08l11245:26697:26786 [5] NCCL INFO threadThresholds 8/8/64 | 256/8/64 | 8/8/64 | 8/8/512
x08l11245:26697:26786 [5] NCCL INFO 8 coll channels, 8 p2p channels, 2 p2p channels per peer
x08l11245:26699:26777 [6] NCCL INFO threadThresholds 8/8/64 | 256/8/64 | 8/8/64 | 8/8/512
x08l11245:26699:26777 [6] NCCL INFO 8 coll channels, 8 p2p channels, 2 p2p channels per peer
x08l11245:26696:26784 [4] NCCL INFO Channel 00 : 4[89000] -> 2[48000] via P2P/IPC/read
x08l11245:26696:26784 [4] NCCL INFO Channel 01 : 4[89000] -> 2[48000] via P2P/IPC/read
x08l11245:26696:26784 [4] NCCL INFO Channel 02 : 4[89000] -> 2[48000] via P2P/IPC/read
x08l11245:26696:26784 [4] NCCL INFO Channel 03 : 4[89000] -> 2[48000] via P2P/IPC/read
x08l11245:26694:26754 [2] NCCL INFO Channel 01 : 2[48000] -> 1[19000] via P2P/IPC/read
x08l11245:26696:26784 [4] NCCL INFO Connected 1 MSCCL algorithms
x08l11245:26696:26784 [4] NCCL INFO threadThresholds 8/8/64 | 256/8/64 | 8/8/64 | 8/8/512
x08l11245:26696:26784 [4] NCCL INFO 8 coll channels, 8 p2p channels, 2 p2p channels per peer
x08l11245:26693:26770 [1] NCCL INFO Connected 1 MSCCL algorithms
x08l11245:26694:26754 [2] NCCL INFO Connected 1 MSCCL algorithms
x08l11245:26693:26770 [1] NCCL INFO threadThresholds 8/8/64 | 256/8/64 | 8/8/64 | 8/8/512
x08l11245:26694:26754 [2] NCCL INFO threadThresholds 8/8/64 | 256/8/64 | 8/8/64 | 8/8/512
x08l11245:26693:26770 [1] NCCL INFO 8 coll channels, 8 p2p channels, 2 p2p channels per peer
x08l11245:26694:26754 [2] NCCL INFO 8 coll channels, 8 p2p channels, 2 p2p channels per peer
x08l11245:26701:26788 [7] NCCL INFO Channel 00/0 : 8[13000] -> 7[b3000] [receive] via NET/IB/4/GDRDMA
x08l11245:26701:26788 [7] NCCL INFO Channel 01/0 : 8[13000] -> 7[b3000] [receive] via NET/IB/4/GDRDMA
x08l11245:26701:26788 [7] NCCL INFO Channel 02/0 : 8[13000] -> 7[b3000] [receive] via NET/IB/4/GDRDMA
x08l11245:26701:26788 [7] NCCL INFO Channel 03/0 : 8[13000] -> 7[b3000] [receive] via NET/IB/4/GDRDMA
x08l11245:26701:26788 [7] NCCL INFO Connected 1 MSCCL algorithms
x08l11245:26701:26788 [7] NCCL INFO threadThresholds 8/8/64 | 256/8/64 | 8/8/64 | 8/8/512
x08l11245:26701:26788 [7] NCCL INFO 8 coll channels, 8 p2p channels, 2 p2p channels per peer
x08l11245:26701:26788 [7] NCCL INFO comm 0x7fcfec45a010 rank 7 nranks 32 cudaDev 7 busId b3000 - Init COMPLETE
x08l11245:26697:26786 [5] NCCL INFO comm 0x7f85e045a010 rank 5 nranks 32 cudaDev 5 busId 8e000 - Init COMPLETE
x08l11245:26695:26760 [3] NCCL INFO comm 0x7f624045a010 rank 3 nranks 32 cudaDev 3 busId 4d000 - Init COMPLETE
x08l11245:26699:26777 [6] NCCL INFO comm 0x7f9f5dc59010 rank 6 nranks 32 cudaDev 6 busId ad000 - Init COMPLETE
x08l11245:26692:26746 [0] NCCL INFO comm 0x7fe129659010 rank 0 nranks 32 cudaDev 0 busId 13000 - Init COMPLETE
x08l11245:26693:26770 [1] NCCL INFO comm 0x7f5d80456010 rank 1 nranks 32 cudaDev 1 busId 19000 - Init COMPLETE
#
#                                                              out-of-place                       in-place          
#       size         count      type   redop    root     time   algbw   busbw #wrong     time   algbw   busbw #wrong
#        (B)    (elements)                               (us)  (GB/s)  (GB/s)            (us)  (GB/s)  (GB/s)       
x08l11245:26694:26754 [2] NCCL INFO comm 0x7f640e45a010 rank 2 nranks 32 cudaDev 2 busId 48000 - Init COMPLETE
x08l11245:26696:26784 [4] NCCL INFO comm 0x7faca045a010 rank 4 nranks 32 cudaDev 4 busId 89000 - Init COMPLETE
x08l11245:26692:26692 [0] NCCL INFO Launch mode Parallel
        1024             8     float    none      -1    367.7    0.00    0.00      0    214.2    0.00    0.00      0
        2048            16     float    none      -1    369.9    0.01    0.01      0    194.1    0.01    0.01      0
        4096            32     float    none      -1    369.9    0.01    0.01      0    196.7    0.02    0.02      0
        8192            64     float    none      -1    370.4    0.02    0.02      0    190.7    0.04    0.04      0
       16384           128     float    none      -1    374.2    0.04    0.04      0    188.5    0.09    0.08      0
       32768           256     float    none      -1    380.7    0.09    0.08      0    190.2    0.17    0.17      0
       65536           512     float    none      -1    389.6    0.17    0.16      0    187.5    0.35    0.34      0
      131072          1024     float    none      -1    395.6    0.33    0.32      0    191.0    0.69    0.66      0
      262144          2048     float    none      -1    414.4    0.63    0.61      0    190.1    1.38    1.34      0
      524288          4096     float    none      -1    431.7    1.21    1.18      0    184.7    2.84    2.75      0
     1048576          8192     float    none      -1    439.3    2.39    2.31      0    189.7    5.53    5.35      0
     2097152         16384     float    none      -1    447.4    4.69    4.54      0    202.8   10.34   10.02      0
     4194304         32768     float    none      -1    478.7    8.76    8.49      0    225.2   18.62   18.04      0
     8388608         65536     float    none      -1    521.2   16.10   15.59      0    291.0   28.83   27.93      0
    16777216        131072     float    none      -1    621.6   26.99   26.15      0    401.3   41.81   40.50      0
    33554432        262144     float    none      -1    786.9   42.64   41.31      0    609.0   55.10   53.38      0
    67108864        524288     float    none      -1   1169.7   57.37   55.58      0   1056.2   63.54   61.55      0
   134217728       1048576     float    none      -1   2086.6   64.32   62.31      0   1913.5   70.14   67.95      0
   268435456       2097152     float    none      -1   4040.6   66.43   64.36      0   3659.7   73.35   71.06      0
   536870912       4194304     float    none      -1   8034.8   66.82   64.73      0   6753.2   79.50   77.01      0
  1073741824       8388608     float    none      -1    16448   65.28   63.24      0    12434   86.36   83.66      0
  2147483648      16777216     float    none      -1    33216   64.65   62.63      0    24107   89.08   86.30      0
  4294967296      33554432     float    none      -1    67321   63.80   61.81      0    67075   64.03   62.03      0
x08l11245:26697:26697 [5] NCCL INFO comm 0x7f85e045a010 rank 5 nranks 32 cudaDev 5 busId 8e000 - Destroy COMPLETE
x08l11245:26695:26695 [3] NCCL INFO comm 0x7f624045a010 rank 3 nranks 32 cudaDev 3 busId 4d000 - Destroy COMPLETE
x08l11245:26693:26693 [1] NCCL INFO comm 0x7f5d80456010 rank 1 nranks 32 cudaDev 1 busId 19000 - Destroy COMPLETE
x08l11245:26701:26701 [7] NCCL INFO comm 0x7fcfec45a010 rank 7 nranks 32 cudaDev 7 busId b3000 - Destroy COMPLETE
x08l11245:26692:26692 [0] NCCL INFO comm 0x7fe129659010 rank 0 nranks 32 cudaDev 0 busId 13000 - Destroy COMPLETE
x08l11245:26694:26694 [2] NCCL INFO comm 0x7f640e45a010 rank 2 nranks 32 cudaDev 2 busId 48000 - Destroy COMPLETE
# Out of bounds values : 0 OK
# Avg bus bandwidth    : 26.2107 
#
x08l11245:26699:26699 [6] NCCL INFO comm 0x7f9f5dc59010 rank 6 nranks 32 cudaDev 6 busId ad000 - Destroy COMPLETE
x08l11245:26696:26696 [4] NCCL INFO comm 0x7faca045a010 rank 4 nranks 32 cudaDev 4 busId 89000 - Destroy COMPLETE

